###############################################################################
#
# IAR ELF Linker V8.32.3.193/W32 for ARM                  11/Dec/2019  14:33:56
# Copyright 2007-2019 IAR Systems AB.
#
#    Output file  =  
#        E:\PostDoc\Code\CC1350Code\InformationCenter\uartecho-lws\workspace\Debug\Exe\uartecho.out
#    Map file     =  
#        E:\PostDoc\Code\CC1350Code\InformationCenter\uartecho-lws\workspace\Debug\List\uartecho.map
#    Command line =  
#        -f C:\Users\LWSLJQ\AppData\Local\Temp\EW76BC.tmp
#        (E:\PostDoc\Code\CC1350Code\InformationCenter\uartecho-lws\workspace\Debug\Obj\CC1350_LAUNCHXL_433.o
#        E:\PostDoc\Code\CC1350Code\InformationCenter\uartecho-lws\workspace\Debug\Obj\CC1350_LAUNCHXL_433_fxns.o
#        E:\PostDoc\Code\CC1350Code\InformationCenter\uartecho-lws\workspace\Debug\Obj\ccfg.o
#        E:\PostDoc\Code\CC1350Code\InformationCenter\uartecho-lws\workspace\Debug\Obj\main_tirtos.o
#        E:\PostDoc\Code\CC1350Code\InformationCenter\uartecho-lws\workspace\Debug\Obj\uartecho.o
#        --no_out_extension -o
#        E:\PostDoc\Code\CC1350Code\InformationCenter\uartecho-lws\workspace\Debug\Exe\uartecho.out
#        --map
#        E:\PostDoc\Code\CC1350Code\InformationCenter\uartecho-lws\workspace\Debug\List\uartecho.map
#        --config
#        c:/ti/simplelink_cc13x0_sdk_3_10_00_11/examples/rtos/CC1350_LAUNCHXL_433/drivers/uartecho/tirtos/iar/CC1350_LAUNCHXL_433_TIRTOS.icf
#        -fc:/ti/simplelink_cc13x0_sdk_3_10_00_11/kernel/tirtos/builds/CC1350_LAUNCHXL_433/release/iar/linker.cmd
#        (C:\ti\simplelink_cc13x0_sdk_3_10_00_11\kernel\tirtos\builds\CC1350_LAUNCHXL_433\release\iar\package\cfg\release_prm3.orm3
#        C:\ti\simplelink_cc13x0_sdk_3_10_00_11\kernel\tirtos\builds\CC1350_LAUNCHXL_433\release\iar\package\cfg\release_prm3.src\sysbios\rom_sysbios.arm3
#        C:\ti\simplelink_cc13x0_sdk_3_10_00_11\kernel\tirtos\packages\iar\targets\arm\rts\lib\release\boot.arm3
#        --entry __iar_program_start --keep __vector_table --define_symbol
#        ti_sysbios_family_arm_m3_Hwi_nvic=0xe000e000 --keep
#        xdc_runtime_Error_policy__C --keep
#        xdc_runtime_IModule_Interface__BASE__C --keep
#        xdc_runtime_Startup_lastFxns__C --keep
#        ti_sysbios_gates_GateMutex_Object__DESC__C --keep
#        ti_sysbios_rom_ROM_ti_sysbios_family_arm_cc26xx_Timer_initDevice__I
#        --keep xdc_runtime_Startup_execImpl__C --keep
#        ti_sysbios_gates_GateMutex_Instance_State_sem__O --keep
#        ti_sysbios_rom_ROM_ti_sysbios_family_arm_cc26xx_Timer_getMaxTicks__E
#        --keep ti_sysbios_knl_Swi_Object__count__C --keep
#        ti_sysbios_knl_Idle_funcList__C --keep
#        ti_sysbios_family_arm_m3_Hwi_Object__PARAMS__C --keep
#        xdc_runtime_Text_isLoaded__C --keep
#        ti_sysbios_knl_Clock_Object__DESC__C --keep
#        ti_sysbios_knl_Mailbox_Instance_State_dataQue__O --keep
#        ti_sysbios_gates_GateMutex_Module__FXNS__C --keep
#        ti_sysbios_knl_Task_Module_State_inactiveQ__O --keep
#        ti_sysbios_family_arm_m3_Hwi_Module__id__C --keep
#        ti_sysbios_family_arm_cc26xx_Timer_Module__id__C --keep
#        ti_sysbios_knl_Mailbox_Object__table__C --keep
#        ti_sysbios_family_arm_m3_Hwi_Object__table__C --keep
#        ti_sysbios_knl_Swi_Object__DESC__C --keep xdc_runtime_Text_charCnt__C
#        --keep ti_sysbios_rom_ROM_ti_sysbios_family_arm_cc26xx_Timer_start__E
#        --keep ti_sysbios_heaps_HeapMem_Object__table__C --keep
#        xdc_runtime_Error_policyFxn__C --keep
#        ti_sysbios_rom_ROM_ti_sysbios_family_arm_cc26xx_Timer_getCount64__E
#        --keep xdc_runtime_Startup_firstFxns__C --keep
#        ti_sysbios_knl_Swi_Object__PARAMS__C --keep
#        ti_sysbios_knl_Clock_serviceMargin__C --keep
#        xdc_runtime_Text_charTab__C --keep
#        ti_sysbios_rom_ROM_AONRTCCurrentCompareValueGet --keep
#        ti_sysbios_rom_ROM_ti_sysbios_family_arm_cc26xx_TimestampProvider_get32__E
#        --keep
#        ti_sysbios_rom_ROM_ti_sysbios_family_arm_cc26xx_Timer_getCurrentTick__E
#        --keep ti_sysbios_family_arm_m3_TaskSupport_stackAlignment__C --keep
#        ti_sysbios_family_arm_m3_Hwi_NUM_INTERRUPTS__C --keep
#        xdc_runtime_Main_Module__diagsMask__C --keep
#        ti_sysbios_knl_Swi_Object__table__C --keep
#        xdc_runtime_Memory_Module__id__C --keep
#        ti_sysbios_knl_Task_Object__PARAMS__C --keep
#        ti_sysbios_gates_GateMutex_Object__PARAMS__C --keep
#        ti_sysbios_heaps_HeapMem_Module__gateObj__C --keep
#        ti_sysbios_family_arm_cc26xx_Timer_startupNeeded__C --keep
#        ti_sysbios_knl_Queue_Object__DESC__C --keep
#        ti_sysbios_knl_Task_Object__DESC__C --keep
#        xdc_runtime_Assert_E_assertFailed__C --keep
#        ti_sysbios_heaps_HeapMem_Object__PARAMS__C --keep
#        ti_sysbios_gates_GateHwi_Module__id__C --keep
#        ti_sysbios_gates_GateHwi_Object__PARAMS__C --keep
#        xdc_runtime_IHeap_Interface__BASE__C --keep
#        xdc_runtime_SysCallback_exitFxn__C --keep
#        ti_sysbios_heaps_HeapMem_Module__id__C --keep
#        ti_sysbios_family_arm_m3_Hwi_excHandlerFunc__C --keep
#        ti_sysbios_heaps_HeapMem_Module__FXNS__C --keep
#        xdc_runtime_System_maxAtexitHandlers__C --keep
#        ti_sysbios_knl_Queue_Object__count__C --keep
#        ti_sysbios_knl_Task_Object__table__C --keep
#        ti_sysbios_knl_Mailbox_Object__DESC__C --keep
#        ti_sysbios_family_arm_m3_Hwi_nullIsrFunc__C --keep
#        ti_sysbios_knl_Clock_tickMode__C --keep
#        ti_sysbios_gates_GateMutex_Module__id__C --keep
#        ti_sysbios_knl_Swi_numPriorities__C --keep
#        ti_sysbios_knl_Task_numConstructedTasks__C --keep
#        xdc_runtime_Startup_maxPasses__C --keep
#        ti_sysbios_rom_ROM_AONRTCEventClear --keep
#        ti_sysbios_knl_Task_initStackFlag__C --keep
#        xdc_runtime_Main_Module__diagsEnabled__C --keep
#        xdc_runtime_Main_Module__diagsIncluded__C --keep
#        xdc_runtime_System_abortFxn__C --keep
#        ti_sysbios_knl_Mailbox_Instance_State_dataSem__O --keep
#        ti_sysbios_gates_GateHwi_Module__FXNS__C --keep
#        ti_sysbios_hal_Hwi_Object__DESC__C --keep
#        ti_sysbios_family_arm_m3_Hwi_priGroup__C --keep
#        xdc_runtime_Error_E_memory__C --keep
#        ti_sysbios_family_arm_m3_Hwi_E_alreadyDefined__C --keep
#        ti_sysbios_knl_Mailbox_Instance_State_freeSem__O --keep
#        ti_sysbios_knl_Queue_Object__table__C --keep
#        ti_sysbios_knl_Semaphore_Object__PARAMS__C --keep
#        xdc_runtime_System_exitFxn__C --keep
#        ti_sysbios_knl_Clock_Object__PARAMS__C --keep
#        ti_sysbios_rom_ROM_AONRTCCompareValueSet --keep
#        ti_sysbios_rom_ROM_ti_sysbios_family_arm_cc26xx_Timer_setNextTick__E
#        --keep ti_sysbios_heaps_HeapMem_reqAlign__C --keep
#        xdc_runtime_Main_Module__id__C --keep xdc_runtime_Startup_sfxnRts__C
#        --keep ti_sysbios_knl_Semaphore_Object__DESC__C --keep
#        ti_sysbios_gates_GateHwi_Object__DESC__C --keep
#        ti_sysbios_heaps_HeapMem_Object__count__C --keep
#        ti_sysbios_family_arm_m3_Hwi_numSparseInterrupts__C --keep
#        ti_sysbios_knl_Mailbox_maxTypeAlign__C --keep
#        ti_sysbios_family_arm_cc26xx_TimestampProvider_useClockTimer__C --keep
#        ti_sysbios_rom_ROM_xdc_runtime_System_SupportProxy_exit__E --keep
#        ti_sysbios_knl_Queue_Object__PARAMS__C --keep
#        ti_sysbios_knl_Task_allBlockedFunc__C --keep
#        ti_sysbios_rom_ROM_xdc_runtime_System_SupportProxy_abort__E --keep
#        ti_sysbios_knl_Mailbox_Object__count__C --keep
#        xdc_runtime_Text_nameStatic__C --keep
#        ti_sysbios_rom_ROM_xdc_runtime_Startup_getState__I --keep
#        ti_sysbios_knl_Clock_Module_State_clockQ__O --keep
#        ti_sysbios_knl_Task_defaultStackSize__C --keep
#        xdc_runtime_IGateProvider_Interface__BASE__C --keep
#        ti_sysbios_family_arm_m3_Hwi_E_hwiLimitExceeded__C --keep
#        xdc_runtime_Startup_startModsFxn__C --keep
#        ti_sysbios_knl_Semaphore_Instance_State_pendQ__O --keep
#        ti_sysbios_family_arm_m3_Hwi_Object__DESC__C --keep
#        xdc_runtime_Text_nameEmpty__C --keep
#        ti_sysbios_family_arm_m3_Hwi_Object__count__C --keep
#        xdc_runtime_SysCallback_abortFxn__C --keep
#        ti_sysbios_knl_Task_defaultStackHeap__C --keep
#        ti_sysbios_family_arm_m3_Hwi_ccr__C --keep
#        ti_sysbios_knl_Mailbox_Object__PARAMS__C --keep
#        ti_sysbios_hal_Hwi_Object__PARAMS__C --keep
#        ti_sysbios_heaps_HeapMem_E_memory__C --keep
#        ti_sysbios_knl_Task_Object__count__C --keep
#        ti_sysbios_rom_ROM_AONRTCChannelEnable --keep
#        ti_sysbios_heaps_HeapMem_Object__DESC__C --keep
#        xdc_runtime_Text_nameUnknown__C --keep
#        xdc_runtime_Memory_defaultHeapInstance__C --keep
#        ti_sysbios_knl_Mailbox_Instance_State_freeQue__O --keep
#        ti_sysbios_rom_ROM_ti_sysbios_family_arm_cc26xx_Timer_setThreshold__I
#        --keep xdc_runtime_Startup_sfxnTab__C --keep
#        ti_sysbios_knl_Clock_Module__state__V --keep
#        ti_sysbios_family_arm_cc26xx_TimestampProvider_Module__state__V --keep
#        xdc_runtime_Startup_Module__state__V --keep
#        ti_sysbios_BIOS_Module__state__V --keep
#        ti_sysbios_knl_Swi_Module__state__V --keep
#        ti_sysbios_knl_Task_Module__state__V --keep
#        xdc_runtime_Memory_Module__state__V --keep
#        xdc_runtime_System_Module__state__V --keep
#        ti_sysbios_family_arm_m3_Hwi_Module__state__V --keep
#        ti_sysbios_family_arm_cc26xx_Timer_Module__state__V --define_symbol
#        memcpy=0x1001ca75 --define_symbol memset=0x1001ca87 --define_symbol
#        ti_sysbios_rom_cortexm_cc13xx_CC13xx_getRevision__E=0x1001ca97
#        --define_symbol ti_sysbios_knl_Queue_get__E=0x1001bf0d --define_symbol
#        ti_sysbios_knl_Swi_enabled__E=0x1001c0e1 --define_symbol
#        ti_sysbios_knl_Clock_scheduleNextTick__E=0x1001beb9 --define_symbol
#        ti_sysbios_knl_Swi_runLoop__I=0x1001b0d5 --define_symbol
#        ti_sysbios_knl_Clock_getTicks__E=0x1001b6d5 --define_symbol
#        ti_sysbios_gates_GateMutex_Object__destruct__S=0x1001bc45
#        --define_symbol ti_sysbios_knl_Queue_enqueue__E=0x1001c1b1
#        --define_symbol ti_sysbios_knl_Queue_put__E=0x1001bf29 --define_symbol
#        ti_sysbios_family_arm_m3_Hwi_Object__create__S=0x1001aab1
#        --define_symbol ti_sysbios_gates_GateHwi_Instance_init__E=0x1001b45f
#        --define_symbol ti_sysbios_hal_Hwi_Instance_finalize__E=0x1001c1ed
#        --define_symbol ti_sysbios_BIOS_RtsGateProxy_leave__E=0x1001c249
#        --define_symbol ti_sysbios_heaps_HeapMem_Object__create__S=0x1001b841
#        --define_symbol xdc_runtime_Error_raiseX__E=0x1001c765 --define_symbol
#        ti_sysbios_knl_Semaphore_construct=0x1001b705 --define_symbol
#        ti_sysbios_knl_Clock_Object__destruct__S=0x1001bce5 --define_symbol
#        ti_sysbios_knl_Clock_TimerProxy_getMaxTicks__E=0x1001c0a1
#        --define_symbol ti_sysbios_knl_Swi_Object__destruct__S=0x1001bf45
#        --define_symbol
#        ti_sysbios_family_arm_cc26xx_TimestampProvider_getFreq__E=0x1001c12b
#        --define_symbol ti_sysbios_gates_GateMutex_Handle__label__S=0x1001bc25
#        --define_symbol ti_sysbios_knl_Mailbox_delete=0x1001c2c1
#        --define_symbol ti_sysbios_knl_Semaphore_destruct=0x1001c2dd
#        --define_symbol ti_sysbios_BIOS_RtsGateProxy_enter__E=0x1001c245
#        --define_symbol ti_sysbios_knl_Task_processVitalTaskFlag__I=0x1001b735
#        --define_symbol ti_sysbios_knl_Mailbox_create=0x1001abdd
#        --define_symbol xdc_runtime_Core_deleteObject__I=0x1001c4f5
#        --define_symbol ti_sysbios_knl_Queue_delete=0x1001c2c9 --define_symbol
#        ti_sysbios_family_arm_m3_Hwi_doSwiRestore__I=0x1001c1f7
#        --define_symbol xdc_runtime_System_atexit__E=0x1001c67d
#        --define_symbol ti_sysbios_gates_GateMutex_Params__init__S=0x1001c175
#        --define_symbol ti_sysbios_knl_Clock_getTimerHandle__E=0x1001c18d
#        --define_symbol ti_sysbios_knl_Task_enable__E=0x1001c23f
#        --define_symbol
#        ti_sysbios_knl_Clock_TimerProxy_getExpiredTicks__E=0x1001c2a9
#        --define_symbol ti_sysbios_knl_Queue_Object__destruct__S=0x1001bef1
#        --define_symbol ti_sysbios_knl_Clock_Object__delete__S=0x1001bad9
#        --define_symbol ti_sysbios_gates_GateMutex_delete=0x1001c269
#        --define_symbol ti_sysbios_heaps_HeapMem_restore__E=0x1001c101
#        --define_symbol ti_sysbios_knl_Swi_create=0x1001ad05 --define_symbol
#        ti_sysbios_heaps_HeapMem_Module_GateProxy_leave__E=0x1001c29d
#        --define_symbol ti_sysbios_knl_Semaphore_pend__E=0x1001a001
#        --define_symbol ti_sysbios_knl_Mailbox_Instance_finalize__E=0x1001a8f9
#        --define_symbol xdc_runtime_Startup_startMods__I=0x1001c309
#        --define_symbol ti_sysbios_heaps_HeapMem_init__I=0x1001b541
#        --define_symbol ti_sysbios_knl_Swi_Object__delete__S=0x1001bda5
#        --define_symbol
#        ti_sysbios_hal_Hwi_HwiProxy_enableInterrupt__E=0x1001c281
#        --define_symbol ti_sysbios_knl_Clock_removeI__E=0x1001c2b9
#        --define_symbol xdc_runtime_System_abort__E=0x1001c745 --define_symbol
#        ti_sysbios_family_arm_m3_Hwi_dispatchC__I=0x1001aa49 --define_symbol
#        ti_sysbios_knl_Swi_construct=0x1001b085 --define_symbol
#        ti_sysbios_knl_Task_sleepTimeout__I=0x1001bf7d --define_symbol
#        ti_sysbios_knl_Queue_remove__E=0x1001c11d --define_symbol
#        ti_sysbios_knl_Semaphore_Instance_finalize__E=0x1001c0c1
#        --define_symbol ti_sysbios_gates_GateMutex_destruct=0x1001c26d
#        --define_symbol
#        ti_sysbios_knl_Task_SupportProxy_Module__startupDone__S=0x1001c2ed
#        --define_symbol ti_sysbios_knl_Queue_Object__delete__S=0x1001bd45
#        --define_symbol ti_sysbios_knl_Mailbox_Object__get__S=0x1001b899
#        --define_symbol
#        ti_sysbios_family_arm_m3_Hwi_Instance_init__E=0x1001a3c5
#        --define_symbol ti_sysbios_knl_Clock_delete=0x1001c2b1 --define_symbol
#        ti_sysbios_knl_Clock_walkQueueDynamic__E=0x1001a809 --define_symbol
#        ti_sysbios_knl_Mailbox_Object__destruct__S=0x1001bed5 --define_symbol
#        ti_sysbios_knl_Mailbox_post__E=0x1001a58d --define_symbol
#        ti_sysbios_knl_Clock_Instance_init__E=0x1001b509 --define_symbol
#        ti_sysbios_knl_Task_allBlockedFunction__I=0x1001b361 --define_symbol
#        ti_sysbios_knl_Task_postInit__I=0x1001a611 --define_symbol
#        ti_sysbios_knl_Task_enter__I=0x1001be05 --define_symbol
#        ti_sysbios_hal_Hwi_switchFromBootStack__E=0x1001c295 --define_symbol
#        ti_sysbios_knl_Semaphore_Object__destruct__S=0x1001bd85
#        --define_symbol
#        ti_sysbios_hal_Hwi_HwiProxy_Object__create__S=0x1001c081
#        --define_symbol
#        ti_sysbios_family_arm_cc26xx_Timer_postInit__I=0x1001b765
#        --define_symbol ti_sysbios_knl_Swi_Module_startup__E=0x1001c233
#        --define_symbol
#        ti_sysbios_gates_GateMutex_Instance_finalize__E=0x1001c071
#        --define_symbol xdc_runtime_Core_assignParams__I=0x1001c5ed
#        --define_symbol
#        ti_sysbios_hal_Hwi_HwiProxy_switchFromBootStack__E=0x1001c28d
#        --define_symbol ti_sysbios_knl_Swi_post__E=0x1001b31d --define_symbol
#        ti_sysbios_hal_Hwi_initStack=0x1001b815 --define_symbol
#        xdc_runtime_Memory_alloc__E=0x1001c485 --define_symbol
#        ti_sysbios_knl_Queue_next__E=0x1001c2d5 --define_symbol
#        ti_sysbios_knl_Clock_Instance_finalize__E=0x1001bfc9 --define_symbol
#        ti_sysbios_knl_Queue_elemClear__E=0x1001c22d --define_symbol
#        ti_sysbios_knl_Clock_Params__init__S=0x1001c181 --define_symbol
#        ti_sysbios_knl_Task_Instance_init__E=0x1001a259 --define_symbol
#        ti_sysbios_hal_Hwi_HwiProxy_startup__E=0x1001c289 --define_symbol
#        ti_sysbios_knl_Task_self__E=0x1001c1e1 --define_symbol
#        ti_sysbios_knl_Task_startup__E=0x1001c305 --define_symbol
#        ti_sysbios_gates_GateHwi_Object__delete__S=0x1001bc05 --define_symbol
#        ti_sysbios_family_arm_cc26xx_Timer_startup__E=0x1001b791
#        --define_symbol xdc_runtime_Memory_free__E=0x1001c7fd --define_symbol
#        ti_sysbios_hal_Hwi_delete=0x1001c291 --define_symbol
#        ti_sysbios_knl_Queue_Instance_init__E=0x1001c227 --define_symbol
#        ti_sysbios_family_arm_cc26xx_Timer_Module_startup__E=0x1001ba6d
#        --define_symbol xdc_runtime_Assert_raise__I=0x1001c5a5 --define_symbol
#        ti_sysbios_hal_Hwi_create=0x1001ab79 --define_symbol
#        ti_sysbios_knl_Task_destruct=0x1001c301 --define_symbol
#        ti_sysbios_hal_Hwi_Module_startup__E=0x1001c01d --define_symbol
#        ti_sysbios_family_arm_m3_Hwi_excHandler__I=0x1001bbc5 --define_symbol
#        xdc_runtime_Core_destructObject__I=0x1001c79d --define_symbol
#        ti_sysbios_knl_Swi_disable__E=0x1001c0d1 --define_symbol
#        ti_sysbios_BIOS_setThreadType__E=0x1001c041 --define_symbol
#        ti_sysbios_knl_Task_disable__E=0x1001c0f1 --define_symbol
#        ti_sysbios_knl_Swi_Instance_init__E=0x1001aca5 --define_symbol
#        ti_sysbios_knl_Semaphore_pendTimeout__I=0x1001b949 --define_symbol
#        ti_sysbios_knl_Clock_create=0x1001b3e9 --define_symbol
#        ti_sysbios_knl_Idle_loop__E=0x1001c207 --define_symbol
#        ti_sysbios_gates_GateHwi_leave__E=0x1001c21b --define_symbol
#        ti_sysbios_family_arm_m3_Hwi_enableInterrupt__E=0x1001b295
#        --define_symbol ti_sysbios_knl_Semaphore_Params__init__S=0x1001c1bd
#        --define_symbol ti_sysbios_knl_Task_unblock__E=0x1001bfb1
#        --define_symbol ti_sysbios_knl_Swi_destruct=0x1001c2e5 --define_symbol
#        ti_sysbios_BIOS_getCpuFreq__E=0x1001bff5 --define_symbol
#        xdc_runtime_Memory_calloc__E=0x1001c849 --define_symbol
#        ti_sysbios_family_arm_m3_Hwi_startup__E=0x1001c1ff --define_symbol
#        xdc_runtime_SysCallback_exit__E=0x1001c81d --define_symbol
#        ti_sysbios_knl_Queue_empty__E=0x1001c10f --define_symbol
#        ti_sysbios_knl_Clock_logTick__E=0x1001be63 --define_symbol
#        ti_sysbios_knl_Task_yield__E=0x1001b3a5 --define_symbol
#        ti_sysbios_knl_Task_SupportProxy_getStackAlignment__E=0x1001c2f1
#        --define_symbol ti_sysbios_family_arm_m3_Hwi_create=0x1001ab15
#        --define_symbol xdc_runtime_Timestamp_SupportProxy_get32__E=0x1001c82d
#        --define_symbol ti_sysbios_family_arm_m3_Hwi_destruct=0x1001c25d
#        --define_symbol
#        ti_sysbios_family_arm_m3_Hwi_doTaskRestore__I=0x1001c20f
#        --define_symbol ti_sysbios_knl_Swi_run__I=0x1001afd9 --define_symbol
#        ti_sysbios_family_arm_cc26xx_Timer_Module__startupDone__S=0x1001bb45
#        --define_symbol xdc_runtime_Core_createObject__I=0x1001c401
#        --define_symbol ti_sysbios_knl_Queue_create=0x1001b91d --define_symbol
#        ti_sysbios_hal_Hwi_Object__delete__S=0x1001bc65 --define_symbol
#        ti_sysbios_knl_Clock_construct=0x1001b575 --define_symbol
#        xdc_runtime_System_abortSpin__E=0x1001c895 --define_symbol
#        ti_sysbios_family_arm_m3_Hwi_Object__destruct__S=0x1001be65
#        --define_symbol ti_sysbios_hal_Hwi_HwiProxy_delete=0x1001c279
#        --define_symbol
#        ti_sysbios_gates_GateMutex_Object__create__S=0x1001b645
#        --define_symbol
#        ti_sysbios_family_arm_m3_Hwi_getStackInfo__E=0x1001b461
#        --define_symbol
#        ti_sysbios_heaps_HeapMem_Module_GateProxy_enter__E=0x1001c299
#        --define_symbol ti_sysbios_knl_Semaphore_post__E=0x1001ac41
#        --define_symbol ti_sysbios_knl_Task_exit__E=0x1001b425 --define_symbol
#        ti_sysbios_heaps_HeapMem_Instance_init__E=0x1001b4d1 --define_symbol
#        ti_sysbios_knl_Swi_restore__E=0x1001b5dd --define_symbol
#        ti_sysbios_knl_Task_startCore__E=0x1001ae75 --define_symbol
#        ti_sysbios_knl_Semaphore_create=0x1001b5a9 --define_symbol
#        ti_sysbios_gates_GateHwi_enter__E=0x1001c169 --define_symbol
#        ti_sysbios_knl_Task_blockI__E=0x1001b611 --define_symbol
#        ti_sysbios_heaps_HeapMem_free__E=0x1001a791 --define_symbol
#        ti_sysbios_knl_Task_Object__destruct__S=0x1001bf61 --define_symbol
#        ti_sysbios_family_arm_cc26xx_Timer_periodicStub__E=0x1001a465
#        --define_symbol ti_sysbios_hal_Hwi_Instance_init__E=0x1001b9f5
#        --define_symbol ti_sysbios_gates_GateHwi_query__E=0x1001c265
#        --define_symbol xdc_runtime_System_processAtExit__E=0x1001c6b5
#        --define_symbol
#        ti_sysbios_family_arm_cc26xx_Timer_setPeriod__E=0x1001c255
#        --define_symbol ti_sysbios_knl_Semaphore_Instance_init__E=0x1001bafd
#        --define_symbol ti_sysbios_knl_Queue_head__E=0x1001c2d1
#        --define_symbol xdc_runtime_Error_check__E=0x1001c7b5 --define_symbol
#        xdc_runtime_Error_policySpin__E=0x1001c483 --define_symbol
#        ti_sysbios_gates_GateMutex_create=0x1001b675 --define_symbol
#        xdc_runtime_Gate_leaveSystem__E=0x1001c875 --define_symbol
#        ti_sysbios_knl_Swi_restoreHwi__E=0x1001ad61 --define_symbol
#        ti_sysbios_knl_Task_sleep__E=0x1001a9d9 --define_symbol
#        ti_sysbios_knl_Task_create=0x1001ae19 --define_symbol
#        ti_sysbios_knl_Mailbox_Params__init__S=0x1001c199 --define_symbol
#        ti_sysbios_knl_Task_restoreHwi__E=0x1001be25 --define_symbol
#        ti_sysbios_knl_Mailbox_postInit__I=0x1001b8c5 --define_symbol
#        ti_sysbios_knl_Task_delete=0x1001c2fd --define_symbol
#        ti_sysbios_heaps_HeapMem_isBlocking__E=0x1001c2a1 --define_symbol
#        ti_sysbios_knl_Clock_startI__E=0x1001a715 --define_symbol
#        ti_sysbios_knl_Clock_start__E=0x1001bfdf --define_symbol
#        ti_sysbios_family_arm_m3_Hwi_Object__delete__S=0x1001bba5
#        --define_symbol
#        ti_sysbios_knl_Clock_TimerProxy_getPeriod__E=0x1001c2ad
#        --define_symbol ti_sysbios_knl_Task_SupportProxy_start__E=0x1001c2f5
#        --define_symbol ti_sysbios_heaps_HeapMem_Handle__label__S=0x1001bc85
#        --define_symbol ti_sysbios_family_arm_m3_Hwi_delete=0x1001c259
#        --define_symbol ti_sysbios_knl_Semaphore_Object__delete__S=0x1001bb21
#        --define_symbol ti_sysbios_hal_Hwi_HwiProxy_getStackInfo__E=0x1001c285
#        --define_symbol ti_sysbios_knl_Idle_run__E=0x1001bd05 --define_symbol
#        ti_sysbios_knl_Swi_delete=0x1001c2e1 --define_symbol
#        xdc_runtime_Memory_valloc__E=0x1001c781 --define_symbol
#        ti_sysbios_knl_Mailbox_Object__delete__S=0x1001bd25 --define_symbol
#        ti_sysbios_family_arm_m3_TaskSupport_start__E=0x1001b499
#        --define_symbol
#        ti_sysbios_family_arm_m3_Hwi_Module__startupDone__S=0x1001bb85
#        --define_symbol ti_sysbios_knl_Swi_startup__E=0x1001c239
#        --define_symbol ti_sysbios_knl_Task_schedule__I=0x1001b175
#        --define_symbol ti_sysbios_gates_GateMutex_leave__E=0x1001bf99
#        --define_symbol ti_sysbios_heaps_HeapMem_Object__delete__S=0x1001bca5
#        --define_symbol
#        ti_sysbios_knl_Clock_TimerProxy_setNextTick__E=0x1001c0b1
#        --define_symbol ti_sysbios_knl_Swi_Object__get__S=0x1001b975
#        --define_symbol ti_sysbios_knl_Task_restore__E=0x1001ba45
#        --define_symbol xdc_runtime_Memory_HeapProxy_alloc__E=0x1001c885
#        --define_symbol ti_sysbios_gates_GateHwi_Object__create__S=0x1001ba91
#        --define_symbol
#        ti_sysbios_hal_Hwi_HwiProxy_disableInterrupt__E=0x1001c27d
#        --define_symbol ti_sysbios_BIOS_start__E=0x1001c051 --define_symbol
#        ti_sysbios_BIOS_exit__E=0x1001c031 --define_symbol
#        ti_sysbios_family_arm_m3_TaskSupport_getStackAlignment__E=0x1001c15d
#        --define_symbol xdc_runtime_SysCallback_abort__E=0x1001c80d
#        --define_symbol ti_sysbios_knl_Queue_destruct=0x1001c2cd
#        --define_symbol ti_sysbios_family_arm_m3_Hwi_postInit__I=0x1001a315
#        --define_symbol ti_sysbios_gates_GateMutex_Instance_init__E=0x1001be9d
#        --define_symbol ti_sysbios_knl_Task_Instance_finalize__E=0x1001a4f9
#        --define_symbol
#        ti_sysbios_knl_Clock_TimerProxy_getCurrentTick__E=0x1001c091
#        --define_symbol ti_sysbios_family_arm_m3_Hwi_disableFxn__E=0x1001c145
#        --define_symbol xdc_runtime_Memory_HeapProxy_free__E=0x1001c889
#        --define_symbol ti_sysbios_knl_Mailbox_Module_startup__E=0x1001b2d9
#        --define_symbol ti_sysbios_knl_Task_Object__delete__S=0x1001bdc5
#        --define_symbol ti_sysbios_gates_GateHwi_Handle__label__S=0x1001bbe5
#        --define_symbol xdc_runtime_Text_ropeText__E=0x1001c7e5
#        --define_symbol ti_sysbios_knl_Clock_destruct=0x1001c2b5
#        --define_symbol ti_sysbios_knl_Queue_construct=0x1001b8f1
#        --define_symbol
#        ti_sysbios_family_arm_m3_Hwi_switchFromBootStack__E=0x1001c009
#        --define_symbol ti_sysbios_heaps_HeapMem_Object__get__S=0x1001b86d
#        --define_symbol ti_sysbios_hal_Hwi_HwiProxy_create=0x1001be45
#        --define_symbol ti_sysbios_gates_GateMutex_query__E=0x1001c271
#        --define_symbol ti_sysbios_knl_Swi_schedule__I=0x1001b031
#        --define_symbol ti_sysbios_knl_Task_Params__init__S=0x1001c1d5
#        --define_symbol
#        ti_sysbios_family_arm_m3_Hwi_Params__init__S=0x1001c139
#        --define_symbol ti_sysbios_family_arm_m3_Hwi_plug__E=0x1001c061
#        --define_symbol xdc_runtime_System_exitSpin__E=0x1001c897
#        --define_symbol ti_sysbios_gates_GateMutex_construct=0x1001b7e9
#        --define_symbol
#        xdc_runtime_System_Module_GateProxy_leave__E=0x1001c891
#        --define_symbol ti_sysbios_knl_Mailbox_pend__E=0x1001a969
#        --define_symbol
#        ti_sysbios_family_arm_m3_TaskSupport_Module__startupDone__S=0x1001c261
#        --define_symbol xdc_runtime_Core_assignLabel__I=0x1001c6e9
#        --define_symbol
#        xdc_runtime_System_Module_GateProxy_enter__E=0x1001c88d
#        --define_symbol xdc_runtime_System_exit__E=0x1001c7cd --define_symbol
#        ti_sysbios_knl_Swi_Params__init__S=0x1001c1c9 --define_symbol
#        ti_sysbios_knl_Clock_workFunc__E=0x1001a881 --define_symbol
#        ti_sysbios_family_arm_m3_Hwi_restoreFxn__E=0x1001c215 --define_symbol
#        ti_sysbios_family_arm_cc26xx_TimestampProvider_Module_startup__E=0x1001bb65
#        --define_symbol ti_sysbios_knl_Semaphore_delete=0x1001c2d9
#        --define_symbol
#        ti_sysbios_family_arm_cc26xx_Timer_getPeriod__E=0x1001c251
#        --define_symbol ti_sysbios_family_arm_m3_Hwi_initNVIC__E=0x1001a695
#        --define_symbol ti_sysbios_knl_Clock_addI__E=0x1001ba1d
#        --define_symbol
#        ti_sysbios_family_arm_m3_Hwi_Instance_finalize__E=0x1001aed1
#        --define_symbol ti_sysbios_heaps_HeapMem_alloc__E=0x1001a195
#        --define_symbol ti_sysbios_knl_Task_unblockI__E=0x1001b9a1
#        --define_symbol ti_sysbios_knl_Swi_Instance_finalize__E=0x1001bf97
#        --define_symbol
#        ti_sysbios_family_arm_m3_Hwi_disableInterrupt__E=0x1001b251
#        --define_symbol ti_sysbios_family_arm_m3_Hwi_enableFxn__E=0x1001c151
#        --define_symbol xdc_runtime_Gate_enterSystem__E=0x1001c881
#        --define_symbol
#        ti_sysbios_gates_GateMutex_Object__delete__S=0x1001bab5
#        --define_symbol
#        ti_sysbios_family_arm_cc26xx_TimestampProvider_get64__E=0x1001b9cd
#        --define_symbol ti_sysbios_knl_Mailbox_Instance_init__E=0x1001a0cd
#        --define_symbol xdc_runtime_Text_cordText__E=0x1001c719
#        --define_symbol xdc_runtime_Startup_exec__E=0x1001c555 --define_symbol
#        ti_sysbios_hal_Hwi_HwiProxy_Module__startupDone__S=0x1001c275
#        --define_symbol ti_sysbios_heaps_HeapMem_getStats__E=0x1001b209
#        --define_symbol ti_sysbios_knl_Task_SupportProxy_swap__E=0x1001c2f9
#        --define_symbol
#        xdc_runtime_Memory_getMaxDefaultTypeAlign__E=0x1001c855
#        --define_symbol ti_sysbios_knl_Task_Object__get__S=0x1001bde5
#        --define_symbol ti_sysbios_family_arm_m3_Hwi_construct=0x1001af29
#        --define_symbol
#        ti_sysbios_knl_Clock_TimerProxy_Module__startupDone__S=0x1001c2a5
#        --define_symbol ti_sysbios_knl_Clock_Module_startup__E=0x1001bcc5
#        --define_symbol ti_sysbios_knl_Mailbox_construct=0x1001af81
#        --define_symbol ti_sysbios_knl_Task_construct=0x1001b125
#        --define_symbol xdc_runtime_Core_constructObject__I=0x1001c635
#        --define_symbol ti_sysbios_knl_Queue_dequeue__E=0x1001c1a5
#        --define_symbol ti_sysbios_knl_Task_Module_startup__E=0x1001adbd
#        --define_symbol
#        ti_sysbios_family_arm_cc26xx_Timer_getExpiredTicks__E=0x1001c24d
#        --define_symbol ti_sysbios_family_arm_m3_Hwi_Object__get__S=0x1001b7bd
#        --define_symbol ti_sysbios_knl_Mailbox_destruct=0x1001c2c5
#        --define_symbol xdc_runtime_System_Module_startup__E=0x1001c87b
#        --define_symbol ti_sysbios_knl_Swi_postInit__I=0x1001c2e9
#        --define_symbol
#        ti_sysbios_family_arm_m3_Hwi_Module_startup__E=0x1001b1c1
#        --define_symbol ti_sysbios_gates_GateMutex_enter__E=0x1001b6a5
#        --define_symbol ti_sysbios_family_arm_m3_Hwi_setPriority__E=0x1001be81
#        --define_symbol ti_sysbios_knl_Queue_Object__get__S=0x1001bd65
#        --define_symbol ti_sysbios_knl_Clock_setTimeout__E=0x1001c2bd
#        --define_symbol ti_sysbios_knl_Task_swapReturn=0x1001ca6d
#        --define_symbol ti_sysbios_family_arm_m3_TaskSupport_glue=0x1001ca55
#        --define_symbol
#        ti_sysbios_family_arm_m3_TaskSupport_buildTaskStack=0x1001c969
#        --define_symbol
#        ti_sysbios_family_arm_m3_TaskSupport_swap__E=0x1001ca65
#        --define_symbol
#        ti_sysbios_family_arm_m3_Hwi_excHandlerAsm__I=0x1001c9fd
#        --define_symbol ti_sysbios_family_arm_m3_Hwi_return=0x1001ca53
#        --define_symbol ti_sysbios_family_arm_m3_Hwi_pendSV__I=0x1001ca3b
#        --define_symbol ti_sysbios_family_arm_m3_Hwi_dispatch__I=0x1001c899
#        --define_symbol ti_sysbios_family_xxx_Hwi_switchAndRunFunc=0x1001ca1d
#        --define_symbol ti_sysbios_family_arm_m3_Hwi_initStacks__E=0x1001c9b5
#        --define_symbol
#        ti_sysbios_BIOS_RtsGateProxy_Object__delete__S=0x1001bab5
#        --define_symbol
#        ti_sysbios_BIOS_RtsGateProxy_Params__init__S=0x1001c175
#        --define_symbol
#        ti_sysbios_BIOS_RtsGateProxy_Handle__label__S=0x1001bc25
#        --define_symbol ti_sysbios_BIOS_RtsGateProxy_query__E=0x1001c271
#        --define_symbol ti_sysbios_knl_Clock_TimerProxy_startup__E=0x1001b791
#        --define_symbol ti_sysbios_hal_Hwi_disableInterrupt__E=0x1001c27d
#        --define_symbol ti_sysbios_hal_Hwi_enableInterrupt__E=0x1001c281
#        --define_symbol ti_sysbios_hal_Hwi_getStackInfo__E=0x1001c285
#        --define_symbol ti_sysbios_hal_Hwi_startup__E=0x1001c289
#        --define_symbol
#        ti_sysbios_hal_Hwi_HwiProxy_Object__delete__S=0x1001bba5
#        --define_symbol ti_sysbios_hal_Hwi_HwiProxy_Params__init__S=0x1001c139
#        --define_symbol
#        ti_sysbios_heaps_HeapMem_Module_GateProxy_query__E=0x1001c271
#        --define_symbol
#        ti_sysbios_heaps_HeapMem_Module_GateProxy_Object__delete__S=0x1001bab5
#        --define_symbol
#        ti_sysbios_heaps_HeapMem_Module_GateProxy_Params__init__S=0x1001c175
#        --define_symbol
#        ti_sysbios_heaps_HeapMem_Module_GateProxy_Handle__label__S=0x1001bc25
#        --define_symbol xdc_runtime_Timestamp_SupportProxy_get64__E=0x1001b9cd
#        --define_symbol
#        xdc_runtime_Timestamp_SupportProxy_getFreq__E=0x1001c12b
#        --define_symbol xdc_runtime_Timestamp_get32__E=0x1001c82d
#        --define_symbol xdc_runtime_Timestamp_get64__E=0x1001b9cd
#        --define_symbol xdc_runtime_Timestamp_getFreq__E=0x1001c12b
#        --define_symbol
#        xdc_runtime_Memory_HeapProxy_Object__delete__S=0x1001bca5
#        --define_symbol
#        xdc_runtime_Memory_HeapProxy_Handle__label__S=0x1001bc85
#        --define_symbol
#        xdc_runtime_System_Module_GateProxy_Object__delete__S=0x1001bc05
#        --define_symbol
#        xdc_runtime_System_Module_GateProxy_Handle__label__S=0x1001bbe5
#        --define_symbol
#        xdc_runtime_System_Module_GateProxy_query__E=0x1001c265
#        --define_symbol xdc_runtime_Startup__EXECFXN__C=1 --define_symbol
#        xdc_runtime_Startup__RESETFXN__C=1 --config_search
#        C:/ti/simplelink_cc13x0_sdk_3_10_00_11/kernel/tirtos/packages/ti/sysbios/rom/cortexm/cc13xx/golden/CC13xx/
#        --config_def USE_TIRTOS_ROM=1 --keep __ASM__ --keep __PLAT__ --keep
#        __ISA__ --keep __TARG__ --keep __TRDR__)
#        c:/ti/simplelink_cc13x0_sdk_3_10_00_11/source/ti/display/lib/display.arm3
#        c:/ti/simplelink_cc13x0_sdk_3_10_00_11/source/ti/grlib/lib/iar/m3/grlib.a
#        c:/ti/simplelink_cc13x0_sdk_3_10_00_11/source/third_party/spiffs/lib/iar/m3/spiffs_cc26xx.a
#        c:/ti/simplelink_cc13x0_sdk_3_10_00_11/source/ti/drivers/rf/lib/rf_multiMode_cc13x0.arm3
#        c:/ti/simplelink_cc13x0_sdk_3_10_00_11/source/ti/drivers/lib/drivers_cc13x0.arm3
#        c:/ti/simplelink_cc13x0_sdk_3_10_00_11/kernel/tirtos/packages/ti/dpl/lib/dpl_cc13x0.arm3
#        c:/ti/simplelink_cc13x0_sdk_3_10_00_11/source/ti/devices/cc13x0/driverlib/bin/iar/driverlib.lib
#        --silent --cpu=Cortex-M3 --semihosting --entry __iar_program_start
#        --vfe --text_out locale)
#
###############################################################################

*******************************************************************************
*** RUNTIME MODEL ATTRIBUTES
***

CppFlavor       = *
__SystemLibrary = DLib
__dlib_version  = 6


*******************************************************************************
*** HEAP SELECTION
***

The basic heap was selected because no calls to memory allocation
functions were found in the application outside of system library
functions, and there are calls to deallocation functions in the
application.


*******************************************************************************
*** RESERVED RANGES
***

Ranges reserved by absolute symbols:

         From           To  Size
         ----           --  ----
  0x2000'0000  0x2000'00c7  0xc8


*******************************************************************************
*** PLACEMENT SUMMARY
***

"A0":  place at 0x0 { ro section .intvec };
"A1":  place at end of [from 0x0 to 0x1'ffff] { ro section .ccfg };
"P1":  place in [from 0x0 to 0x1'ffff] { ro };
define block CSTACK with size = 1K, alignment = 8 { section .stack };
"A2":  place at end of [from 0x2000'0000 to 0x2000'4fff] { block CSTACK };
"P2":  place in [from 0x2000'0000 to 0x2000'3bff] { rw };
"A4":  place at 0x1490 { ro section .const_xdc_runtime_Error_policy__C };
"A5":  place at 0x143c {
          ro section .const_xdc_runtime_IModule_Interface__BASE__C };
"A6":  place at 0x1420 { ro section .const_xdc_runtime_Startup_lastFxns__C };
"A7":  place at 0x1210 {
          ro section .const_ti_sysbios_gates_GateMutex_Object__DESC__C };
"A8":  place at 0x14b0 {
          ro section .const_ti_sysbios_rom_ROM_ti_sysbios_family_arm_cc26xx_Timer_initDevice__I };
"A9":  place at 0x1450 { ro section .const_xdc_runtime_Startup_execImpl__C };
"A10": place at 0x14d0 {
          ro section .const_ti_sysbios_gates_GateMutex_Instance_State_sem__O };
"A11": place at 0x14ac {
          ro section .const_ti_sysbios_rom_ROM_ti_sysbios_family_arm_cc26xx_Timer_getMaxTicks__E };
"A12": place at 0x13e0 {
          ro section .const_ti_sysbios_knl_Swi_Object__count__C };
"A13": place at 0x1378 { ro section .const_ti_sysbios_knl_Idle_funcList__C };
"A14": place at 0x1070 {
          ro section .const_ti_sysbios_family_arm_m3_Hwi_Object__PARAMS__C };
"A15": place at 0x148e { ro section .const_xdc_runtime_Text_isLoaded__C };
"A16": place at 0x1270 {
          ro section .const_ti_sysbios_knl_Clock_Object__DESC__C };
"A17": place at 0x14d8 {
          ro section .const_ti_sysbios_knl_Mailbox_Instance_State_dataQue__O };
"A18": place at 0x1140 {
          ro section .const_ti_sysbios_gates_GateMutex_Module__FXNS__C };
"A19": place at 0x14ec {
          ro section .const_ti_sysbios_knl_Task_Module_State_inactiveQ__O };
"A20": place at 0x140a {
          ro section .const_ti_sysbios_family_arm_m3_Hwi_Module__id__C };
"A21": place at 0x1406 {
          ro section .const_ti_sysbios_family_arm_cc26xx_Timer_Module__id__C };
"A22": place at 0x13d0 {
          ro section .const_ti_sysbios_knl_Mailbox_Object__table__C };
"A23": place at 0x1398 {
          ro section .const_ti_sysbios_family_arm_m3_Hwi_Object__table__C };
"A24": place at 0x12f0 { ro section .const_ti_sysbios_knl_Swi_Object__DESC__C };
"A25": place at 0x148c { ro section .const_xdc_runtime_Text_charCnt__C };
"A26": place at 0x14bc {
          ro section .const_ti_sysbios_rom_ROM_ti_sysbios_family_arm_cc26xx_Timer_start__E };
"A27": place at 0x13c0 {
          ro section .const_ti_sysbios_heaps_HeapMem_Object__table__C };
"A28": place at 0x1430 { ro section .const_xdc_runtime_Error_policyFxn__C };
"A29": place at 0x14a4 {
          ro section .const_ti_sysbios_rom_ROM_ti_sysbios_family_arm_cc26xx_Timer_getCount64__E };
"A30": place at 0x1418 { ro section .const_xdc_runtime_Startup_firstFxns__C };
"A31": place at 0x10f4 {
          ro section .const_ti_sysbios_knl_Swi_Object__PARAMS__C };
"A32": place at 0x13c8 {
          ro section .const_ti_sysbios_knl_Clock_serviceMargin__C };
"A33": place at 0x1478 { ro section .const_xdc_runtime_Text_charTab__C };
"A34": place at 0x149c {
          ro section .const_ti_sysbios_rom_ROM_AONRTCCurrentCompareValueGet };
"A35": place at 0x14c0 {
          ro section .const_ti_sysbios_rom_ROM_ti_sysbios_family_arm_cc26xx_TimestampProvider_get32__E };
"A36": place at 0x14a8 {
          ro section .const_ti_sysbios_rom_ROM_ti_sysbios_family_arm_cc26xx_Timer_getCurrentTick__E };
"A37": place at 0x13b0 {
          ro section .const_ti_sysbios_family_arm_m3_TaskSupport_stackAlignment__C };
"A38": place at 0x1390 {
          ro section .const_ti_sysbios_family_arm_m3_Hwi_NUM_INTERRUPTS__C };
"A39": place at 0x1448 {
          ro section .const_xdc_runtime_Main_Module__diagsMask__C };
"A40": place at 0x13e4 {
          ro section .const_ti_sysbios_knl_Swi_Object__table__C };
"A41": place at 0x148a { ro section .const_xdc_runtime_Memory_Module__id__C };
"A42": place at 0x1000 {
          ro section .const_ti_sysbios_knl_Task_Object__PARAMS__C };
"A43": place at 0x1348 {
          ro section .const_ti_sysbios_gates_GateMutex_Object__PARAMS__C };
"A44": place at 0x13b8 {
          ro section .const_ti_sysbios_heaps_HeapMem_Module__gateObj__C };
"A45": place at 0x1384 {
          ro section .const_ti_sysbios_family_arm_cc26xx_Timer_startupNeeded__C };
"A46": place at 0x12b0 {
          ro section .const_ti_sysbios_knl_Queue_Object__DESC__C };
"A47": place at 0x1310 {
          ro section .const_ti_sysbios_knl_Task_Object__DESC__C };
"A48": place at 0x1428 {
          ro section .const_xdc_runtime_Assert_E_assertFailed__C };
"A49": place at 0x1164 {
          ro section .const_ti_sysbios_heaps_HeapMem_Object__PARAMS__C };
"A50": place at 0x140c {
          ro section .const_ti_sysbios_gates_GateHwi_Module__id__C };
"A51": place at 0x1330 {
          ro section .const_ti_sysbios_gates_GateHwi_Object__PARAMS__C };
"A52": place at 0x1438 {
          ro section .const_xdc_runtime_IHeap_Interface__BASE__C };
"A53": place at 0x1468 { ro section .const_xdc_runtime_SysCallback_exitFxn__C };
"A54": place at 0x1410 {
          ro section .const_ti_sysbios_heaps_HeapMem_Module__id__C };
"A55": place at 0x13a0 {
          ro section .const_ti_sysbios_family_arm_m3_Hwi_excHandlerFunc__C };
"A56": place at 0x10cc {
          ro section .const_ti_sysbios_heaps_HeapMem_Module__FXNS__C };
"A57": place at 0x1474 {
          ro section .const_xdc_runtime_System_maxAtexitHandlers__C };
"A58": place at 0x13d8 {
          ro section .const_ti_sysbios_knl_Queue_Object__count__C };
"A59": place at 0x13f0 {
          ro section .const_ti_sysbios_knl_Task_Object__table__C };
"A60": place at 0x1290 {
          ro section .const_ti_sysbios_knl_Mailbox_Object__DESC__C };
"A61": place at 0x13a4 {
          ro section .const_ti_sysbios_family_arm_m3_Hwi_nullIsrFunc__C };
"A62": place at 0x1414 { ro section .const_ti_sysbios_knl_Clock_tickMode__C };
"A63": place at 0x140e {
          ro section .const_ti_sysbios_gates_GateMutex_Module__id__C };
"A64": place at 0x13e8 {
          ro section .const_ti_sysbios_knl_Swi_numPriorities__C };
"A65": place at 0x1400 {
          ro section .const_ti_sysbios_knl_Task_numConstructedTasks__C };
"A66": place at 0x1454 { ro section .const_xdc_runtime_Startup_maxPasses__C };
"A67": place at 0x14a0 {
          ro section .const_ti_sysbios_rom_ROM_AONRTCEventClear };
"A68": place at 0x1412 {
          ro section .const_ti_sysbios_knl_Task_initStackFlag__C };
"A69": place at 0x1440 {
          ro section .const_xdc_runtime_Main_Module__diagsEnabled__C };
"A70": place at 0x1444 {
          ro section .const_xdc_runtime_Main_Module__diagsIncluded__C };
"A71": place at 0x146c { ro section .const_xdc_runtime_System_abortFxn__C };
"A72": place at 0x14dc {
          ro section .const_ti_sysbios_knl_Mailbox_Instance_State_dataSem__O };
"A73": place at 0x111c {
          ro section .const_ti_sysbios_gates_GateHwi_Module__FXNS__C };
"A74": place at 0x1230 { ro section .const_ti_sysbios_hal_Hwi_Object__DESC__C };
"A75": place at 0x13ac {
          ro section .const_ti_sysbios_family_arm_m3_Hwi_priGroup__C };
"A76": place at 0x142c { ro section .const_xdc_runtime_Error_E_memory__C };
"A77": place at 0x1388 {
          ro section .const_ti_sysbios_family_arm_m3_Hwi_E_alreadyDefined__C };
"A78": place at 0x14e4 {
          ro section .const_ti_sysbios_knl_Mailbox_Instance_State_freeSem__O };
"A79": place at 0x13dc {
          ro section .const_ti_sysbios_knl_Queue_Object__table__C };
"A80": place at 0x11ac {
          ro section .const_ti_sysbios_knl_Semaphore_Object__PARAMS__C };
"A81": place at 0x1470 { ro section .const_xdc_runtime_System_exitFxn__C };
"A82": place at 0x1188 {
          ro section .const_ti_sysbios_knl_Clock_Object__PARAMS__C };
"A83": place at 0x1498 {
          ro section .const_ti_sysbios_rom_ROM_AONRTCCompareValueSet };
"A84": place at 0x14b4 {
          ro section .const_ti_sysbios_rom_ROM_ti_sysbios_family_arm_cc26xx_Timer_setNextTick__E };
"A85": place at 0x13c4 {
          ro section .const_ti_sysbios_heaps_HeapMem_reqAlign__C };
"A86": place at 0x1488 { ro section .const_xdc_runtime_Main_Module__id__C };
"A87": place at 0x1458 { ro section .const_xdc_runtime_Startup_sfxnRts__C };
"A88": place at 0x12d0 {
          ro section .const_ti_sysbios_knl_Semaphore_Object__DESC__C };
"A89": place at 0x11f0 {
          ro section .const_ti_sysbios_gates_GateHwi_Object__DESC__C };
"A90": place at 0x13bc {
          ro section .const_ti_sysbios_heaps_HeapMem_Object__count__C };
"A91": place at 0x13a8 {
          ro section .const_ti_sysbios_family_arm_m3_Hwi_numSparseInterrupts__C };
"A92": place at 0x13d4 {
          ro section .const_ti_sysbios_knl_Mailbox_maxTypeAlign__C };
"A93": place at 0x1408 {
          ro section .const_ti_sysbios_family_arm_cc26xx_TimestampProvider_useClockTimer__C };
"A94": place at 0x14cc {
          ro section .const_ti_sysbios_rom_ROM_xdc_runtime_System_SupportProxy_exit__E };
"A95": place at 0x1360 {
          ro section .const_ti_sysbios_knl_Queue_Object__PARAMS__C };
"A96": place at 0x13f4 {
          ro section .const_ti_sysbios_knl_Task_allBlockedFunc__C };
"A97": place at 0x14c8 {
          ro section .const_ti_sysbios_rom_ROM_xdc_runtime_System_SupportProxy_abort__E };
"A98": place at 0x13cc {
          ro section .const_ti_sysbios_knl_Mailbox_Object__count__C };
"A99": place at 0x1480 { ro section .const_xdc_runtime_Text_nameStatic__C };
"A100":
       place at 0x14c4 {
          ro section .const_ti_sysbios_rom_ROM_xdc_runtime_Startup_getState__I };
"A101":
       place at 0x14d4 {
          ro section .const_ti_sysbios_knl_Clock_Module_State_clockQ__O };
"A102":
       place at 0x13fc {
          ro section .const_ti_sysbios_knl_Task_defaultStackSize__C };
"A103":
       place at 0x1434 {
          ro section .const_xdc_runtime_IGateProvider_Interface__BASE__C };
"A104":
       place at 0x138c {
          ro section .const_ti_sysbios_family_arm_m3_Hwi_E_hwiLimitExceeded__C };
"A105":
       place at 0x1460 {
          ro section .const_xdc_runtime_Startup_startModsFxn__C };
"A106":
       place at 0x14e8 {
          ro section .const_ti_sysbios_knl_Semaphore_Instance_State_pendQ__O };
"A107":
       place at 0x11d0 {
          ro section .const_ti_sysbios_family_arm_m3_Hwi_Object__DESC__C };
"A108":
       place at 0x147c { ro section .const_xdc_runtime_Text_nameEmpty__C };
"A109":
       place at 0x1394 {
          ro section .const_ti_sysbios_family_arm_m3_Hwi_Object__count__C };
"A110":
       place at 0x1464 {
          ro section .const_xdc_runtime_SysCallback_abortFxn__C };
"A111":
       place at 0x13f8 {
          ro section .const_ti_sysbios_knl_Task_defaultStackHeap__C };
"A112":
       place at 0x139c {
          ro section .const_ti_sysbios_family_arm_m3_Hwi_ccr__C };
"A113":
       place at 0x103c {
          ro section .const_ti_sysbios_knl_Mailbox_Object__PARAMS__C };
"A114":
       place at 0x10a0 {
          ro section .const_ti_sysbios_hal_Hwi_Object__PARAMS__C };
"A115":
       place at 0x13b4 {
          ro section .const_ti_sysbios_heaps_HeapMem_E_memory__C };
"A116":
       place at 0x13ec {
          ro section .const_ti_sysbios_knl_Task_Object__count__C };
"A117":
       place at 0x1494 {
          ro section .const_ti_sysbios_rom_ROM_AONRTCChannelEnable };
"A118":
       place at 0x1250 {
          ro section .const_ti_sysbios_heaps_HeapMem_Object__DESC__C };
"A119":
       place at 0x1484 { ro section .const_xdc_runtime_Text_nameUnknown__C };
"A120":
       place at 0x144c {
          ro section .const_xdc_runtime_Memory_defaultHeapInstance__C };
"A121":
       place at 0x14e0 {
          ro section .const_ti_sysbios_knl_Mailbox_Instance_State_freeQue__O };
"A122":
       place at 0x14b8 {
          ro section .const_ti_sysbios_rom_ROM_ti_sysbios_family_arm_cc26xx_Timer_setThreshold__I };
"A123":
       place at 0x145c { ro section .const_xdc_runtime_Startup_sfxnTab__C };
"A124":
       place at 0x2000'0178 {
          rw section .data_ti_sysbios_knl_Clock_Module__state__V };
"A125":
       place at 0x2000'01ec {
          rw section .data_ti_sysbios_family_arm_cc26xx_TimestampProvider_Module__state__V };
"A126":
       place at 0x2000'01f0 {
          rw section .data_xdc_runtime_Startup_Module__state__V };
"A127":
       place at 0x2000'01a4 {
          rw section .data_ti_sysbios_BIOS_Module__state__V };
"A128":
       place at 0x2000'01c8 {
          rw section .data_ti_sysbios_knl_Swi_Module__state__V };
"A129":
       place at 0x2000'0100 {
          rw section .data_ti_sysbios_knl_Task_Module__state__V };
"A130":
       place at 0x2000'0200 {
          rw section .data_xdc_runtime_Memory_Module__state__V };
"A131":
       place at 0x2000'01f8 {
          rw section .data_xdc_runtime_System_Module__state__V };
"A132":
       place at 0x2000'0144 {
          rw section .data_ti_sysbios_family_arm_m3_Hwi_Module__state__V };
"A133":
       place at 0x2000'01e4 {
          rw section .data_ti_sysbios_family_arm_cc26xx_Timer_Module__state__V };
initialize by copy { rw };
keep { section .intvec };
keep { section .ccfg };

No sections matched the following patterns:

  section .stack  in block CSTACK


  Section                 Kind         Address    Size  Object
  -------                 ----         -------    ----  ------
"A0":                                             0x3c
  .intvec                 const            0x0    0x3c  release_prm3.orm3 [1]
                                        - 0x3c    0x3c

"P1", part 1 of 2:                               0x1bf
  .rodata                 const           0x3c     0x0  zero_init3.o [11]
  .rodata                 const           0x3c     0x0  lz77_init_single.o [11]
  Initializer bytes       const           0x3c   0x12c  <for P2-1>
  Initializer bytes       const          0x168    0x1b  <for rw section .data_ti_sysbios_family_arm_m3_Hwi_Module__state__V-1>
  Initializer bytes       const          0x183    0x18  <for rw section .data_ti_sysbios_knl_Clock_Module__state__V-1>
  Initializer bytes       const          0x19b    0x1b  <for rw section .data_ti_sysbios_knl_Task_Module__state__V-1>
  Initializer bytes       const          0x1b6    0x1c  <for rw section .data_ti_sysbios_BIOS_Module__state__V-1>
  Initializer bytes       const          0x1d2     0xc  <for rw section .data_ti_sysbios_knl_Swi_Module__state__V-1>
  Initializer bytes       const          0x1de     0x9  <for rw section .data_ti_sysbios_family_arm_cc26xx_Timer_Module__state__V-1>
  Initializer bytes       const          0x1e7     0x8  <for rw section .data_xdc_runtime_System_Module__state__V-1>
  Initializer bytes       const          0x1ef     0x6  <for rw section .data_xdc_runtime_Memory_Module__state__V-1>
  Initializer bytes       const          0x1f5     0x3  <for rw section .data_ti_sysbios_family_arm_cc26xx_TimestampProvider_Module__state__V-1>
  Initializer bytes       const          0x1f8     0x3  <for rw section .data_xdc_runtime_Startup_Module__state__V-1>
                                       - 0x1fb   0x1bf

"A42":                                            0x3c
  .const_ti_sysbios_knl_Task_Object__PARAMS__C
                          const         0x1000    0x3c  release_prm3.orm3 [1]
                                      - 0x103c    0x3c

"A113":                                           0x34
  .const_ti_sysbios_knl_Mailbox_Object__PARAMS__C
                          const         0x103c    0x34  release_prm3.orm3 [1]
                                      - 0x1070    0x34

"A14":                                            0x30
  .const_ti_sysbios_family_arm_m3_Hwi_Object__PARAMS__C
                          const         0x1070    0x30  release_prm3.orm3 [1]
                                      - 0x10a0    0x30

"A114":                                           0x2c
  .const_ti_sysbios_hal_Hwi_Object__PARAMS__C
                          const         0x10a0    0x2c  release_prm3.orm3 [1]
                                      - 0x10cc    0x2c

"A56":                                            0x28
  .const_ti_sysbios_heaps_HeapMem_Module__FXNS__C
                          const         0x10cc    0x28  release_prm3.orm3 [1]
                                      - 0x10f4    0x28

"A31":                                            0x28
  .const_ti_sysbios_knl_Swi_Object__PARAMS__C
                          const         0x10f4    0x28  release_prm3.orm3 [1]
                                      - 0x111c    0x28

"A73":                                            0x24
  .const_ti_sysbios_gates_GateHwi_Module__FXNS__C
                          const         0x111c    0x24  release_prm3.orm3 [1]
                                      - 0x1140    0x24

"A18":                                            0x24
  .const_ti_sysbios_gates_GateMutex_Module__FXNS__C
                          const         0x1140    0x24  release_prm3.orm3 [1]
                                      - 0x1164    0x24

"A49":                                            0x24
  .const_ti_sysbios_heaps_HeapMem_Object__PARAMS__C
                          const         0x1164    0x24  release_prm3.orm3 [1]
                                      - 0x1188    0x24

"A82":                                            0x24
  .const_ti_sysbios_knl_Clock_Object__PARAMS__C
                          const         0x1188    0x24  release_prm3.orm3 [1]
                                      - 0x11ac    0x24

"A80":                                            0x24
  .const_ti_sysbios_knl_Semaphore_Object__PARAMS__C
                          const         0x11ac    0x24  release_prm3.orm3 [1]
                                      - 0x11d0    0x24

"A107":                                           0x20
  .const_ti_sysbios_family_arm_m3_Hwi_Object__DESC__C
                          const         0x11d0    0x20  release_prm3.orm3 [1]
                                      - 0x11f0    0x20

"A89":                                            0x20
  .const_ti_sysbios_gates_GateHwi_Object__DESC__C
                          const         0x11f0    0x20  release_prm3.orm3 [1]
                                      - 0x1210    0x20

"A7":                                             0x20
  .const_ti_sysbios_gates_GateMutex_Object__DESC__C
                          const         0x1210    0x20  release_prm3.orm3 [1]
                                      - 0x1230    0x20

"A74":                                            0x20
  .const_ti_sysbios_hal_Hwi_Object__DESC__C
                          const         0x1230    0x20  release_prm3.orm3 [1]
                                      - 0x1250    0x20

"A118":                                           0x20
  .const_ti_sysbios_heaps_HeapMem_Object__DESC__C
                          const         0x1250    0x20  release_prm3.orm3 [1]
                                      - 0x1270    0x20

"A16":                                            0x20
  .const_ti_sysbios_knl_Clock_Object__DESC__C
                          const         0x1270    0x20  release_prm3.orm3 [1]
                                      - 0x1290    0x20

"A60":                                            0x20
  .const_ti_sysbios_knl_Mailbox_Object__DESC__C
                          const         0x1290    0x20  release_prm3.orm3 [1]
                                      - 0x12b0    0x20

"A46":                                            0x20
  .const_ti_sysbios_knl_Queue_Object__DESC__C
                          const         0x12b0    0x20  release_prm3.orm3 [1]
                                      - 0x12d0    0x20

"A88":                                            0x20
  .const_ti_sysbios_knl_Semaphore_Object__DESC__C
                          const         0x12d0    0x20  release_prm3.orm3 [1]
                                      - 0x12f0    0x20

"A24":                                            0x20
  .const_ti_sysbios_knl_Swi_Object__DESC__C
                          const         0x12f0    0x20  release_prm3.orm3 [1]
                                      - 0x1310    0x20

"A47":                                            0x20
  .const_ti_sysbios_knl_Task_Object__DESC__C
                          const         0x1310    0x20  release_prm3.orm3 [1]
                                      - 0x1330    0x20

"A51":                                            0x18
  .const_ti_sysbios_gates_GateHwi_Object__PARAMS__C
                          const         0x1330    0x18  release_prm3.orm3 [1]
                                      - 0x1348    0x18

"A43":                                            0x18
  .const_ti_sysbios_gates_GateMutex_Object__PARAMS__C
                          const         0x1348    0x18  release_prm3.orm3 [1]
                                      - 0x1360    0x18

"A95":                                            0x18
  .const_ti_sysbios_knl_Queue_Object__PARAMS__C
                          const         0x1360    0x18  release_prm3.orm3 [1]
                                      - 0x1378    0x18

"A13":                                             0x8
  .const_ti_sysbios_knl_Idle_funcList__C
                          const         0x1378     0x8  release_prm3.orm3 [1]
                                      - 0x1380     0x8

"A45":                                             0x4
  .const_ti_sysbios_family_arm_cc26xx_Timer_startupNeeded__C
                          const         0x1384     0x4  release_prm3.orm3 [1]
                                      - 0x1388     0x4

"A77":                                             0x4
  .const_ti_sysbios_family_arm_m3_Hwi_E_alreadyDefined__C
                          const         0x1388     0x4  release_prm3.orm3 [1]
                                      - 0x138c     0x4

"A104":                                            0x4
  .const_ti_sysbios_family_arm_m3_Hwi_E_hwiLimitExceeded__C
                          const         0x138c     0x4  release_prm3.orm3 [1]
                                      - 0x1390     0x4

"A38":                                             0x4
  .const_ti_sysbios_family_arm_m3_Hwi_NUM_INTERRUPTS__C
                          const         0x1390     0x4  release_prm3.orm3 [1]
                                      - 0x1394     0x4

"A109":                                            0x4
  .const_ti_sysbios_family_arm_m3_Hwi_Object__count__C
                          const         0x1394     0x4  release_prm3.orm3 [1]
                                      - 0x1398     0x4

"A23":                                             0x4
  .const_ti_sysbios_family_arm_m3_Hwi_Object__table__C
                          const         0x1398     0x4  release_prm3.orm3 [1]
                                      - 0x139c     0x4

"A112":                                            0x4
  .const_ti_sysbios_family_arm_m3_Hwi_ccr__C
                          const         0x139c     0x4  release_prm3.orm3 [1]
                                      - 0x13a0     0x4

"A55":                                             0x4
  .const_ti_sysbios_family_arm_m3_Hwi_excHandlerFunc__C
                          const         0x13a0     0x4  release_prm3.orm3 [1]
                                      - 0x13a4     0x4

"A61":                                             0x4
  .const_ti_sysbios_family_arm_m3_Hwi_nullIsrFunc__C
                          const         0x13a4     0x4  release_prm3.orm3 [1]
                                      - 0x13a8     0x4

"A91":                                             0x4
  .const_ti_sysbios_family_arm_m3_Hwi_numSparseInterrupts__C
                          const         0x13a8     0x4  release_prm3.orm3 [1]
                                      - 0x13ac     0x4

"A75":                                             0x4
  .const_ti_sysbios_family_arm_m3_Hwi_priGroup__C
                          const         0x13ac     0x4  release_prm3.orm3 [1]
                                      - 0x13b0     0x4

"A37":                                             0x4
  .const_ti_sysbios_family_arm_m3_TaskSupport_stackAlignment__C
                          const         0x13b0     0x4  release_prm3.orm3 [1]
                                      - 0x13b4     0x4

"A115":                                            0x4
  .const_ti_sysbios_heaps_HeapMem_E_memory__C
                          const         0x13b4     0x4  release_prm3.orm3 [1]
                                      - 0x13b8     0x4

"A44":                                             0x4
  .const_ti_sysbios_heaps_HeapMem_Module__gateObj__C
                          const         0x13b8     0x4  release_prm3.orm3 [1]
                                      - 0x13bc     0x4

"A90":                                             0x4
  .const_ti_sysbios_heaps_HeapMem_Object__count__C
                          const         0x13bc     0x4  release_prm3.orm3 [1]
                                      - 0x13c0     0x4

"A27":                                             0x4
  .const_ti_sysbios_heaps_HeapMem_Object__table__C
                          const         0x13c0     0x4  release_prm3.orm3 [1]
                                      - 0x13c4     0x4

"A85":                                             0x4
  .const_ti_sysbios_heaps_HeapMem_reqAlign__C
                          const         0x13c4     0x4  release_prm3.orm3 [1]
                                      - 0x13c8     0x4

"A32":                                             0x4
  .const_ti_sysbios_knl_Clock_serviceMargin__C
                          const         0x13c8     0x4  release_prm3.orm3 [1]
                                      - 0x13cc     0x4

"A98":                                             0x4
  .const_ti_sysbios_knl_Mailbox_Object__count__C
                          const         0x13cc     0x4  release_prm3.orm3 [1]
                                      - 0x13d0     0x4

"A22":                                             0x4
  .const_ti_sysbios_knl_Mailbox_Object__table__C
                          const         0x13d0     0x4  release_prm3.orm3 [1]
                                      - 0x13d4     0x4

"A92":                                             0x4
  .const_ti_sysbios_knl_Mailbox_maxTypeAlign__C
                          const         0x13d4     0x4  release_prm3.orm3 [1]
                                      - 0x13d8     0x4

"A58":                                             0x4
  .const_ti_sysbios_knl_Queue_Object__count__C
                          const         0x13d8     0x4  release_prm3.orm3 [1]
                                      - 0x13dc     0x4

"A79":                                             0x4
  .const_ti_sysbios_knl_Queue_Object__table__C
                          const         0x13dc     0x4  release_prm3.orm3 [1]
                                      - 0x13e0     0x4

"A12":                                             0x4
  .const_ti_sysbios_knl_Swi_Object__count__C
                          const         0x13e0     0x4  release_prm3.orm3 [1]
                                      - 0x13e4     0x4

"A40":                                             0x4
  .const_ti_sysbios_knl_Swi_Object__table__C
                          const         0x13e4     0x4  release_prm3.orm3 [1]
                                      - 0x13e8     0x4

"A64":                                             0x4
  .const_ti_sysbios_knl_Swi_numPriorities__C
                          const         0x13e8     0x4  release_prm3.orm3 [1]
                                      - 0x13ec     0x4

"A116":                                            0x4
  .const_ti_sysbios_knl_Task_Object__count__C
                          const         0x13ec     0x4  release_prm3.orm3 [1]
                                      - 0x13f0     0x4

"A59":                                             0x4
  .const_ti_sysbios_knl_Task_Object__table__C
                          const         0x13f0     0x4  release_prm3.orm3 [1]
                                      - 0x13f4     0x4

"A96":                                             0x4
  .const_ti_sysbios_knl_Task_allBlockedFunc__C
                          const         0x13f4     0x4  release_prm3.orm3 [1]
                                      - 0x13f8     0x4

"A111":                                            0x4
  .const_ti_sysbios_knl_Task_defaultStackHeap__C
                          const         0x13f8     0x4  release_prm3.orm3 [1]
                                      - 0x13fc     0x4

"A102":                                            0x4
  .const_ti_sysbios_knl_Task_defaultStackSize__C
                          const         0x13fc     0x4  release_prm3.orm3 [1]
                                      - 0x1400     0x4

"A65":                                             0x4
  .const_ti_sysbios_knl_Task_numConstructedTasks__C
                          const         0x1400     0x4  release_prm3.orm3 [1]
                                      - 0x1404     0x4

"A21":                                             0x2
  .const_ti_sysbios_family_arm_cc26xx_Timer_Module__id__C
                          const         0x1406     0x2  release_prm3.orm3 [1]
                                      - 0x1408     0x2

"A93":                                             0x2
  .const_ti_sysbios_family_arm_cc26xx_TimestampProvider_useClockTimer__C
                          const         0x1408     0x2  release_prm3.orm3 [1]
                                      - 0x140a     0x2

"A20":                                             0x2
  .const_ti_sysbios_family_arm_m3_Hwi_Module__id__C
                          const         0x140a     0x2  release_prm3.orm3 [1]
                                      - 0x140c     0x2

"A50":                                             0x2
  .const_ti_sysbios_gates_GateHwi_Module__id__C
                          const         0x140c     0x2  release_prm3.orm3 [1]
                                      - 0x140e     0x2

"A63":                                             0x2
  .const_ti_sysbios_gates_GateMutex_Module__id__C
                          const         0x140e     0x2  release_prm3.orm3 [1]
                                      - 0x1410     0x2

"A54":                                             0x2
  .const_ti_sysbios_heaps_HeapMem_Module__id__C
                          const         0x1410     0x2  release_prm3.orm3 [1]
                                      - 0x1412     0x2

"A68":                                             0x2
  .const_ti_sysbios_knl_Task_initStackFlag__C
                          const         0x1412     0x2  release_prm3.orm3 [1]
                                      - 0x1414     0x2

"A62":                                             0x1
  .const_ti_sysbios_knl_Clock_tickMode__C
                          const         0x1414     0x1  release_prm3.orm3 [1]
                                      - 0x1415     0x1

"A30":                                             0x8
  .const_xdc_runtime_Startup_firstFxns__C
                          const         0x1418     0x8  release_prm3.orm3 [1]
                                      - 0x1420     0x8

"A6":                                              0x8
  .const_xdc_runtime_Startup_lastFxns__C
                          const         0x1420     0x8  release_prm3.orm3 [1]
                                      - 0x1428     0x8

"A48":                                             0x4
  .const_xdc_runtime_Assert_E_assertFailed__C
                          const         0x1428     0x4  release_prm3.orm3 [1]
                                      - 0x142c     0x4

"A76":                                             0x4
  .const_xdc_runtime_Error_E_memory__C
                          const         0x142c     0x4  release_prm3.orm3 [1]
                                      - 0x1430     0x4

"A28":                                             0x4
  .const_xdc_runtime_Error_policyFxn__C
                          const         0x1430     0x4  release_prm3.orm3 [1]
                                      - 0x1434     0x4

"A103":                                            0x4
  .const_xdc_runtime_IGateProvider_Interface__BASE__C
                          const         0x1434     0x4  release_prm3.orm3 [1]
                                      - 0x1438     0x4

"A52":                                             0x4
  .const_xdc_runtime_IHeap_Interface__BASE__C
                          const         0x1438     0x4  release_prm3.orm3 [1]
                                      - 0x143c     0x4

"A5":                                              0x4
  .const_xdc_runtime_IModule_Interface__BASE__C
                          const         0x143c     0x4  release_prm3.orm3 [1]
                                      - 0x1440     0x4

"A69":                                             0x4
  .const_xdc_runtime_Main_Module__diagsEnabled__C
                          const         0x1440     0x4  release_prm3.orm3 [1]
                                      - 0x1444     0x4

"A70":                                             0x4
  .const_xdc_runtime_Main_Module__diagsIncluded__C
                          const         0x1444     0x4  release_prm3.orm3 [1]
                                      - 0x1448     0x4

"A39":                                             0x4
  .const_xdc_runtime_Main_Module__diagsMask__C
                          const         0x1448     0x4  release_prm3.orm3 [1]
                                      - 0x144c     0x4

"A120":                                            0x4
  .const_xdc_runtime_Memory_defaultHeapInstance__C
                          const         0x144c     0x4  release_prm3.orm3 [1]
                                      - 0x1450     0x4

"A9":                                              0x4
  .const_xdc_runtime_Startup_execImpl__C
                          const         0x1450     0x4  release_prm3.orm3 [1]
                                      - 0x1454     0x4

"A66":                                             0x4
  .const_xdc_runtime_Startup_maxPasses__C
                          const         0x1454     0x4  release_prm3.orm3 [1]
                                      - 0x1458     0x4

"A87":                                             0x4
  .const_xdc_runtime_Startup_sfxnRts__C
                          const         0x1458     0x4  release_prm3.orm3 [1]
                                      - 0x145c     0x4

"A123":                                            0x4
  .const_xdc_runtime_Startup_sfxnTab__C
                          const         0x145c     0x4  release_prm3.orm3 [1]
                                      - 0x1460     0x4

"A105":                                            0x4
  .const_xdc_runtime_Startup_startModsFxn__C
                          const         0x1460     0x4  release_prm3.orm3 [1]
                                      - 0x1464     0x4

"A110":                                            0x4
  .const_xdc_runtime_SysCallback_abortFxn__C
                          const         0x1464     0x4  release_prm3.orm3 [1]
                                      - 0x1468     0x4

"A53":                                             0x4
  .const_xdc_runtime_SysCallback_exitFxn__C
                          const         0x1468     0x4  release_prm3.orm3 [1]
                                      - 0x146c     0x4

"A71":                                             0x4
  .const_xdc_runtime_System_abortFxn__C
                          const         0x146c     0x4  release_prm3.orm3 [1]
                                      - 0x1470     0x4

"A81":                                             0x4
  .const_xdc_runtime_System_exitFxn__C
                          const         0x1470     0x4  release_prm3.orm3 [1]
                                      - 0x1474     0x4

"A57":                                             0x4
  .const_xdc_runtime_System_maxAtexitHandlers__C
                          const         0x1474     0x4  release_prm3.orm3 [1]
                                      - 0x1478     0x4

"A33":                                             0x4
  .const_xdc_runtime_Text_charTab__C
                          const         0x1478     0x4  release_prm3.orm3 [1]
                                      - 0x147c     0x4

"A108":                                            0x4
  .const_xdc_runtime_Text_nameEmpty__C
                          const         0x147c     0x4  release_prm3.orm3 [1]
                                      - 0x1480     0x4

"A99":                                             0x4
  .const_xdc_runtime_Text_nameStatic__C
                          const         0x1480     0x4  release_prm3.orm3 [1]
                                      - 0x1484     0x4

"A119":                                            0x4
  .const_xdc_runtime_Text_nameUnknown__C
                          const         0x1484     0x4  release_prm3.orm3 [1]
                                      - 0x1488     0x4

"A86":                                             0x2
  .const_xdc_runtime_Main_Module__id__C
                          const         0x1488     0x2  release_prm3.orm3 [1]
                                      - 0x148a     0x2

"A41":                                             0x2
  .const_xdc_runtime_Memory_Module__id__C
                          const         0x148a     0x2  release_prm3.orm3 [1]
                                      - 0x148c     0x2

"A25":                                             0x2
  .const_xdc_runtime_Text_charCnt__C
                          const         0x148c     0x2  release_prm3.orm3 [1]
                                      - 0x148e     0x2

"A15":                                             0x2
  .const_xdc_runtime_Text_isLoaded__C
                          const         0x148e     0x2  release_prm3.orm3 [1]
                                      - 0x1490     0x2

"A4":                                              0x1
  .const_xdc_runtime_Error_policy__C
                          const         0x1490     0x1  release_prm3.orm3 [1]
                                      - 0x1491     0x1

"A117":                                            0x4
  .const_ti_sysbios_rom_ROM_AONRTCChannelEnable
                          const         0x1494     0x4  release_prm3.orm3 [1]
                                      - 0x1498     0x4

"A83":                                             0x4
  .const_ti_sysbios_rom_ROM_AONRTCCompareValueSet
                          const         0x1498     0x4  release_prm3.orm3 [1]
                                      - 0x149c     0x4

"A34":                                             0x4
  .const_ti_sysbios_rom_ROM_AONRTCCurrentCompareValueGet
                          const         0x149c     0x4  release_prm3.orm3 [1]
                                      - 0x14a0     0x4

"A67":                                             0x4
  .const_ti_sysbios_rom_ROM_AONRTCEventClear
                          const         0x14a0     0x4  release_prm3.orm3 [1]
                                      - 0x14a4     0x4

"A29":                                             0x4
  .const_ti_sysbios_rom_ROM_ti_sysbios_family_arm_cc26xx_Timer_getCount64__E
                          const         0x14a4     0x4  release_prm3.orm3 [1]
                                      - 0x14a8     0x4

"A36":                                             0x4
  .const_ti_sysbios_rom_ROM_ti_sysbios_family_arm_cc26xx_Timer_getCurrentTick__E
                          const         0x14a8     0x4  release_prm3.orm3 [1]
                                      - 0x14ac     0x4

"A11":                                             0x4
  .const_ti_sysbios_rom_ROM_ti_sysbios_family_arm_cc26xx_Timer_getMaxTicks__E
                          const         0x14ac     0x4  release_prm3.orm3 [1]
                                      - 0x14b0     0x4

"A8":                                              0x4
  .const_ti_sysbios_rom_ROM_ti_sysbios_family_arm_cc26xx_Timer_initDevice__I
                          const         0x14b0     0x4  release_prm3.orm3 [1]
                                      - 0x14b4     0x4

"A84":                                             0x4
  .const_ti_sysbios_rom_ROM_ti_sysbios_family_arm_cc26xx_Timer_setNextTick__E
                          const         0x14b4     0x4  release_prm3.orm3 [1]
                                      - 0x14b8     0x4

"A122":                                            0x4
  .const_ti_sysbios_rom_ROM_ti_sysbios_family_arm_cc26xx_Timer_setThreshold__I
                          const         0x14b8     0x4  release_prm3.orm3 [1]
                                      - 0x14bc     0x4

"A26":                                             0x4
  .const_ti_sysbios_rom_ROM_ti_sysbios_family_arm_cc26xx_Timer_start__E
                          const         0x14bc     0x4  release_prm3.orm3 [1]
                                      - 0x14c0     0x4

"A35":                                             0x4
  .const_ti_sysbios_rom_ROM_ti_sysbios_family_arm_cc26xx_TimestampProvider_get32__E
                          const         0x14c0     0x4  release_prm3.orm3 [1]
                                      - 0x14c4     0x4

"A100":                                            0x4
  .const_ti_sysbios_rom_ROM_xdc_runtime_Startup_getState__I
                          const         0x14c4     0x4  release_prm3.orm3 [1]
                                      - 0x14c8     0x4

"A97":                                             0x4
  .const_ti_sysbios_rom_ROM_xdc_runtime_System_SupportProxy_abort__E
                          const         0x14c8     0x4  release_prm3.orm3 [1]
                                      - 0x14cc     0x4

"A94":                                             0x4
  .const_ti_sysbios_rom_ROM_xdc_runtime_System_SupportProxy_exit__E
                          const         0x14cc     0x4  release_prm3.orm3 [1]
                                      - 0x14d0     0x4

"A10":                                             0x4
  .const_ti_sysbios_gates_GateMutex_Instance_State_sem__O
                          const         0x14d0     0x4  release_prm3.orm3 [1]
                                      - 0x14d4     0x4

"A101":                                            0x4
  .const_ti_sysbios_knl_Clock_Module_State_clockQ__O
                          const         0x14d4     0x4  release_prm3.orm3 [1]
                                      - 0x14d8     0x4

"A17":                                             0x4
  .const_ti_sysbios_knl_Mailbox_Instance_State_dataQue__O
                          const         0x14d8     0x4  release_prm3.orm3 [1]
                                      - 0x14dc     0x4

"A72":                                             0x4
  .const_ti_sysbios_knl_Mailbox_Instance_State_dataSem__O
                          const         0x14dc     0x4  release_prm3.orm3 [1]
                                      - 0x14e0     0x4

"A121":                                            0x4
  .const_ti_sysbios_knl_Mailbox_Instance_State_freeQue__O
                          const         0x14e0     0x4  release_prm3.orm3 [1]
                                      - 0x14e4     0x4

"A78":                                             0x4
  .const_ti_sysbios_knl_Mailbox_Instance_State_freeSem__O
                          const         0x14e4     0x4  release_prm3.orm3 [1]
                                      - 0x14e8     0x4

"A106":                                            0x4
  .const_ti_sysbios_knl_Semaphore_Instance_State_pendQ__O
                          const         0x14e8     0x4  release_prm3.orm3 [1]
                                      - 0x14ec     0x4

"A19":                                             0x4
  .const_ti_sysbios_knl_Task_Module_State_inactiveQ__O
                          const         0x14ec     0x4  release_prm3.orm3 [1]
                                      - 0x14f0     0x4

"P1", part 2 of 2:                              0x4094
  .text                   ro code       0x14f0   0xa68  UARTCC26XX.orm3 [8]
[...]
ti_sysbios_knl_Task_Module_startup__E {Abs}
                        0x1001'adbd         Data  Gb  <internal module>
ti_sysbios_knl_Task_Object__DESC__C
                             0x1310   0x20  Data  Gb  release_prm3.orm3 [1]
ti_sysbios_knl_Task_Object__PARAMS__C
                             0x1000   0x3c  Data  Gb  release_prm3.orm3 [1]
ti_sysbios_knl_Task_Object__count__C
                             0x13ec    0x4  Data  Gb  release_prm3.orm3 [1]
ti_sysbios_knl_Task_Object__delete__S {Abs}
                        0x1001'bdc5         Data  Gb  <internal module>
ti_sysbios_knl_Task_Object__destruct__S {Abs}
                        0x1001'bf61         Data  Gb  <internal module>
ti_sysbios_knl_Task_Object__get__S {Abs}
                        0x1001'bde5         Data  Gb  <internal module>
ti_sysbios_knl_Task_Object__heap__C
                             0x5580    0x4  Data  Gb  release_prm3.orm3 [1]
ti_sysbios_knl_Task_Object__table__C
                             0x13f0    0x4  Data  Gb  release_prm3.orm3 [1]
ti_sysbios_knl_Task_Object__table__V
                        0x2000'03fc   0x4c  Data  Gb  release_prm3.orm3 [1]
ti_sysbios_knl_Task_Params__init__S {Abs}
                        0x1001'c1d5         Data  Gb  <internal module>
ti_sysbios_knl_Task_SupportProxy_Module__startupDone__S {Abs}
                        0x1001'c2ed         Data  Gb  <internal module>
ti_sysbios_knl_Task_SupportProxy_getStackAlignment__E {Abs}
                        0x1001'c2f1         Data  Gb  <internal module>
ti_sysbios_knl_Task_SupportProxy_start__E {Abs}
                        0x1001'c2f5         Data  Gb  <internal module>
ti_sysbios_knl_Task_SupportProxy_swap__E {Abs}
                        0x1001'c2f9         Data  Gb  <internal module>
ti_sysbios_knl_Task_allBlockedFunc__C
                             0x13f4    0x4  Data  Gb  release_prm3.orm3 [1]
ti_sysbios_knl_Task_allBlockedFunction__I {Abs}
                        0x1001'b361         Data  Gb  <internal module>
ti_sysbios_knl_Task_blockI__E {Abs}
                        0x1001'b611         Data  Gb  <internal module>
ti_sysbios_knl_Task_construct {Abs}
                        0x1001'b125         Data  Gb  <internal module>
ti_sysbios_knl_Task_create {Abs}
                        0x1001'ae19         Data  Gb  <internal module>
ti_sysbios_knl_Task_defaultStackHeap__C
                             0x13f8    0x4  Data  Gb  release_prm3.orm3 [1]
ti_sysbios_knl_Task_defaultStackSize__C
                             0x13fc    0x4  Data  Gb  release_prm3.orm3 [1]
ti_sysbios_knl_Task_delete {Abs}
                        0x1001'c2fd         Data  Gb  <internal module>
ti_sysbios_knl_Task_destruct {Abs}
                        0x1001'c301         Data  Gb  <internal module>
ti_sysbios_knl_Task_disable__E {Abs}
                        0x1001'c0f1         Data  Gb  <internal module>
ti_sysbios_knl_Task_enable__E {Abs}
                        0x1001'c23f         Data  Gb  <internal module>
ti_sysbios_knl_Task_enter__I {Abs}
                        0x1001'be05         Data  Gb  <internal module>
ti_sysbios_knl_Task_exit__E {Abs}
                        0x1001'b425         Data  Gb  <internal module>
ti_sysbios_knl_Task_initStackFlag__C
                             0x1412    0x2  Data  Gb  release_prm3.orm3 [1]
ti_sysbios_knl_Task_numConstructedTasks__C
                             0x1400    0x4  Data  Gb  release_prm3.orm3 [1]
ti_sysbios_knl_Task_postInit__I {Abs}
                        0x1001'a611         Data  Gb  <internal module>
ti_sysbios_knl_Task_processVitalTaskFlag__I {Abs}
                        0x1001'b735         Data  Gb  <internal module>
ti_sysbios_knl_Task_restoreHwi__E {Abs}
                        0x1001'be25         Data  Gb  <internal module>
ti_sysbios_knl_Task_restore__E {Abs}
                        0x1001'ba45         Data  Gb  <internal module>
ti_sysbios_knl_Task_schedule__I {Abs}
                        0x1001'b175         Data  Gb  <internal module>
ti_sysbios_knl_Task_self__E {Abs}
                        0x1001'c1e1         Data  Gb  <internal module>
ti_sysbios_knl_Task_setPri__E
                             0x31a5   0xa2  Code  Gb  rom_sysbios.obj [10]
ti_sysbios_knl_Task_sleepTimeout__I {Abs}
                        0x1001'bf7d         Data  Gb  <internal module>
ti_sysbios_knl_Task_sleep__E {Abs}
                        0x1001'a9d9         Data  Gb  <internal module>
ti_sysbios_knl_Task_startCore__E {Abs}
                        0x1001'ae75         Data  Gb  <internal module>
ti_sysbios_knl_Task_startup__E {Abs}
                        0x1001'c305         Data  Gb  <internal module>
ti_sysbios_knl_Task_swapReturn {Abs}
                        0x1001'ca6d         Data  Gb  <internal module>
ti_sysbios_knl_Task_unblockI__E {Abs}
                        0x1001'b9a1         Data  Gb  <internal module>
ti_sysbios_knl_Task_unblock__E {Abs}
                        0x1001'bfb1         Data  Gb  <internal module>
ti_sysbios_knl_Task_yield__E {Abs}
                        0x1001'b3a5         Data  Gb  <internal module>
ti_sysbios_rom_ROM_AONRTCChannelEnable
                             0x1494    0x4  Data  Gb  release_prm3.orm3 [1]
ti_sysbios_rom_ROM_AONRTCCompareValueSet
                             0x1498    0x4  Data  Gb  release_prm3.orm3 [1]
ti_sysbios_rom_ROM_AONRTCCurrentCompareValueGet
                             0x149c    0x4  Data  Gb  release_prm3.orm3 [1]
ti_sysbios_rom_ROM_AONRTCEventClear
                             0x14a0    0x4  Data  Gb  release_prm3.orm3 [1]
ti_sysbios_rom_ROM_ti_sysbios_family_arm_cc26xx_Timer_getCount64__E
                             0x14a4    0x4  Data  Gb  release_prm3.orm3 [1]
ti_sysbios_rom_ROM_ti_sysbios_family_arm_cc26xx_Timer_getCurrentTick__E
                             0x14a8    0x4  Data  Gb  release_prm3.orm3 [1]
ti_sysbios_rom_ROM_ti_sysbios_family_arm_cc26xx_Timer_getMaxTicks__E
                             0x14ac    0x4  Data  Gb  release_prm3.orm3 [1]
ti_sysbios_rom_ROM_ti_sysbios_family_arm_cc26xx_Timer_initDevice__I
                             0x14b0    0x4  Data  Gb  release_prm3.orm3 [1]
ti_sysbios_rom_ROM_ti_sysbios_family_arm_cc26xx_Timer_setNextTick__E
                             0x14b4    0x4  Data  Gb  release_prm3.orm3 [1]
ti_sysbios_rom_ROM_ti_sysbios_family_arm_cc26xx_Timer_setThreshold__I
                             0x14b8    0x4  Data  Gb  release_prm3.orm3 [1]
ti_sysbios_rom_ROM_ti_sysbios_family_arm_cc26xx_Timer_start__E
                             0x14bc    0x4  Data  Gb  release_prm3.orm3 [1]
ti_sysbios_rom_ROM_ti_sysbios_family_arm_cc26xx_TimestampProvider_get32__E
                             0x14c0    0x4  Data  Gb  release_prm3.orm3 [1]
ti_sysbios_rom_ROM_xdc_runtime_Startup_getState__I
                             0x14c4    0x4  Data  Gb  release_prm3.orm3 [1]
ti_sysbios_rom_ROM_xdc_runtime_System_SupportProxy_abort__E
                             0x14c8    0x4  Data  Gb  release_prm3.orm3 [1]
ti_sysbios_rom_ROM_xdc_runtime_System_SupportProxy_exit__E
                             0x14cc    0x4  Data  Gb  release_prm3.orm3 [1]
ti_sysbios_rom_cortexm_cc13xx_CC13xx_badRomLink__E
                             0x5073    0x2  Code  Gb  release_prm3.orm3 [1]
ti_sysbios_rom_cortexm_cc13xx_CC13xx_badRomRevision__E
                             0x5071    0x2  Code  Gb  release_prm3.orm3 [1]
ti_sysbios_rom_cortexm_cc13xx_CC13xx_getRevision__E {Abs}
                        0x1001'ca97         Data  Gb  <internal module>
txFifoBytes                  0x1f48    0x8  Data  Lc  UARTCC26XX.orm3 [8]
txFifoThreshold              0x1f38    0x8  Data  Lc  UARTCC26XX.orm3 [8]
uartCC26XXHWAttrs            0x52c4   0x28  Data  Gb  CC1350_LAUNCHXL_433.o [2]
uartCC26XXObjects       0x2000'07e8  0x12c  Data  Gb  CC1350_LAUNCHXL_433.o [2]
uartCC26XXRingBuffer    0x2000'0af0   0x20  Data  Gb  CC1350_LAUNCHXL_433.o [2]
uartPostNotify               0x1efd   0x10  Code  Lc  UARTCC26XX.orm3 [8]
writeData                    0x1567   0x30  Code  Lc  UARTCC26XX.orm3 [8]
writeFinishedDoCallback
                             0x163f   0x46  Code  Lc  UARTCC26XX.orm3 [8]
writeSemCallback             0x1557    0x8  Code  Lc  UARTCC26XX.orm3 [8]
writeTxFifoFlush             0x1685   0x7a  Code  Lc  UARTCC26XX.orm3 [8]
xdc_runtime_Assert_E_assertFailed__C
                             0x1428    0x4  Data  Gb  release_prm3.orm3 [1]
xdc_runtime_Assert_raise__I {Abs}
                        0x1001'c5a5         Data  Gb  <internal module>
xdc_runtime_Core_assignLabel__I {Abs}
                        0x1001'c6e9         Data  Gb  <internal module>
xdc_runtime_Core_assignParams__I {Abs}
                        0x1001'c5ed         Data  Gb  <internal module>
xdc_runtime_Core_constructObject__I {Abs}
                        0x1001'c635         Data  Gb  <internal module>
xdc_runtime_Core_createObject__I {Abs}
                        0x1001'c401         Data  Gb  <internal module>
xdc_runtime_Core_deleteObject__I {Abs}
                        0x1001'c4f5         Data  Gb  <internal module>
xdc_runtime_Core_destructObject__I {Abs}
                        0x1001'c79d         Data  Gb  <internal module>
xdc_runtime_Error_E_memory__C
                             0x142c    0x4  Data  Gb  release_prm3.orm3 [1]
xdc_runtime_Error_IgnoreBlock
                        0x2000'0280   0x20  Data  Gb  release_prm3.orm3 [1]
xdc_runtime_Error_check__E {Abs}
                        0x1001'c7b5         Data  Gb  <internal module>
xdc_runtime_Error_init__E
                             0x34d9   0x12  Code  Gb  rom_sysbios.obj [10]
xdc_runtime_Error_policyFxn__C
                             0x1430    0x4  Data  Gb  release_prm3.orm3 [1]
xdc_runtime_Error_policyMin__E
                             0x3509   0x1e  Code  Gb  rom_sysbios.obj [10]
xdc_runtime_Error_policySpin__E {Abs}
                        0x1001'c483         Data  Gb  <internal module>
xdc_runtime_Error_policy__C
                             0x1490    0x1  Data  Gb  release_prm3.orm3 [1]
xdc_runtime_Error_raiseX__E {Abs}
                        0x1001'c765         Data  Gb  <internal module>
xdc_runtime_Gate_enterSystem__E {Abs}
                        0x1001'c881         Data  Gb  <internal module>
xdc_runtime_Gate_leaveSystem__E {Abs}
                        0x1001'c875         Data  Gb  <internal module>
xdc_runtime_IGateProvider_Interface__BASE__C
                             0x1434    0x4  Data  Gb  release_prm3.orm3 [1]
xdc_runtime_IHeap_Interface__BASE__C
                             0x1438    0x4  Data  Gb  release_prm3.orm3 [1]
xdc_runtime_IModule_Interface__BASE__C
                             0x143c    0x4  Data  Gb  release_prm3.orm3 [1]
xdc_runtime_Main_Module__diagsEnabled__C
                             0x1440    0x4  Data  Gb  release_prm3.orm3 [1]
xdc_runtime_Main_Module__diagsIncluded__C
                             0x1444    0x4  Data  Gb  release_prm3.orm3 [1]
xdc_runtime_Main_Module__diagsMask__C
                             0x1448    0x4  Data  Gb  release_prm3.orm3 [1]
xdc_runtime_Main_Module__id__C
                             0x1488    0x2  Data  Gb  release_prm3.orm3 [1]
xdc_runtime_Memory_HeapProxy_Handle__label__S {Abs}
                        0x1001'bc85         Data  Gb  <internal module>
xdc_runtime_Memory_HeapProxy_Object__delete__S {Abs}
                        0x1001'bca5         Data  Gb  <internal module>
xdc_runtime_Memory_HeapProxy_alloc__E {Abs}
                        0x1001'c885         Data  Gb  <internal module>
xdc_runtime_Memory_HeapProxy_free__E {Abs}
                        0x1001'c889         Data  Gb  <internal module>
xdc_runtime_Memory_Module__id__C
                             0x148a    0x2  Data  Gb  release_prm3.orm3 [1]
xdc_runtime_Memory_Module__state__V
                        0x2000'0200    0x4  Data  Gb  release_prm3.orm3 [1]
xdc_runtime_Memory_alloc__E {Abs}
                        0x1001'c485         Data  Gb  <internal module>
xdc_runtime_Memory_calloc__E {Abs}
                        0x1001'c849         Data  Gb  <internal module>
xdc_runtime_Memory_defaultHeapInstance__C
                             0x144c    0x4  Data  Gb  release_prm3.orm3 [1]
xdc_runtime_Memory_free__E {Abs}
                        0x1001'c7fd         Data  Gb  <internal module>
xdc_runtime_Memory_getMaxDefaultTypeAlign__E {Abs}
                        0x1001'c855         Data  Gb  <internal module>
xdc_runtime_Memory_valloc__E {Abs}
                        0x1001'c781         Data  Gb  <internal module>
xdc_runtime_Startup_Module__state__V
                        0x2000'01f0    0x8  Data  Gb  release_prm3.orm3 [1]
xdc_runtime_Startup__EXECFXN__C {Abs}
                                0x1         Data  Gb  <internal module>
xdc_runtime_Startup__RESETFXN__C {Abs}
                                0x1         Data  Gb  <internal module>
xdc_runtime_Startup_execImpl__C
                             0x1450    0x4  Data  Gb  release_prm3.orm3 [1]
xdc_runtime_Startup_exec__E {Abs}
                        0x1001'c555         Data  Gb  <internal module>
xdc_runtime_Startup_exec__I
                             0x4fa5   0x10  Code  Gb  release_prm3.orm3 [1]
xdc_runtime_Startup_firstFxns__A
                             0x5538   0x10  Data  Gb  release_prm3.orm3 [1]
xdc_runtime_Startup_firstFxns__C
                             0x1418    0x8  Data  Gb  release_prm3.orm3 [1]
xdc_runtime_Startup_getState__I
                             0x4f1d   0x88  Code  Gb  release_prm3.orm3 [1]
xdc_runtime_Startup_lastFxns__C
                             0x1420    0x8  Data  Gb  release_prm3.orm3 [1]
xdc_runtime_Startup_maxPasses__C
                             0x1454    0x4  Data  Gb  release_prm3.orm3 [1]
xdc_runtime_Startup_reset__I
                             0x4fb5   0x32  Code  Gb  release_prm3.orm3 [1]
xdc_runtime_Startup_rtsDone__E
                             0x3545    0x8  Code  Gb  rom_sysbios.obj [10]
xdc_runtime_Startup_sfxnRts__A
                             0x5510   0x14  Data  Gb  release_prm3.orm3 [1]
xdc_runtime_Startup_sfxnRts__C
                             0x1458    0x4  Data  Gb  release_prm3.orm3 [1]
xdc_runtime_Startup_sfxnTab__A
                             0x533c   0x24  Data  Gb  release_prm3.orm3 [1]
xdc_runtime_Startup_sfxnTab__C
                             0x145c    0x4  Data  Gb  release_prm3.orm3 [1]
xdc_runtime_Startup_startModsFxn__C
                             0x1460    0x4  Data  Gb  release_prm3.orm3 [1]
xdc_runtime_Startup_startMods__I {Abs}
                        0x1001'c309         Data  Gb  <internal module>
xdc_runtime_SysCallback_abortFxn__C
                             0x1464    0x4  Data  Gb  release_prm3.orm3 [1]
xdc_runtime_SysCallback_abort__E {Abs}
                        0x1001'c80d         Data  Gb  <internal module>
xdc_runtime_SysCallback_defaultAbort
                             0x354d    0x2  Code  Gb  rom_sysbios.obj [10]
xdc_runtime_SysCallback_defaultExit
                             0x354f    0x2  Code  Gb  rom_sysbios.obj [10]
xdc_runtime_SysCallback_exitFxn__C
                             0x1468    0x4  Data  Gb  release_prm3.orm3 [1]
xdc_runtime_SysCallback_exit__E {Abs}
                        0x1001'c81d         Data  Gb  <internal module>
xdc_runtime_System_Module_GateProxy_Handle__label__S {Abs}
                        0x1001'bbe5         Data  Gb  <internal module>
xdc_runtime_System_Module_GateProxy_Object__delete__S {Abs}
                        0x1001'bc05         Data  Gb  <internal module>
xdc_runtime_System_Module_GateProxy_enter__E {Abs}
                        0x1001'c88d         Data  Gb  <internal module>
xdc_runtime_System_Module_GateProxy_leave__E {Abs}
                        0x1001'c891         Data  Gb  <internal module>
xdc_runtime_System_Module_GateProxy_query__E {Abs}
                        0x1001'c265         Data  Gb  <internal module>
xdc_runtime_System_Module_State_0_atexitHandlers__A
                        0x2000'0b54    0x8  Data  Gb  release_prm3.orm3 [1]
xdc_runtime_System_Module__state__V
                        0x2000'01f8    0x8  Data  Gb  release_prm3.orm3 [1]
xdc_runtime_System_Module_startup__E {Abs}
                        0x1001'c87b         Data  Gb  <internal module>
xdc_runtime_System_SupportProxy_abort__E
                             0x5075    0x4  Code  Gb  release_prm3.orm3 [1]
xdc_runtime_System_SupportProxy_exit__E
                             0x5079    0x4  Code  Gb  release_prm3.orm3 [1]
xdc_runtime_System_abortFxn__C
                             0x146c    0x4  Data  Gb  release_prm3.orm3 [1]
xdc_runtime_System_abortSpin__E {Abs}
                        0x1001'c895         Data  Gb  <internal module>
xdc_runtime_System_abort__E {Abs}
                        0x1001'c745         Data  Gb  <internal module>
xdc_runtime_System_atexit__E {Abs}
                        0x1001'c67d         Data  Gb  <internal module>
xdc_runtime_System_exitFxn__C
                             0x1470    0x4  Data  Gb  release_prm3.orm3 [1]
xdc_runtime_System_exitSpin__E {Abs}
                        0x1001'c897         Data  Gb  <internal module>
xdc_runtime_System_exit__E {Abs}
                        0x1001'c7cd         Data  Gb  <internal module>
xdc_runtime_System_maxAtexitHandlers__C
                             0x1474    0x4  Data  Gb  release_prm3.orm3 [1]
xdc_runtime_System_processAtExit__E {Abs}
                        0x1001'c6b5         Data  Gb  <internal module>
xdc_runtime_Text_charCnt__C
                             0x148c    0x2  Data  Gb  release_prm3.orm3 [1]
xdc_runtime_Text_charTab__A
                             0x4332    0x1  Data  Gb  release_prm3.orm3 [1]
xdc_runtime_Text_charTab__C
                             0x1478    0x4  Data  Gb  release_prm3.orm3 [1]
xdc_runtime_Text_cordText__E {Abs}
                        0x1001'c719         Data  Gb  <internal module>
xdc_runtime_Text_isLoaded__C
                             0x148e    0x2  Data  Gb  release_prm3.orm3 [1]
xdc_runtime_Text_nameEmpty__C
                             0x147c    0x4  Data  Gb  release_prm3.orm3 [1]
xdc_runtime_Text_nameStatic__C
                             0x1480    0x4  Data  Gb  release_prm3.orm3 [1]
xdc_runtime_Text_nameUnknown__C
                             0x1484    0x4  Data  Gb  release_prm3.orm3 [1]
xdc_runtime_Text_ropeText__E {Abs}
                        0x1001'c7e5         Data  Gb  <internal module>
xdc_runtime_Timestamp_SupportProxy_get32__E {Abs}
                        0x1001'c82d         Data  Gb  <internal module>
xdc_runtime_Timestamp_SupportProxy_get64__E {Abs}
                        0x1001'b9cd         Data  Gb  <internal module>
xdc_runtime_Timestamp_SupportProxy_getFreq__E {Abs}
                        0x1001'c12b         Data  Gb  <internal module>
xdc_runtime_Timestamp_get32__E {Abs}
                        0x1001'c82d         Data  Gb  <internal module>
xdc_runtime_Timestamp_get64__E {Abs}
                        0x1001'b9cd         Data  Gb  <internal module>
xdc_runtime_Timestamp_getFreq__E {Abs}
                        0x1001'c12b         Data  Gb  <internal module>


[1] = C:\ti\simplelink_cc13x0_sdk_3_10_00_11\kernel\tirtos\builds\CC1350_LAUNCHXL_433\release\iar\package\cfg
[2] = E:\PostDoc\Code\CC1350Code\InformationCenter\uartecho-lws\workspace\Debug\Obj
[3] = boot.arm3
[4] = display.arm3
[5] = dl7M_tln.a
[6] = dpl_cc13x0.arm3
[7] = driverlib.lib
[8] = drivers_cc13x0.arm3
[9] = m7M_tl.a
[10] = rom_sysbios.arm3
[11] = rt7M_tl.a
[12] = shb_l.a

  15 834 bytes of readonly  code memory
   2 545 bytes of readonly  data memory
   3 708 bytes of readwrite data memory

Errors: none
Warnings: none
