   text	   data	    bss	    dec	    hex	filename
0x1484c	 0x1440	  0x3e4	  90224	  16070	/home/chl/AI_deck/gap_sdk/CNN_SSD_Body_detection/BUILD/GAP8_V2/GCC_RISCV/body_detection
/home/chl/AI_deck/gap_sdk/CNN_SSD_Body_detection/BUILD/GAP8_V2/GCC_RISCV/body_detection:1b0007b8 00000001 D camera_isAwaked	/home/chl/AI_deck/gap_sdk/rtos/pulp/pulp-os/drivers_deprecated/camera/himax.c:150
/home/chl/AI_deck/gap_sdk/CNN_SSD_Body_detection/BUILD/GAP8_V2/GCC_RISCV/body_detection:00000338 00000001 D __rt_hyper_pending_emu_do_memcpy	/home/chl/AI_deck/gap_sdk/rtos/pulp/pulp-os/drivers/hyper/hyperram-v1.c:53
/home/chl/AI_deck/gap_sdk/CNN_SSD_Body_detection/BUILD/GAP8_V2/GCC_RISCV/body_detection:1c00d912 00000002 T __flash_conf_init	/home/chl/AI_deck/gap_sdk/rtos/pmsis/pmsis_bsp/flash/flash.c:33
/home/chl/AI_deck/gap_sdk/CNN_SSD_Body_detection/BUILD/GAP8_V2/GCC_RISCV/body_detection:1c01019e 00000002 W illegal_insn_handler_c	/home/chl/AI_deck/gap_sdk/rtos/pulp/pulp-os/kernel/irq.c:89
/home/chl/AI_deck/gap_sdk/CNN_SSD_Body_detection/BUILD/GAP8_V2/GCC_RISCV/body_detection:1c00e1ca 00000002 t __pi_host_fs_unmount	/home/chl/AI_deck/gap_sdk/rtos/pmsis/pmsis_bsp/fs/host_fs/host_fs.c:40
/home/chl/AI_deck/gap_sdk/CNN_SSD_Body_detection/BUILD/GAP8_V2/GCC_RISCV/body_detection:1c00f12e 00000002 T pi_partition_table_free	/home/chl/AI_deck/gap_sdk/rtos/pmsis/pmsis_bsp/partition/partition.c:46
/home/chl/AI_deck/gap_sdk/CNN_SSD_Body_detection/BUILD/GAP8_V2/GCC_RISCV/body_detection:1c01088c 00000002 T pi_task_push_delayed_us	/home/chl/AI_deck/gap_sdk/rtos/pulp/pulp-os/kernel/events.c:273
/home/chl/AI_deck/gap_sdk/CNN_SSD_Body_detection/BUILD/GAP8_V2/GCC_RISCV/body_detection:1c011396 00000002 T __rt_fll_deinit	/home/chl/AI_deck/gap_sdk/rtos/pulp/pulp-os/kernel/gap/pmu_driver.c:876
/home/chl/AI_deck/gap_sdk/CNN_SSD_Body_detection/BUILD/GAP8_V2/GCC_RISCV/body_detection:1c011398 00000002 T __rt_flls_constructor	/home/chl/AI_deck/gap_sdk/rtos/pulp/pulp-os/kernel/gap/pmu_driver.c:880
/home/chl/AI_deck/gap_sdk/CNN_SSD_Body_detection/BUILD/GAP8_V2/GCC_RISCV/body_detection:1c014c0c 00000003 d ToHWDCDC_Pos	/home/chl/AI_deck/gap_sdk/rtos/pulp/pulp-os/kernel/gap/pmu_driver.c:192
/home/chl/AI_deck/gap_sdk/CNN_SSD_Body_detection/BUILD/GAP8_V2/GCC_RISCV/body_detection:1c014a94 00000004 D anchor_layer_1	/home/chl/AI_deck/gap_sdk/CNN_SSD_Body_detection/SSDParams.c:5
/home/chl/AI_deck/gap_sdk/CNN_SSD_Body_detection/BUILD/GAP8_V2/GCC_RISCV/body_detection:1c014aec 00000004 D anchor_layer_2	/home/chl/AI_deck/gap_sdk/CNN_SSD_Body_detection/SSDParams.c:46
/home/chl/AI_deck/gap_sdk/CNN_SSD_Body_detection/BUILD/GAP8_V2/GCC_RISCV/body_detection:1c014b44 00000004 D anchor_layer_3	/home/chl/AI_deck/gap_sdk/CNN_SSD_Body_detection/SSDParams.c:87
/home/chl/AI_deck/gap_sdk/CNN_SSD_Body_detection/BUILD/GAP8_V2/GCC_RISCV/body_detection:1c014b9c 00000004 D anchor_layer_4	/home/chl/AI_deck/gap_sdk/CNN_SSD_Body_detection/SSDParams.c:128
/home/chl/AI_deck/gap_sdk/CNN_SSD_Body_detection/BUILD/GAP8_V2/GCC_RISCV/body_detection:1c014f7c 00000004 b __bsp_init_pads_done	/home/chl/AI_deck/gap_sdk/rtos/pmsis/pmsis_bsp/bsp/ai_deck.c:28
/home/chl/AI_deck/gap_sdk/CNN_SSD_Body_detection/BUILD/GAP8_V2/GCC_RISCV/body_detection:10000020 00000004 D cnn_ssd_L1_Memory
/home/chl/AI_deck/gap_sdk/CNN_SSD_Body_detection/BUILD/GAP8_V2/GCC_RISCV/body_detection:1c014a80 00000004 D cnn_ssd_L2_Memory
/home/chl/AI_deck/gap_sdk/CNN_SSD_Body_detection/BUILD/GAP8_V2/GCC_RISCV/body_detection:1c014f70 00000004 B cnn_ssd_L3_Flash
/home/chl/AI_deck/gap_sdk/CNN_SSD_Body_detection/BUILD/GAP8_V2/GCC_RISCV/body_detection:1c014ff0 00000004 B cnn_ssd_L3_Memory	/home/chl/AI_deck/gap_sdk/CNN_SSD_Body_detection/BUILD_MODEL_16BIT/cnn_ssdKernels.c:4
/home/chl/AI_deck/gap_sdk/CNN_SSD_Body_detection/BUILD/GAP8_V2/GCC_RISCV/body_detection:1c013cd4 00000004 t ctor_list	/home/chl/AI_deck/gap_sdk/rtos/pulp/pulp-os/kernel/init.c:29
/home/chl/AI_deck/gap_sdk/CNN_SSD_Body_detection/BUILD/GAP8_V2/GCC_RISCV/body_detection:1c013d10 00000004 t dtor_list	/home/chl/AI_deck/gap_sdk/rtos/pulp/pulp-os/kernel/init.c:30
/home/chl/AI_deck/gap_sdk/CNN_SSD_Body_detection/BUILD/GAP8_V2/GCC_RISCV/body_detection:1c015048 00000004 B first_delayed
/home/chl/AI_deck/gap_sdk/CNN_SSD_Body_detection/BUILD/GAP8_V2/GCC_RISCV/body_detection:1c014a58 00000004 D H	/home/chl/AI_deck/gap_sdk/CNN_SSD_Body_detection/main.c:112
/home/chl/AI_deck/gap_sdk/CNN_SSD_Body_detection/BUILD/GAP8_V2/GCC_RISCV/body_detection:1c014a5c 00000004 D Hi	/home/chl/AI_deck/gap_sdk/CNN_SSD_Body_detection/main.c:111
/home/chl/AI_deck/gap_sdk/CNN_SSD_Body_detection/BUILD/GAP8_V2/GCC_RISCV/body_detection:1c014f74 00000004 b idx	/home/chl/AI_deck/gap_sdk/CNN_SSD_Body_detection/main.c:109
/home/chl/AI_deck/gap_sdk/CNN_SSD_Body_detection/BUILD/GAP8_V2/GCC_RISCV/body_detection:1c014a78 00000004 D ImageIn	/home/chl/AI_deck/gap_sdk/CNN_SSD_Body_detection/main.c:88
/home/chl/AI_deck/gap_sdk/CNN_SSD_Body_detection/BUILD/GAP8_V2/GCC_RISCV/body_detection:1c014fc8 00000004 B Output_1	/home/chl/AI_deck/gap_sdk/CNN_SSD_Body_detection/main.c:96
/home/chl/AI_deck/gap_sdk/CNN_SSD_Body_detection/BUILD/GAP8_V2/GCC_RISCV/body_detection:1c014fc0 00000004 B Output_2	/home/chl/AI_deck/gap_sdk/CNN_SSD_Body_detection/main.c:97
/home/chl/AI_deck/gap_sdk/CNN_SSD_Body_detection/BUILD/GAP8_V2/GCC_RISCV/body_detection:1c014fbc 00000004 B Output_3	/home/chl/AI_deck/gap_sdk/CNN_SSD_Body_detection/main.c:98
/home/chl/AI_deck/gap_sdk/CNN_SSD_Body_detection/BUILD/GAP8_V2/GCC_RISCV/body_detection:1c014fdc 00000004 B Output_4	/home/chl/AI_deck/gap_sdk/CNN_SSD_Body_detection/main.c:99
/home/chl/AI_deck/gap_sdk/CNN_SSD_Body_detection/BUILD/GAP8_V2/GCC_RISCV/body_detection:1c014fcc 00000004 B Output_5	/home/chl/AI_deck/gap_sdk/CNN_SSD_Body_detection/main.c:100
/home/chl/AI_deck/gap_sdk/CNN_SSD_Body_detection/BUILD/GAP8_V2/GCC_RISCV/body_detection:1c014fac 00000004 B Output_6	/home/chl/AI_deck/gap_sdk/CNN_SSD_Body_detection/main.c:101
/home/chl/AI_deck/gap_sdk/CNN_SSD_Body_detection/BUILD/GAP8_V2/GCC_RISCV/body_detection:1c014fec 00000004 B Output_7	/home/chl/AI_deck/gap_sdk/CNN_SSD_Body_detection/main.c:102
/home/chl/AI_deck/gap_sdk/CNN_SSD_Body_detection/BUILD/GAP8_V2/GCC_RISCV/body_detection:1c014fc4 00000004 B Output_8	/home/chl/AI_deck/gap_sdk/CNN_SSD_Body_detection/main.c:103
/home/chl/AI_deck/gap_sdk/CNN_SSD_Body_detection/BUILD/GAP8_V2/GCC_RISCV/body_detection:1c00e30c 00000004 t __pi_host_fs_direct_read_async
/home/chl/AI_deck/gap_sdk/CNN_SSD_Body_detection/BUILD/GAP8_V2/GCC_RISCV/body_detection:1c014f88 00000004 b __pi_hyper_cluster_reqs_first	/home/chl/AI_deck/gap_sdk/rtos/pulp/pulp-os/drivers/hyper/hyperram-v1.c:62
/home/chl/AI_deck/gap_sdk/CNN_SSD_Body_detection/BUILD/GAP8_V2/GCC_RISCV/body_detection:1c01014e 00000004 T pi_open_from_conf	/home/chl/AI_deck/gap_sdk/rtos/pulp/pulp-os/kernel/init.c:325
/home/chl/AI_deck/gap_sdk/CNN_SSD_Body_detection/BUILD/GAP8_V2/GCC_RISCV/body_detection:1c00f130 00000004 T pi_partition_table_load	/home/chl/AI_deck/gap_sdk/rtos/pmsis/pmsis_bsp/partition/partition.c:51
/home/chl/AI_deck/gap_sdk/CNN_SSD_Body_detection/BUILD/GAP8_V2/GCC_RISCV/body_detection:1c00dc54 00000004 t __pi_read_fs_unmount	/home/chl/AI_deck/gap_sdk/rtos/pmsis/pmsis_bsp/fs/read_fs/read_fs.c:230
/home/chl/AI_deck/gap_sdk/CNN_SSD_Body_detection/BUILD/GAP8_V2/GCC_RISCV/body_detection:1c014c10 00000004 D PMURetentionState
/home/chl/AI_deck/gap_sdk/CNN_SSD_Body_detection/BUILD/GAP8_V2/GCC_RISCV/body_detection:00000354 00000004 D pwmEventsStatus	/home/chl/AI_deck/gap_sdk/rtos/pulp/pulp-os/drivers/pwm/pwm.c:9
/home/chl/AI_deck/gap_sdk/CNN_SSD_Body_detection/BUILD/GAP8_V2/GCC_RISCV/body_detection:1c014c1c 00000004 d RetPMUStateToPMUState	/home/chl/AI_deck/gap_sdk/rtos/pulp/pulp-os/kernel/gap/pmu_driver.c:185
/home/chl/AI_deck/gap_sdk/CNN_SSD_Body_detection/BUILD/GAP8_V2/GCC_RISCV/body_detection:1c015044 00000004 B __rt_alloc_fc_tcdm
/home/chl/AI_deck/gap_sdk/CNN_SSD_Body_detection/BUILD/GAP8_V2/GCC_RISCV/body_detection:1c01503c 00000004 B __rt_alloc_l1
/home/chl/AI_deck/gap_sdk/CNN_SSD_Body_detection/BUILD/GAP8_V2/GCC_RISCV/body_detection:1c015040 00000004 B __rt_alloc_l2
/home/chl/AI_deck/gap_sdk/CNN_SSD_Body_detection/BUILD/GAP8_V2/GCC_RISCV/body_detection:00000014 00000004 d __rt_bridge_eeprom_handle	/home/chl/AI_deck/gap_sdk/rtos/pulp/pulp-os/kernel/bridge.c:25
/home/chl/AI_deck/gap_sdk/CNN_SSD_Body_detection/BUILD/GAP8_V2/GCC_RISCV/body_detection:00000010 00000004 d __rt_bridge_flash_cs	/home/chl/AI_deck/gap_sdk/rtos/pulp/pulp-os/kernel/bridge.c:29
/home/chl/AI_deck/gap_sdk/CNN_SSD_Body_detection/BUILD/GAP8_V2/GCC_RISCV/body_detection:00000004 00000004 d __rt_bridge_flash_handle	/home/chl/AI_deck/gap_sdk/rtos/pulp/pulp-os/kernel/bridge.c:26
/home/chl/AI_deck/gap_sdk/CNN_SSD_Body_detection/BUILD/GAP8_V2/GCC_RISCV/body_detection:0000000c 00000004 d __rt_bridge_flash_itf	/home/chl/AI_deck/gap_sdk/rtos/pulp/pulp-os/kernel/bridge.c:28
/home/chl/AI_deck/gap_sdk/CNN_SSD_Body_detection/BUILD/GAP8_V2/GCC_RISCV/body_detection:00000008 00000004 d __rt_bridge_flash_type	/home/chl/AI_deck/gap_sdk/rtos/pulp/pulp-os/kernel/bridge.c:27
/home/chl/AI_deck/gap_sdk/CNN_SSD_Body_detection/BUILD/GAP8_V2/GCC_RISCV/body_detection:00000390 00000004 D __rtc_handler	/home/chl/AI_deck/gap_sdk/rtos/pulp/pulp-os/drivers_deprecated/dolphin/rtc.c:25
/home/chl/AI_deck/gap_sdk/CNN_SSD_Body_detection/BUILD/GAP8_V2/GCC_RISCV/body_detection:10000024 00000004 D __rt_cluster_fc_task_lock	/home/chl/AI_deck/gap_sdk/rtos/pulp/pulp-os/kernel/cluster.c:59
/home/chl/AI_deck/gap_sdk/CNN_SSD_Body_detection/BUILD/GAP8_V2/GCC_RISCV/body_detection:00000018 00000004 D __rt_cluster_nb_active_pe
/home/chl/AI_deck/gap_sdk/CNN_SSD_Body_detection/BUILD/GAP8_V2/GCC_RISCV/body_detection:1c015058 00000004 B __rt_cluster_tasks	/home/chl/AI_deck/gap_sdk/rtos/pulp/pulp-os/kernel/cluster.c:41
/home/chl/AI_deck/gap_sdk/CNN_SSD_Body_detection/BUILD/GAP8_V2/GCC_RISCV/body_detection:1b00079c 00000004 D __rt_debug_config
/home/chl/AI_deck/gap_sdk/CNN_SSD_Body_detection/BUILD/GAP8_V2/GCC_RISCV/body_detection:1b000798 00000004 D __rt_debug_config_trace
/home/chl/AI_deck/gap_sdk/CNN_SSD_Body_detection/BUILD/GAP8_V2/GCC_RISCV/body_detection:00000014 00000004 D __rt_dma_first_pending
/home/chl/AI_deck/gap_sdk/CNN_SSD_Body_detection/BUILD/GAP8_V2/GCC_RISCV/body_detection:00000010 00000004 D __rt_dma_last_pending
/home/chl/AI_deck/gap_sdk/CNN_SSD_Body_detection/BUILD/GAP8_V2/GCC_RISCV/body_detection:1c014f84 00000004 b __rt_fc_cluster_device	/home/chl/AI_deck/gap_sdk/rtos/pulp/pulp-os/kernel/pulpos_emu.c:25
/home/chl/AI_deck/gap_sdk/CNN_SSD_Body_detection/BUILD/GAP8_V2/GCC_RISCV/body_detection:1c014a68 00000004 V __rt_fc_stack_size	/home/chl/AI_deck/gap_sdk/rtos/pulp/pulp-os/kernel/conf.c:36
/home/chl/AI_deck/gap_sdk/CNN_SSD_Body_detection/BUILD/GAP8_V2/GCC_RISCV/body_detection:00000018 00000004 D __rt_first_free
/home/chl/AI_deck/gap_sdk/CNN_SSD_Body_detection/BUILD/GAP8_V2/GCC_RISCV/body_detection:00000324 00000004 D __rt_hyper_current_task	/home/chl/AI_deck/gap_sdk/rtos/pulp/pulp-os/drivers/hyper/hyperram-v1.c:27
/home/chl/AI_deck/gap_sdk/CNN_SSD_Body_detection/BUILD/GAP8_V2/GCC_RISCV/body_detection:00000320 00000004 D __rt_hyper_end_task	/home/chl/AI_deck/gap_sdk/rtos/pulp/pulp-os/drivers/hyper/hyperram-v1.c:25
/home/chl/AI_deck/gap_sdk/CNN_SSD_Body_detection/BUILD/GAP8_V2/GCC_RISCV/body_detection:1c014f8c 00000004 b __rt_hyper_open_count	/home/chl/AI_deck/gap_sdk/rtos/pulp/pulp-os/drivers/hyper/hyperram-v1.c:65
/home/chl/AI_deck/gap_sdk/CNN_SSD_Body_detection/BUILD/GAP8_V2/GCC_RISCV/body_detection:00000314 00000004 D __rt_hyper_pending_addr	/home/chl/AI_deck/gap_sdk/rtos/pulp/pulp-os/drivers/hyper/hyperram-v1.c:33
/home/chl/AI_deck/gap_sdk/CNN_SSD_Body_detection/BUILD/GAP8_V2/GCC_RISCV/body_detection:0000030c 00000004 D __rt_hyper_pending_base	/home/chl/AI_deck/gap_sdk/rtos/pulp/pulp-os/drivers/hyper/hyperram-v1.c:31
/home/chl/AI_deck/gap_sdk/CNN_SSD_Body_detection/BUILD/GAP8_V2/GCC_RISCV/body_detection:00000330 00000004 D __rt_hyper_pending_emu_addr	/home/chl/AI_deck/gap_sdk/rtos/pulp/pulp-os/drivers/hyper/hyperram-v1.c:48
/home/chl/AI_deck/gap_sdk/CNN_SSD_Body_detection/BUILD/GAP8_V2/GCC_RISCV/body_detection:00000328 00000004 D __rt_hyper_pending_emu_channel	/home/chl/AI_deck/gap_sdk/rtos/pulp/pulp-os/drivers/hyper/hyperram-v1.c:46
/home/chl/AI_deck/gap_sdk/CNN_SSD_Body_detection/BUILD/GAP8_V2/GCC_RISCV/body_detection:0000032c 00000004 D __rt_hyper_pending_emu_hyper_addr	/home/chl/AI_deck/gap_sdk/rtos/pulp/pulp-os/drivers/hyper/hyperram-v1.c:47
/home/chl/AI_deck/gap_sdk/CNN_SSD_Body_detection/BUILD/GAP8_V2/GCC_RISCV/body_detection:0000034c 00000004 D __rt_hyper_pending_emu_length	/home/chl/AI_deck/gap_sdk/rtos/pulp/pulp-os/drivers/hyper/hyperram-v1.c:51
/home/chl/AI_deck/gap_sdk/CNN_SSD_Body_detection/BUILD/GAP8_V2/GCC_RISCV/body_detection:00000334 00000004 D __rt_hyper_pending_emu_size	/home/chl/AI_deck/gap_sdk/rtos/pulp/pulp-os/drivers/hyper/hyperram-v1.c:49
/home/chl/AI_deck/gap_sdk/CNN_SSD_Body_detection/BUILD/GAP8_V2/GCC_RISCV/body_detection:00000348 00000004 D __rt_hyper_pending_emu_size_2d	/home/chl/AI_deck/gap_sdk/rtos/pulp/pulp-os/drivers/hyper/hyperram-v1.c:50
/home/chl/AI_deck/gap_sdk/CNN_SSD_Body_detection/BUILD/GAP8_V2/GCC_RISCV/body_detection:00000350 00000004 D __rt_hyper_pending_emu_stride	/home/chl/AI_deck/gap_sdk/rtos/pulp/pulp-os/drivers/hyper/hyperram-v1.c:52
/home/chl/AI_deck/gap_sdk/CNN_SSD_Body_detection/BUILD/GAP8_V2/GCC_RISCV/body_detection:0000033c 00000004 D __rt_hyper_pending_emu_task	/home/chl/AI_deck/gap_sdk/rtos/pulp/pulp-os/drivers/hyper/hyperram-v1.c:54
/home/chl/AI_deck/gap_sdk/CNN_SSD_Body_detection/BUILD/GAP8_V2/GCC_RISCV/body_detection:00000310 00000004 D __rt_hyper_pending_hyper_addr	/home/chl/AI_deck/gap_sdk/rtos/pulp/pulp-os/drivers/hyper/hyperram-v1.c:32
/home/chl/AI_deck/gap_sdk/CNN_SSD_Body_detection/BUILD/GAP8_V2/GCC_RISCV/body_detection:00000318 00000004 D __rt_hyper_pending_repeat	/home/chl/AI_deck/gap_sdk/rtos/pulp/pulp-os/drivers/hyper/hyperram-v1.c:34
/home/chl/AI_deck/gap_sdk/CNN_SSD_Body_detection/BUILD/GAP8_V2/GCC_RISCV/body_detection:0000031c 00000004 D __rt_hyper_pending_repeat_size	/home/chl/AI_deck/gap_sdk/rtos/pulp/pulp-os/drivers/hyper/hyperram-v1.c:35
/home/chl/AI_deck/gap_sdk/CNN_SSD_Body_detection/BUILD/GAP8_V2/GCC_RISCV/body_detection:00000340 00000004 D __rt_hyper_pending_tasks	/home/chl/AI_deck/gap_sdk/rtos/pulp/pulp-os/drivers/hyper/hyperram-v1.c:39
/home/chl/AI_deck/gap_sdk/CNN_SSD_Body_detection/BUILD/GAP8_V2/GCC_RISCV/body_detection:00000344 00000004 D __rt_hyper_pending_tasks_last	/home/chl/AI_deck/gap_sdk/rtos/pulp/pulp-os/drivers/hyper/hyperram-v1.c:40
/home/chl/AI_deck/gap_sdk/CNN_SSD_Body_detection/BUILD/GAP8_V2/GCC_RISCV/body_detection:1c012200 00000004 T __rt_hyper_resume_copy	/home/chl/AI_deck/gap_sdk/rtos/pulp/pulp-os/drivers/hyper/hyperram-v1.c:988
/home/chl/AI_deck/gap_sdk/CNN_SSD_Body_detection/BUILD/GAP8_V2/GCC_RISCV/body_detection:00000308 00000004 D __rt_hyper_udma_handle
/home/chl/AI_deck/gap_sdk/CNN_SSD_Body_detection/BUILD/GAP8_V2/GCC_RISCV/body_detection:1c014f90 00000004 b __rt_i2s_first	/home/chl/AI_deck/gap_sdk/rtos/pulp/pulp-os/drivers_deprecated/i2s/i2s-v1.c:40
/home/chl/AI_deck/gap_sdk/CNN_SSD_Body_detection/BUILD/GAP8_V2/GCC_RISCV/body_detection:1c014a6c 00000004 V __rt_iodev
/home/chl/AI_deck/gap_sdk/CNN_SSD_Body_detection/BUILD/GAP8_V2/GCC_RISCV/body_detection:1c014a70 00000004 V __rt_iodev_uart_baudrate
/home/chl/AI_deck/gap_sdk/CNN_SSD_Body_detection/BUILD/GAP8_V2/GCC_RISCV/body_detection:1c014f78 00000004 V __rt_iodev_uart_channel
/home/chl/AI_deck/gap_sdk/CNN_SSD_Body_detection/BUILD/GAP8_V2/GCC_RISCV/body_detection:1c014f9c 00000004 b __rt_io_event_current	/home/chl/AI_deck/gap_sdk/rtos/pulp/pulp-os/libs/io/io.c:40
/home/chl/AI_deck/gap_sdk/CNN_SSD_Body_detection/BUILD/GAP8_V2/GCC_RISCV/body_detection:1c014fa0 00000004 b __rt_io_pending_flush	/home/chl/AI_deck/gap_sdk/rtos/pulp/pulp-os/libs/io/io.c:50
/home/chl/AI_deck/gap_sdk/CNN_SSD_Body_detection/BUILD/GAP8_V2/GCC_RISCV/body_detection:1c014fa8 00000004 b _rt_io_uart	/home/chl/AI_deck/gap_sdk/rtos/pulp/pulp-os/libs/io/io.c:38
/home/chl/AI_deck/gap_sdk/CNN_SSD_Body_detection/BUILD/GAP8_V2/GCC_RISCV/body_detection:1c014a74 00000004 V __rt_platform
/home/chl/AI_deck/gap_sdk/CNN_SSD_Body_detection/BUILD/GAP8_V2/GCC_RISCV/body_detection:1c014fa4 00000004 b __rt_putc_host_buffer_index	/home/chl/AI_deck/gap_sdk/rtos/pulp/pulp-os/libs/io/io.c:48
/home/chl/AI_deck/gap_sdk/CNN_SSD_Body_detection/BUILD/GAP8_V2/GCC_RISCV/body_detection:0000038c 00000004 D __rt_rtc_init_done	/home/chl/AI_deck/gap_sdk/rtos/pulp/pulp-os/drivers_deprecated/dolphin/rtc.c:26
/home/chl/AI_deck/gap_sdk/CNN_SSD_Body_detection/BUILD/GAP8_V2/GCC_RISCV/body_detection:1c015054 00000004 B __rt_wakeup_use_fast	/home/chl/AI_deck/gap_sdk/rtos/pulp/pulp-os/kernel/gap/pmu_driver.c:173
/home/chl/AI_deck/gap_sdk/CNN_SSD_Body_detection/BUILD/GAP8_V2/GCC_RISCV/body_detection:1000001c 00000004 D SSDKernels_L1_Memory
/home/chl/AI_deck/gap_sdk/CNN_SSD_Body_detection/BUILD/GAP8_V2/GCC_RISCV/body_detection:1c014a7c 00000004 D SSDKernels_L2_Memory
/home/chl/AI_deck/gap_sdk/CNN_SSD_Body_detection/BUILD/GAP8_V2/GCC_RISCV/body_detection:1c014f80 00000004 b timer_count	/home/chl/AI_deck/gap_sdk/rtos/pulp/pulp-os/kernel/time.c:23
/home/chl/AI_deck/gap_sdk/CNN_SSD_Body_detection/BUILD/GAP8_V2/GCC_RISCV/body_detection:1c014a90 00000004 D tmp_buffer_boxes	/home/chl/AI_deck/gap_sdk/CNN_SSD_Body_detection/main.c:84
/home/chl/AI_deck/gap_sdk/CNN_SSD_Body_detection/BUILD/GAP8_V2/GCC_RISCV/body_detection:1c014a8c 00000004 D tmp_buffer_classes	/home/chl/AI_deck/gap_sdk/CNN_SSD_Body_detection/main.c:84
/home/chl/AI_deck/gap_sdk/CNN_SSD_Body_detection/BUILD/GAP8_V2/GCC_RISCV/body_detection:1c014a60 00000004 D W	/home/chl/AI_deck/gap_sdk/CNN_SSD_Body_detection/main.c:112
/home/chl/AI_deck/gap_sdk/CNN_SSD_Body_detection/BUILD/GAP8_V2/GCC_RISCV/body_detection:1c014a64 00000004 D Wi	/home/chl/AI_deck/gap_sdk/CNN_SSD_Body_detection/main.c:111
/home/chl/AI_deck/gap_sdk/CNN_SSD_Body_detection/BUILD/GAP8_V2/GCC_RISCV/body_detection:1c010a68 00000006 T pi_cl_l1_malloc	/home/chl/AI_deck/gap_sdk/rtos/pulp/pulp-os/kernel/alloc.c:582
/home/chl/AI_deck/gap_sdk/CNN_SSD_Body_detection/BUILD/GAP8_V2/GCC_RISCV/body_detection:1c011590 00000006 T pi_cluster_conf_init	/home/chl/AI_deck/gap_sdk/rtos/pulp/pulp-os/kernel/cluster.c:337
/home/chl/AI_deck/gap_sdk/CNN_SSD_Body_detection/BUILD/GAP8_V2/GCC_RISCV/body_detection:1c00e1f0 00000006 t __pi_host_fs_seek	/home/chl/AI_deck/gap_sdk/rtos/pmsis/pmsis_bsp/fs/host_fs/host_fs.c:109
/home/chl/AI_deck/gap_sdk/CNN_SSD_Body_detection/BUILD/GAP8_V2/GCC_RISCV/body_detection:1c012a80 00000006 T putchar	/home/chl/AI_deck/gap_sdk/rtos/pulp/pulp-os/libs/io/io.c:621
/home/chl/AI_deck/gap_sdk/CNN_SSD_Body_detection/BUILD/GAP8_V2/GCC_RISCV/body_detection:1c01139a 00000006 T __rt_fll_set_freq	/home/chl/AI_deck/gap_sdk/rtos/pulp/pulp-os/kernel/gap/pmu_driver.c:884
/home/chl/AI_deck/gap_sdk/CNN_SSD_Body_detection/BUILD/GAP8_V2/GCC_RISCV/body_detection:1c014bf4 00000007 d SystemStateToSCUFastSeq	/home/chl/AI_deck/gap_sdk/rtos/pulp/pulp-os/kernel/gap/pmu_driver.c:176
/home/chl/AI_deck/gap_sdk/CNN_SSD_Body_detection/BUILD/GAP8_V2/GCC_RISCV/body_detection:1c014a84 00000008 D bbxs	/home/chl/AI_deck/gap_sdk/CNN_SSD_Body_detection/main.c:105
/home/chl/AI_deck/gap_sdk/CNN_SSD_Body_detection/BUILD/GAP8_V2/GCC_RISCV/body_detection:1c00f032 00000008 T extern_alloc_deinit	/home/chl/AI_deck/gap_sdk/rtos/pmsis/pmsis_bsp/ram/alloc_extern.c:128
/home/chl/AI_deck/gap_sdk/CNN_SSD_Body_detection/BUILD/GAP8_V2/GCC_RISCV/body_detection:1c014c14 00000008 D FllsFrequency
/home/chl/AI_deck/gap_sdk/CNN_SSD_Body_detection/BUILD/GAP8_V2/GCC_RISCV/body_detection:1c002134 00000008 T main	/home/chl/AI_deck/gap_sdk/CNN_SSD_Body_detection/main.c:869
/home/chl/AI_deck/gap_sdk/CNN_SSD_Body_detection/BUILD/GAP8_V2/GCC_RISCV/body_detection:1c01088e 00000008 T pi_cl_send_task_to_fc	/home/chl/AI_deck/gap_sdk/rtos/pulp/pulp-os/kernel/events.c:280
/home/chl/AI_deck/gap_sdk/CNN_SSD_Body_detection/BUILD/GAP8_V2/GCC_RISCV/body_detection:1c00db32 00000008 t pi_flash_read_async	/home/chl/AI_deck/gap_sdk/rtos/pmsis/pmsis_bsp/include/bsp/flash.h:427
/home/chl/AI_deck/gap_sdk/CNN_SSD_Body_detection/BUILD/GAP8_V2/GCC_RISCV/body_detection:1c00d9f0 00000008 T pi_fs_close	/home/chl/AI_deck/gap_sdk/rtos/pmsis/pmsis_bsp/fs/fs.c:80
/home/chl/AI_deck/gap_sdk/CNN_SSD_Body_detection/BUILD/GAP8_V2/GCC_RISCV/body_detection:1c00d9e8 00000008 T pi_fs_open	/home/chl/AI_deck/gap_sdk/rtos/pmsis/pmsis_bsp/fs/fs.c:74
/home/chl/AI_deck/gap_sdk/CNN_SSD_Body_detection/BUILD/GAP8_V2/GCC_RISCV/body_detection:1c00d9f8 00000008 T pi_fs_read_async	/home/chl/AI_deck/gap_sdk/rtos/pmsis/pmsis_bsp/fs/fs.c:85
/home/chl/AI_deck/gap_sdk/CNN_SSD_Body_detection/BUILD/GAP8_V2/GCC_RISCV/body_detection:1c00daea 00000008 T pi_fs_seek	/home/chl/AI_deck/gap_sdk/rtos/pmsis/pmsis_bsp/fs/fs.c:150
/home/chl/AI_deck/gap_sdk/CNN_SSD_Body_detection/BUILD/GAP8_V2/GCC_RISCV/body_detection:1c00d9e0 00000008 T pi_fs_unmount	/home/chl/AI_deck/gap_sdk/rtos/pmsis/pmsis_bsp/fs/fs.c:68
/home/chl/AI_deck/gap_sdk/CNN_SSD_Body_detection/BUILD/GAP8_V2/GCC_RISCV/body_detection:1c00da26 00000008 T pi_fs_write_async	/home/chl/AI_deck/gap_sdk/rtos/pmsis/pmsis_bsp/fs/fs.c:98
/home/chl/AI_deck/gap_sdk/CNN_SSD_Body_detection/BUILD/GAP8_V2/GCC_RISCV/body_detection:1c01504c 00000008 B __rt_freq_domains
/home/chl/AI_deck/gap_sdk/CNN_SSD_Body_detection/BUILD/GAP8_V2/GCC_RISCV/body_detection:1c0121f8 00000008 T __rt_hyper_resume_emu_task	/home/chl/AI_deck/gap_sdk/rtos/pulp/pulp-os/drivers/hyper/hyperram-v1.c:980
/home/chl/AI_deck/gap_sdk/CNN_SSD_Body_detection/BUILD/GAP8_V2/GCC_RISCV/body_detection:000002b0 00000008 D __rt_socevents_status
/home/chl/AI_deck/gap_sdk/CNN_SSD_Body_detection/BUILD/GAP8_V2/GCC_RISCV/body_detection:1c014f94 00000008 b __rt_spim_open_count	/home/chl/AI_deck/gap_sdk/rtos/pulp/pulp-os/drivers_deprecated/spim/spim-v2.c:26
/home/chl/AI_deck/gap_sdk/CNN_SSD_Body_detection/BUILD/GAP8_V2/GCC_RISCV/body_detection:1c00feb8 00000008 T semihost_close	/home/chl/AI_deck/gap_sdk/rtos/pmsis/pmsis_bsp/fs/host_fs/semihost.c:18
/home/chl/AI_deck/gap_sdk/CNN_SSD_Body_detection/BUILD/GAP8_V2/GCC_RISCV/body_detection:1c00ff12 00000008 T semihost_exit	/home/chl/AI_deck/gap_sdk/rtos/pmsis/pmsis_bsp/fs/host_fs/semihost.c:47
/home/chl/AI_deck/gap_sdk/CNN_SSD_Body_detection/BUILD/GAP8_V2/GCC_RISCV/body_detection:1c00fe84 00000008 T semihost_write0	/home/chl/AI_deck/gap_sdk/rtos/pmsis/pmsis_bsp/fs/host_fs/semihost.c:6
/home/chl/AI_deck/gap_sdk/CNN_SSD_Body_detection/BUILD/GAP8_V2/GCC_RISCV/body_detection:1c012b24 0000000a T abort	/home/chl/AI_deck/gap_sdk/rtos/pulp/pulp-os/libs/io/io.c:739
/home/chl/AI_deck/gap_sdk/CNN_SSD_Body_detection/BUILD/GAP8_V2/GCC_RISCV/body_detection:1c00ff7e 0000000a T bsp_hyperflash_conf_init	/home/chl/AI_deck/gap_sdk/rtos/pmsis/pmsis_bsp/bsp/ai_deck.c:58
/home/chl/AI_deck/gap_sdk/CNN_SSD_Body_detection/BUILD/GAP8_V2/GCC_RISCV/body_detection:1c00da5e 0000000a T pi_fs_copy_2d_async	/home/chl/AI_deck/gap_sdk/rtos/pmsis/pmsis_bsp/fs/fs.c:137
/home/chl/AI_deck/gap_sdk/CNN_SSD_Body_detection/BUILD/GAP8_V2/GCC_RISCV/body_detection:1c00da54 0000000a T pi_fs_copy_async	/home/chl/AI_deck/gap_sdk/rtos/pmsis/pmsis_bsp/fs/fs.c:124
/home/chl/AI_deck/gap_sdk/CNN_SSD_Body_detection/BUILD/GAP8_V2/GCC_RISCV/body_detection:1c00f124 0000000a T pi_partition_get_flash_offset	/home/chl/AI_deck/gap_sdk/rtos/pmsis/pmsis_bsp/partition/partition.c:38
/home/chl/AI_deck/gap_sdk/CNN_SSD_Body_detection/BUILD/GAP8_V2/GCC_RISCV/body_detection:1c0122be 0000000a T rt_extern_alloc_deinit	/home/chl/AI_deck/gap_sdk/rtos/pulp/pulp-os/kernel/alloc_extern.c:129
/home/chl/AI_deck/gap_sdk/CNN_SSD_Body_detection/BUILD/GAP8_V2/GCC_RISCV/body_detection:1c01242a 0000000a T __rt_himax_init	/home/chl/AI_deck/gap_sdk/rtos/pulp/pulp-os/drivers_deprecated/camera/himax.c:400
/home/chl/AI_deck/gap_sdk/CNN_SSD_Body_detection/BUILD/GAP8_V2/GCC_RISCV/body_detection:1c014fe0 0000000c B device	/home/chl/AI_deck/gap_sdk/CNN_SSD_Body_detection/main.c:44
/home/chl/AI_deck/gap_sdk/CNN_SSD_Body_detection/BUILD/GAP8_V2/GCC_RISCV/body_detection:1c014fb0 0000000c B HyperRam	/home/chl/AI_deck/gap_sdk/CNN_SSD_Body_detection/main.c:54
/home/chl/AI_deck/gap_sdk/CNN_SSD_Body_detection/BUILD/GAP8_V2/GCC_RISCV/body_detection:1c00edac 0000000c T hyperram_free	/home/chl/AI_deck/gap_sdk/rtos/pmsis/pmsis_bsp/ram/hyperram/hyperram.c:169
/home/chl/AI_deck/gap_sdk/CNN_SSD_Body_detection/BUILD/GAP8_V2/GCC_RISCV/body_detection:1c014fd0 0000000c B ili	/home/chl/AI_deck/gap_sdk/CNN_SSD_Body_detection/main.c:43
/home/chl/AI_deck/gap_sdk/CNN_SSD_Body_detection/BUILD/GAP8_V2/GCC_RISCV/body_detection:1c010a6e 0000000c T pi_cl_l1_free	/home/chl/AI_deck/gap_sdk/rtos/pulp/pulp-os/kernel/alloc.c:587
/home/chl/AI_deck/gap_sdk/CNN_SSD_Body_detection/BUILD/GAP8_V2/GCC_RISCV/body_detection:1c00d906 0000000c T pi_flash_open	/home/chl/AI_deck/gap_sdk/rtos/pmsis/pmsis_bsp/flash/flash.c:24
/home/chl/AI_deck/gap_sdk/CNN_SSD_Body_detection/BUILD/GAP8_V2/GCC_RISCV/body_detection:1c00e1be 0000000c t __pi_host_fs_mount	/home/chl/AI_deck/gap_sdk/rtos/pmsis/pmsis_bsp/fs/host_fs/host_fs.c:34
/home/chl/AI_deck/gap_sdk/CNN_SSD_Body_detection/BUILD/GAP8_V2/GCC_RISCV/body_detection:1c00ef38 0000000c T pi_ram_open	/home/chl/AI_deck/gap_sdk/rtos/pmsis/pmsis_bsp/ram/ram.c:23
/home/chl/AI_deck/gap_sdk/CNN_SSD_Body_detection/BUILD/GAP8_V2/GCC_RISCV/body_detection:00000004 0000000c D __rt_cluster_pool
/home/chl/AI_deck/gap_sdk/CNN_SSD_Body_detection/BUILD/GAP8_V2/GCC_RISCV/body_detection:1c01225a 0000000c T __rt_padframe_init	/home/chl/AI_deck/gap_sdk/rtos/pulp/pulp-os/drivers_deprecated/pads/pads-v1.c:58
/home/chl/AI_deck/gap_sdk/CNN_SSD_Body_detection/BUILD/GAP8_V2/GCC_RISCV/body_detection:1c00e3a4 0000000e t hyperflash_ioctl	/home/chl/AI_deck/gap_sdk/rtos/pmsis/pmsis_bsp/flash/hyperflash/hyperflash.c:284
/home/chl/AI_deck/gap_sdk/CNN_SSD_Body_detection/BUILD/GAP8_V2/GCC_RISCV/body_detection:1c00e3b2 0000000e t hyperflash_set_reg_exec	/home/chl/AI_deck/gap_sdk/rtos/pmsis/pmsis_bsp/flash/hyperflash/hyperflash.c:94
/home/chl/AI_deck/gap_sdk/CNN_SSD_Body_detection/BUILD/GAP8_V2/GCC_RISCV/body_detection:1c00fe76 0000000e t __internal_semihost	/home/chl/AI_deck/gap_sdk/rtos/pmsis/pmsis_bsp/fs/host_fs/semihost.h:75
/home/chl/AI_deck/gap_sdk/CNN_SSD_Body_detection/BUILD/GAP8_V2/GCC_RISCV/body_detection:1c010a7a 0000000e T pi_l2_malloc	/home/chl/AI_deck/gap_sdk/rtos/pulp/pulp-os/kernel/alloc.c:595
/home/chl/AI_deck/gap_sdk/CNN_SSD_Body_detection/BUILD/GAP8_V2/GCC_RISCV/body_detection:1c012458 0000000e t __rt_io_end_of_flush	/home/chl/AI_deck/gap_sdk/rtos/pulp/pulp-os/libs/io/io.c:366
/home/chl/AI_deck/gap_sdk/CNN_SSD_Body_detection/BUILD/GAP8_V2/GCC_RISCV/body_detection:1c00ff88 00000010 T bsp_hyperflash_open
/home/chl/AI_deck/gap_sdk/CNN_SSD_Body_detection/BUILD/GAP8_V2/GCC_RISCV/body_detection:1c00ff6e 00000010 T bsp_hyperram_open
/home/chl/AI_deck/gap_sdk/CNN_SSD_Body_detection/BUILD/GAP8_V2/GCC_RISCV/body_detection:1c00edca 00000010 t hyperram_copy_async	/home/chl/AI_deck/gap_sdk/rtos/pmsis/pmsis_bsp/ram/hyperram/hyperram.c:133
/home/chl/AI_deck/gap_sdk/CNN_SSD_Body_detection/BUILD/GAP8_V2/GCC_RISCV/body_detection:1c012864 00000010 T memset	/home/chl/AI_deck/gap_sdk/rtos/pulp/pulp-os/libs/io/io.c:150
/home/chl/AI_deck/gap_sdk/CNN_SSD_Body_detection/BUILD/GAP8_V2/GCC_RISCV/body_detection:1c014aac 00000010 D n_variances_1	/home/chl/AI_deck/gap_sdk/CNN_SSD_Body_detection/SSDParams.c:7
/home/chl/AI_deck/gap_sdk/CNN_SSD_Body_detection/BUILD/GAP8_V2/GCC_RISCV/body_detection:1c014b04 00000010 D n_variances_2	/home/chl/AI_deck/gap_sdk/CNN_SSD_Body_detection/SSDParams.c:48
/home/chl/AI_deck/gap_sdk/CNN_SSD_Body_detection/BUILD/GAP8_V2/GCC_RISCV/body_detection:1c014b5c 00000010 D n_variances_3	/home/chl/AI_deck/gap_sdk/CNN_SSD_Body_detection/SSDParams.c:89
/home/chl/AI_deck/gap_sdk/CNN_SSD_Body_detection/BUILD/GAP8_V2/GCC_RISCV/body_detection:1c014bb4 00000010 D n_variances_4	/home/chl/AI_deck/gap_sdk/CNN_SSD_Body_detection/SSDParams.c:130
/home/chl/AI_deck/gap_sdk/CNN_SSD_Body_detection/BUILD/GAP8_V2/GCC_RISCV/body_detection:1c011acc 00000010 T pi_hyper_conf_init	/home/chl/AI_deck/gap_sdk/rtos/pulp/pulp-os/drivers/hyper/hyperram-v1.c:200
/home/chl/AI_deck/gap_sdk/CNN_SSD_Body_detection/BUILD/GAP8_V2/GCC_RISCV/body_detection:1c010a88 00000010 T pi_l2_free	/home/chl/AI_deck/gap_sdk/rtos/pulp/pulp-os/kernel/alloc.c:600
/home/chl/AI_deck/gap_sdk/CNN_SSD_Body_detection/BUILD/GAP8_V2/GCC_RISCV/body_detection:1c00db78 00000010 t __pi_read_fs_seek	/home/chl/AI_deck/gap_sdk/rtos/pmsis/pmsis_bsp/fs/read_fs/read_fs.c:517
/home/chl/AI_deck/gap_sdk/CNN_SSD_Body_detection/BUILD/GAP8_V2/GCC_RISCV/body_detection:1c014bfc 00000010 D PMUState
/home/chl/AI_deck/gap_sdk/CNN_SSD_Body_detection/BUILD/GAP8_V2/GCC_RISCV/body_detection:1b0007bc 00000010 d __rt_io_fc_lock	/home/chl/AI_deck/gap_sdk/rtos/pulp/pulp-os/libs/io/io.c:35
/home/chl/AI_deck/gap_sdk/CNN_SSD_Body_detection/BUILD/GAP8_V2/GCC_RISCV/body_detection:1c014950 00000010 V __rt_padframe_default	/home/chl/AI_deck/gap_sdk/rtos/pulp/pulp-os/drivers_deprecated/pads/pads-v1.c:28
/home/chl/AI_deck/gap_sdk/CNN_SSD_Body_detection/BUILD/GAP8_V2/GCC_RISCV/body_detection:1c014960 00000010 V __rt_padframe_hyper	/home/chl/AI_deck/gap_sdk/rtos/pulp/pulp-os/drivers_deprecated/pads/pads-v1.c:30
/home/chl/AI_deck/gap_sdk/CNN_SSD_Body_detection/BUILD/GAP8_V2/GCC_RISCV/body_detection:1c014970 00000010 V __rt_padframe_hyper_gpio	/home/chl/AI_deck/gap_sdk/rtos/pulp/pulp-os/drivers_deprecated/pads/pads-v1.c:32
/home/chl/AI_deck/gap_sdk/CNN_SSD_Body_detection/BUILD/GAP8_V2/GCC_RISCV/body_detection:1c014f60 00000010 b __rt_uart	/home/chl/AI_deck/gap_sdk/rtos/pulp/pulp-os/drivers_deprecated/uart/uart.c:43
/home/chl/AI_deck/gap_sdk/CNN_SSD_Body_detection/BUILD/GAP8_V2/GCC_RISCV/body_detection:1c013948 00000010 T rt_uart_conf_init
/home/chl/AI_deck/gap_sdk/CNN_SSD_Body_detection/BUILD/GAP8_V2/GCC_RISCV/body_detection:1c00edb8 00000012 t hyperram_copy_2d_async	/home/chl/AI_deck/gap_sdk/rtos/pmsis/pmsis_bsp/ram/hyperram/hyperram.c:145
/home/chl/AI_deck/gap_sdk/CNN_SSD_Body_detection/BUILD/GAP8_V2/GCC_RISCV/body_detection:1c00d9a2 00000012 T pi_fs_conf_init	/home/chl/AI_deck/gap_sdk/rtos/pmsis/pmsis_bsp/fs/fs.c:26
/home/chl/AI_deck/gap_sdk/CNN_SSD_Body_detection/BUILD/GAP8_V2/GCC_RISCV/body_detection:1c011384 00000012 T __rt_fll_init	/home/chl/AI_deck/gap_sdk/rtos/pulp/pulp-os/kernel/gap/pmu_driver.c:871
/home/chl/AI_deck/gap_sdk/CNN_SSD_Body_detection/BUILD/GAP8_V2/GCC_RISCV/body_detection:1c012434 00000012 T __rt_rtc_init	/home/chl/AI_deck/gap_sdk/rtos/pulp/pulp-os/drivers_deprecated/dolphin/rtc.c:414
/home/chl/AI_deck/gap_sdk/CNN_SSD_Body_detection/BUILD/GAP8_V2/GCC_RISCV/body_detection:1c012446 00000012 T __rt_spim_init	/home/chl/AI_deck/gap_sdk/rtos/pulp/pulp-os/drivers_deprecated/spim/spim-v2.c:446
/home/chl/AI_deck/gap_sdk/CNN_SSD_Body_detection/BUILD/GAP8_V2/GCC_RISCV/body_detection:1c011a0a 00000014 t l2_memcpy	/home/chl/AI_deck/gap_sdk/rtos/pulp/pulp-os/drivers/hyper/hyperram-v1.c:897
/home/chl/AI_deck/gap_sdk/CNN_SSD_Body_detection/BUILD/GAP8_V2/GCC_RISCV/body_detection:1c014a98 00000014 D n_aspect_ratios_1	/home/chl/AI_deck/gap_sdk/CNN_SSD_Body_detection/SSDParams.c:6
/home/chl/AI_deck/gap_sdk/CNN_SSD_Body_detection/BUILD/GAP8_V2/GCC_RISCV/body_detection:1c014af0 00000014 D n_aspect_ratios_2	/home/chl/AI_deck/gap_sdk/CNN_SSD_Body_detection/SSDParams.c:47
/home/chl/AI_deck/gap_sdk/CNN_SSD_Body_detection/BUILD/GAP8_V2/GCC_RISCV/body_detection:1c014b48 00000014 D n_aspect_ratios_3	/home/chl/AI_deck/gap_sdk/CNN_SSD_Body_detection/SSDParams.c:88
/home/chl/AI_deck/gap_sdk/CNN_SSD_Body_detection/BUILD/GAP8_V2/GCC_RISCV/body_detection:1c014ba0 00000014 D n_aspect_ratios_4	/home/chl/AI_deck/gap_sdk/CNN_SSD_Body_detection/SSDParams.c:129
/home/chl/AI_deck/gap_sdk/CNN_SSD_Body_detection/BUILD/GAP8_V2/GCC_RISCV/body_detection:1c010878 00000014 T __rt_event_sched_init	/home/chl/AI_deck/gap_sdk/rtos/pulp/pulp-os/kernel/events.c:264
/home/chl/AI_deck/gap_sdk/CNN_SSD_Body_detection/BUILD/GAP8_V2/GCC_RISCV/body_detection:0000001c 00000014 D __rt_sched
/home/chl/AI_deck/gap_sdk/CNN_SSD_Body_detection/BUILD/GAP8_V2/GCC_RISCV/body_detection:1c01281a 00000014 T strcmp	/home/chl/AI_deck/gap_sdk/rtos/pulp/pulp-os/libs/io/io.c:97
/home/chl/AI_deck/gap_sdk/CNN_SSD_Body_detection/BUILD/GAP8_V2/GCC_RISCV/body_detection:1c011dce 00000016 T pi_hyper_read_async	/home/chl/AI_deck/gap_sdk/rtos/pulp/pulp-os/drivers/hyper/hyperram-v1.c:380
/home/chl/AI_deck/gap_sdk/CNN_SSD_Body_detection/BUILD/GAP8_V2/GCC_RISCV/body_detection:1c00fefc 00000016 T semihost_seek	/home/chl/AI_deck/gap_sdk/rtos/pmsis/pmsis_bsp/fs/host_fs/semihost.c:36
/home/chl/AI_deck/gap_sdk/CNN_SSD_Body_detection/BUILD/GAP8_V2/GCC_RISCV/body_detection:1c01284e 00000016 T strlen	/home/chl/AI_deck/gap_sdk/rtos/pulp/pulp-os/libs/io/io.c:124
/home/chl/AI_deck/gap_sdk/CNN_SSD_Body_detection/BUILD/GAP8_V2/GCC_RISCV/body_detection:1c00ff56 00000018 T bsp_hyperram_conf_init	/home/chl/AI_deck/gap_sdk/rtos/pmsis/pmsis_bsp/bsp/ai_deck.c:40
/home/chl/AI_deck/gap_sdk/CNN_SSD_Body_detection/BUILD/GAP8_V2/GCC_RISCV/body_detection:1b0007a0 00000018 d cbsys_first	/home/chl/AI_deck/gap_sdk/rtos/pulp/pulp-os/kernel/utils.c:30
/home/chl/AI_deck/gap_sdk/CNN_SSD_Body_detection/BUILD/GAP8_V2/GCC_RISCV/body_detection:1c014530 00000018 r FractionExpLUT	/home/chl/AI_deck/gap_sdk/CNN_SSD_Body_detection/SSDBasicKernels.c:92
/home/chl/AI_deck/gap_sdk/CNN_SSD_Body_detection/BUILD/GAP8_V2/GCC_RISCV/body_detection:1c014938 00000018 d hyperram_api	/home/chl/AI_deck/gap_sdk/rtos/pmsis/pmsis_bsp/ram/hyperram/hyperram.c:225
/home/chl/AI_deck/gap_sdk/CNN_SSD_Body_detection/BUILD/GAP8_V2/GCC_RISCV/body_detection:1c014548 00000018 r IntegerExpLUT	/home/chl/AI_deck/gap_sdk/CNN_SSD_Body_detection/SSDBasicKernels.c:87
/home/chl/AI_deck/gap_sdk/CNN_SSD_Body_detection/BUILD/GAP8_V2/GCC_RISCV/body_detection:1c0121c6 00000018 T pi_hyper_read_2d_async	/home/chl/AI_deck/gap_sdk/rtos/pulp/pulp-os/drivers/hyper/hyperram-v1.c:420
/home/chl/AI_deck/gap_sdk/CNN_SSD_Body_detection/BUILD/GAP8_V2/GCC_RISCV/body_detection:1c011e06 00000018 T pi_hyper_write_async	/home/chl/AI_deck/gap_sdk/rtos/pulp/pulp-os/drivers/hyper/hyperram-v1.c:400
/home/chl/AI_deck/gap_sdk/CNN_SSD_Body_detection/BUILD/GAP8_V2/GCC_RISCV/body_detection:1c00dbe0 00000018 t __pi_read_fs_copy_2d_async	/home/chl/AI_deck/gap_sdk/rtos/pmsis/pmsis_bsp/fs/read_fs/read_fs.c:657
/home/chl/AI_deck/gap_sdk/CNN_SSD_Body_detection/BUILD/GAP8_V2/GCC_RISCV/body_detection:1c00dbc8 00000018 t __pi_read_fs_copy_async	/home/chl/AI_deck/gap_sdk/rtos/pmsis/pmsis_bsp/fs/read_fs/read_fs.c:648
/home/chl/AI_deck/gap_sdk/CNN_SSD_Body_detection/BUILD/GAP8_V2/GCC_RISCV/body_detection:1c014980 00000018 V __rt_padframe_profiles
/home/chl/AI_deck/gap_sdk/CNN_SSD_Body_detection/BUILD/GAP8_V2/GCC_RISCV/body_detection:1c010a98 00000018 t __rt_time_poweroff	/home/chl/AI_deck/gap_sdk/rtos/pulp/pulp-os/kernel/time.c:28
/home/chl/AI_deck/gap_sdk/CNN_SSD_Body_detection/BUILD/GAP8_V2/GCC_RISCV/body_detection:1c010ab0 00000018 t __rt_time_poweron	/home/chl/AI_deck/gap_sdk/rtos/pulp/pulp-os/kernel/time.c:37
/home/chl/AI_deck/gap_sdk/CNN_SSD_Body_detection/BUILD/GAP8_V2/GCC_RISCV/body_detection:1c0106e0 00000018 T __rt_wait_event_prepare_blocking	/home/chl/AI_deck/gap_sdk/rtos/pulp/pulp-os/kernel/events.c:42
/home/chl/AI_deck/gap_sdk/CNN_SSD_Body_detection/BUILD/GAP8_V2/GCC_RISCV/body_detection:1c012a36 0000001a T fputc_locked
/home/chl/AI_deck/gap_sdk/CNN_SSD_Body_detection/BUILD/GAP8_V2/GCC_RISCV/body_detection:1c00e48a 0000001a t hyperflash_copy_2d_async
/home/chl/AI_deck/gap_sdk/CNN_SSD_Body_detection/BUILD/GAP8_V2/GCC_RISCV/body_detection:1c00ee90 0000001a T pi_hyperram_conf_init	/home/chl/AI_deck/gap_sdk/rtos/pmsis/pmsis_bsp/ram/hyperram/hyperram.c:235
/home/chl/AI_deck/gap_sdk/CNN_SSD_Body_detection/BUILD/GAP8_V2/GCC_RISCV/body_detection:1c0121de 0000001a T pi_hyper_write_2d_async	/home/chl/AI_deck/gap_sdk/rtos/pulp/pulp-os/drivers/hyper/hyperram-v1.c:440
/home/chl/AI_deck/gap_sdk/CNN_SSD_Body_detection/BUILD/GAP8_V2/GCC_RISCV/body_detection:1c01076e 0000001a T rt_event_get	/home/chl/AI_deck/gap_sdk/rtos/pulp/pulp-os/kernel/events.c:105
/home/chl/AI_deck/gap_sdk/CNN_SSD_Body_detection/BUILD/GAP8_V2/GCC_RISCV/body_detection:1c01085e 0000001a T rt_event_wait	/home/chl/AI_deck/gap_sdk/rtos/pulp/pulp-os/kernel/events.c:257
/home/chl/AI_deck/gap_sdk/CNN_SSD_Body_detection/BUILD/GAP8_V2/GCC_RISCV/body_detection:1c0128aa 0000001a T strchr	/home/chl/AI_deck/gap_sdk/rtos/pulp/pulp-os/libs/io/io.c:278
/home/chl/AI_deck/gap_sdk/CNN_SSD_Body_detection/BUILD/GAP8_V2/GCC_RISCV/body_detection:1c014cf8 0000001c b HyperFlash	/home/chl/AI_deck/gap_sdk/CNN_SSD_Body_detection/BUILD_MODEL_16BIT/cnn_ssdKernels.c:6
/home/chl/AI_deck/gap_sdk/CNN_SSD_Body_detection/BUILD/GAP8_V2/GCC_RISCV/body_detection:1c00e958 0000001c t hyperflash_copy_async	/home/chl/AI_deck/gap_sdk/rtos/pmsis/pmsis_bsp/flash/hyperflash/hyperflash.c:843
/home/chl/AI_deck/gap_sdk/CNN_SSD_Body_detection/BUILD/GAP8_V2/GCC_RISCV/body_detection:1c00e310 0000001c t __pi_host_fs_close	/home/chl/AI_deck/gap_sdk/rtos/pmsis/pmsis_bsp/fs/host_fs/host_fs.c:67
/home/chl/AI_deck/gap_sdk/CNN_SSD_Body_detection/BUILD/GAP8_V2/GCC_RISCV/body_detection:1c00e388 0000001c t __rt_event_enqueue	/home/chl/AI_deck/gap_sdk/install/GAP8_V2/include/rt/rt_event.h:397
/home/chl/AI_deck/gap_sdk/CNN_SSD_Body_detection/BUILD/GAP8_V2/GCC_RISCV/body_detection:1c010422 0000001c t __rt_event_enqueue	/home/chl/AI_deck/gap_sdk/install/GAP8_V2/include/rt/rt_event.h:397
/home/chl/AI_deck/gap_sdk/CNN_SSD_Body_detection/BUILD/GAP8_V2/GCC_RISCV/body_detection:1c00e974 0000001e t hyperflash_close	/home/chl/AI_deck/gap_sdk/rtos/pmsis/pmsis_bsp/flash/hyperflash/hyperflash.c:275
/home/chl/AI_deck/gap_sdk/CNN_SSD_Body_detection/BUILD/GAP8_V2/GCC_RISCV/body_detection:1c00ed8e 0000001e T hyperram_alloc	/home/chl/AI_deck/gap_sdk/rtos/pmsis/pmsis_bsp/ram/hyperram/hyperram.c:158
/home/chl/AI_deck/gap_sdk/CNN_SSD_Body_detection/BUILD/GAP8_V2/GCC_RISCV/body_detection:1c0119ec 0000001e T pi_pad_init	/home/chl/AI_deck/gap_sdk/rtos/pulp/pulp-os/drivers/pads/pads-v1.c:31
/home/chl/AI_deck/gap_sdk/CNN_SSD_Body_detection/BUILD/GAP8_V2/GCC_RISCV/body_detection:1c00ef1a 0000001e t __pi_ram_cluster_req_done	/home/chl/AI_deck/gap_sdk/rtos/pmsis/pmsis_bsp/ram/ram.c:37
/home/chl/AI_deck/gap_sdk/CNN_SSD_Body_detection/BUILD/GAP8_V2/GCC_RISCV/body_detection:1c010568 0000001e T __rt_bridge_set_available	/home/chl/AI_deck/gap_sdk/rtos/pulp/pulp-os/kernel/bridge.c:725
/home/chl/AI_deck/gap_sdk/CNN_SSD_Body_detection/BUILD/GAP8_V2/GCC_RISCV/body_detection:1c00fec0 0000001e T semihost_read	/home/chl/AI_deck/gap_sdk/rtos/pmsis/pmsis_bsp/fs/host_fs/semihost.c:24
/home/chl/AI_deck/gap_sdk/CNN_SSD_Body_detection/BUILD/GAP8_V2/GCC_RISCV/body_detection:1c00fede 0000001e T semihost_write	/home/chl/AI_deck/gap_sdk/rtos/pmsis/pmsis_bsp/fs/host_fs/semihost.c:30
/home/chl/AI_deck/gap_sdk/CNN_SSD_Body_detection/BUILD/GAP8_V2/GCC_RISCV/body_detection:1c0137ac 0000001e t sprintf_out
/home/chl/AI_deck/gap_sdk/CNN_SSD_Body_detection/BUILD/GAP8_V2/GCC_RISCV/body_detection:1c012c5e 00000020 t _rlrshift	/home/chl/AI_deck/gap_sdk/rtos/pulp/pulp-os/libs/io/prf.c:122
/home/chl/AI_deck/gap_sdk/CNN_SSD_Body_detection/BUILD/GAP8_V2/GCC_RISCV/body_detection:1c01043e 00000020 t __rt_bridge_check_bridge_req.part.5	/home/chl/AI_deck/gap_sdk/rtos/pulp/pulp-os/kernel/bridge.c:638
/home/chl/AI_deck/gap_sdk/CNN_SSD_Body_detection/BUILD/GAP8_V2/GCC_RISCV/body_detection:1c012552 00000020 t rt_event_execute.isra.4.constprop.12	/home/chl/AI_deck/gap_sdk/rtos/pulp/pulp-os/libs/io/io.c:795
/home/chl/AI_deck/gap_sdk/CNN_SSD_Body_detection/BUILD/GAP8_V2/GCC_RISCV/body_detection:1c010896 00000020 T rt_user_alloc_init	/home/chl/AI_deck/gap_sdk/rtos/pulp/pulp-os/kernel/alloc.c:193
/home/chl/AI_deck/gap_sdk/CNN_SSD_Body_detection/BUILD/GAP8_V2/GCC_RISCV/body_detection:1c01282e 00000020 T strncmp	/home/chl/AI_deck/gap_sdk/rtos/pulp/pulp-os/libs/io/io.c:108
/home/chl/AI_deck/gap_sdk/CNN_SSD_Body_detection/BUILD/GAP8_V2/GCC_RISCV/body_detection:1c00edda 00000022 t hyperram_close	/home/chl/AI_deck/gap_sdk/rtos/pmsis/pmsis_bsp/ram/hyperram/hyperram.c:123
/home/chl/AI_deck/gap_sdk/CNN_SSD_Body_detection/BUILD/GAP8_V2/GCC_RISCV/body_detection:1c011de4 00000022 T pi_hyper_read	/home/chl/AI_deck/gap_sdk/rtos/pulp/pulp-os/drivers/hyper/hyperram-v1.c:390
/home/chl/AI_deck/gap_sdk/CNN_SSD_Body_detection/BUILD/GAP8_V2/GCC_RISCV/body_detection:1c011e1e 00000022 T pi_hyper_write	/home/chl/AI_deck/gap_sdk/rtos/pulp/pulp-os/drivers/hyper/hyperram-v1.c:411
/home/chl/AI_deck/gap_sdk/CNN_SSD_Body_detection/BUILD/GAP8_V2/GCC_RISCV/body_detection:1c0105a8 00000022 T __rt_bridge_clear_notif	/home/chl/AI_deck/gap_sdk/rtos/pulp/pulp-os/kernel/bridge.c:838
/home/chl/AI_deck/gap_sdk/CNN_SSD_Body_detection/BUILD/GAP8_V2/GCC_RISCV/body_detection:1c010586 00000022 T __rt_bridge_send_notif	/home/chl/AI_deck/gap_sdk/rtos/pulp/pulp-os/kernel/bridge.c:821
/home/chl/AI_deck/gap_sdk/CNN_SSD_Body_detection/BUILD/GAP8_V2/GCC_RISCV/body_detection:1c010788 00000022 T rt_event_get_blocking	/home/chl/AI_deck/gap_sdk/rtos/pulp/pulp-os/kernel/events.c:127
/home/chl/AI_deck/gap_sdk/CNN_SSD_Body_detection/BUILD/GAP8_V2/GCC_RISCV/body_detection:1c013850 00000022 t __rt_uart_setfreq_after	/home/chl/AI_deck/gap_sdk/rtos/pulp/pulp-os/drivers_deprecated/uart/uart.c:135
/home/chl/AI_deck/gap_sdk/CNN_SSD_Body_detection/BUILD/GAP8_V2/GCC_RISCV/body_detection:1c01032c 00000022 T __rt_utils_init	/home/chl/AI_deck/gap_sdk/rtos/pulp/pulp-os/kernel/utils.c:84
/home/chl/AI_deck/gap_sdk/CNN_SSD_Body_detection/BUILD/GAP8_V2/GCC_RISCV/body_detection:1c014ca0 00000024 b conf	/home/chl/AI_deck/gap_sdk/CNN_SSD_Body_detection/main.c:55
/home/chl/AI_deck/gap_sdk/CNN_SSD_Body_detection/BUILD/GAP8_V2/GCC_RISCV/body_detection:1c00f30a 00000024 T flash_partition_table_free	/home/chl/AI_deck/gap_sdk/rtos/pmsis/pmsis_bsp/partition/flash_partition.c:221
/home/chl/AI_deck/gap_sdk/CNN_SSD_Body_detection/BUILD/GAP8_V2/GCC_RISCV/body_detection:1c00ec6c 00000024 t hyperflash_erase	/home/chl/AI_deck/gap_sdk/rtos/pmsis/pmsis_bsp/flash/hyperflash/hyperflash.c:898
/home/chl/AI_deck/gap_sdk/CNN_SSD_Body_detection/BUILD/GAP8_V2/GCC_RISCV/body_detection:1c00ea9c 00000024 t hyperflash_erase_chip	/home/chl/AI_deck/gap_sdk/rtos/pmsis/pmsis_bsp/flash/hyperflash/hyperflash.c:882
/home/chl/AI_deck/gap_sdk/CNN_SSD_Body_detection/BUILD/GAP8_V2/GCC_RISCV/body_detection:1c00ea78 00000024 t hyperflash_erase_sector	/home/chl/AI_deck/gap_sdk/rtos/pmsis/pmsis_bsp/flash/hyperflash/hyperflash.c:890
/home/chl/AI_deck/gap_sdk/CNN_SSD_Body_detection/BUILD/GAP8_V2/GCC_RISCV/body_detection:1c00eb2c 00000024 t hyperflash_program	/home/chl/AI_deck/gap_sdk/rtos/pmsis/pmsis_bsp/flash/hyperflash/hyperflash.c:874
/home/chl/AI_deck/gap_sdk/CNN_SSD_Body_detection/BUILD/GAP8_V2/GCC_RISCV/body_detection:1c00eac0 00000024 t hyperflash_read	/home/chl/AI_deck/gap_sdk/rtos/pmsis/pmsis_bsp/flash/hyperflash/hyperflash.c:865
/home/chl/AI_deck/gap_sdk/CNN_SSD_Body_detection/BUILD/GAP8_V2/GCC_RISCV/body_detection:1c00eae4 00000024 t hyperflash_reg_get	/home/chl/AI_deck/gap_sdk/rtos/pmsis/pmsis_bsp/flash/hyperflash/hyperflash.c:915
/home/chl/AI_deck/gap_sdk/CNN_SSD_Body_detection/BUILD/GAP8_V2/GCC_RISCV/body_detection:1c00eb08 00000024 t hyperflash_reg_set	/home/chl/AI_deck/gap_sdk/rtos/pmsis/pmsis_bsp/flash/hyperflash/hyperflash.c:907
/home/chl/AI_deck/gap_sdk/CNN_SSD_Body_detection/BUILD/GAP8_V2/GCC_RISCV/body_detection:1c0109a8 00000024 T __rt_alloc_init_l1	/home/chl/AI_deck/gap_sdk/rtos/pulp/pulp-os/kernel/alloc.c:445
/home/chl/AI_deck/gap_sdk/CNN_SSD_Body_detection/BUILD/GAP8_V2/GCC_RISCV/body_detection:1c00d914 00000024 t rt_event_enqueue	/home/chl/AI_deck/gap_sdk/install/GAP8_V2/include/rt/rt_event.h:411
/home/chl/AI_deck/gap_sdk/CNN_SSD_Body_detection/BUILD/GAP8_V2/GCC_RISCV/body_detection:1c00dbf8 00000024 t rt_event_enqueue	/home/chl/AI_deck/gap_sdk/install/GAP8_V2/include/rt/rt_event.h:411
/home/chl/AI_deck/gap_sdk/CNN_SSD_Body_detection/BUILD/GAP8_V2/GCC_RISCV/body_detection:1c00e1cc 00000024 t rt_event_enqueue	/home/chl/AI_deck/gap_sdk/install/GAP8_V2/include/rt/rt_event.h:411
/home/chl/AI_deck/gap_sdk/CNN_SSD_Body_detection/BUILD/GAP8_V2/GCC_RISCV/body_detection:1c011a1e 00000024 t rt_event_enqueue	/home/chl/AI_deck/gap_sdk/install/GAP8_V2/include/rt/rt_event.h:411
/home/chl/AI_deck/gap_sdk/CNN_SSD_Body_detection/BUILD/GAP8_V2/GCC_RISCV/body_detection:1c0107aa 00000024 T rt_event_push	/home/chl/AI_deck/gap_sdk/rtos/pulp/pulp-os/kernel/events.c:139
/home/chl/AI_deck/gap_sdk/CNN_SSD_Body_detection/BUILD/GAP8_V2/GCC_RISCV/body_detection:1c010b42 00000024 T rt_time_wait_us	/home/chl/AI_deck/gap_sdk/rtos/pulp/pulp-os/kernel/time.c:124
/home/chl/AI_deck/gap_sdk/CNN_SSD_Body_detection/BUILD/GAP8_V2/GCC_RISCV/body_detection:1c01382c 00000024 t __rt_uart_setup.isra.5	/home/chl/AI_deck/gap_sdk/rtos/pulp/pulp-os/drivers_deprecated/uart/uart.c:222
/home/chl/AI_deck/gap_sdk/CNN_SSD_Body_detection/BUILD/GAP8_V2/GCC_RISCV/body_detection:1c00ff98 00000026 t cluster_start	/home/chl/AI_deck/gap_sdk/rtos/pulp/pulp-os/kernel/init.c:198
/home/chl/AI_deck/gap_sdk/CNN_SSD_Body_detection/BUILD/GAP8_V2/GCC_RISCV/body_detection:1c00da00 00000026 T pi_fs_read	/home/chl/AI_deck/gap_sdk/rtos/pmsis/pmsis_bsp/fs/fs.c:90
/home/chl/AI_deck/gap_sdk/CNN_SSD_Body_detection/BUILD/GAP8_V2/GCC_RISCV/body_detection:1c00da2e 00000026 T pi_fs_write	/home/chl/AI_deck/gap_sdk/rtos/pmsis/pmsis_bsp/fs/fs.c:103
/home/chl/AI_deck/gap_sdk/CNN_SSD_Body_detection/BUILD/GAP8_V2/GCC_RISCV/body_detection:1c00e2a0 00000026 t __pi_host_fs_read_async	/home/chl/AI_deck/gap_sdk/rtos/pmsis/pmsis_bsp/fs/host_fs/host_fs.c:74
/home/chl/AI_deck/gap_sdk/CNN_SSD_Body_detection/BUILD/GAP8_V2/GCC_RISCV/body_detection:1c013806 00000026 T __rt_uart_cluster_req_done	/home/chl/AI_deck/gap_sdk/rtos/pulp/pulp-os/drivers_deprecated/uart/uart.c:253
/home/chl/AI_deck/gap_sdk/CNN_SSD_Body_detection/BUILD/GAP8_V2/GCC_RISCV/body_detection:1c010f80 00000026 t soc_eu_fcEventMask_setEvent	/home/chl/AI_deck/gap_sdk/install/GAP8_V2/include/hal/soc_eu/soc_eu_v1.h:60
/home/chl/AI_deck/gap_sdk/CNN_SSD_Body_detection/BUILD/GAP8_V2/GCC_RISCV/body_detection:1c013922 00000026 t soc_eu_fcEventMask_setEvent	/home/chl/AI_deck/gap_sdk/install/GAP8_V2/include/hal/soc_eu/soc_eu_v1.h:60
/home/chl/AI_deck/gap_sdk/CNN_SSD_Body_detection/BUILD/GAP8_V2/GCC_RISCV/body_detection:1c0148bc 00000028 D __pi_host_fs_api
/home/chl/AI_deck/gap_sdk/CNN_SSD_Body_detection/BUILD/GAP8_V2/GCC_RISCV/body_detection:1c00ed66 00000028 T pi_hyperflash_conf_init	/home/chl/AI_deck/gap_sdk/rtos/pmsis/pmsis_bsp/flash/hyperflash/hyperflash.c:969
/home/chl/AI_deck/gap_sdk/CNN_SSD_Body_detection/BUILD/GAP8_V2/GCC_RISCV/body_detection:1c014894 00000028 D __pi_read_fs_api
/home/chl/AI_deck/gap_sdk/CNN_SSD_Body_detection/BUILD/GAP8_V2/GCC_RISCV/body_detection:1c012a86 00000028 T _prf_locked	/home/chl/AI_deck/gap_sdk/rtos/pulp/pulp-os/libs/io/io.c:626
/home/chl/AI_deck/gap_sdk/CNN_SSD_Body_detection/BUILD/GAP8_V2/GCC_RISCV/body_detection:1c010126 00000028 T __rt_deinit	/home/chl/AI_deck/gap_sdk/rtos/pulp/pulp-os/kernel/init.c:163
/home/chl/AI_deck/gap_sdk/CNN_SSD_Body_detection/BUILD/GAP8_V2/GCC_RISCV/body_detection:1c0106b8 00000028 T __rt_event_init	/home/chl/AI_deck/gap_sdk/rtos/pulp/pulp-os/kernel/events.c:32
/home/chl/AI_deck/gap_sdk/CNN_SSD_Body_detection/BUILD/GAP8_V2/GCC_RISCV/body_detection:1c01505c 00000028 B __rt_fc_cluster_data
/home/chl/AI_deck/gap_sdk/CNN_SSD_Body_detection/BUILD/GAP8_V2/GCC_RISCV/body_detection:1c0127f2 00000028 t __rt_io_stop	/home/chl/AI_deck/gap_sdk/rtos/pulp/pulp-os/libs/io/io.c:769
/home/chl/AI_deck/gap_sdk/CNN_SSD_Body_detection/BUILD/GAP8_V2/GCC_RISCV/body_detection:1c012232 00000028 T rt_padframe_set	/home/chl/AI_deck/gap_sdk/rtos/pulp/pulp-os/drivers_deprecated/pads/pads-v1.c:77
/home/chl/AI_deck/gap_sdk/CNN_SSD_Body_detection/BUILD/GAP8_V2/GCC_RISCV/body_detection:000002b8 00000028 D __rt_udma_extra_callback
/home/chl/AI_deck/gap_sdk/CNN_SSD_Body_detection/BUILD/GAP8_V2/GCC_RISCV/body_detection:000002e0 00000028 D __rt_udma_extra_callback_arg
/home/chl/AI_deck/gap_sdk/CNN_SSD_Body_detection/BUILD/GAP8_V2/GCC_RISCV/body_detection:1c00e276 0000002a t __pi_host_fs_write_async	/home/chl/AI_deck/gap_sdk/rtos/pmsis/pmsis_bsp/fs/host_fs/host_fs.c:100
/home/chl/AI_deck/gap_sdk/CNN_SSD_Body_detection/BUILD/GAP8_V2/GCC_RISCV/body_detection:1c0109cc 0000002a T __rt_alloc_init_l1_for_fc	/home/chl/AI_deck/gap_sdk/rtos/pulp/pulp-os/kernel/alloc.c:452
/home/chl/AI_deck/gap_sdk/CNN_SSD_Body_detection/BUILD/GAP8_V2/GCC_RISCV/body_detection:1c012382 0000002a t __rt_i2s_setfreq_after	/home/chl/AI_deck/gap_sdk/rtos/pulp/pulp-os/drivers_deprecated/i2s/i2s-v1.c:235
/home/chl/AI_deck/gap_sdk/CNN_SSD_Body_detection/BUILD/GAP8_V2/GCC_RISCV/body_detection:1c00ea4c 0000002c t hyperflash_copy_2d	/home/chl/AI_deck/gap_sdk/rtos/pmsis/pmsis_bsp/flash/hyperflash/hyperflash.c:933
/home/chl/AI_deck/gap_sdk/CNN_SSD_Body_detection/BUILD/GAP8_V2/GCC_RISCV/body_detection:1c00d9b4 0000002c T pi_fs_mount	/home/chl/AI_deck/gap_sdk/rtos/pmsis/pmsis_bsp/fs/fs.c:40
/home/chl/AI_deck/gap_sdk/CNN_SSD_Body_detection/BUILD/GAP8_V2/GCC_RISCV/body_detection:1c011aa0 0000002c T __pi_hyper_pin_reset_settings	/home/chl/AI_deck/gap_sdk/rtos/pulp/pulp-os/drivers/hyper/hyperram-v1.c:189
/home/chl/AI_deck/gap_sdk/CNN_SSD_Body_detection/BUILD/GAP8_V2/GCC_RISCV/body_detection:1c011a74 0000002c T __pi_hyper_pin_settings	/home/chl/AI_deck/gap_sdk/rtos/pulp/pulp-os/drivers/hyper/hyperram-v1.c:181
/home/chl/AI_deck/gap_sdk/CNN_SSD_Body_detection/BUILD/GAP8_V2/GCC_RISCV/body_detection:1c012ba0 0000002c T printf	/home/chl/AI_deck/gap_sdk/rtos/pulp/pulp-os/libs/io/fprintf.c:41
/home/chl/AI_deck/gap_sdk/CNN_SSD_Body_detection/BUILD/GAP8_V2/GCC_RISCV/body_detection:1c012a0a 0000002c T puts	/home/chl/AI_deck/gap_sdk/rtos/pulp/pulp-os/libs/io/io.c:576
/home/chl/AI_deck/gap_sdk/CNN_SSD_Body_detection/BUILD/GAP8_V2/GCC_RISCV/body_detection:1c0123ac 0000002c t __rt_i2s_setfreq_before	/home/chl/AI_deck/gap_sdk/rtos/pulp/pulp-os/drivers_deprecated/i2s/i2s-v1.c:219
/home/chl/AI_deck/gap_sdk/CNN_SSD_Body_detection/BUILD/GAP8_V2/GCC_RISCV/body_detection:1c014d9c 0000002c b __rt_pulpos_emu_global_cluster_task	/home/chl/AI_deck/gap_sdk/rtos/pulp/pulp-os/kernel/pulpos_emu.c:26
/home/chl/AI_deck/gap_sdk/CNN_SSD_Body_detection/BUILD/GAP8_V2/GCC_RISCV/body_detection:1c0138b4 0000002c t __rt_uart_setfreq_before	/home/chl/AI_deck/gap_sdk/rtos/pulp/pulp-os/drivers_deprecated/uart/uart.c:102
/home/chl/AI_deck/gap_sdk/CNN_SSD_Body_detection/BUILD/GAP8_V2/GCC_RISCV/body_detection:1c010832 0000002c T __rt_wait_event	/home/chl/AI_deck/gap_sdk/rtos/pulp/pulp-os/kernel/events.c:247
/home/chl/AI_deck/gap_sdk/CNN_SSD_Body_detection/BUILD/GAP8_V2/GCC_RISCV/body_detection:1c00fe8c 0000002c T semihost_open	/home/chl/AI_deck/gap_sdk/rtos/pmsis/pmsis_bsp/fs/host_fs/semihost.c:11
/home/chl/AI_deck/gap_sdk/CNN_SSD_Body_detection/BUILD/GAP8_V2/GCC_RISCV/body_detection:1c010f54 0000002c t SetFllMultDivFactors
/home/chl/AI_deck/gap_sdk/CNN_SSD_Body_detection/BUILD/GAP8_V2/GCC_RISCV/body_detection:1c00eb50 0000002e t hyperflash_copy	/home/chl/AI_deck/gap_sdk/rtos/pmsis/pmsis_bsp/flash/hyperflash/hyperflash.c:923
/home/chl/AI_deck/gap_sdk/CNN_SSD_Body_detection/BUILD/GAP8_V2/GCC_RISCV/body_detection:1c01097a 0000002e T rt_free
/home/chl/AI_deck/gap_sdk/CNN_SSD_Body_detection/BUILD/GAP8_V2/GCC_RISCV/body_detection:1c012204 0000002e t __rt_hyper_init	/home/chl/AI_deck/gap_sdk/rtos/pulp/pulp-os/drivers/hyper/hyperram-v1.c:995
/home/chl/AI_deck/gap_sdk/CNN_SSD_Body_detection/BUILD/GAP8_V2/GCC_RISCV/body_detection:1c014abc 00000030 D anchorWH_1	/home/chl/AI_deck/gap_sdk/CNN_SSD_Body_detection/SSDParams.c:8
/home/chl/AI_deck/gap_sdk/CNN_SSD_Body_detection/BUILD/GAP8_V2/GCC_RISCV/body_detection:1c014b14 00000030 D anchorWH_2	/home/chl/AI_deck/gap_sdk/CNN_SSD_Body_detection/SSDParams.c:49
/home/chl/AI_deck/gap_sdk/CNN_SSD_Body_detection/BUILD/GAP8_V2/GCC_RISCV/body_detection:1c014b6c 00000030 D anchorWH_3	/home/chl/AI_deck/gap_sdk/CNN_SSD_Body_detection/SSDParams.c:90
/home/chl/AI_deck/gap_sdk/CNN_SSD_Body_detection/BUILD/GAP8_V2/GCC_RISCV/body_detection:1c014bc4 00000030 D anchorWH_4	/home/chl/AI_deck/gap_sdk/CNN_SSD_Body_detection/SSDParams.c:131
/home/chl/AI_deck/gap_sdk/CNN_SSD_Body_detection/BUILD/GAP8_V2/GCC_RISCV/body_detection:1c012a50 00000030 T fputc	/home/chl/AI_deck/gap_sdk/rtos/pulp/pulp-os/libs/io/io.c:603
/home/chl/AI_deck/gap_sdk/CNN_SSD_Body_detection/BUILD/GAP8_V2/GCC_RISCV/body_detection:1c00ec90 00000030 t hyperflash_get_status_reg	/home/chl/AI_deck/gap_sdk/rtos/pmsis/pmsis_bsp/flash/hyperflash/hyperflash.c:184
/home/chl/AI_deck/gap_sdk/CNN_SSD_Body_detection/BUILD/GAP8_V2/GCC_RISCV/body_detection:1c01094a 00000030 T rt_alloc
/home/chl/AI_deck/gap_sdk/CNN_SSD_Body_detection/BUILD/GAP8_V2/GCC_RISCV/body_detection:1c0102fc 00000030 T __rt_cbsys_exec	/home/chl/AI_deck/gap_sdk/rtos/pulp/pulp-os/kernel/utils.c:71
/home/chl/AI_deck/gap_sdk/CNN_SSD_Body_detection/BUILD/GAP8_V2/GCC_RISCV/body_detection:1c014cc4 00000032 b imgName.18551
/home/chl/AI_deck/gap_sdk/CNN_SSD_Body_detection/BUILD/GAP8_V2/GCC_RISCV/body_detection:1c00fc70 00000032 T MD5_Init	/home/chl/AI_deck/gap_sdk/rtos/pmsis/pmsis_bsp/crc/md5.c:207
/home/chl/AI_deck/gap_sdk/CNN_SSD_Body_detection/BUILD/GAP8_V2/GCC_RISCV/body_detection:1c00dab8 00000032 T __pi_cl_fs_copy_req_done	/home/chl/AI_deck/gap_sdk/rtos/pmsis/pmsis_bsp/fs/fs.c:340
/home/chl/AI_deck/gap_sdk/CNN_SSD_Body_detection/BUILD/GAP8_V2/GCC_RISCV/body_detection:1c01166e 00000032 T pi_cluster_close	/home/chl/AI_deck/gap_sdk/rtos/pulp/pulp-os/kernel/cluster.c:370
/home/chl/AI_deck/gap_sdk/CNN_SSD_Body_detection/BUILD/GAP8_V2/GCC_RISCV/body_detection:1c00d970 00000032 t pi_task_wait_on.isra.3	/home/chl/AI_deck/gap_sdk/install/GAP8_V2/include/rt/rt_cluster.h:239
/home/chl/AI_deck/gap_sdk/CNN_SSD_Body_detection/BUILD/GAP8_V2/GCC_RISCV/body_detection:1c00ea1a 00000032 t pi_task_wait_on.isra.3	/home/chl/AI_deck/gap_sdk/rtos/pmsis/pmsis_bsp/flash/hyperflash/hyperflash.c:219
/home/chl/AI_deck/gap_sdk/CNN_SSD_Body_detection/BUILD/GAP8_V2/GCC_RISCV/body_detection:1c011a42 00000032 t pi_task_wait_on.isra.4	/home/chl/AI_deck/gap_sdk/rtos/pulp/pulp-os/drivers/hyper/hyperram-v1.c:1039
/home/chl/AI_deck/gap_sdk/CNN_SSD_Body_detection/BUILD/GAP8_V2/GCC_RISCV/body_detection:1c01034e 00000032 T __rt_fc_lock	/home/chl/AI_deck/gap_sdk/rtos/pulp/pulp-os/kernel/utils.c:92
/home/chl/AI_deck/gap_sdk/CNN_SSD_Body_detection/BUILD/GAP8_V2/GCC_RISCV/body_detection:00000358 00000034 D dev_rtc	/home/chl/AI_deck/gap_sdk/rtos/pulp/pulp-os/drivers_deprecated/dolphin/rtc.c:24
/home/chl/AI_deck/gap_sdk/CNN_SSD_Body_detection/BUILD/GAP8_V2/GCC_RISCV/body_detection:1c012cc2 00000034 t _get_digit	/home/chl/AI_deck/gap_sdk/rtos/pulp/pulp-os/libs/io/prf.c:167
/home/chl/AI_deck/gap_sdk/CNN_SSD_Body_detection/BUILD/GAP8_V2/GCC_RISCV/body_detection:1c014758 00000034 r __hyper_pad	/home/chl/AI_deck/gap_sdk/rtos/pulp/pulp-os/drivers/hyper/hyperram-v1.c:164
/home/chl/AI_deck/gap_sdk/CNN_SSD_Body_detection/BUILD/GAP8_V2/GCC_RISCV/body_detection:1c0119b8 00000034 T pi_pad_set_function	/home/chl/AI_deck/gap_sdk/rtos/pulp/pulp-os/drivers/pads/pads-v1.c:24
/home/chl/AI_deck/gap_sdk/CNN_SSD_Body_detection/BUILD/GAP8_V2/GCC_RISCV/body_detection:1c010684 00000034 T __rt_bridge_init	/home/chl/AI_deck/gap_sdk/rtos/pulp/pulp-os/kernel/bridge.c:851
/home/chl/AI_deck/gap_sdk/CNN_SSD_Body_detection/BUILD/GAP8_V2/GCC_RISCV/body_detection:1c010380 00000034 T __rt_fc_unlock	/home/chl/AI_deck/gap_sdk/rtos/pulp/pulp-os/kernel/utils.c:127
/home/chl/AI_deck/gap_sdk/CNN_SSD_Body_detection/BUILD/GAP8_V2/GCC_RISCV/body_detection:1c01234e 00000034 t __rt_i2s_resume	/home/chl/AI_deck/gap_sdk/rtos/pulp/pulp-os/drivers_deprecated/i2s/i2s-v1.c:186
/home/chl/AI_deck/gap_sdk/CNN_SSD_Body_detection/BUILD/GAP8_V2/GCC_RISCV/body_detection:1c0125e2 00000034 t __rt_putc_host_cluster_req	/home/chl/AI_deck/gap_sdk/rtos/pulp/pulp-os/libs/io/io.c:451
/home/chl/AI_deck/gap_sdk/CNN_SSD_Body_detection/BUILD/GAP8_V2/GCC_RISCV/body_detection:1c013a34 00000034 T rt_uart_cluster_write	/home/chl/AI_deck/gap_sdk/rtos/pulp/pulp-os/drivers_deprecated/uart/uart.c:277
/home/chl/AI_deck/gap_sdk/CNN_SSD_Body_detection/BUILD/GAP8_V2/GCC_RISCV/body_detection:1c012874 00000036 T memcpy	/home/chl/AI_deck/gap_sdk/rtos/pulp/pulp-os/libs/io/io.c:159
/home/chl/AI_deck/gap_sdk/CNN_SSD_Body_detection/BUILD/GAP8_V2/GCC_RISCV/body_detection:1c0103ec 00000036 T __rt_fc_cluster_unlock	/home/chl/AI_deck/gap_sdk/rtos/pulp/pulp-os/kernel/utils.c:199
/home/chl/AI_deck/gap_sdk/CNN_SSD_Body_detection/BUILD/GAP8_V2/GCC_RISCV/body_detection:1c00d938 00000038 T __pi_cl_fs_copy_req	/home/chl/AI_deck/gap_sdk/rtos/pmsis/pmsis_bsp/fs/fs.c:381
/home/chl/AI_deck/gap_sdk/CNN_SSD_Body_detection/BUILD/GAP8_V2/GCC_RISCV/body_detection:1c00dc1c 00000038 t __pi_fs_free	/home/chl/AI_deck/gap_sdk/rtos/pmsis/pmsis_bsp/fs/read_fs/read_fs.c:122
/home/chl/AI_deck/gap_sdk/CNN_SSD_Body_detection/BUILD/GAP8_V2/GCC_RISCV/body_detection:1c0103b4 00000038 T __rt_fc_cluster_lock	/home/chl/AI_deck/gap_sdk/rtos/pulp/pulp-os/kernel/utils.c:189
/home/chl/AI_deck/gap_sdk/CNN_SSD_Body_detection/BUILD/GAP8_V2/GCC_RISCV/body_detection:1c00ff1a 0000003c t __bsp_init_pads
/home/chl/AI_deck/gap_sdk/CNN_SSD_Body_detection/BUILD/GAP8_V2/GCC_RISCV/body_detection:1c011710 0000003c T __rt_cluster_new	/home/chl/AI_deck/gap_sdk/rtos/pulp/pulp-os/kernel/cluster.c:445
/home/chl/AI_deck/gap_sdk/CNN_SSD_Body_detection/BUILD/GAP8_V2/GCC_RISCV/body_detection:1c01174c 0000003c t __rt_cluster_pulpos_emu_init	/home/chl/AI_deck/gap_sdk/rtos/pulp/pulp-os/kernel/pulpos_emu.c:29
/home/chl/AI_deck/gap_sdk/CNN_SSD_Body_detection/BUILD/GAP8_V2/GCC_RISCV/body_detection:1c012922 0000003c T __rt_putc_uart	/home/chl/AI_deck/gap_sdk/rtos/pulp/pulp-os/libs/io/io.c:412
/home/chl/AI_deck/gap_sdk/CNN_SSD_Body_detection/BUILD/GAP8_V2/GCC_RISCV/body_detection:1c0137ca 0000003c T sprintf	/home/chl/AI_deck/gap_sdk/rtos/pulp/pulp-os/libs/io/sprintf.c:55
/home/chl/AI_deck/gap_sdk/CNN_SSD_Body_detection/BUILD/GAP8_V2/GCC_RISCV/body_detection:1c00db3a 0000003e t __pi_read_fs_write	/home/chl/AI_deck/gap_sdk/rtos/pmsis/pmsis_bsp/fs/read_fs/read_fs.c:499
/home/chl/AI_deck/gap_sdk/CNN_SSD_Body_detection/BUILD/GAP8_V2/GCC_RISCV/body_detection:1c0102be 0000003e T __rt_cbsys_add	/home/chl/AI_deck/gap_sdk/rtos/pulp/pulp-os/kernel/utils.c:57
/home/chl/AI_deck/gap_sdk/CNN_SSD_Body_detection/BUILD/GAP8_V2/GCC_RISCV/body_detection:1c010f16 0000003e T __rt_freq_init	/home/chl/AI_deck/gap_sdk/rtos/pulp/pulp-os/kernel/gap/freq.c:62
/home/chl/AI_deck/gap_sdk/CNN_SSD_Body_detection/BUILD/GAP8_V2/GCC_RISCV/body_detection:1c00e3c0 00000040 t hyperflash_stall_task	/home/chl/AI_deck/gap_sdk/rtos/pmsis/pmsis_bsp/flash/hyperflash/hyperflash.c:488
/home/chl/AI_deck/gap_sdk/CNN_SSD_Body_detection/BUILD/GAP8_V2/GCC_RISCV/body_detection:1c00daf2 00000040 T pi_cl_fs_copy	/home/chl/AI_deck/gap_sdk/rtos/pmsis/pmsis_bsp/fs/fs.c:406
/home/chl/AI_deck/gap_sdk/CNN_SSD_Body_detection/BUILD/GAP8_V2/GCC_RISCV/body_detection:1c00db88 00000040 t __pi_read_fs_direct_read_async	/home/chl/AI_deck/gap_sdk/rtos/pmsis/pmsis_bsp/fs/read_fs/read_fs.c:624
/home/chl/AI_deck/gap_sdk/CNN_SSD_Body_detection/BUILD/GAP8_V2/GCC_RISCV/body_detection:1c00ef44 00000042 T pi_cl_ram_copy	/home/chl/AI_deck/gap_sdk/rtos/pmsis/pmsis_bsp/ram/ram.c:54
/home/chl/AI_deck/gap_sdk/CNN_SSD_Body_detection/BUILD/GAP8_V2/GCC_RISCV/body_detection:1c00e17c 00000042 t __pi_read_fs_read_async	/home/chl/AI_deck/gap_sdk/rtos/pmsis/pmsis_bsp/fs/read_fs/read_fs.c:586
/home/chl/AI_deck/gap_sdk/CNN_SSD_Body_detection/BUILD/GAP8_V2/GCC_RISCV/body_detection:1c0105ca 00000042 T __rt_bridge_printf_flush
/home/chl/AI_deck/gap_sdk/CNN_SSD_Body_detection/BUILD/GAP8_V2/GCC_RISCV/body_detection:1c0124b6 00000042 t __rt_do_putc_host	/home/chl/AI_deck/gap_sdk/rtos/pulp/pulp-os/libs/io/io.c:430
/home/chl/AI_deck/gap_sdk/CNN_SSD_Body_detection/BUILD/GAP8_V2/GCC_RISCV/body_detection:1c0138e0 00000042 t __rt_uart_cluster_req	/home/chl/AI_deck/gap_sdk/rtos/pulp/pulp-os/drivers_deprecated/uart/uart.c:266
/home/chl/AI_deck/gap_sdk/CNN_SSD_Body_detection/BUILD/GAP8_V2/GCC_RISCV/body_detection:1c013872 00000042 t __rt_uart_wait_tx_done.isra.6	/home/chl/AI_deck/gap_sdk/rtos/pulp/pulp-os/drivers_deprecated/uart/uart.c:222
/home/chl/AI_deck/gap_sdk/CNN_SSD_Body_detection/BUILD/GAP8_V2/GCC_RISCV/body_detection:1c00ec28 00000044 t hyperflash_erase_async	/home/chl/AI_deck/gap_sdk/rtos/pmsis/pmsis_bsp/flash/hyperflash/hyperflash.c:826
/home/chl/AI_deck/gap_sdk/CNN_SSD_Body_detection/BUILD/GAP8_V2/GCC_RISCV/body_detection:1c011284 00000044 T InitFlls	/home/chl/AI_deck/gap_sdk/rtos/pulp/pulp-os/kernel/gap/pmu_driver.c:858
/home/chl/AI_deck/gap_sdk/CNN_SSD_Body_detection/BUILD/GAP8_V2/GCC_RISCV/body_detection:1c012c7e 00000044 t _ldiv5	/home/chl/AI_deck/gap_sdk/rtos/pulp/pulp-os/libs/io/prf.c:143
/home/chl/AI_deck/gap_sdk/CNN_SSD_Body_detection/BUILD/GAP8_V2/GCC_RISCV/body_detection:1c00e2c6 00000046 t __pi_host_fs_copy_async	/home/chl/AI_deck/gap_sdk/rtos/pmsis/pmsis_bsp/fs/host_fs/host_fs.c:115
/home/chl/AI_deck/gap_sdk/CNN_SSD_Body_detection/BUILD/GAP8_V2/GCC_RISCV/body_detection:1c011d32 00000046 t __pi_hyper_copy_exec
/home/chl/AI_deck/gap_sdk/CNN_SSD_Body_detection/BUILD/GAP8_V2/GCC_RISCV/body_detection:1c01045e 00000046 t __rt_bridge_wait
/home/chl/AI_deck/gap_sdk/CNN_SSD_Body_detection/BUILD/GAP8_V2/GCC_RISCV/body_detection:1c014ff4 00000048 B AT_GraphPerf
/home/chl/AI_deck/gap_sdk/CNN_SSD_Body_detection/BUILD/GAP8_V2/GCC_RISCV/body_detection:1c0108b6 00000048 T rt_user_alloc	/home/chl/AI_deck/gap_sdk/rtos/pulp/pulp-os/kernel/alloc.c:207
/home/chl/AI_deck/gap_sdk/CNN_SSD_Body_detection/BUILD/GAP8_V2/GCC_RISCV/body_detection:1c01196e 0000004a T pi_cluster_send_task_to_cl	/home/chl/AI_deck/gap_sdk/rtos/pulp/pulp-os/kernel/cluster_call.c:149
/home/chl/AI_deck/gap_sdk/CNN_SSD_Body_detection/BUILD/GAP8_V2/GCC_RISCV/body_detection:1c010ecc 0000004a T rt_freq_set_and_get	/home/chl/AI_deck/gap_sdk/rtos/pulp/pulp-os/kernel/gap/freq.c:30
/home/chl/AI_deck/gap_sdk/CNN_SSD_Body_detection/BUILD/GAP8_V2/GCC_RISCV/body_detection:1c01051c 0000004c T __rt_bridge_check_connection
/home/chl/AI_deck/gap_sdk/CNN_SSD_Body_detection/BUILD/GAP8_V2/GCC_RISCV/body_detection:1c010152 0000004c T rt_irq_set_handler	/home/chl/AI_deck/gap_sdk/rtos/pulp/pulp-os/kernel/irq.c:61
/home/chl/AI_deck/gap_sdk/CNN_SSD_Body_detection/BUILD/GAP8_V2/GCC_RISCV/body_detection:1c0108fe 0000004c T rt_user_free	/home/chl/AI_deck/gap_sdk/rtos/pulp/pulp-os/kernel/alloc.c:291
/home/chl/AI_deck/gap_sdk/CNN_SSD_Body_detection/BUILD/GAP8_V2/GCC_RISCV/body_detection:1c00dea8 0000004e t __pi_read_fs_close
/home/chl/AI_deck/gap_sdk/CNN_SSD_Body_detection/BUILD/GAP8_V2/GCC_RISCV/body_detection:1c0139e6 0000004e T rt_uart_close	/home/chl/AI_deck/gap_sdk/rtos/pulp/pulp-os/drivers_deprecated/uart/uart.c:228
/home/chl/AI_deck/gap_sdk/CNN_SSD_Body_detection/BUILD/GAP8_V2/GCC_RISCV/body_detection:1c00da68 00000050 T __pi_cl_fs_copy_req_exec	/home/chl/AI_deck/gap_sdk/rtos/pmsis/pmsis_bsp/fs/fs.c:359
/home/chl/AI_deck/gap_sdk/CNN_SSD_Body_detection/BUILD/GAP8_V2/GCC_RISCV/body_detection:1c0101a0 00000050 T __rt_handle_illegal_instr	/home/chl/AI_deck/gap_sdk/rtos/pulp/pulp-os/kernel/irq.c:94
/home/chl/AI_deck/gap_sdk/CNN_SSD_Body_detection/BUILD/GAP8_V2/GCC_RISCV/body_detection:1c012466 00000050 t __rt_io_uart_wait_req	/home/chl/AI_deck/gap_sdk/rtos/pulp/pulp-os/libs/io/io.c:315
/home/chl/AI_deck/gap_sdk/CNN_SSD_Body_detection/BUILD/GAP8_V2/GCC_RISCV/body_detection:1c011e40 00000052 t exec_pending_task	/home/chl/AI_deck/gap_sdk/rtos/pulp/pulp-os/drivers/hyper/hyperram-v1.c:867
/home/chl/AI_deck/gap_sdk/CNN_SSD_Body_detection/BUILD/GAP8_V2/GCC_RISCV/body_detection:1c00efe0 00000052 T extern_alloc_init	/home/chl/AI_deck/gap_sdk/rtos/pmsis/pmsis_bsp/ram/alloc_extern.c:104
/home/chl/AI_deck/gap_sdk/CNN_SSD_Body_detection/BUILD/GAP8_V2/GCC_RISCV/body_detection:1c00ed14 00000052 t hyperflash_check_program	/home/chl/AI_deck/gap_sdk/rtos/pmsis/pmsis_bsp/flash/hyperflash/hyperflash.c:672
/home/chl/AI_deck/gap_sdk/CNN_SSD_Body_detection/BUILD/GAP8_V2/GCC_RISCV/body_detection:1c0123d8 00000052 T __rt_i2s_init	/home/chl/AI_deck/gap_sdk/rtos/pulp/pulp-os/drivers_deprecated/i2s/i2s-v1.c:268
/home/chl/AI_deck/gap_sdk/CNN_SSD_Body_detection/BUILD/GAP8_V2/GCC_RISCV/body_detection:1c0101f0 00000052 T __rt_irq_init	/home/chl/AI_deck/gap_sdk/rtos/pulp/pulp-os/kernel/irq.c:103
/home/chl/AI_deck/gap_sdk/CNN_SSD_Body_detection/BUILD/GAP8_V2/GCC_RISCV/body_detection:1c0148e4 00000054 d hyperflash_api	/home/chl/AI_deck/gap_sdk/rtos/pmsis/pmsis_bsp/flash/hyperflash/hyperflash.c:943
/home/chl/AI_deck/gap_sdk/CNN_SSD_Body_detection/BUILD/GAP8_V2/GCC_RISCV/body_detection:1c00ecc0 00000054 t hyperflash_check_erase	/home/chl/AI_deck/gap_sdk/rtos/pmsis/pmsis_bsp/flash/hyperflash/hyperflash.c:708
/home/chl/AI_deck/gap_sdk/CNN_SSD_Body_detection/BUILD/GAP8_V2/GCC_RISCV/body_detection:1c001332 00000056 T __fixsfsi	/home/haugoug/src/riscv-gnu-toolchain/riscv-gcc/libgcc/soft-fp/fixsfsi.c:35
/home/chl/AI_deck/gap_sdk/CNN_SSD_Body_detection/BUILD/GAP8_V2/GCC_RISCV/body_detection:1c00e7f2 00000056 t hyperflash_reg_set_async	/home/chl/AI_deck/gap_sdk/rtos/pmsis/pmsis_bsp/flash/hyperflash/hyperflash.c:311
/home/chl/AI_deck/gap_sdk/CNN_SSD_Body_detection/BUILD/GAP8_V2/GCC_RISCV/body_detection:1c011d78 00000056 t __pi_hyper_copy	/home/chl/AI_deck/gap_sdk/rtos/pulp/pulp-os/drivers/hyper/hyperram-v1.c:914
/home/chl/AI_deck/gap_sdk/CNN_SSD_Body_detection/BUILD/GAP8_V2/GCC_RISCV/body_detection:1c010e18 00000056 T __rt_periph_wait_event	/home/chl/AI_deck/gap_sdk/rtos/pulp/pulp-os/kernel/periph-v2.c:237
/home/chl/AI_deck/gap_sdk/CNN_SSD_Body_detection/BUILD/GAP8_V2/GCC_RISCV/body_detection:1c011cda 00000058 T __pi_hyper_copy_aligned	/home/chl/AI_deck/gap_sdk/rtos/pulp/pulp-os/drivers/hyper/hyperram-v1.c:480
/home/chl/AI_deck/gap_sdk/CNN_SSD_Body_detection/BUILD/GAP8_V2/GCC_RISCV/body_detection:1c012266 00000058 T rt_extern_alloc_init	/home/chl/AI_deck/gap_sdk/rtos/pulp/pulp-os/kernel/alloc_extern.c:105
/home/chl/AI_deck/gap_sdk/CNN_SSD_Body_detection/BUILD/GAP8_V2/GCC_RISCV/body_detection:1c00c248 0000005a T cnn_ssdCNN_Destruct	/home/chl/AI_deck/gap_sdk/CNN_SSD_Body_detection/BUILD_MODEL_16BIT/cnn_ssdKernels.c:2714
/home/chl/AI_deck/gap_sdk/CNN_SSD_Body_detection/BUILD/GAP8_V2/GCC_RISCV/body_detection:1c00ef86 0000005a T pi_cl_ram_copy_2d	/home/chl/AI_deck/gap_sdk/rtos/pmsis/pmsis_bsp/ram/ram.c:71
/home/chl/AI_deck/gap_sdk/CNN_SSD_Body_detection/BUILD/GAP8_V2/GCC_RISCV/body_detection:1c0124f8 0000005a t __rt_io_start	/home/chl/AI_deck/gap_sdk/rtos/pulp/pulp-os/libs/io/io.c:746
/home/chl/AI_deck/gap_sdk/CNN_SSD_Body_detection/BUILD/GAP8_V2/GCC_RISCV/body_detection:1c00e32c 0000005c t __pi_host_fs_open	/home/chl/AI_deck/gap_sdk/rtos/pmsis/pmsis_bsp/fs/host_fs/host_fs.c:44
/home/chl/AI_deck/gap_sdk/CNN_SSD_Body_detection/BUILD/GAP8_V2/GCC_RISCV/body_detection:1c011818 0000005c T rt_cluster_mount	/home/chl/AI_deck/gap_sdk/rtos/pulp/pulp-os/kernel/pulpos_emu.c:68
/home/chl/AI_deck/gap_sdk/CNN_SSD_Body_detection/BUILD/GAP8_V2/GCC_RISCV/body_detection:1c013a68 0000005c T __rt_uart_init	/home/chl/AI_deck/gap_sdk/rtos/pulp/pulp-os/drivers_deprecated/uart/uart.c:292
/home/chl/AI_deck/gap_sdk/CNN_SSD_Body_detection/BUILD/GAP8_V2/GCC_RISCV/body_detection:1c00f03a 0000005e T extern_alloc	/home/chl/AI_deck/gap_sdk/rtos/pmsis/pmsis_bsp/ram/alloc_extern.c:135
/home/chl/AI_deck/gap_sdk/CNN_SSD_Body_detection/BUILD/GAP8_V2/GCC_RISCV/body_detection:1c00e8fa 0000005e t hyperflash_program_async	/home/chl/AI_deck/gap_sdk/rtos/pmsis/pmsis_bsp/flash/hyperflash/hyperflash.c:690
/home/chl/AI_deck/gap_sdk/CNN_SSD_Body_detection/BUILD/GAP8_V2/GCC_RISCV/body_detection:1c00f134 0000005e T pi_partition_find_first	/home/chl/AI_deck/gap_sdk/rtos/pmsis/pmsis_bsp/partition/partition.c:65
/home/chl/AI_deck/gap_sdk/CNN_SSD_Body_detection/BUILD/GAP8_V2/GCC_RISCV/body_detection:1c010e6e 0000005e T __rt_periph_init	/home/chl/AI_deck/gap_sdk/rtos/pulp/pulp-os/kernel/periph-v2.c:276
/home/chl/AI_deck/gap_sdk/CNN_SSD_Body_detection/BUILD/GAP8_V2/GCC_RISCV/body_detection:1c0128c4 0000005e T __rt_putc_debug_bridge	/home/chl/AI_deck/gap_sdk/rtos/pulp/pulp-os/libs/io/io.c:288
/home/chl/AI_deck/gap_sdk/CNN_SSD_Body_detection/BUILD/GAP8_V2/GCC_RISCV/body_detection:1c00e792 00000060 t hyperflash_reg_get_async	/home/chl/AI_deck/gap_sdk/rtos/pmsis/pmsis_bsp/flash/hyperflash/hyperflash.c:325
/home/chl/AI_deck/gap_sdk/CNN_SSD_Body_detection/BUILD/GAP8_V2/GCC_RISCV/body_detection:1c0113a0 00000062 t __rt_init_cluster_data	/home/chl/AI_deck/gap_sdk/rtos/pulp/pulp-os/kernel/cluster.c:72
/home/chl/AI_deck/gap_sdk/CNN_SSD_Body_detection/BUILD/GAP8_V2/GCC_RISCV/body_detection:1c011402 00000064 t __rt_cluster_init	/home/chl/AI_deck/gap_sdk/rtos/pulp/pulp-os/kernel/cluster.c:382
/home/chl/AI_deck/gap_sdk/CNN_SSD_Body_detection/BUILD/GAP8_V2/GCC_RISCV/body_detection:1c0107ce 00000064 T __rt_event_execute	/home/chl/AI_deck/gap_sdk/rtos/pulp/pulp-os/kernel/events.c:189
/home/chl/AI_deck/gap_sdk/CNN_SSD_Body_detection/BUILD/GAP8_V2/GCC_RISCV/body_detection:1c00f32e 0000006c T flash_partition_find_first	/home/chl/AI_deck/gap_sdk/rtos/pmsis/pmsis_bsp/partition/flash_partition.c:228
/home/chl/AI_deck/gap_sdk/CNN_SSD_Body_detection/BUILD/GAP8_V2/GCC_RISCV/body_detection:1c00eeaa 00000070 t __pi_ram_cluster_req
/home/chl/AI_deck/gap_sdk/CNN_SSD_Body_detection/BUILD/GAP8_V2/GCC_RISCV/body_detection:1c0116a0 00000070 T __rt_cluster_push_fc_event	/home/chl/AI_deck/gap_sdk/rtos/pulp/pulp-os/kernel/cluster.c:413
/home/chl/AI_deck/gap_sdk/CNN_SSD_Body_detection/BUILD/GAP8_V2/GCC_RISCV/body_detection:1c012572 00000070 t __rt_io_lock
/home/chl/AI_deck/gap_sdk/CNN_SSD_Body_detection/BUILD/GAP8_V2/GCC_RISCV/body_detection:1c012616 00000070 t __rt_io_unlock
/home/chl/AI_deck/gap_sdk/CNN_SSD_Body_detection/BUILD/GAP8_V2/GCC_RISCV/body_detection:1c00df92 00000072 t __pi_fs_read_cached	/home/chl/AI_deck/gap_sdk/rtos/pmsis/pmsis_bsp/fs/read_fs/read_fs.c:434
/home/chl/AI_deck/gap_sdk/CNN_SSD_Body_detection/BUILD/GAP8_V2/GCC_RISCV/body_detection:1c0109f6 00000072 T __rt_allocs_init	/home/chl/AI_deck/gap_sdk/rtos/pulp/pulp-os/kernel/alloc.c:465
/home/chl/AI_deck/gap_sdk/CNN_SSD_Body_detection/BUILD/GAP8_V2/GCC_RISCV/body_detection:1c012b2e 00000072 T __rt_io_init	/home/chl/AI_deck/gap_sdk/rtos/pulp/pulp-os/libs/io/io.c:800
/home/chl/AI_deck/gap_sdk/CNN_SSD_Body_detection/BUILD/GAP8_V2/GCC_RISCV/body_detection:1c00f192 00000074 T flash_partition_table_verify	/home/chl/AI_deck/gap_sdk/rtos/pmsis/pmsis_bsp/partition/flash_partition.c:80
/home/chl/AI_deck/gap_sdk/CNN_SSD_Body_detection/BUILD/GAP8_V2/GCC_RISCV/body_detection:1c012aae 00000076 T exit	/home/chl/AI_deck/gap_sdk/rtos/pulp/pulp-os/libs/io/io.c:690
/home/chl/AI_deck/gap_sdk/CNN_SSD_Body_detection/BUILD/GAP8_V2/GCC_RISCV/body_detection:1c00e616 00000076 t hyperflash_read_async	/home/chl/AI_deck/gap_sdk/rtos/pmsis/pmsis_bsp/flash/hyperflash/hyperflash.c:339
/home/chl/AI_deck/gap_sdk/CNN_SSD_Body_detection/BUILD/GAP8_V2/GCC_RISCV/body_detection:1c0106f8 00000076 T rt_event_alloc	/home/chl/AI_deck/gap_sdk/rtos/pulp/pulp-os/kernel/events.c:52
/home/chl/AI_deck/gap_sdk/CNN_SSD_Body_detection/BUILD/GAP8_V2/GCC_RISCV/body_detection:1c0104a4 00000078 T __rt_bridge_handle_notif	/home/chl/AI_deck/gap_sdk/rtos/pulp/pulp-os/kernel/bridge.c:644
/home/chl/AI_deck/gap_sdk/CNN_SSD_Body_detection/BUILD/GAP8_V2/GCC_RISCV/body_detection:1c01060c 00000078 T __rt_bridge_req_shutdown	/home/chl/AI_deck/gap_sdk/rtos/pulp/pulp-os/kernel/bridge.c:774
/home/chl/AI_deck/gap_sdk/CNN_SSD_Body_detection/BUILD/GAP8_V2/GCC_RISCV/body_detection:1c010ac8 0000007a T rt_event_push_delayed	/home/chl/AI_deck/gap_sdk/rtos/pulp/pulp-os/kernel/time.c:59
/home/chl/AI_deck/gap_sdk/CNN_SSD_Body_detection/BUILD/GAP8_V2/GCC_RISCV/body_detection:1c010242 0000007c t __rt_fc_cluster_lock_req	/home/chl/AI_deck/gap_sdk/rtos/pulp/pulp-os/kernel/utils.c:142
/home/chl/AI_deck/gap_sdk/CNN_SSD_Body_detection/BUILD/GAP8_V2/GCC_RISCV/body_detection:1c0015ce 0000007c T writeDetImg	/home/chl/AI_deck/gap_sdk/CNN_SSD_Body_detection/main.c:114
/home/chl/AI_deck/gap_sdk/CNN_SSD_Body_detection/BUILD/GAP8_V2/GCC_RISCV/body_detection:1c001998 0000007e T drawBboxes	/home/chl/AI_deck/gap_sdk/CNN_SSD_Body_detection/main.c:499
/home/chl/AI_deck/gap_sdk/CNN_SSD_Body_detection/BUILD/GAP8_V2/GCC_RISCV/body_detection:1c00e1f6 00000080 t __pi_host_fs_copy_2d_async	/home/chl/AI_deck/gap_sdk/rtos/pmsis/pmsis_bsp/fs/host_fs/host_fs.c:126
/home/chl/AI_deck/gap_sdk/CNN_SSD_Body_detection/BUILD/GAP8_V2/GCC_RISCV/body_detection:1c014dc8 00000080 b __pi_hyper_temp_buffer	/home/chl/AI_deck/gap_sdk/rtos/pulp/pulp-os/drivers/hyper/hyperram-v1.c:160
/home/chl/AI_deck/gap_sdk/CNN_SSD_Body_detection/BUILD/GAP8_V2/GCC_RISCV/body_detection:1c014ee0 00000080 b __rt_io_event	/home/chl/AI_deck/gap_sdk/rtos/pulp/pulp-os/libs/io/io.c:39
/home/chl/AI_deck/gap_sdk/CNN_SSD_Body_detection/BUILD/GAP8_V2/GCC_RISCV/body_detection:1c014c20 00000080 d __rt_putc_host_buffer	/home/chl/AI_deck/gap_sdk/rtos/pulp/pulp-os/libs/io/io.c:47
/home/chl/AI_deck/gap_sdk/CNN_SSD_Body_detection/BUILD/GAP8_V2/GCC_RISCV/body_detection:1c00cd98 00000086 t KerConv3x2from3x3Stride1_H_DP_fp.isra.61	/home/chl/AI_deck/gap_sdk/tools/autotiler_v3/CNN_Libraries/CNN_Conv_DP_BasicKernels.c:6388
/home/chl/AI_deck/gap_sdk/CNN_SSD_Body_detection/BUILD/GAP8_V2/GCC_RISCV/body_detection:1c0122c8 00000086 T __pi_gpio_handler	/home/chl/AI_deck/gap_sdk/rtos/pulp/pulp-os/drivers/gpio/gpio-v2.c:54
/home/chl/AI_deck/gap_sdk/CNN_SSD_Body_detection/BUILD/GAP8_V2/GCC_RISCV/body_detection:1c014d14 00000088 b bsp_fs_data	/home/chl/AI_deck/gap_sdk/rtos/pmsis/pmsis_bsp/fs/host_fs/host_fs.c:27
/home/chl/AI_deck/gap_sdk/CNN_SSD_Body_detection/BUILD/GAP8_V2/GCC_RISCV/body_detection:1c0014bc 00000088 T __extendsfdf2	/home/haugoug/src/riscv-gnu-toolchain/riscv-gcc/libgcc/soft-fp/extendsfdf2.c:37
/home/chl/AI_deck/gap_sdk/CNN_SSD_Body_detection/BUILD/GAP8_V2/GCC_RISCV/body_detection:1c00e992 00000088 t hyperflash_open	/home/chl/AI_deck/gap_sdk/rtos/pmsis/pmsis_bsp/flash/hyperflash/hyperflash.c:224
/home/chl/AI_deck/gap_sdk/CNN_SSD_Body_detection/BUILD/GAP8_V2/GCC_RISCV/body_detection:1c00e400 0000008a t hyperflash_read_2d_async	/home/chl/AI_deck/gap_sdk/rtos/pmsis/pmsis_bsp/flash/hyperflash/hyperflash.c:351
/home/chl/AI_deck/gap_sdk/CNN_SSD_Body_detection/BUILD/GAP8_V2/GCC_RISCV/body_detection:1c001544 0000008a t RunNN	/home/chl/AI_deck/gap_sdk/CNN_SSD_Body_detection/main.c:381
/home/chl/AI_deck/gap_sdk/CNN_SSD_Body_detection/BUILD/GAP8_V2/GCC_RISCV/body_detection:1c00f098 0000008c T extern_free	/home/chl/AI_deck/gap_sdk/rtos/pmsis/pmsis_bsp/ram/alloc_extern.c:202
/home/chl/AI_deck/gap_sdk/CNN_SSD_Body_detection/BUILD/GAP8_V2/GCC_RISCV/body_detection:1c010b66 0000008c T __rt_time_init	/home/chl/AI_deck/gap_sdk/rtos/pulp/pulp-os/kernel/time.c:136
/home/chl/AI_deck/gap_sdk/CNN_SSD_Body_detection/BUILD/GAP8_V2/GCC_RISCV/body_detection:1c013958 0000008e T __rt_uart_open	/home/chl/AI_deck/gap_sdk/rtos/pulp/pulp-os/drivers_deprecated/uart/uart.c:151
/home/chl/AI_deck/gap_sdk/CNN_SSD_Body_detection/BUILD/GAP8_V2/GCC_RISCV/body_detection:1c00142c 00000090 T __floatunsisf	/home/haugoug/src/riscv-gnu-toolchain/riscv-gcc/libgcc/soft-fp/floatunsisf.c:35
/home/chl/AI_deck/gap_sdk/CNN_SSD_Body_detection/BUILD/GAP8_V2/GCC_RISCV/body_detection:1c011788 00000090 T rt_cluster_call	/home/chl/AI_deck/gap_sdk/rtos/pulp/pulp-os/kernel/pulpos_emu.c:40
/home/chl/AI_deck/gap_sdk/CNN_SSD_Body_detection/BUILD/GAP8_V2/GCC_RISCV/body_detection:1c010fa6 00000090 T __rt_pmu_cluster_power_down	/home/chl/AI_deck/gap_sdk/rtos/pulp/pulp-os/kernel/gap/pmu_driver.c:205
/home/chl/AI_deck/gap_sdk/CNN_SSD_Body_detection/BUILD/GAP8_V2/GCC_RISCV/body_detection:1c012760 00000092 t __rt_io_uart_wait_pending	/home/chl/AI_deck/gap_sdk/rtos/pulp/pulp-os/libs/io/io.c:332
/home/chl/AI_deck/gap_sdk/CNN_SSD_Body_detection/BUILD/GAP8_V2/GCC_RISCV/body_detection:1c012bcc 00000092 t _to_x	/home/chl/AI_deck/gap_sdk/rtos/pulp/pulp-os/libs/io/prf.c:44
/home/chl/AI_deck/gap_sdk/CNN_SSD_Body_detection/BUILD/GAP8_V2/GCC_RISCV/body_detection:1c00edfc 00000094 t hyperram_open	/home/chl/AI_deck/gap_sdk/rtos/pmsis/pmsis_bsp/ram/hyperram/hyperram.c:40
/home/chl/AI_deck/gap_sdk/CNN_SSD_Body_detection/BUILD/GAP8_V2/GCC_RISCV/body_detection:1c0055ea 00000094 T initAnchorLayer_2	/home/chl/AI_deck/gap_sdk/CNN_SSD_Body_detection/SSDParams.c:57
/home/chl/AI_deck/gap_sdk/CNN_SSD_Body_detection/BUILD/GAP8_V2/GCC_RISCV/body_detection:1c00e0e8 00000094 t __pi_read_fs_try_read	/home/chl/AI_deck/gap_sdk/rtos/pmsis/pmsis_bsp/fs/read_fs/read_fs.c:537
/home/chl/AI_deck/gap_sdk/CNN_SSD_Body_detection/BUILD/GAP8_V2/GCC_RISCV/body_detection:1c00567e 00000096 T initAnchorLayer_3	/home/chl/AI_deck/gap_sdk/CNN_SSD_Body_detection/SSDParams.c:98
/home/chl/AI_deck/gap_sdk/CNN_SSD_Body_detection/BUILD/GAP8_V2/GCC_RISCV/body_detection:1c014e48 00000098 b __rt_gpio	/home/chl/AI_deck/gap_sdk/rtos/pulp/pulp-os/drivers/gpio/gpio-v2.c:34
/home/chl/AI_deck/gap_sdk/CNN_SSD_Body_detection/BUILD/GAP8_V2/GCC_RISCV/body_detection:1c00554e 0000009c T initAnchorLayer_1	/home/chl/AI_deck/gap_sdk/CNN_SSD_Body_detection/SSDParams.c:16
/home/chl/AI_deck/gap_sdk/CNN_SSD_Body_detection/BUILD/GAP8_V2/GCC_RISCV/body_detection:1c00fca2 0000009c T MD5_Update	/home/chl/AI_deck/gap_sdk/rtos/pmsis/pmsis_bsp/crc/md5.c:218
/home/chl/AI_deck/gap_sdk/CNN_SSD_Body_detection/BUILD/GAP8_V2/GCC_RISCV/body_detection:1c00def6 0000009c t __pi_read_fs_mount	/home/chl/AI_deck/gap_sdk/rtos/pmsis/pmsis_bsp/fs/read_fs/read_fs.c:242
/home/chl/AI_deck/gap_sdk/CNN_SSD_Body_detection/BUILD/GAP8_V2/GCC_RISCV/body_detection:1c011c3c 0000009e T pi_hyper_close	/home/chl/AI_deck/gap_sdk/rtos/pulp/pulp-os/drivers/hyper/hyperram-v1.c:337
/home/chl/AI_deck/gap_sdk/CNN_SSD_Body_detection/BUILD/GAP8_V2/GCC_RISCV/body_detection:1c012128 0000009e t __pi_hyper_copy_2d	/home/chl/AI_deck/gap_sdk/rtos/pulp/pulp-os/drivers/hyper/hyperram-v1.c:946
/home/chl/AI_deck/gap_sdk/CNN_SSD_Body_detection/BUILD/GAP8_V2/GCC_RISCV/body_detection:1c005714 000000a0 T initAnchorLayer_4	/home/chl/AI_deck/gap_sdk/CNN_SSD_Body_detection/SSDParams.c:139
/home/chl/AI_deck/gap_sdk/CNN_SSD_Body_detection/BUILD/GAP8_V2/GCC_RISCV/body_detection:1c001388 000000a4 T __floatsisf	/home/haugoug/src/riscv-gnu-toolchain/riscv-gcc/libgcc/soft-fp/floatsisf.c:35
/home/chl/AI_deck/gap_sdk/CNN_SSD_Body_detection/BUILD/GAP8_V2/GCC_RISCV/body_detection:1c011116 000000a4 T InitOneFll	/home/chl/AI_deck/gap_sdk/rtos/pulp/pulp-os/kernel/gap/pmu_driver.c:771
/home/chl/AI_deck/gap_sdk/CNN_SSD_Body_detection/BUILD/GAP8_V2/GCC_RISCV/body_detection:1c00eb7e 000000aa t hyperflash_erase_resume	/home/chl/AI_deck/gap_sdk/rtos/pmsis/pmsis_bsp/flash/hyperflash/hyperflash.c:765
/home/chl/AI_deck/gap_sdk/CNN_SSD_Body_detection/BUILD/GAP8_V2/GCC_RISCV/body_detection:1c01295e 000000ac t tfp_putc.isra.9	/home/chl/AI_deck/gap_sdk/rtos/pulp/pulp-os/libs/io/io.c:795
/home/chl/AI_deck/gap_sdk/CNN_SSD_Body_detection/BUILD/GAP8_V2/GCC_RISCV/body_detection:1c00164a 000000ae T non_max_suppress	/home/chl/AI_deck/gap_sdk/CNN_SSD_Body_detection/main.c:341
/home/chl/AI_deck/gap_sdk/CNN_SSD_Body_detection/BUILD/GAP8_V2/GCC_RISCV/body_detection:1c00e848 000000b2 t hyperflash_program_resume	/home/chl/AI_deck/gap_sdk/rtos/pmsis/pmsis_bsp/flash/hyperflash/hyperflash.c:603
/home/chl/AI_deck/gap_sdk/CNN_SSD_Body_detection/BUILD/GAP8_V2/GCC_RISCV/body_detection:1c00e562 000000b4 t hyperflash_erase_chip_async	/home/chl/AI_deck/gap_sdk/rtos/pmsis/pmsis_bsp/flash/hyperflash/hyperflash.c:725
/home/chl/AI_deck/gap_sdk/CNN_SSD_Body_detection/BUILD/GAP8_V2/GCC_RISCV/body_detection:1c00c92a 000000b4 T KerParSetBias_DP_fp	/home/chl/AI_deck/gap_sdk/tools/autotiler_v3/CNN_Libraries/CNN_BiasReLULinear_BasicKernels.c:305
/home/chl/AI_deck/gap_sdk/CNN_SSD_Body_detection/BUILD/GAP8_V2/GCC_RISCV/body_detection:1c0112c8 000000bc T __rt_pmu_init	/home/chl/AI_deck/gap_sdk/rtos/pulp/pulp-os/kernel/gap/pmu_driver.c:472
/home/chl/AI_deck/gap_sdk/CNN_SSD_Body_detection/BUILD/GAP8_V2/GCC_RISCV/body_detection:1c00e4a4 000000be t hyperflash_erase_sector_async	/home/chl/AI_deck/gap_sdk/rtos/pmsis/pmsis_bsp/flash/hyperflash/hyperflash.c:744
/home/chl/AI_deck/gap_sdk/CNN_SSD_Body_detection/BUILD/GAP8_V2/GCC_RISCV/body_detection:1c014998 000000c0 D __hal_debug_struct
/home/chl/AI_deck/gap_sdk/CNN_SSD_Body_detection/BUILD/GAP8_V2/GCC_RISCV/body_detection:1c0111ba 000000ca T __rt_pmu_cluster_power_up
/home/chl/AI_deck/gap_sdk/CNN_SSD_Body_detection/BUILD/GAP8_V2/GCC_RISCV/body_detection:1c00cb86 000000ce t KerConv2x3from3x3Stride1_V_DP_fp	/home/chl/AI_deck/gap_sdk/tools/autotiler_v3/CNN_Libraries/CNN_Conv_DP_BasicKernels.c:1639
/home/chl/AI_deck/gap_sdk/CNN_SSD_Body_detection/BUILD/GAP8_V2/GCC_RISCV/body_detection:1c00cab4 000000d2 T KerDP_IO_fp	/home/chl/AI_deck/gap_sdk/tools/autotiler_v3/CNN_Libraries/CNN_BiasReLULinear_BasicKernels.c:2022
/home/chl/AI_deck/gap_sdk/CNN_SSD_Body_detection/BUILD/GAP8_V2/GCC_RISCV/body_detection:1c00c9de 000000d6 T KerDP_fp	/home/chl/AI_deck/gap_sdk/tools/autotiler_v3/CNN_Libraries/CNN_BiasReLULinear_BasicKernels.c:1736
/home/chl/AI_deck/gap_sdk/CNN_SSD_Body_detection/BUILD/GAP8_V2/GCC_RISCV/body_detection:1c011596 000000d8 T pi_cluster_open	/home/chl/AI_deck/gap_sdk/rtos/pulp/pulp-os/kernel/cluster.c:343
/home/chl/AI_deck/gap_sdk/CNN_SSD_Body_detection/BUILD/GAP8_V2/GCC_RISCV/body_detection:1c012686 000000da t __rt_io_uart_flush.constprop.11	/home/chl/AI_deck/gap_sdk/rtos/pulp/pulp-os/libs/io/io.c:795
/home/chl/AI_deck/gap_sdk/CNN_SSD_Body_detection/BUILD/GAP8_V2/GCC_RISCV/body_detection:1c011036 000000e0 T SetFllFrequency
/home/chl/AI_deck/gap_sdk/CNN_SSD_Body_detection/BUILD/GAP8_V2/GCC_RISCV/body_detection:1c00e004 000000e4 T __pi_fs_read	/home/chl/AI_deck/gap_sdk/rtos/pmsis/pmsis_bsp/fs/read_fs/read_fs.c:455
/home/chl/AI_deck/gap_sdk/CNN_SSD_Body_detection/BUILD/GAP8_V2/GCC_RISCV/body_detection:1c010bf2 000000f2 T __rt_timer_handler	/home/chl/AI_deck/gap_sdk/rtos/pulp/pulp-os/kernel/time_irq.c:30
/home/chl/AI_deck/gap_sdk/CNN_SSD_Body_detection/BUILD/GAP8_V2/GCC_RISCV/body_detection:1c011874 000000fa T pi_cluster_send_task_to_cl_async	/home/chl/AI_deck/gap_sdk/rtos/pulp/pulp-os/kernel/cluster_call.c:65
/home/chl/AI_deck/gap_sdk/CNN_SSD_Body_detection/BUILD/GAP8_V2/GCC_RISCV/body_detection:1c013d90 00000100 R __clz_tab
/home/chl/AI_deck/gap_sdk/CNN_SSD_Body_detection/BUILD/GAP8_V2/GCC_RISCV/body_detection:1c00f206 00000104 T flash_partition_table_load	/home/chl/AI_deck/gap_sdk/rtos/pmsis/pmsis_bsp/partition/flash_partition.c:114
/home/chl/AI_deck/gap_sdk/CNN_SSD_Body_detection/BUILD/GAP8_V2/GCC_RISCV/body_detection:1c00e68c 00000106 t hyperflash_handle_pending_task	/home/chl/AI_deck/gap_sdk/rtos/pmsis/pmsis_bsp/flash/hyperflash/hyperflash.c:365
/home/chl/AI_deck/gap_sdk/CNN_SSD_Body_detection/BUILD/GAP8_V2/GCC_RISCV/body_detection:1c00ce1e 00000124 t KerConv3x3BorderStride1_DP_fp.isra.62	/home/chl/AI_deck/gap_sdk/tools/autotiler_v3/CNN_Libraries/CNN_Conv_DP_BasicKernels.c:6388
/home/chl/AI_deck/gap_sdk/CNN_SSD_Body_detection/BUILD/GAP8_V2/GCC_RISCV/body_detection:1c00c806 00000124 t KerReductIO_Compact_fp	/home/chl/AI_deck/gap_sdk/tools/autotiler_v3/CNN_Libraries/CNN_BiasReLULinear_BasicKernels.c:2000
/home/chl/AI_deck/gap_sdk/CNN_SSD_Body_detection/BUILD/GAP8_V2/GCC_RISCV/body_detection:1c00dc58 00000126 t __pi_read_fs_open	/home/chl/AI_deck/gap_sdk/rtos/pmsis/pmsis_bsp/fs/read_fs/read_fs.c:295
/home/chl/AI_deck/gap_sdk/CNN_SSD_Body_detection/BUILD/GAP8_V2/GCC_RISCV/body_detection:1c00dd7e 0000012a t __pi_fs_mount_step	/home/chl/AI_deck/gap_sdk/rtos/pmsis/pmsis_bsp/fs/read_fs/read_fs.c:140
/home/chl/AI_deck/gap_sdk/CNN_SSD_Body_detection/BUILD/GAP8_V2/GCC_RISCV/body_detection:1c011466 0000012a t __rt_cluster_mount_step	/home/chl/AI_deck/gap_sdk/rtos/pulp/pulp-os/kernel/cluster.c:221
/home/chl/AI_deck/gap_sdk/CNN_SSD_Body_detection/BUILD/GAP8_V2/GCC_RISCV/body_detection:1c010ce4 00000134 T rt_periph_copy	/home/chl/AI_deck/gap_sdk/rtos/pulp/pulp-os/kernel/periph-v2.c:58
/home/chl/AI_deck/gap_sdk/CNN_SSD_Body_detection/BUILD/GAP8_V2/GCC_RISCV/body_detection:1c00fd3e 00000138 T MD5_Final	/home/chl/AI_deck/gap_sdk/rtos/pmsis/pmsis_bsp/crc/md5.c:258
/home/chl/AI_deck/gap_sdk/CNN_SSD_Body_detection/BUILD/GAP8_V2/GCC_RISCV/body_detection:1c00cc54 00000144 t KerConv3x3Stride1_Body_DP_fp.isra.60	/home/chl/AI_deck/gap_sdk/tools/autotiler_v3/CNN_Libraries/CNN_Conv_DP_BasicKernels.c:6388
/home/chl/AI_deck/gap_sdk/CNN_SSD_Body_detection/BUILD/GAP8_V2/GCC_RISCV/body_detection:1c011adc 00000160 T pi_hyper_open	/home/chl/AI_deck/gap_sdk/rtos/pulp/pulp-os/drivers/hyper/hyperram-v1.c:261
/home/chl/AI_deck/gap_sdk/CNN_SSD_Body_detection/BUILD/GAP8_V2/GCC_RISCV/body_detection:1c00ffbe 00000168 T __rt_init	/home/chl/AI_deck/gap_sdk/rtos/pulp/pulp-os/kernel/init.c:74
/home/chl/AI_deck/gap_sdk/CNN_SSD_Body_detection/BUILD/GAP8_V2/GCC_RISCV/body_detection:1c00cf42 000001aa T KerParConv3x3Stride1_DP_fp	/home/chl/AI_deck/gap_sdk/tools/autotiler_v3/CNN_Libraries/CNN_Conv_DP_BasicKernels.c:6397
/home/chl/AI_deck/gap_sdk/CNN_SSD_Body_detection/BUILD/GAP8_V2/GCC_RISCV/body_detection:1c00d73a 000001cc T KerParPool2x2Stride2_fp	/home/chl/AI_deck/gap_sdk/tools/autotiler_v3/CNN_Libraries/CNN_Pooling_BasicKernels.c:2494
/home/chl/AI_deck/gap_sdk/CNN_SSD_Body_detection/BUILD/GAP8_V2/GCC_RISCV/body_detection:1c00273e 000001d4 T DrawRectangle	/home/chl/AI_deck/gap_sdk/CNN_SSD_Body_detection/ImageDraw.c:154
/home/chl/AI_deck/gap_sdk/CNN_SSD_Body_detection/BUILD/GAP8_V2/GCC_RISCV/body_detection:1c00725c 000001d8 T S13_MaxPool_2x2	/home/chl/AI_deck/gap_sdk/CNN_SSD_Body_detection/BUILD_MODEL_16BIT/cnn_ssdKernels.c:693
/home/chl/AI_deck/gap_sdk/CNN_SSD_Body_detection/BUILD/GAP8_V2/GCC_RISCV/body_detection:1c0099c6 000001e6 T S37_MaxPool_2x2	/home/chl/AI_deck/gap_sdk/CNN_SSD_Body_detection/BUILD_MODEL_16BIT/cnn_ssdKernels.c:1771
/home/chl/AI_deck/gap_sdk/CNN_SSD_Body_detection/BUILD/GAP8_V2/GCC_RISCV/body_detection:1c002556 000001e8 T WriteImageToFile	/home/chl/AI_deck/gap_sdk/CNN_SSD_Body_detection/ImgIO.c:253
/home/chl/AI_deck/gap_sdk/CNN_SSD_Body_detection/BUILD/GAP8_V2/GCC_RISCV/body_detection:1c001146 000001ec T __mulsf3	/home/haugoug/src/riscv-gnu-toolchain/riscv-gcc/libgcc/soft-fp/mulsf3.c:35
/home/chl/AI_deck/gap_sdk/CNN_SSD_Body_detection/BUILD/GAP8_V2/GCC_RISCV/body_detection:1c00878a 000001ee T S25_MaxPool_2x2	/home/chl/AI_deck/gap_sdk/CNN_SSD_Body_detection/BUILD_MODEL_16BIT/cnn_ssdKernels.c:1261
/home/chl/AI_deck/gap_sdk/CNN_SSD_Body_detection/BUILD/GAP8_V2/GCC_RISCV/body_detection:1c000f48 000001fe T __divsf3	/home/haugoug/src/riscv-gnu-toolchain/riscv-gcc/libgcc/soft-fp/divsf3.c:35
/home/chl/AI_deck/gap_sdk/CNN_SSD_Body_detection/BUILD/GAP8_V2/GCC_RISCV/body_detection:1c0049d0 00000256 T Predecoder2_2	/home/chl/AI_deck/gap_sdk/CNN_SSD_Body_detection/SSDKernels.c:853
/home/chl/AI_deck/gap_sdk/CNN_SSD_Body_detection/BUILD/GAP8_V2/GCC_RISCV/body_detection:1c004292 0000025a T Predecoder5_4	/home/chl/AI_deck/gap_sdk/CNN_SSD_Body_detection/SSDKernels.c:660
/home/chl/AI_deck/gap_sdk/CNN_SSD_Body_detection/BUILD/GAP8_V2/GCC_RISCV/body_detection:1c003b42 00000268 T Predecoder10_8	/home/chl/AI_deck/gap_sdk/CNN_SSD_Body_detection/SSDKernels.c:467
/home/chl/AI_deck/gap_sdk/CNN_SSD_Body_detection/BUILD/GAP8_V2/GCC_RISCV/body_detection:1c00475e 00000272 T SDD3Dto2D_2_2_24	/home/chl/AI_deck/gap_sdk/CNN_SSD_Body_detection/SSDKernels.c:789
/home/chl/AI_deck/gap_sdk/CNN_SSD_Body_detection/BUILD/GAP8_V2/GCC_RISCV/body_detection:1c0044ec 00000272 T SDD3Dto2DSoftmax_2_2_18	/home/chl/AI_deck/gap_sdk/CNN_SSD_Body_detection/SSDKernels.c:725
/home/chl/AI_deck/gap_sdk/CNN_SSD_Body_detection/BUILD/GAP8_V2/GCC_RISCV/body_detection:1c00401e 00000274 T SDD3Dto2D_5_4_24	/home/chl/AI_deck/gap_sdk/CNN_SSD_Body_detection/SSDKernels.c:596
/home/chl/AI_deck/gap_sdk/CNN_SSD_Body_detection/BUILD/GAP8_V2/GCC_RISCV/body_detection:1c003daa 00000274 T SDD3Dto2DSoftmax_5_4_18	/home/chl/AI_deck/gap_sdk/CNN_SSD_Body_detection/SSDKernels.c:532
/home/chl/AI_deck/gap_sdk/CNN_SSD_Body_detection/BUILD/GAP8_V2/GCC_RISCV/body_detection:00000030 00000280 D periph_channels
/home/chl/AI_deck/gap_sdk/CNN_SSD_Body_detection/BUILD/GAP8_V2/GCC_RISCV/body_detection:1c0038c2 00000280 T SDD3Dto2D_10_8_24	/home/chl/AI_deck/gap_sdk/CNN_SSD_Body_detection/SSDKernels.c:403
/home/chl/AI_deck/gap_sdk/CNN_SSD_Body_detection/BUILD/GAP8_V2/GCC_RISCV/body_detection:1c00363e 00000284 T SDD3Dto2DSoftmax_10_8_18	/home/chl/AI_deck/gap_sdk/CNN_SSD_Body_detection/SSDKernels.c:339
/home/chl/AI_deck/gap_sdk/CNN_SSD_Body_detection/BUILD/GAP8_V2/GCC_RISCV/body_detection:1c011e92 00000296 t __pi_hyper_copy_misaligned	/home/chl/AI_deck/gap_sdk/rtos/pulp/pulp-os/drivers/hyper/hyperram-v1.c:806
/home/chl/AI_deck/gap_sdk/CNN_SSD_Body_detection/BUILD/GAP8_V2/GCC_RISCV/body_detection:1c0016f8 000002a0 t RunSSD	/home/chl/AI_deck/gap_sdk/CNN_SSD_Body_detection/main.c:407
/home/chl/AI_deck/gap_sdk/CNN_SSD_Body_detection/BUILD/GAP8_V2/GCC_RISCV/body_detection:1c000c5e 000002ea T __addsf3	/home/haugoug/src/riscv-gnu-toolchain/riscv-gcc/libgcc/soft-fp/addsf3.c:35
/home/chl/AI_deck/gap_sdk/CNN_SSD_Body_detection/BUILD/GAP8_V2/GCC_RISCV/body_detection:1c00d436 00000304 t KerAvgPool2x2Stride2_fp	/home/chl/AI_deck/gap_sdk/tools/autotiler_v3/CNN_Libraries/CNN_Pooling_BasicKernels.c:106
/home/chl/AI_deck/gap_sdk/CNN_SSD_Body_detection/BUILD/GAP8_V2/GCC_RISCV/body_detection:1c004c26 00000318 T KerSDD3Dto2DShort	/home/chl/AI_deck/gap_sdk/CNN_SSD_Body_detection/SSDBasicKernels.c:29
/home/chl/AI_deck/gap_sdk/CNN_SSD_Body_detection/BUILD/GAP8_V2/GCC_RISCV/body_detection:1c000930 0000032e T __umoddi3	/home/haugoug/src/riscv-gnu-toolchain/riscv-gcc/libgcc/libgcc2.c:1305
/home/chl/AI_deck/gap_sdk/CNN_SSD_Body_detection/BUILD/GAP8_V2/GCC_RISCV/body_detection:1c0005f4 0000033c T __udivdi3	/home/haugoug/src/riscv-gnu-toolchain/riscv-gcc/libgcc/libgcc2.c:1317
/home/chl/AI_deck/gap_sdk/CNN_SSD_Body_detection/BUILD/GAP8_V2/GCC_RISCV/body_detection:1c00d0ec 0000034a t KerMaxPool2x2Stride2_fp	/home/chl/AI_deck/gap_sdk/tools/autotiler_v3/CNN_Libraries/CNN_Pooling_BasicKernels.c:41
/home/chl/AI_deck/gap_sdk/CNN_SSD_Body_detection/BUILD/GAP8_V2/GCC_RISCV/body_detection:1b000398 00000400 D __rt_fc_stack	/home/chl/AI_deck/gap_sdk/rtos/pulp/pulp-os/kernel/conf.c:38
/home/chl/AI_deck/gap_sdk/CNN_SSD_Body_detection/BUILD/GAP8_V2/GCC_RISCV/body_detection:1c003228 00000416 T Predecoder20_16	/home/chl/AI_deck/gap_sdk/CNN_SSD_Body_detection/SSDKernels.c:228
/home/chl/AI_deck/gap_sdk/CNN_SSD_Body_detection/BUILD/GAP8_V2/GCC_RISCV/body_detection:1c00213c 0000041a T ReadImageFromFile	/home/chl/AI_deck/gap_sdk/CNN_SSD_Body_detection/ImgIO.c:147
/home/chl/AI_deck/gap_sdk/CNN_SSD_Body_detection/BUILD/GAP8_V2/GCC_RISCV/body_detection:1c008978 00000442 T S28_Conv2d_18x64x3x3	/home/chl/AI_deck/gap_sdk/CNN_SSD_Body_detection/BUILD_MODEL_16BIT/cnn_ssdKernels.c:1325
/home/chl/AI_deck/gap_sdk/CNN_SSD_Body_detection/BUILD/GAP8_V2/GCC_RISCV/body_detection:1c002da2 00000486 T SDD3Dto2D_20_16_24	/home/chl/AI_deck/gap_sdk/CNN_SSD_Body_detection/SSDKernels.c:117
/home/chl/AI_deck/gap_sdk/CNN_SSD_Body_detection/BUILD/GAP8_V2/GCC_RISCV/body_detection:1c002912 00000490 T SDD3Dto2DSoftmax_20_16_18	/home/chl/AI_deck/gap_sdk/CNN_SSD_Body_detection/SSDKernels.c:6
/home/chl/AI_deck/gap_sdk/CNN_SSD_Body_detection/BUILD/GAP8_V2/GCC_RISCV/body_detection:1c00af4e 000004dc T S51_Conv2d_18x128x3x3	/home/chl/AI_deck/gap_sdk/CNN_SSD_Body_detection/BUILD_MODEL_16BIT/cnn_ssdKernels.c:2340
/home/chl/AI_deck/gap_sdk/CNN_SSD_Body_detection/BUILD/GAP8_V2/GCC_RISCV/body_detection:1c00827a 00000510 T S24_Conv2d_64x32x3x3_Relu	/home/chl/AI_deck/gap_sdk/CNN_SSD_Body_detection/BUILD_MODEL_16BIT/cnn_ssdKernels.c:1108
/home/chl/AI_deck/gap_sdk/CNN_SSD_Body_detection/BUILD/GAP8_V2/GCC_RISCV/body_detection:1c00c2a2 00000564 T cnn_ssdCNN	/home/chl/AI_deck/gap_sdk/CNN_SSD_Body_detection/BUILD_MODEL_16BIT/cnn_ssdKernels.c:2763
/home/chl/AI_deck/gap_sdk/CNN_SSD_Body_detection/BUILD/GAP8_V2/GCC_RISCV/body_detection:1c00a360 000005f0 T S44_Conv2d_24x128x3x3	/home/chl/AI_deck/gap_sdk/CNN_SSD_Body_detection/BUILD_MODEL_16BIT/cnn_ssdKernels.c:2017
/home/chl/AI_deck/gap_sdk/CNN_SSD_Body_detection/BUILD/GAP8_V2/GCC_RISCV/body_detection:1c008dba 000005fa T S32_Conv2d_24x64x3x3	/home/chl/AI_deck/gap_sdk/CNN_SSD_Body_detection/BUILD_MODEL_16BIT/cnn_ssdKernels.c:1448
/home/chl/AI_deck/gap_sdk/CNN_SSD_Body_detection/BUILD/GAP8_V2/GCC_RISCV/body_detection:1c00a950 000005fe T S48_Conv2d_128x128x3x3_Relu	/home/chl/AI_deck/gap_sdk/CNN_SSD_Body_detection/BUILD_MODEL_16BIT/cnn_ssdKernels.c:2173
/home/chl/AI_deck/gap_sdk/CNN_SSD_Body_detection/BUILD/GAP8_V2/GCC_RISCV/body_detection:1c004f3e 00000610 T KerPredecoderShort	/home/chl/AI_deck/gap_sdk/CNN_SSD_Body_detection/SSDBasicKernels.c:270
/home/chl/AI_deck/gap_sdk/CNN_SSD_Body_detection/BUILD/GAP8_V2/GCC_RISCV/body_detection:1c0093b4 00000612 T S36_Conv2d_128x64x3x3_Relu	/home/chl/AI_deck/gap_sdk/CNN_SSD_Body_detection/BUILD_MODEL_16BIT/cnn_ssdKernels.c:1604
/home/chl/AI_deck/gap_sdk/CNN_SSD_Body_detection/BUILD/GAP8_V2/GCC_RISCV/body_detection:1c0057b4 00000672 T S3_Conv2d_8x1x3x3_MaxPool_2x2_Relu	/home/chl/AI_deck/gap_sdk/CNN_SSD_Body_detection/BUILD_MODEL_16BIT/cnn_ssdKernels.c:7
/home/chl/AI_deck/gap_sdk/CNN_SSD_Body_detection/BUILD/GAP8_V2/GCC_RISCV/body_detection:1c006bda 00000682 T S12_Conv2d_32x16x3x3_Relu	/home/chl/AI_deck/gap_sdk/CNN_SSD_Body_detection/BUILD_MODEL_16BIT/cnn_ssdKernels.c:532
/home/chl/AI_deck/gap_sdk/CNN_SSD_Body_detection/BUILD/GAP8_V2/GCC_RISCV/body_detection:1c00b42a 0000068a T S55_Conv2d_24x128x3x3	/home/chl/AI_deck/gap_sdk/CNN_SSD_Body_detection/BUILD_MODEL_16BIT/cnn_ssdKernels.c:2466
/home/chl/AI_deck/gap_sdk/CNN_SSD_Body_detection/BUILD/GAP8_V2/GCC_RISCV/body_detection:1c006508 000006d2 T S9_Conv2d_16x16x3x3_MaxPool_2x2_Relu	/home/chl/AI_deck/gap_sdk/CNN_SSD_Body_detection/BUILD_MODEL_16BIT/cnn_ssdKernels.c:356
/home/chl/AI_deck/gap_sdk/CNN_SSD_Body_detection/BUILD/GAP8_V2/GCC_RISCV/body_detection:1c005e26 000006e2 T S6_Conv2d_16x8x3x3_MaxPool_2x2_Relu	/home/chl/AI_deck/gap_sdk/CNN_SSD_Body_detection/BUILD_MODEL_16BIT/cnn_ssdKernels.c:180
/home/chl/AI_deck/gap_sdk/CNN_SSD_Body_detection/BUILD/GAP8_V2/GCC_RISCV/body_detection:1c007b74 00000706 T S20_Conv2d_24x32x3x3	/home/chl/AI_deck/gap_sdk/CNN_SSD_Body_detection/BUILD_MODEL_16BIT/cnn_ssdKernels.c:939
/home/chl/AI_deck/gap_sdk/CNN_SSD_Body_detection/BUILD/GAP8_V2/GCC_RISCV/body_detection:1c001a16 0000071e T start	/home/chl/AI_deck/gap_sdk/CNN_SSD_Body_detection/main.c:533
/home/chl/AI_deck/gap_sdk/CNN_SSD_Body_detection/BUILD/GAP8_V2/GCC_RISCV/body_detection:1c007434 00000740 T S16_Conv2d_18x32x3x3	/home/chl/AI_deck/gap_sdk/CNN_SSD_Body_detection/BUILD_MODEL_16BIT/cnn_ssdKernels.c:757
/home/chl/AI_deck/gap_sdk/CNN_SSD_Body_detection/BUILD/GAP8_V2/GCC_RISCV/body_detection:1c00bab4 00000794 T cnn_ssdCNN_Construct	/home/chl/AI_deck/gap_sdk/CNN_SSD_Body_detection/BUILD_MODEL_16BIT/cnn_ssdKernels.c:2636
/home/chl/AI_deck/gap_sdk/CNN_SSD_Body_detection/BUILD/GAP8_V2/GCC_RISCV/body_detection:1c009bac 000007b4 T S40_Conv2d_18x128x3x3	/home/chl/AI_deck/gap_sdk/CNN_SSD_Body_detection/BUILD_MODEL_16BIT/cnn_ssdKernels.c:1835
/home/chl/AI_deck/gap_sdk/CNN_SSD_Body_detection/BUILD/GAP8_V2/GCC_RISCV/body_detection:1c00f39a 000008d6 t body	/home/chl/AI_deck/gap_sdk/rtos/pmsis/pmsis_bsp/crc/md5.c:100
/home/chl/AI_deck/gap_sdk/CNN_SSD_Body_detection/BUILD/GAP8_V2/GCC_RISCV/body_detection:1c012cf6 00000ab6 T _prf	/home/chl/AI_deck/gap_sdk/rtos/pulp/pulp-os/libs/io/prf.c:437
