   text	   data	    bss	    dec	    hex	filename
0x22bfc	 0x1894	  0x44c	 149724	  248dc	/home/chl/AI_deck/gap_sdk/nn_menu/starters/SSD_ResNet_AIdeckDetection/BUILD/GAP8_V2/GCC_RISCV/SSD_ResNet
/home/chl/AI_deck/gap_sdk/nn_menu/starters/SSD_ResNet_AIdeckDetection/BUILD/GAP8_V2/GCC_RISCV/SSD_ResNet:1b000bb8 00000001 D camera_isAwaked	/home/chl/AI_deck/gap_sdk/rtos/pulp/pulp-os/drivers_deprecated/camera/himax.c:150
/home/chl/AI_deck/gap_sdk/nn_menu/starters/SSD_ResNet_AIdeckDetection/BUILD/GAP8_V2/GCC_RISCV/SSD_ResNet:00000338 00000001 D __rt_hyper_pending_emu_do_memcpy	/home/chl/AI_deck/gap_sdk/rtos/pulp/pulp-os/drivers/hyper/hyperram-v1.c:53
/home/chl/AI_deck/gap_sdk/nn_menu/starters/SSD_ResNet_AIdeckDetection/BUILD/GAP8_V2/GCC_RISCV/SSD_ResNet:1c01bcb0 00000002 T __flash_conf_init	/home/chl/AI_deck/gap_sdk/rtos/pmsis/pmsis_bsp/flash/flash.c:33
/home/chl/AI_deck/gap_sdk/nn_menu/starters/SSD_ResNet_AIdeckDetection/BUILD/GAP8_V2/GCC_RISCV/SSD_ResNet:1c01e556 00000002 W illegal_insn_handler_c	/home/chl/AI_deck/gap_sdk/rtos/pulp/pulp-os/kernel/irq.c:89
/home/chl/AI_deck/gap_sdk/nn_menu/starters/SSD_ResNet_AIdeckDetection/BUILD/GAP8_V2/GCC_RISCV/SSD_ResNet:1c01c57c 00000002 t __pi_host_fs_unmount	/home/chl/AI_deck/gap_sdk/rtos/pmsis/pmsis_bsp/fs/host_fs/host_fs.c:40
/home/chl/AI_deck/gap_sdk/nn_menu/starters/SSD_ResNet_AIdeckDetection/BUILD/GAP8_V2/GCC_RISCV/SSD_ResNet:1c01d4e6 00000002 T pi_partition_table_free	/home/chl/AI_deck/gap_sdk/rtos/pmsis/pmsis_bsp/partition/partition.c:46
/home/chl/AI_deck/gap_sdk/nn_menu/starters/SSD_ResNet_AIdeckDetection/BUILD/GAP8_V2/GCC_RISCV/SSD_ResNet:1c01ec44 00000002 T pi_task_push_delayed_us	/home/chl/AI_deck/gap_sdk/rtos/pulp/pulp-os/kernel/events.c:273
/home/chl/AI_deck/gap_sdk/nn_menu/starters/SSD_ResNet_AIdeckDetection/BUILD/GAP8_V2/GCC_RISCV/SSD_ResNet:1c01f74e 00000002 T __rt_fll_deinit	/home/chl/AI_deck/gap_sdk/rtos/pulp/pulp-os/kernel/gap/pmu_driver.c:876
/home/chl/AI_deck/gap_sdk/nn_menu/starters/SSD_ResNet_AIdeckDetection/BUILD/GAP8_V2/GCC_RISCV/SSD_ResNet:1c01f750 00000002 T __rt_flls_constructor	/home/chl/AI_deck/gap_sdk/rtos/pulp/pulp-os/kernel/gap/pmu_driver.c:880
/home/chl/AI_deck/gap_sdk/nn_menu/starters/SSD_ResNet_AIdeckDetection/BUILD/GAP8_V2/GCC_RISCV/SSD_ResNet:1c022fcc 00000003 d ToHWDCDC_Pos	/home/chl/AI_deck/gap_sdk/rtos/pulp/pulp-os/kernel/gap/pmu_driver.c:192
/home/chl/AI_deck/gap_sdk/nn_menu/starters/SSD_ResNet_AIdeckDetection/BUILD/GAP8_V2/GCC_RISCV/SSD_ResNet:1c022e54 00000004 D anchor_layer_1
/home/chl/AI_deck/gap_sdk/nn_menu/starters/SSD_ResNet_AIdeckDetection/BUILD/GAP8_V2/GCC_RISCV/SSD_ResNet:1c022eac 00000004 D anchor_layer_2
/home/chl/AI_deck/gap_sdk/nn_menu/starters/SSD_ResNet_AIdeckDetection/BUILD/GAP8_V2/GCC_RISCV/SSD_ResNet:1c022f04 00000004 D anchor_layer_3
/home/chl/AI_deck/gap_sdk/nn_menu/starters/SSD_ResNet_AIdeckDetection/BUILD/GAP8_V2/GCC_RISCV/SSD_ResNet:1c022f5c 00000004 D anchor_layer_4
/home/chl/AI_deck/gap_sdk/nn_menu/starters/SSD_ResNet_AIdeckDetection/BUILD/GAP8_V2/GCC_RISCV/SSD_ResNet:1c02339c 00000004 b __bsp_init_pads_done	/home/chl/AI_deck/gap_sdk/rtos/pmsis/pmsis_bsp/bsp/ai_deck.c:28
/home/chl/AI_deck/gap_sdk/nn_menu/starters/SSD_ResNet_AIdeckDetection/BUILD/GAP8_V2/GCC_RISCV/SSD_ResNet:1000005c 00000004 D cnn_ssd_L1_Memory
/home/chl/AI_deck/gap_sdk/nn_menu/starters/SSD_ResNet_AIdeckDetection/BUILD/GAP8_V2/GCC_RISCV/SSD_ResNet:1c022e38 00000004 D cnn_ssd_L2_Memory
/home/chl/AI_deck/gap_sdk/nn_menu/starters/SSD_ResNet_AIdeckDetection/BUILD/GAP8_V2/GCC_RISCV/SSD_ResNet:1c023390 00000004 B cnn_ssd_L3_Flash
/home/chl/AI_deck/gap_sdk/nn_menu/starters/SSD_ResNet_AIdeckDetection/BUILD/GAP8_V2/GCC_RISCV/SSD_ResNet:1c023414 00000004 B cnn_ssd_L3_Memory
/home/chl/AI_deck/gap_sdk/nn_menu/starters/SSD_ResNet_AIdeckDetection/BUILD/GAP8_V2/GCC_RISCV/SSD_ResNet:1c02208c 00000004 t ctor_list	/home/chl/AI_deck/gap_sdk/rtos/pulp/pulp-os/kernel/init.c:29
/home/chl/AI_deck/gap_sdk/nn_menu/starters/SSD_ResNet_AIdeckDetection/BUILD/GAP8_V2/GCC_RISCV/SSD_ResNet:1c0220c8 00000004 t dtor_list	/home/chl/AI_deck/gap_sdk/rtos/pulp/pulp-os/kernel/init.c:30
/home/chl/AI_deck/gap_sdk/nn_menu/starters/SSD_ResNet_AIdeckDetection/BUILD/GAP8_V2/GCC_RISCV/SSD_ResNet:1c023470 00000004 B first_delayed
/home/chl/AI_deck/gap_sdk/nn_menu/starters/SSD_ResNet_AIdeckDetection/BUILD/GAP8_V2/GCC_RISCV/SSD_ResNet:1c022e08 00000004 D H
/home/chl/AI_deck/gap_sdk/nn_menu/starters/SSD_ResNet_AIdeckDetection/BUILD/GAP8_V2/GCC_RISCV/SSD_ResNet:1c022e0c 00000004 D H_2
/home/chl/AI_deck/gap_sdk/nn_menu/starters/SSD_ResNet_AIdeckDetection/BUILD/GAP8_V2/GCC_RISCV/SSD_ResNet:1c022e10 00000004 D Hi
/home/chl/AI_deck/gap_sdk/nn_menu/starters/SSD_ResNet_AIdeckDetection/BUILD/GAP8_V2/GCC_RISCV/SSD_ResNet:1c022e34 00000004 D ImageIn
/home/chl/AI_deck/gap_sdk/nn_menu/starters/SSD_ResNet_AIdeckDetection/BUILD/GAP8_V2/GCC_RISCV/SSD_ResNet:1c022e30 00000004 D ImageIn_2
/home/chl/AI_deck/gap_sdk/nn_menu/starters/SSD_ResNet_AIdeckDetection/BUILD/GAP8_V2/GCC_RISCV/SSD_ResNet:1c0233e8 00000004 B Output
/home/chl/AI_deck/gap_sdk/nn_menu/starters/SSD_ResNet_AIdeckDetection/BUILD/GAP8_V2/GCC_RISCV/SSD_ResNet:1c0233ec 00000004 B Output_1
/home/chl/AI_deck/gap_sdk/nn_menu/starters/SSD_ResNet_AIdeckDetection/BUILD/GAP8_V2/GCC_RISCV/SSD_ResNet:1c0233e0 00000004 B Output_2
/home/chl/AI_deck/gap_sdk/nn_menu/starters/SSD_ResNet_AIdeckDetection/BUILD/GAP8_V2/GCC_RISCV/SSD_ResNet:1c0233dc 00000004 B Output_3
/home/chl/AI_deck/gap_sdk/nn_menu/starters/SSD_ResNet_AIdeckDetection/BUILD/GAP8_V2/GCC_RISCV/SSD_ResNet:1c023400 00000004 B Output_4
/home/chl/AI_deck/gap_sdk/nn_menu/starters/SSD_ResNet_AIdeckDetection/BUILD/GAP8_V2/GCC_RISCV/SSD_ResNet:1c0233f0 00000004 B Output_5
/home/chl/AI_deck/gap_sdk/nn_menu/starters/SSD_ResNet_AIdeckDetection/BUILD/GAP8_V2/GCC_RISCV/SSD_ResNet:1c0233cc 00000004 B Output_6
/home/chl/AI_deck/gap_sdk/nn_menu/starters/SSD_ResNet_AIdeckDetection/BUILD/GAP8_V2/GCC_RISCV/SSD_ResNet:1c023410 00000004 B Output_7
/home/chl/AI_deck/gap_sdk/nn_menu/starters/SSD_ResNet_AIdeckDetection/BUILD/GAP8_V2/GCC_RISCV/SSD_ResNet:1c0233e4 00000004 B Output_8
/home/chl/AI_deck/gap_sdk/nn_menu/starters/SSD_ResNet_AIdeckDetection/BUILD/GAP8_V2/GCC_RISCV/SSD_ResNet:1c01c6c4 00000004 t __pi_host_fs_direct_read_async
/home/chl/AI_deck/gap_sdk/nn_menu/starters/SSD_ResNet_AIdeckDetection/BUILD/GAP8_V2/GCC_RISCV/SSD_ResNet:1c0233a8 00000004 b __pi_hyper_cluster_reqs_first	/home/chl/AI_deck/gap_sdk/rtos/pulp/pulp-os/drivers/hyper/hyperram-v1.c:62
/home/chl/AI_deck/gap_sdk/nn_menu/starters/SSD_ResNet_AIdeckDetection/BUILD/GAP8_V2/GCC_RISCV/SSD_ResNet:1c01e506 00000004 T pi_open_from_conf	/home/chl/AI_deck/gap_sdk/rtos/pulp/pulp-os/kernel/init.c:325
/home/chl/AI_deck/gap_sdk/nn_menu/starters/SSD_ResNet_AIdeckDetection/BUILD/GAP8_V2/GCC_RISCV/SSD_ResNet:1c01d4e8 00000004 T pi_partition_table_load	/home/chl/AI_deck/gap_sdk/rtos/pmsis/pmsis_bsp/partition/partition.c:51
/home/chl/AI_deck/gap_sdk/nn_menu/starters/SSD_ResNet_AIdeckDetection/BUILD/GAP8_V2/GCC_RISCV/SSD_ResNet:1c022fd0 00000004 D PMURetentionState
/home/chl/AI_deck/gap_sdk/nn_menu/starters/SSD_ResNet_AIdeckDetection/BUILD/GAP8_V2/GCC_RISCV/SSD_ResNet:00000354 00000004 D pwmEventsStatus	/home/chl/AI_deck/gap_sdk/rtos/pulp/pulp-os/drivers/pwm/pwm.c:9
/home/chl/AI_deck/gap_sdk/nn_menu/starters/SSD_ResNet_AIdeckDetection/BUILD/GAP8_V2/GCC_RISCV/SSD_ResNet:10000064 00000004 D resnet_L1_Memory
/home/chl/AI_deck/gap_sdk/nn_menu/starters/SSD_ResNet_AIdeckDetection/BUILD/GAP8_V2/GCC_RISCV/SSD_ResNet:1c022e40 00000004 D resnet_L2_Memory
/home/chl/AI_deck/gap_sdk/nn_menu/starters/SSD_ResNet_AIdeckDetection/BUILD/GAP8_V2/GCC_RISCV/SSD_ResNet:1c023394 00000004 B resnet_L3_Flash
/home/chl/AI_deck/gap_sdk/nn_menu/starters/SSD_ResNet_AIdeckDetection/BUILD/GAP8_V2/GCC_RISCV/SSD_ResNet:1c023460 00000004 B resnet_L3_Memory
/home/chl/AI_deck/gap_sdk/nn_menu/starters/SSD_ResNet_AIdeckDetection/BUILD/GAP8_V2/GCC_RISCV/SSD_ResNet:1c022fdc 00000004 d RetPMUStateToPMUState	/home/chl/AI_deck/gap_sdk/rtos/pulp/pulp-os/kernel/gap/pmu_driver.c:185
/home/chl/AI_deck/gap_sdk/nn_menu/starters/SSD_ResNet_AIdeckDetection/BUILD/GAP8_V2/GCC_RISCV/SSD_ResNet:1c02346c 00000004 B __rt_alloc_fc_tcdm
/home/chl/AI_deck/gap_sdk/nn_menu/starters/SSD_ResNet_AIdeckDetection/BUILD/GAP8_V2/GCC_RISCV/SSD_ResNet:1c023464 00000004 B __rt_alloc_l1
/home/chl/AI_deck/gap_sdk/nn_menu/starters/SSD_ResNet_AIdeckDetection/BUILD/GAP8_V2/GCC_RISCV/SSD_ResNet:1c023468 00000004 B __rt_alloc_l2
/home/chl/AI_deck/gap_sdk/nn_menu/starters/SSD_ResNet_AIdeckDetection/BUILD/GAP8_V2/GCC_RISCV/SSD_ResNet:00000014 00000004 d __rt_bridge_eeprom_handle	/home/chl/AI_deck/gap_sdk/rtos/pulp/pulp-os/kernel/bridge.c:25
/home/chl/AI_deck/gap_sdk/nn_menu/starters/SSD_ResNet_AIdeckDetection/BUILD/GAP8_V2/GCC_RISCV/SSD_ResNet:00000010 00000004 d __rt_bridge_flash_cs	/home/chl/AI_deck/gap_sdk/rtos/pulp/pulp-os/kernel/bridge.c:29
/home/chl/AI_deck/gap_sdk/nn_menu/starters/SSD_ResNet_AIdeckDetection/BUILD/GAP8_V2/GCC_RISCV/SSD_ResNet:00000004 00000004 d __rt_bridge_flash_handle	/home/chl/AI_deck/gap_sdk/rtos/pulp/pulp-os/kernel/bridge.c:26
/home/chl/AI_deck/gap_sdk/nn_menu/starters/SSD_ResNet_AIdeckDetection/BUILD/GAP8_V2/GCC_RISCV/SSD_ResNet:0000000c 00000004 d __rt_bridge_flash_itf	/home/chl/AI_deck/gap_sdk/rtos/pulp/pulp-os/kernel/bridge.c:28
/home/chl/AI_deck/gap_sdk/nn_menu/starters/SSD_ResNet_AIdeckDetection/BUILD/GAP8_V2/GCC_RISCV/SSD_ResNet:00000008 00000004 d __rt_bridge_flash_type	/home/chl/AI_deck/gap_sdk/rtos/pulp/pulp-os/kernel/bridge.c:27
/home/chl/AI_deck/gap_sdk/nn_menu/starters/SSD_ResNet_AIdeckDetection/BUILD/GAP8_V2/GCC_RISCV/SSD_ResNet:00000390 00000004 D __rtc_handler	/home/chl/AI_deck/gap_sdk/rtos/pulp/pulp-os/drivers_deprecated/dolphin/rtc.c:25
/home/chl/AI_deck/gap_sdk/nn_menu/starters/SSD_ResNet_AIdeckDetection/BUILD/GAP8_V2/GCC_RISCV/SSD_ResNet:10000068 00000004 D __rt_cluster_fc_task_lock	/home/chl/AI_deck/gap_sdk/rtos/pulp/pulp-os/kernel/cluster.c:59
/home/chl/AI_deck/gap_sdk/nn_menu/starters/SSD_ResNet_AIdeckDetection/BUILD/GAP8_V2/GCC_RISCV/SSD_ResNet:00000018 00000004 D __rt_cluster_nb_active_pe
/home/chl/AI_deck/gap_sdk/nn_menu/starters/SSD_ResNet_AIdeckDetection/BUILD/GAP8_V2/GCC_RISCV/SSD_ResNet:1c023480 00000004 B __rt_cluster_tasks	/home/chl/AI_deck/gap_sdk/rtos/pulp/pulp-os/kernel/cluster.c:41
/home/chl/AI_deck/gap_sdk/nn_menu/starters/SSD_ResNet_AIdeckDetection/BUILD/GAP8_V2/GCC_RISCV/SSD_ResNet:1b000b9c 00000004 D __rt_debug_config
/home/chl/AI_deck/gap_sdk/nn_menu/starters/SSD_ResNet_AIdeckDetection/BUILD/GAP8_V2/GCC_RISCV/SSD_ResNet:1b000b98 00000004 D __rt_debug_config_trace
/home/chl/AI_deck/gap_sdk/nn_menu/starters/SSD_ResNet_AIdeckDetection/BUILD/GAP8_V2/GCC_RISCV/SSD_ResNet:00000014 00000004 D __rt_dma_first_pending
/home/chl/AI_deck/gap_sdk/nn_menu/starters/SSD_ResNet_AIdeckDetection/BUILD/GAP8_V2/GCC_RISCV/SSD_ResNet:00000010 00000004 D __rt_dma_last_pending
/home/chl/AI_deck/gap_sdk/nn_menu/starters/SSD_ResNet_AIdeckDetection/BUILD/GAP8_V2/GCC_RISCV/SSD_ResNet:1c0233a4 00000004 b __rt_fc_cluster_device	/home/chl/AI_deck/gap_sdk/rtos/pulp/pulp-os/kernel/pulpos_emu.c:25
/home/chl/AI_deck/gap_sdk/nn_menu/starters/SSD_ResNet_AIdeckDetection/BUILD/GAP8_V2/GCC_RISCV/SSD_ResNet:1c022e20 00000004 V __rt_fc_stack_size
/home/chl/AI_deck/gap_sdk/nn_menu/starters/SSD_ResNet_AIdeckDetection/BUILD/GAP8_V2/GCC_RISCV/SSD_ResNet:00000018 00000004 D __rt_first_free
/home/chl/AI_deck/gap_sdk/nn_menu/starters/SSD_ResNet_AIdeckDetection/BUILD/GAP8_V2/GCC_RISCV/SSD_ResNet:00000324 00000004 D __rt_hyper_current_task	/home/chl/AI_deck/gap_sdk/rtos/pulp/pulp-os/drivers/hyper/hyperram-v1.c:27
/home/chl/AI_deck/gap_sdk/nn_menu/starters/SSD_ResNet_AIdeckDetection/BUILD/GAP8_V2/GCC_RISCV/SSD_ResNet:00000320 00000004 D __rt_hyper_end_task	/home/chl/AI_deck/gap_sdk/rtos/pulp/pulp-os/drivers/hyper/hyperram-v1.c:25
/home/chl/AI_deck/gap_sdk/nn_menu/starters/SSD_ResNet_AIdeckDetection/BUILD/GAP8_V2/GCC_RISCV/SSD_ResNet:1c0233ac 00000004 b __rt_hyper_open_count	/home/chl/AI_deck/gap_sdk/rtos/pulp/pulp-os/drivers/hyper/hyperram-v1.c:65
/home/chl/AI_deck/gap_sdk/nn_menu/starters/SSD_ResNet_AIdeckDetection/BUILD/GAP8_V2/GCC_RISCV/SSD_ResNet:00000314 00000004 D __rt_hyper_pending_addr	/home/chl/AI_deck/gap_sdk/rtos/pulp/pulp-os/drivers/hyper/hyperram-v1.c:33
/home/chl/AI_deck/gap_sdk/nn_menu/starters/SSD_ResNet_AIdeckDetection/BUILD/GAP8_V2/GCC_RISCV/SSD_ResNet:0000030c 00000004 D __rt_hyper_pending_base	/home/chl/AI_deck/gap_sdk/rtos/pulp/pulp-os/drivers/hyper/hyperram-v1.c:31
/home/chl/AI_deck/gap_sdk/nn_menu/starters/SSD_ResNet_AIdeckDetection/BUILD/GAP8_V2/GCC_RISCV/SSD_ResNet:00000330 00000004 D __rt_hyper_pending_emu_addr	/home/chl/AI_deck/gap_sdk/rtos/pulp/pulp-os/drivers/hyper/hyperram-v1.c:48
/home/chl/AI_deck/gap_sdk/nn_menu/starters/SSD_ResNet_AIdeckDetection/BUILD/GAP8_V2/GCC_RISCV/SSD_ResNet:00000328 00000004 D __rt_hyper_pending_emu_channel	/home/chl/AI_deck/gap_sdk/rtos/pulp/pulp-os/drivers/hyper/hyperram-v1.c:46
/home/chl/AI_deck/gap_sdk/nn_menu/starters/SSD_ResNet_AIdeckDetection/BUILD/GAP8_V2/GCC_RISCV/SSD_ResNet:0000032c 00000004 D __rt_hyper_pending_emu_hyper_addr	/home/chl/AI_deck/gap_sdk/rtos/pulp/pulp-os/drivers/hyper/hyperram-v1.c:47
/home/chl/AI_deck/gap_sdk/nn_menu/starters/SSD_ResNet_AIdeckDetection/BUILD/GAP8_V2/GCC_RISCV/SSD_ResNet:0000034c 00000004 D __rt_hyper_pending_emu_length	/home/chl/AI_deck/gap_sdk/rtos/pulp/pulp-os/drivers/hyper/hyperram-v1.c:51
/home/chl/AI_deck/gap_sdk/nn_menu/starters/SSD_ResNet_AIdeckDetection/BUILD/GAP8_V2/GCC_RISCV/SSD_ResNet:00000334 00000004 D __rt_hyper_pending_emu_size	/home/chl/AI_deck/gap_sdk/rtos/pulp/pulp-os/drivers/hyper/hyperram-v1.c:49
/home/chl/AI_deck/gap_sdk/nn_menu/starters/SSD_ResNet_AIdeckDetection/BUILD/GAP8_V2/GCC_RISCV/SSD_ResNet:00000348 00000004 D __rt_hyper_pending_emu_size_2d	/home/chl/AI_deck/gap_sdk/rtos/pulp/pulp-os/drivers/hyper/hyperram-v1.c:50
/home/chl/AI_deck/gap_sdk/nn_menu/starters/SSD_ResNet_AIdeckDetection/BUILD/GAP8_V2/GCC_RISCV/SSD_ResNet:00000350 00000004 D __rt_hyper_pending_emu_stride	/home/chl/AI_deck/gap_sdk/rtos/pulp/pulp-os/drivers/hyper/hyperram-v1.c:52
/home/chl/AI_deck/gap_sdk/nn_menu/starters/SSD_ResNet_AIdeckDetection/BUILD/GAP8_V2/GCC_RISCV/SSD_ResNet:0000033c 00000004 D __rt_hyper_pending_emu_task	/home/chl/AI_deck/gap_sdk/rtos/pulp/pulp-os/drivers/hyper/hyperram-v1.c:54
/home/chl/AI_deck/gap_sdk/nn_menu/starters/SSD_ResNet_AIdeckDetection/BUILD/GAP8_V2/GCC_RISCV/SSD_ResNet:00000310 00000004 D __rt_hyper_pending_hyper_addr	/home/chl/AI_deck/gap_sdk/rtos/pulp/pulp-os/drivers/hyper/hyperram-v1.c:32
/home/chl/AI_deck/gap_sdk/nn_menu/starters/SSD_ResNet_AIdeckDetection/BUILD/GAP8_V2/GCC_RISCV/SSD_ResNet:00000318 00000004 D __rt_hyper_pending_repeat	/home/chl/AI_deck/gap_sdk/rtos/pulp/pulp-os/drivers/hyper/hyperram-v1.c:34
/home/chl/AI_deck/gap_sdk/nn_menu/starters/SSD_ResNet_AIdeckDetection/BUILD/GAP8_V2/GCC_RISCV/SSD_ResNet:0000031c 00000004 D __rt_hyper_pending_repeat_size	/home/chl/AI_deck/gap_sdk/rtos/pulp/pulp-os/drivers/hyper/hyperram-v1.c:35
/home/chl/AI_deck/gap_sdk/nn_menu/starters/SSD_ResNet_AIdeckDetection/BUILD/GAP8_V2/GCC_RISCV/SSD_ResNet:00000340 00000004 D __rt_hyper_pending_tasks	/home/chl/AI_deck/gap_sdk/rtos/pulp/pulp-os/drivers/hyper/hyperram-v1.c:39
/home/chl/AI_deck/gap_sdk/nn_menu/starters/SSD_ResNet_AIdeckDetection/BUILD/GAP8_V2/GCC_RISCV/SSD_ResNet:00000344 00000004 D __rt_hyper_pending_tasks_last	/home/chl/AI_deck/gap_sdk/rtos/pulp/pulp-os/drivers/hyper/hyperram-v1.c:40
/home/chl/AI_deck/gap_sdk/nn_menu/starters/SSD_ResNet_AIdeckDetection/BUILD/GAP8_V2/GCC_RISCV/SSD_ResNet:1c0205b8 00000004 T __rt_hyper_resume_copy	/home/chl/AI_deck/gap_sdk/rtos/pulp/pulp-os/drivers/hyper/hyperram-v1.c:988
/home/chl/AI_deck/gap_sdk/nn_menu/starters/SSD_ResNet_AIdeckDetection/BUILD/GAP8_V2/GCC_RISCV/SSD_ResNet:00000308 00000004 D __rt_hyper_udma_handle
/home/chl/AI_deck/gap_sdk/nn_menu/starters/SSD_ResNet_AIdeckDetection/BUILD/GAP8_V2/GCC_RISCV/SSD_ResNet:1c0233b0 00000004 b __rt_i2s_first	/home/chl/AI_deck/gap_sdk/rtos/pulp/pulp-os/drivers_deprecated/i2s/i2s-v1.c:40
/home/chl/AI_deck/gap_sdk/nn_menu/starters/SSD_ResNet_AIdeckDetection/BUILD/GAP8_V2/GCC_RISCV/SSD_ResNet:1c022e24 00000004 V __rt_iodev
/home/chl/AI_deck/gap_sdk/nn_menu/starters/SSD_ResNet_AIdeckDetection/BUILD/GAP8_V2/GCC_RISCV/SSD_ResNet:1c022e28 00000004 V __rt_iodev_uart_baudrate
/home/chl/AI_deck/gap_sdk/nn_menu/starters/SSD_ResNet_AIdeckDetection/BUILD/GAP8_V2/GCC_RISCV/SSD_ResNet:1c023398 00000004 V __rt_iodev_uart_channel
/home/chl/AI_deck/gap_sdk/nn_menu/starters/SSD_ResNet_AIdeckDetection/BUILD/GAP8_V2/GCC_RISCV/SSD_ResNet:1c0233bc 00000004 b __rt_io_event_current	/home/chl/AI_deck/gap_sdk/rtos/pulp/pulp-os/libs/io/io.c:40
/home/chl/AI_deck/gap_sdk/nn_menu/starters/SSD_ResNet_AIdeckDetection/BUILD/GAP8_V2/GCC_RISCV/SSD_ResNet:1c0233c0 00000004 b __rt_io_pending_flush	/home/chl/AI_deck/gap_sdk/rtos/pulp/pulp-os/libs/io/io.c:50
/home/chl/AI_deck/gap_sdk/nn_menu/starters/SSD_ResNet_AIdeckDetection/BUILD/GAP8_V2/GCC_RISCV/SSD_ResNet:1c0233c8 00000004 b _rt_io_uart	/home/chl/AI_deck/gap_sdk/rtos/pulp/pulp-os/libs/io/io.c:38
/home/chl/AI_deck/gap_sdk/nn_menu/starters/SSD_ResNet_AIdeckDetection/BUILD/GAP8_V2/GCC_RISCV/SSD_ResNet:1c022e2c 00000004 V __rt_platform
/home/chl/AI_deck/gap_sdk/nn_menu/starters/SSD_ResNet_AIdeckDetection/BUILD/GAP8_V2/GCC_RISCV/SSD_ResNet:1c0233c4 00000004 b __rt_putc_host_buffer_index	/home/chl/AI_deck/gap_sdk/rtos/pulp/pulp-os/libs/io/io.c:48
/home/chl/AI_deck/gap_sdk/nn_menu/starters/SSD_ResNet_AIdeckDetection/BUILD/GAP8_V2/GCC_RISCV/SSD_ResNet:0000038c 00000004 D __rt_rtc_init_done	/home/chl/AI_deck/gap_sdk/rtos/pulp/pulp-os/drivers_deprecated/dolphin/rtc.c:26
/home/chl/AI_deck/gap_sdk/nn_menu/starters/SSD_ResNet_AIdeckDetection/BUILD/GAP8_V2/GCC_RISCV/SSD_ResNet:1c02347c 00000004 B __rt_wakeup_use_fast	/home/chl/AI_deck/gap_sdk/rtos/pulp/pulp-os/kernel/gap/pmu_driver.c:173
/home/chl/AI_deck/gap_sdk/nn_menu/starters/SSD_ResNet_AIdeckDetection/BUILD/GAP8_V2/GCC_RISCV/SSD_ResNet:10000060 00000004 D SSDKernels_L1_Memory
/home/chl/AI_deck/gap_sdk/nn_menu/starters/SSD_ResNet_AIdeckDetection/BUILD/GAP8_V2/GCC_RISCV/SSD_ResNet:1c022e3c 00000004 D SSDKernels_L2_Memory
/home/chl/AI_deck/gap_sdk/nn_menu/starters/SSD_ResNet_AIdeckDetection/BUILD/GAP8_V2/GCC_RISCV/SSD_ResNet:1c0233a0 00000004 b timer_count	/home/chl/AI_deck/gap_sdk/rtos/pulp/pulp-os/kernel/time.c:23
/home/chl/AI_deck/gap_sdk/nn_menu/starters/SSD_ResNet_AIdeckDetection/BUILD/GAP8_V2/GCC_RISCV/SSD_ResNet:1c022e50 00000004 D tmp_buffer_boxes
/home/chl/AI_deck/gap_sdk/nn_menu/starters/SSD_ResNet_AIdeckDetection/BUILD/GAP8_V2/GCC_RISCV/SSD_ResNet:1c022e4c 00000004 D tmp_buffer_classes
/home/chl/AI_deck/gap_sdk/nn_menu/starters/SSD_ResNet_AIdeckDetection/BUILD/GAP8_V2/GCC_RISCV/SSD_ResNet:1c022e14 00000004 D W
/home/chl/AI_deck/gap_sdk/nn_menu/starters/SSD_ResNet_AIdeckDetection/BUILD/GAP8_V2/GCC_RISCV/SSD_ResNet:1c022e18 00000004 D W_2
/home/chl/AI_deck/gap_sdk/nn_menu/starters/SSD_ResNet_AIdeckDetection/BUILD/GAP8_V2/GCC_RISCV/SSD_ResNet:1c022e1c 00000004 D Wi
/home/chl/AI_deck/gap_sdk/nn_menu/starters/SSD_ResNet_AIdeckDetection/BUILD/GAP8_V2/GCC_RISCV/SSD_ResNet:1c01ee20 00000006 T pi_cl_l1_malloc	/home/chl/AI_deck/gap_sdk/rtos/pulp/pulp-os/kernel/alloc.c:582
/home/chl/AI_deck/gap_sdk/nn_menu/starters/SSD_ResNet_AIdeckDetection/BUILD/GAP8_V2/GCC_RISCV/SSD_ResNet:1c01f948 00000006 T pi_cluster_conf_init	/home/chl/AI_deck/gap_sdk/rtos/pulp/pulp-os/kernel/cluster.c:337
/home/chl/AI_deck/gap_sdk/nn_menu/starters/SSD_ResNet_AIdeckDetection/BUILD/GAP8_V2/GCC_RISCV/SSD_ResNet:1c01c5a2 00000006 t __pi_host_fs_seek	/home/chl/AI_deck/gap_sdk/rtos/pmsis/pmsis_bsp/fs/host_fs/host_fs.c:109
/home/chl/AI_deck/gap_sdk/nn_menu/starters/SSD_ResNet_AIdeckDetection/BUILD/GAP8_V2/GCC_RISCV/SSD_ResNet:1c01c004 00000006 t __pi_read_fs_unmount	/home/chl/AI_deck/gap_sdk/rtos/pmsis/pmsis_bsp/fs/read_fs/read_fs.c:230
/home/chl/AI_deck/gap_sdk/nn_menu/starters/SSD_ResNet_AIdeckDetection/BUILD/GAP8_V2/GCC_RISCV/SSD_ResNet:1c020e38 00000006 T putchar	/home/chl/AI_deck/gap_sdk/rtos/pulp/pulp-os/libs/io/io.c:621
/home/chl/AI_deck/gap_sdk/nn_menu/starters/SSD_ResNet_AIdeckDetection/BUILD/GAP8_V2/GCC_RISCV/SSD_ResNet:1c01f752 00000006 T __rt_fll_set_freq	/home/chl/AI_deck/gap_sdk/rtos/pulp/pulp-os/kernel/gap/pmu_driver.c:884
/home/chl/AI_deck/gap_sdk/nn_menu/starters/SSD_ResNet_AIdeckDetection/BUILD/GAP8_V2/GCC_RISCV/SSD_ResNet:1c022fb4 00000007 d SystemStateToSCUFastSeq	/home/chl/AI_deck/gap_sdk/rtos/pulp/pulp-os/kernel/gap/pmu_driver.c:176
/home/chl/AI_deck/gap_sdk/nn_menu/starters/SSD_ResNet_AIdeckDetection/BUILD/GAP8_V2/GCC_RISCV/SSD_ResNet:1c022e44 00000008 D bbxs
/home/chl/AI_deck/gap_sdk/nn_menu/starters/SSD_ResNet_AIdeckDetection/BUILD/GAP8_V2/GCC_RISCV/SSD_ResNet:1c01d3ea 00000008 T extern_alloc_deinit	/home/chl/AI_deck/gap_sdk/rtos/pmsis/pmsis_bsp/ram/alloc_extern.c:128
/home/chl/AI_deck/gap_sdk/nn_menu/starters/SSD_ResNet_AIdeckDetection/BUILD/GAP8_V2/GCC_RISCV/SSD_ResNet:1c022fd4 00000008 D FllsFrequency
/home/chl/AI_deck/gap_sdk/nn_menu/starters/SSD_ResNet_AIdeckDetection/BUILD/GAP8_V2/GCC_RISCV/SSD_ResNet:1c00246e 00000008 T main
/home/chl/AI_deck/gap_sdk/nn_menu/starters/SSD_ResNet_AIdeckDetection/BUILD/GAP8_V2/GCC_RISCV/SSD_ResNet:1c01ec46 00000008 T pi_cl_send_task_to_fc	/home/chl/AI_deck/gap_sdk/rtos/pulp/pulp-os/kernel/events.c:280
/home/chl/AI_deck/gap_sdk/nn_menu/starters/SSD_ResNet_AIdeckDetection/BUILD/GAP8_V2/GCC_RISCV/SSD_ResNet:1c01bee0 00000008 t pi_flash_read_async	/home/chl/AI_deck/gap_sdk/rtos/pmsis/pmsis_bsp/include/bsp/flash.h:427
/home/chl/AI_deck/gap_sdk/nn_menu/starters/SSD_ResNet_AIdeckDetection/BUILD/GAP8_V2/GCC_RISCV/SSD_ResNet:1c01bd90 00000008 T pi_fs_close	/home/chl/AI_deck/gap_sdk/rtos/pmsis/pmsis_bsp/fs/fs.c:80
/home/chl/AI_deck/gap_sdk/nn_menu/starters/SSD_ResNet_AIdeckDetection/BUILD/GAP8_V2/GCC_RISCV/SSD_ResNet:1c01bd88 00000008 T pi_fs_open	/home/chl/AI_deck/gap_sdk/rtos/pmsis/pmsis_bsp/fs/fs.c:74
/home/chl/AI_deck/gap_sdk/nn_menu/starters/SSD_ResNet_AIdeckDetection/BUILD/GAP8_V2/GCC_RISCV/SSD_ResNet:1c01bd98 00000008 T pi_fs_read_async	/home/chl/AI_deck/gap_sdk/rtos/pmsis/pmsis_bsp/fs/fs.c:85
/home/chl/AI_deck/gap_sdk/nn_menu/starters/SSD_ResNet_AIdeckDetection/BUILD/GAP8_V2/GCC_RISCV/SSD_ResNet:1c01be98 00000008 T pi_fs_seek	/home/chl/AI_deck/gap_sdk/rtos/pmsis/pmsis_bsp/fs/fs.c:150
/home/chl/AI_deck/gap_sdk/nn_menu/starters/SSD_ResNet_AIdeckDetection/BUILD/GAP8_V2/GCC_RISCV/SSD_ResNet:1c01bd80 00000008 T pi_fs_unmount	/home/chl/AI_deck/gap_sdk/rtos/pmsis/pmsis_bsp/fs/fs.c:68
/home/chl/AI_deck/gap_sdk/nn_menu/starters/SSD_ResNet_AIdeckDetection/BUILD/GAP8_V2/GCC_RISCV/SSD_ResNet:1c01bdca 00000008 T pi_fs_write_async	/home/chl/AI_deck/gap_sdk/rtos/pmsis/pmsis_bsp/fs/fs.c:98
/home/chl/AI_deck/gap_sdk/nn_menu/starters/SSD_ResNet_AIdeckDetection/BUILD/GAP8_V2/GCC_RISCV/SSD_ResNet:1c023474 00000008 B __rt_freq_domains
/home/chl/AI_deck/gap_sdk/nn_menu/starters/SSD_ResNet_AIdeckDetection/BUILD/GAP8_V2/GCC_RISCV/SSD_ResNet:1c0205b0 00000008 T __rt_hyper_resume_emu_task	/home/chl/AI_deck/gap_sdk/rtos/pulp/pulp-os/drivers/hyper/hyperram-v1.c:980
/home/chl/AI_deck/gap_sdk/nn_menu/starters/SSD_ResNet_AIdeckDetection/BUILD/GAP8_V2/GCC_RISCV/SSD_ResNet:000002b0 00000008 D __rt_socevents_status
/home/chl/AI_deck/gap_sdk/nn_menu/starters/SSD_ResNet_AIdeckDetection/BUILD/GAP8_V2/GCC_RISCV/SSD_ResNet:1c0233b4 00000008 b __rt_spim_open_count	/home/chl/AI_deck/gap_sdk/rtos/pulp/pulp-os/drivers_deprecated/spim/spim-v2.c:26
/home/chl/AI_deck/gap_sdk/nn_menu/starters/SSD_ResNet_AIdeckDetection/BUILD/GAP8_V2/GCC_RISCV/SSD_ResNet:1c01e270 00000008 T semihost_close	/home/chl/AI_deck/gap_sdk/rtos/pmsis/pmsis_bsp/fs/host_fs/semihost.c:18
/home/chl/AI_deck/gap_sdk/nn_menu/starters/SSD_ResNet_AIdeckDetection/BUILD/GAP8_V2/GCC_RISCV/SSD_ResNet:1c01e2ca 00000008 T semihost_exit	/home/chl/AI_deck/gap_sdk/rtos/pmsis/pmsis_bsp/fs/host_fs/semihost.c:47
/home/chl/AI_deck/gap_sdk/nn_menu/starters/SSD_ResNet_AIdeckDetection/BUILD/GAP8_V2/GCC_RISCV/SSD_ResNet:1c01e23c 00000008 T semihost_write0	/home/chl/AI_deck/gap_sdk/rtos/pmsis/pmsis_bsp/fs/host_fs/semihost.c:6
/home/chl/AI_deck/gap_sdk/nn_menu/starters/SSD_ResNet_AIdeckDetection/BUILD/GAP8_V2/GCC_RISCV/SSD_ResNet:1c020edc 0000000a T abort	/home/chl/AI_deck/gap_sdk/rtos/pulp/pulp-os/libs/io/io.c:739
/home/chl/AI_deck/gap_sdk/nn_menu/starters/SSD_ResNet_AIdeckDetection/BUILD/GAP8_V2/GCC_RISCV/SSD_ResNet:1c01e336 0000000a T bsp_hyperflash_conf_init	/home/chl/AI_deck/gap_sdk/rtos/pmsis/pmsis_bsp/bsp/ai_deck.c:58
/home/chl/AI_deck/gap_sdk/nn_menu/starters/SSD_ResNet_AIdeckDetection/BUILD/GAP8_V2/GCC_RISCV/SSD_ResNet:1c01be06 0000000a T pi_fs_copy_2d_async	/home/chl/AI_deck/gap_sdk/rtos/pmsis/pmsis_bsp/fs/fs.c:137
/home/chl/AI_deck/gap_sdk/nn_menu/starters/SSD_ResNet_AIdeckDetection/BUILD/GAP8_V2/GCC_RISCV/SSD_ResNet:1c01bdfc 0000000a T pi_fs_copy_async	/home/chl/AI_deck/gap_sdk/rtos/pmsis/pmsis_bsp/fs/fs.c:124
/home/chl/AI_deck/gap_sdk/nn_menu/starters/SSD_ResNet_AIdeckDetection/BUILD/GAP8_V2/GCC_RISCV/SSD_ResNet:1c01d4dc 0000000a T pi_partition_get_flash_offset	/home/chl/AI_deck/gap_sdk/rtos/pmsis/pmsis_bsp/partition/partition.c:38
/home/chl/AI_deck/gap_sdk/nn_menu/starters/SSD_ResNet_AIdeckDetection/BUILD/GAP8_V2/GCC_RISCV/SSD_ResNet:1c020676 0000000a T rt_extern_alloc_deinit	/home/chl/AI_deck/gap_sdk/rtos/pulp/pulp-os/kernel/alloc_extern.c:129
/home/chl/AI_deck/gap_sdk/nn_menu/starters/SSD_ResNet_AIdeckDetection/BUILD/GAP8_V2/GCC_RISCV/SSD_ResNet:1c0207e2 0000000a T __rt_himax_init	/home/chl/AI_deck/gap_sdk/rtos/pulp/pulp-os/drivers_deprecated/camera/himax.c:400
/home/chl/AI_deck/gap_sdk/nn_menu/starters/SSD_ResNet_AIdeckDetection/BUILD/GAP8_V2/GCC_RISCV/SSD_ResNet:1c023404 0000000c B device
/home/chl/AI_deck/gap_sdk/nn_menu/starters/SSD_ResNet_AIdeckDetection/BUILD/GAP8_V2/GCC_RISCV/SSD_ResNet:1c0233d0 0000000c B HyperRam
/home/chl/AI_deck/gap_sdk/nn_menu/starters/SSD_ResNet_AIdeckDetection/BUILD/GAP8_V2/GCC_RISCV/SSD_ResNet:1c01d164 0000000c T hyperram_free	/home/chl/AI_deck/gap_sdk/rtos/pmsis/pmsis_bsp/ram/hyperram/hyperram.c:169
/home/chl/AI_deck/gap_sdk/nn_menu/starters/SSD_ResNet_AIdeckDetection/BUILD/GAP8_V2/GCC_RISCV/SSD_ResNet:1c0233f4 0000000c B ili
/home/chl/AI_deck/gap_sdk/nn_menu/starters/SSD_ResNet_AIdeckDetection/BUILD/GAP8_V2/GCC_RISCV/SSD_ResNet:1c01ee26 0000000c T pi_cl_l1_free	/home/chl/AI_deck/gap_sdk/rtos/pulp/pulp-os/kernel/alloc.c:587
/home/chl/AI_deck/gap_sdk/nn_menu/starters/SSD_ResNet_AIdeckDetection/BUILD/GAP8_V2/GCC_RISCV/SSD_ResNet:1c01bca4 0000000c T pi_flash_open	/home/chl/AI_deck/gap_sdk/rtos/pmsis/pmsis_bsp/flash/flash.c:24
/home/chl/AI_deck/gap_sdk/nn_menu/starters/SSD_ResNet_AIdeckDetection/BUILD/GAP8_V2/GCC_RISCV/SSD_ResNet:1c01c570 0000000c t __pi_host_fs_mount	/home/chl/AI_deck/gap_sdk/rtos/pmsis/pmsis_bsp/fs/host_fs/host_fs.c:34
/home/chl/AI_deck/gap_sdk/nn_menu/starters/SSD_ResNet_AIdeckDetection/BUILD/GAP8_V2/GCC_RISCV/SSD_ResNet:1c01d2f0 0000000c T pi_ram_open	/home/chl/AI_deck/gap_sdk/rtos/pmsis/pmsis_bsp/ram/ram.c:23
/home/chl/AI_deck/gap_sdk/nn_menu/starters/SSD_ResNet_AIdeckDetection/BUILD/GAP8_V2/GCC_RISCV/SSD_ResNet:00000004 0000000c D __rt_cluster_pool
/home/chl/AI_deck/gap_sdk/nn_menu/starters/SSD_ResNet_AIdeckDetection/BUILD/GAP8_V2/GCC_RISCV/SSD_ResNet:1c020612 0000000c T __rt_padframe_init	/home/chl/AI_deck/gap_sdk/rtos/pulp/pulp-os/drivers_deprecated/pads/pads-v1.c:58
/home/chl/AI_deck/gap_sdk/nn_menu/starters/SSD_ResNet_AIdeckDetection/BUILD/GAP8_V2/GCC_RISCV/SSD_ResNet:1c01c75c 0000000e t hyperflash_ioctl	/home/chl/AI_deck/gap_sdk/rtos/pmsis/pmsis_bsp/flash/hyperflash/hyperflash.c:284
/home/chl/AI_deck/gap_sdk/nn_menu/starters/SSD_ResNet_AIdeckDetection/BUILD/GAP8_V2/GCC_RISCV/SSD_ResNet:1c01c76a 0000000e t hyperflash_set_reg_exec	/home/chl/AI_deck/gap_sdk/rtos/pmsis/pmsis_bsp/flash/hyperflash/hyperflash.c:94
/home/chl/AI_deck/gap_sdk/nn_menu/starters/SSD_ResNet_AIdeckDetection/BUILD/GAP8_V2/GCC_RISCV/SSD_ResNet:1c01e22e 0000000e t __internal_semihost	/home/chl/AI_deck/gap_sdk/rtos/pmsis/pmsis_bsp/fs/host_fs/semihost.h:75
/home/chl/AI_deck/gap_sdk/nn_menu/starters/SSD_ResNet_AIdeckDetection/BUILD/GAP8_V2/GCC_RISCV/SSD_ResNet:1c01ee32 0000000e T pi_l2_malloc	/home/chl/AI_deck/gap_sdk/rtos/pulp/pulp-os/kernel/alloc.c:595
/home/chl/AI_deck/gap_sdk/nn_menu/starters/SSD_ResNet_AIdeckDetection/BUILD/GAP8_V2/GCC_RISCV/SSD_ResNet:1c020810 0000000e t __rt_io_end_of_flush	/home/chl/AI_deck/gap_sdk/rtos/pulp/pulp-os/libs/io/io.c:366
/home/chl/AI_deck/gap_sdk/nn_menu/starters/SSD_ResNet_AIdeckDetection/BUILD/GAP8_V2/GCC_RISCV/SSD_ResNet:1c023084 0000000f b dirction.18936
/home/chl/AI_deck/gap_sdk/nn_menu/starters/SSD_ResNet_AIdeckDetection/BUILD/GAP8_V2/GCC_RISCV/SSD_ResNet:1c01e340 00000010 T bsp_hyperflash_open
/home/chl/AI_deck/gap_sdk/nn_menu/starters/SSD_ResNet_AIdeckDetection/BUILD/GAP8_V2/GCC_RISCV/SSD_ResNet:1c01e326 00000010 T bsp_hyperram_open
/home/chl/AI_deck/gap_sdk/nn_menu/starters/SSD_ResNet_AIdeckDetection/BUILD/GAP8_V2/GCC_RISCV/SSD_ResNet:1c01d182 00000010 t hyperram_copy_async	/home/chl/AI_deck/gap_sdk/rtos/pmsis/pmsis_bsp/ram/hyperram/hyperram.c:133
/home/chl/AI_deck/gap_sdk/nn_menu/starters/SSD_ResNet_AIdeckDetection/BUILD/GAP8_V2/GCC_RISCV/SSD_ResNet:1c020c1c 00000010 T memset	/home/chl/AI_deck/gap_sdk/rtos/pulp/pulp-os/libs/io/io.c:150
/home/chl/AI_deck/gap_sdk/nn_menu/starters/SSD_ResNet_AIdeckDetection/BUILD/GAP8_V2/GCC_RISCV/SSD_ResNet:1c022e6c 00000010 D n_variances_1
/home/chl/AI_deck/gap_sdk/nn_menu/starters/SSD_ResNet_AIdeckDetection/BUILD/GAP8_V2/GCC_RISCV/SSD_ResNet:1c022ec4 00000010 D n_variances_2
/home/chl/AI_deck/gap_sdk/nn_menu/starters/SSD_ResNet_AIdeckDetection/BUILD/GAP8_V2/GCC_RISCV/SSD_ResNet:1c022f1c 00000010 D n_variances_3
/home/chl/AI_deck/gap_sdk/nn_menu/starters/SSD_ResNet_AIdeckDetection/BUILD/GAP8_V2/GCC_RISCV/SSD_ResNet:1c022f74 00000010 D n_variances_4
/home/chl/AI_deck/gap_sdk/nn_menu/starters/SSD_ResNet_AIdeckDetection/BUILD/GAP8_V2/GCC_RISCV/SSD_ResNet:1c01fe84 00000010 T pi_hyper_conf_init	/home/chl/AI_deck/gap_sdk/rtos/pulp/pulp-os/drivers/hyper/hyperram-v1.c:200
/home/chl/AI_deck/gap_sdk/nn_menu/starters/SSD_ResNet_AIdeckDetection/BUILD/GAP8_V2/GCC_RISCV/SSD_ResNet:1c01ee40 00000010 T pi_l2_free	/home/chl/AI_deck/gap_sdk/rtos/pulp/pulp-os/kernel/alloc.c:600
/home/chl/AI_deck/gap_sdk/nn_menu/starters/SSD_ResNet_AIdeckDetection/BUILD/GAP8_V2/GCC_RISCV/SSD_ResNet:1c01bf26 00000010 t __pi_read_fs_seek	/home/chl/AI_deck/gap_sdk/rtos/pmsis/pmsis_bsp/fs/read_fs/read_fs.c:517
/home/chl/AI_deck/gap_sdk/nn_menu/starters/SSD_ResNet_AIdeckDetection/BUILD/GAP8_V2/GCC_RISCV/SSD_ResNet:1c022fbc 00000010 D PMUState
/home/chl/AI_deck/gap_sdk/nn_menu/starters/SSD_ResNet_AIdeckDetection/BUILD/GAP8_V2/GCC_RISCV/SSD_ResNet:1b000bbc 00000010 d __rt_io_fc_lock	/home/chl/AI_deck/gap_sdk/rtos/pulp/pulp-os/libs/io/io.c:35
/home/chl/AI_deck/gap_sdk/nn_menu/starters/SSD_ResNet_AIdeckDetection/BUILD/GAP8_V2/GCC_RISCV/SSD_ResNet:1c022d00 00000010 V __rt_padframe_default	/home/chl/AI_deck/gap_sdk/rtos/pulp/pulp-os/drivers_deprecated/pads/pads-v1.c:28
/home/chl/AI_deck/gap_sdk/nn_menu/starters/SSD_ResNet_AIdeckDetection/BUILD/GAP8_V2/GCC_RISCV/SSD_ResNet:1c022d10 00000010 V __rt_padframe_hyper	/home/chl/AI_deck/gap_sdk/rtos/pulp/pulp-os/drivers_deprecated/pads/pads-v1.c:30
/home/chl/AI_deck/gap_sdk/nn_menu/starters/SSD_ResNet_AIdeckDetection/BUILD/GAP8_V2/GCC_RISCV/SSD_ResNet:1c022d20 00000010 V __rt_padframe_hyper_gpio	/home/chl/AI_deck/gap_sdk/rtos/pulp/pulp-os/drivers_deprecated/pads/pads-v1.c:32
/home/chl/AI_deck/gap_sdk/nn_menu/starters/SSD_ResNet_AIdeckDetection/BUILD/GAP8_V2/GCC_RISCV/SSD_ResNet:1c023380 00000010 b __rt_uart	/home/chl/AI_deck/gap_sdk/rtos/pulp/pulp-os/drivers_deprecated/uart/uart.c:43
/home/chl/AI_deck/gap_sdk/nn_menu/starters/SSD_ResNet_AIdeckDetection/BUILD/GAP8_V2/GCC_RISCV/SSD_ResNet:1c021d00 00000010 T rt_uart_conf_init
/home/chl/AI_deck/gap_sdk/nn_menu/starters/SSD_ResNet_AIdeckDetection/BUILD/GAP8_V2/GCC_RISCV/SSD_ResNet:1c01d170 00000012 t hyperram_copy_2d_async	/home/chl/AI_deck/gap_sdk/rtos/pmsis/pmsis_bsp/ram/hyperram/hyperram.c:145
/home/chl/AI_deck/gap_sdk/nn_menu/starters/SSD_ResNet_AIdeckDetection/BUILD/GAP8_V2/GCC_RISCV/SSD_ResNet:1c01bd42 00000012 T pi_fs_conf_init	/home/chl/AI_deck/gap_sdk/rtos/pmsis/pmsis_bsp/fs/fs.c:26
/home/chl/AI_deck/gap_sdk/nn_menu/starters/SSD_ResNet_AIdeckDetection/BUILD/GAP8_V2/GCC_RISCV/SSD_ResNet:1c01f73c 00000012 T __rt_fll_init	/home/chl/AI_deck/gap_sdk/rtos/pulp/pulp-os/kernel/gap/pmu_driver.c:871
/home/chl/AI_deck/gap_sdk/nn_menu/starters/SSD_ResNet_AIdeckDetection/BUILD/GAP8_V2/GCC_RISCV/SSD_ResNet:1c0207ec 00000012 T __rt_rtc_init	/home/chl/AI_deck/gap_sdk/rtos/pulp/pulp-os/drivers_deprecated/dolphin/rtc.c:414
/home/chl/AI_deck/gap_sdk/nn_menu/starters/SSD_ResNet_AIdeckDetection/BUILD/GAP8_V2/GCC_RISCV/SSD_ResNet:1c0207fe 00000012 T __rt_spim_init	/home/chl/AI_deck/gap_sdk/rtos/pulp/pulp-os/drivers_deprecated/spim/spim-v2.c:446
/home/chl/AI_deck/gap_sdk/nn_menu/starters/SSD_ResNet_AIdeckDetection/BUILD/GAP8_V2/GCC_RISCV/SSD_ResNet:1c01fdc2 00000014 t l2_memcpy	/home/chl/AI_deck/gap_sdk/rtos/pulp/pulp-os/drivers/hyper/hyperram-v1.c:897
/home/chl/AI_deck/gap_sdk/nn_menu/starters/SSD_ResNet_AIdeckDetection/BUILD/GAP8_V2/GCC_RISCV/SSD_ResNet:1c022e58 00000014 D n_aspect_ratios_1
/home/chl/AI_deck/gap_sdk/nn_menu/starters/SSD_ResNet_AIdeckDetection/BUILD/GAP8_V2/GCC_RISCV/SSD_ResNet:1c022eb0 00000014 D n_aspect_ratios_2
/home/chl/AI_deck/gap_sdk/nn_menu/starters/SSD_ResNet_AIdeckDetection/BUILD/GAP8_V2/GCC_RISCV/SSD_ResNet:1c022f08 00000014 D n_aspect_ratios_3
/home/chl/AI_deck/gap_sdk/nn_menu/starters/SSD_ResNet_AIdeckDetection/BUILD/GAP8_V2/GCC_RISCV/SSD_ResNet:1c022f60 00000014 D n_aspect_ratios_4
/home/chl/AI_deck/gap_sdk/nn_menu/starters/SSD_ResNet_AIdeckDetection/BUILD/GAP8_V2/GCC_RISCV/SSD_ResNet:1c01ec30 00000014 T __rt_event_sched_init	/home/chl/AI_deck/gap_sdk/rtos/pulp/pulp-os/kernel/events.c:264
/home/chl/AI_deck/gap_sdk/nn_menu/starters/SSD_ResNet_AIdeckDetection/BUILD/GAP8_V2/GCC_RISCV/SSD_ResNet:0000001c 00000014 D __rt_sched
/home/chl/AI_deck/gap_sdk/nn_menu/starters/SSD_ResNet_AIdeckDetection/BUILD/GAP8_V2/GCC_RISCV/SSD_ResNet:1c020bd2 00000014 T strcmp	/home/chl/AI_deck/gap_sdk/rtos/pulp/pulp-os/libs/io/io.c:97
/home/chl/AI_deck/gap_sdk/nn_menu/starters/SSD_ResNet_AIdeckDetection/BUILD/GAP8_V2/GCC_RISCV/SSD_ResNet:1c020186 00000016 T pi_hyper_read_async	/home/chl/AI_deck/gap_sdk/rtos/pulp/pulp-os/drivers/hyper/hyperram-v1.c:380
/home/chl/AI_deck/gap_sdk/nn_menu/starters/SSD_ResNet_AIdeckDetection/BUILD/GAP8_V2/GCC_RISCV/SSD_ResNet:1c01e2b4 00000016 T semihost_seek	/home/chl/AI_deck/gap_sdk/rtos/pmsis/pmsis_bsp/fs/host_fs/semihost.c:36
/home/chl/AI_deck/gap_sdk/nn_menu/starters/SSD_ResNet_AIdeckDetection/BUILD/GAP8_V2/GCC_RISCV/SSD_ResNet:1c020c06 00000016 T strlen	/home/chl/AI_deck/gap_sdk/rtos/pulp/pulp-os/libs/io/io.c:124
/home/chl/AI_deck/gap_sdk/nn_menu/starters/SSD_ResNet_AIdeckDetection/BUILD/GAP8_V2/GCC_RISCV/SSD_ResNet:1c01e30e 00000018 T bsp_hyperram_conf_init	/home/chl/AI_deck/gap_sdk/rtos/pmsis/pmsis_bsp/bsp/ai_deck.c:40
/home/chl/AI_deck/gap_sdk/nn_menu/starters/SSD_ResNet_AIdeckDetection/BUILD/GAP8_V2/GCC_RISCV/SSD_ResNet:1b000ba0 00000018 d cbsys_first	/home/chl/AI_deck/gap_sdk/rtos/pulp/pulp-os/kernel/utils.c:30
/home/chl/AI_deck/gap_sdk/nn_menu/starters/SSD_ResNet_AIdeckDetection/BUILD/GAP8_V2/GCC_RISCV/SSD_ResNet:1c022848 00000018 r FractionExpLUT
/home/chl/AI_deck/gap_sdk/nn_menu/starters/SSD_ResNet_AIdeckDetection/BUILD/GAP8_V2/GCC_RISCV/SSD_ResNet:1c0228f8 00000018 r FractionExpLUT
/home/chl/AI_deck/gap_sdk/nn_menu/starters/SSD_ResNet_AIdeckDetection/BUILD/GAP8_V2/GCC_RISCV/SSD_ResNet:1c022ce8 00000018 d hyperram_api	/home/chl/AI_deck/gap_sdk/rtos/pmsis/pmsis_bsp/ram/hyperram/hyperram.c:225
/home/chl/AI_deck/gap_sdk/nn_menu/starters/SSD_ResNet_AIdeckDetection/BUILD/GAP8_V2/GCC_RISCV/SSD_ResNet:1c022860 00000018 r IntegerExpLUT
/home/chl/AI_deck/gap_sdk/nn_menu/starters/SSD_ResNet_AIdeckDetection/BUILD/GAP8_V2/GCC_RISCV/SSD_ResNet:1c022910 00000018 r IntegerExpLUT
/home/chl/AI_deck/gap_sdk/nn_menu/starters/SSD_ResNet_AIdeckDetection/BUILD/GAP8_V2/GCC_RISCV/SSD_ResNet:1c02057e 00000018 T pi_hyper_read_2d_async	/home/chl/AI_deck/gap_sdk/rtos/pulp/pulp-os/drivers/hyper/hyperram-v1.c:420
/home/chl/AI_deck/gap_sdk/nn_menu/starters/SSD_ResNet_AIdeckDetection/BUILD/GAP8_V2/GCC_RISCV/SSD_ResNet:1c0201be 00000018 T pi_hyper_write_async	/home/chl/AI_deck/gap_sdk/rtos/pulp/pulp-os/drivers/hyper/hyperram-v1.c:400
/home/chl/AI_deck/gap_sdk/nn_menu/starters/SSD_ResNet_AIdeckDetection/BUILD/GAP8_V2/GCC_RISCV/SSD_ResNet:1c01bf90 00000018 t __pi_read_fs_copy_2d_async	/home/chl/AI_deck/gap_sdk/rtos/pmsis/pmsis_bsp/fs/read_fs/read_fs.c:657
/home/chl/AI_deck/gap_sdk/nn_menu/starters/SSD_ResNet_AIdeckDetection/BUILD/GAP8_V2/GCC_RISCV/SSD_ResNet:1c01bf78 00000018 t __pi_read_fs_copy_async	/home/chl/AI_deck/gap_sdk/rtos/pmsis/pmsis_bsp/fs/read_fs/read_fs.c:648
/home/chl/AI_deck/gap_sdk/nn_menu/starters/SSD_ResNet_AIdeckDetection/BUILD/GAP8_V2/GCC_RISCV/SSD_ResNet:1c022d30 00000018 V __rt_padframe_profiles
/home/chl/AI_deck/gap_sdk/nn_menu/starters/SSD_ResNet_AIdeckDetection/BUILD/GAP8_V2/GCC_RISCV/SSD_ResNet:1c01ee50 00000018 t __rt_time_poweroff	/home/chl/AI_deck/gap_sdk/rtos/pulp/pulp-os/kernel/time.c:28
/home/chl/AI_deck/gap_sdk/nn_menu/starters/SSD_ResNet_AIdeckDetection/BUILD/GAP8_V2/GCC_RISCV/SSD_ResNet:1c01ee68 00000018 t __rt_time_poweron	/home/chl/AI_deck/gap_sdk/rtos/pulp/pulp-os/kernel/time.c:37
/home/chl/AI_deck/gap_sdk/nn_menu/starters/SSD_ResNet_AIdeckDetection/BUILD/GAP8_V2/GCC_RISCV/SSD_ResNet:1c01ea98 00000018 T __rt_wait_event_prepare_blocking	/home/chl/AI_deck/gap_sdk/rtos/pulp/pulp-os/kernel/events.c:42
/home/chl/AI_deck/gap_sdk/nn_menu/starters/SSD_ResNet_AIdeckDetection/BUILD/GAP8_V2/GCC_RISCV/SSD_ResNet:1c020dee 0000001a T fputc_locked
/home/chl/AI_deck/gap_sdk/nn_menu/starters/SSD_ResNet_AIdeckDetection/BUILD/GAP8_V2/GCC_RISCV/SSD_ResNet:1c01c842 0000001a t hyperflash_copy_2d_async
/home/chl/AI_deck/gap_sdk/nn_menu/starters/SSD_ResNet_AIdeckDetection/BUILD/GAP8_V2/GCC_RISCV/SSD_ResNet:1c01d248 0000001a T pi_hyperram_conf_init	/home/chl/AI_deck/gap_sdk/rtos/pmsis/pmsis_bsp/ram/hyperram/hyperram.c:235
/home/chl/AI_deck/gap_sdk/nn_menu/starters/SSD_ResNet_AIdeckDetection/BUILD/GAP8_V2/GCC_RISCV/SSD_ResNet:1c020596 0000001a T pi_hyper_write_2d_async	/home/chl/AI_deck/gap_sdk/rtos/pulp/pulp-os/drivers/hyper/hyperram-v1.c:440
/home/chl/AI_deck/gap_sdk/nn_menu/starters/SSD_ResNet_AIdeckDetection/BUILD/GAP8_V2/GCC_RISCV/SSD_ResNet:1c01eb26 0000001a T rt_event_get	/home/chl/AI_deck/gap_sdk/rtos/pulp/pulp-os/kernel/events.c:105
/home/chl/AI_deck/gap_sdk/nn_menu/starters/SSD_ResNet_AIdeckDetection/BUILD/GAP8_V2/GCC_RISCV/SSD_ResNet:1c01ec16 0000001a T rt_event_wait	/home/chl/AI_deck/gap_sdk/rtos/pulp/pulp-os/kernel/events.c:257
/home/chl/AI_deck/gap_sdk/nn_menu/starters/SSD_ResNet_AIdeckDetection/BUILD/GAP8_V2/GCC_RISCV/SSD_ResNet:1c020c62 0000001a T strchr	/home/chl/AI_deck/gap_sdk/rtos/pulp/pulp-os/libs/io/io.c:278
/home/chl/AI_deck/gap_sdk/nn_menu/starters/SSD_ResNet_AIdeckDetection/BUILD/GAP8_V2/GCC_RISCV/SSD_ResNet:1c0230fc 0000001c b HyperFlash
/home/chl/AI_deck/gap_sdk/nn_menu/starters/SSD_ResNet_AIdeckDetection/BUILD/GAP8_V2/GCC_RISCV/SSD_ResNet:1c023118 0000001c b HyperFlash
/home/chl/AI_deck/gap_sdk/nn_menu/starters/SSD_ResNet_AIdeckDetection/BUILD/GAP8_V2/GCC_RISCV/SSD_ResNet:1c01cd10 0000001c t hyperflash_copy_async	/home/chl/AI_deck/gap_sdk/rtos/pmsis/pmsis_bsp/flash/hyperflash/hyperflash.c:843
/home/chl/AI_deck/gap_sdk/nn_menu/starters/SSD_ResNet_AIdeckDetection/BUILD/GAP8_V2/GCC_RISCV/SSD_ResNet:1c01c6c8 0000001c t __pi_host_fs_close	/home/chl/AI_deck/gap_sdk/rtos/pmsis/pmsis_bsp/fs/host_fs/host_fs.c:67
/home/chl/AI_deck/gap_sdk/nn_menu/starters/SSD_ResNet_AIdeckDetection/BUILD/GAP8_V2/GCC_RISCV/SSD_ResNet:1c01c740 0000001c t __rt_event_enqueue	/home/chl/AI_deck/gap_sdk/install/GAP8_V2/include/rt/rt_event.h:397
/home/chl/AI_deck/gap_sdk/nn_menu/starters/SSD_ResNet_AIdeckDetection/BUILD/GAP8_V2/GCC_RISCV/SSD_ResNet:1c01e7da 0000001c t __rt_event_enqueue	/home/chl/AI_deck/gap_sdk/install/GAP8_V2/include/rt/rt_event.h:397
/home/chl/AI_deck/gap_sdk/nn_menu/starters/SSD_ResNet_AIdeckDetection/BUILD/GAP8_V2/GCC_RISCV/SSD_ResNet:1c01cd2c 0000001e t hyperflash_close	/home/chl/AI_deck/gap_sdk/rtos/pmsis/pmsis_bsp/flash/hyperflash/hyperflash.c:275
/home/chl/AI_deck/gap_sdk/nn_menu/starters/SSD_ResNet_AIdeckDetection/BUILD/GAP8_V2/GCC_RISCV/SSD_ResNet:1c01d146 0000001e T hyperram_alloc	/home/chl/AI_deck/gap_sdk/rtos/pmsis/pmsis_bsp/ram/hyperram/hyperram.c:158
/home/chl/AI_deck/gap_sdk/nn_menu/starters/SSD_ResNet_AIdeckDetection/BUILD/GAP8_V2/GCC_RISCV/SSD_ResNet:1c01fda4 0000001e T pi_pad_init	/home/chl/AI_deck/gap_sdk/rtos/pulp/pulp-os/drivers/pads/pads-v1.c:31
/home/chl/AI_deck/gap_sdk/nn_menu/starters/SSD_ResNet_AIdeckDetection/BUILD/GAP8_V2/GCC_RISCV/SSD_ResNet:1c01d2d2 0000001e t __pi_ram_cluster_req_done	/home/chl/AI_deck/gap_sdk/rtos/pmsis/pmsis_bsp/ram/ram.c:37
/home/chl/AI_deck/gap_sdk/nn_menu/starters/SSD_ResNet_AIdeckDetection/BUILD/GAP8_V2/GCC_RISCV/SSD_ResNet:1c01e920 0000001e T __rt_bridge_set_available	/home/chl/AI_deck/gap_sdk/rtos/pulp/pulp-os/kernel/bridge.c:725
/home/chl/AI_deck/gap_sdk/nn_menu/starters/SSD_ResNet_AIdeckDetection/BUILD/GAP8_V2/GCC_RISCV/SSD_ResNet:1c01e278 0000001e T semihost_read	/home/chl/AI_deck/gap_sdk/rtos/pmsis/pmsis_bsp/fs/host_fs/semihost.c:24
/home/chl/AI_deck/gap_sdk/nn_menu/starters/SSD_ResNet_AIdeckDetection/BUILD/GAP8_V2/GCC_RISCV/SSD_ResNet:1c01e296 0000001e T semihost_write	/home/chl/AI_deck/gap_sdk/rtos/pmsis/pmsis_bsp/fs/host_fs/semihost.c:30
/home/chl/AI_deck/gap_sdk/nn_menu/starters/SSD_ResNet_AIdeckDetection/BUILD/GAP8_V2/GCC_RISCV/SSD_ResNet:1c021b64 0000001e t sprintf_out
/home/chl/AI_deck/gap_sdk/nn_menu/starters/SSD_ResNet_AIdeckDetection/BUILD/GAP8_V2/GCC_RISCV/SSD_ResNet:1000001c 00000020 d Reduct.16880
/home/chl/AI_deck/gap_sdk/nn_menu/starters/SSD_ResNet_AIdeckDetection/BUILD/GAP8_V2/GCC_RISCV/SSD_ResNet:1000003c 00000020 d Reduct.16947
/home/chl/AI_deck/gap_sdk/nn_menu/starters/SSD_ResNet_AIdeckDetection/BUILD/GAP8_V2/GCC_RISCV/SSD_ResNet:1c021016 00000020 t _rlrshift	/home/chl/AI_deck/gap_sdk/rtos/pulp/pulp-os/libs/io/prf.c:122
/home/chl/AI_deck/gap_sdk/nn_menu/starters/SSD_ResNet_AIdeckDetection/BUILD/GAP8_V2/GCC_RISCV/SSD_ResNet:1c01e7f6 00000020 t __rt_bridge_check_bridge_req.part.5	/home/chl/AI_deck/gap_sdk/rtos/pulp/pulp-os/kernel/bridge.c:638
/home/chl/AI_deck/gap_sdk/nn_menu/starters/SSD_ResNet_AIdeckDetection/BUILD/GAP8_V2/GCC_RISCV/SSD_ResNet:1c02090a 00000020 t rt_event_execute.isra.4.constprop.12	/home/chl/AI_deck/gap_sdk/rtos/pulp/pulp-os/libs/io/io.c:795
/home/chl/AI_deck/gap_sdk/nn_menu/starters/SSD_ResNet_AIdeckDetection/BUILD/GAP8_V2/GCC_RISCV/SSD_ResNet:1c01ec4e 00000020 T rt_user_alloc_init	/home/chl/AI_deck/gap_sdk/rtos/pulp/pulp-os/kernel/alloc.c:193
/home/chl/AI_deck/gap_sdk/nn_menu/starters/SSD_ResNet_AIdeckDetection/BUILD/GAP8_V2/GCC_RISCV/SSD_ResNet:1c020be6 00000020 T strncmp	/home/chl/AI_deck/gap_sdk/rtos/pulp/pulp-os/libs/io/io.c:108
/home/chl/AI_deck/gap_sdk/nn_menu/starters/SSD_ResNet_AIdeckDetection/BUILD/GAP8_V2/GCC_RISCV/SSD_ResNet:1c01d192 00000022 t hyperram_close	/home/chl/AI_deck/gap_sdk/rtos/pmsis/pmsis_bsp/ram/hyperram/hyperram.c:123
/home/chl/AI_deck/gap_sdk/nn_menu/starters/SSD_ResNet_AIdeckDetection/BUILD/GAP8_V2/GCC_RISCV/SSD_ResNet:1c02019c 00000022 T pi_hyper_read	/home/chl/AI_deck/gap_sdk/rtos/pulp/pulp-os/drivers/hyper/hyperram-v1.c:390
/home/chl/AI_deck/gap_sdk/nn_menu/starters/SSD_ResNet_AIdeckDetection/BUILD/GAP8_V2/GCC_RISCV/SSD_ResNet:1c0201d6 00000022 T pi_hyper_write	/home/chl/AI_deck/gap_sdk/rtos/pulp/pulp-os/drivers/hyper/hyperram-v1.c:411
/home/chl/AI_deck/gap_sdk/nn_menu/starters/SSD_ResNet_AIdeckDetection/BUILD/GAP8_V2/GCC_RISCV/SSD_ResNet:1c01e960 00000022 T __rt_bridge_clear_notif	/home/chl/AI_deck/gap_sdk/rtos/pulp/pulp-os/kernel/bridge.c:838
/home/chl/AI_deck/gap_sdk/nn_menu/starters/SSD_ResNet_AIdeckDetection/BUILD/GAP8_V2/GCC_RISCV/SSD_ResNet:1c01e93e 00000022 T __rt_bridge_send_notif	/home/chl/AI_deck/gap_sdk/rtos/pulp/pulp-os/kernel/bridge.c:821
/home/chl/AI_deck/gap_sdk/nn_menu/starters/SSD_ResNet_AIdeckDetection/BUILD/GAP8_V2/GCC_RISCV/SSD_ResNet:1c01eb40 00000022 T rt_event_get_blocking	/home/chl/AI_deck/gap_sdk/rtos/pulp/pulp-os/kernel/events.c:127
/home/chl/AI_deck/gap_sdk/nn_menu/starters/SSD_ResNet_AIdeckDetection/BUILD/GAP8_V2/GCC_RISCV/SSD_ResNet:1c021c08 00000022 t __rt_uart_setfreq_after	/home/chl/AI_deck/gap_sdk/rtos/pulp/pulp-os/drivers_deprecated/uart/uart.c:135
/home/chl/AI_deck/gap_sdk/nn_menu/starters/SSD_ResNet_AIdeckDetection/BUILD/GAP8_V2/GCC_RISCV/SSD_ResNet:1c01e6e4 00000022 T __rt_utils_init	/home/chl/AI_deck/gap_sdk/rtos/pulp/pulp-os/kernel/utils.c:84
/home/chl/AI_deck/gap_sdk/nn_menu/starters/SSD_ResNet_AIdeckDetection/BUILD/GAP8_V2/GCC_RISCV/SSD_ResNet:1c023060 00000024 b conf
/home/chl/AI_deck/gap_sdk/nn_menu/starters/SSD_ResNet_AIdeckDetection/BUILD/GAP8_V2/GCC_RISCV/SSD_ResNet:1c01d6c2 00000024 T flash_partition_table_free	/home/chl/AI_deck/gap_sdk/rtos/pmsis/pmsis_bsp/partition/flash_partition.c:221
/home/chl/AI_deck/gap_sdk/nn_menu/starters/SSD_ResNet_AIdeckDetection/BUILD/GAP8_V2/GCC_RISCV/SSD_ResNet:1c01d024 00000024 t hyperflash_erase	/home/chl/AI_deck/gap_sdk/rtos/pmsis/pmsis_bsp/flash/hyperflash/hyperflash.c:898
/home/chl/AI_deck/gap_sdk/nn_menu/starters/SSD_ResNet_AIdeckDetection/BUILD/GAP8_V2/GCC_RISCV/SSD_ResNet:1c01ce54 00000024 t hyperflash_erase_chip	/home/chl/AI_deck/gap_sdk/rtos/pmsis/pmsis_bsp/flash/hyperflash/hyperflash.c:882
/home/chl/AI_deck/gap_sdk/nn_menu/starters/SSD_ResNet_AIdeckDetection/BUILD/GAP8_V2/GCC_RISCV/SSD_ResNet:1c01ce30 00000024 t hyperflash_erase_sector	/home/chl/AI_deck/gap_sdk/rtos/pmsis/pmsis_bsp/flash/hyperflash/hyperflash.c:890
/home/chl/AI_deck/gap_sdk/nn_menu/starters/SSD_ResNet_AIdeckDetection/BUILD/GAP8_V2/GCC_RISCV/SSD_ResNet:1c01cee4 00000024 t hyperflash_program	/home/chl/AI_deck/gap_sdk/rtos/pmsis/pmsis_bsp/flash/hyperflash/hyperflash.c:874
/home/chl/AI_deck/gap_sdk/nn_menu/starters/SSD_ResNet_AIdeckDetection/BUILD/GAP8_V2/GCC_RISCV/SSD_ResNet:1c01ce78 00000024 t hyperflash_read	/home/chl/AI_deck/gap_sdk/rtos/pmsis/pmsis_bsp/flash/hyperflash/hyperflash.c:865
/home/chl/AI_deck/gap_sdk/nn_menu/starters/SSD_ResNet_AIdeckDetection/BUILD/GAP8_V2/GCC_RISCV/SSD_ResNet:1c01ce9c 00000024 t hyperflash_reg_get	/home/chl/AI_deck/gap_sdk/rtos/pmsis/pmsis_bsp/flash/hyperflash/hyperflash.c:915
/home/chl/AI_deck/gap_sdk/nn_menu/starters/SSD_ResNet_AIdeckDetection/BUILD/GAP8_V2/GCC_RISCV/SSD_ResNet:1c01cec0 00000024 t hyperflash_reg_set	/home/chl/AI_deck/gap_sdk/rtos/pmsis/pmsis_bsp/flash/hyperflash/hyperflash.c:907
/home/chl/AI_deck/gap_sdk/nn_menu/starters/SSD_ResNet_AIdeckDetection/BUILD/GAP8_V2/GCC_RISCV/SSD_ResNet:1c01ed60 00000024 T __rt_alloc_init_l1	/home/chl/AI_deck/gap_sdk/rtos/pulp/pulp-os/kernel/alloc.c:445
/home/chl/AI_deck/gap_sdk/nn_menu/starters/SSD_ResNet_AIdeckDetection/BUILD/GAP8_V2/GCC_RISCV/SSD_ResNet:1c01bcb2 00000024 t rt_event_enqueue	/home/chl/AI_deck/gap_sdk/install/GAP8_V2/include/rt/rt_event.h:411
/home/chl/AI_deck/gap_sdk/nn_menu/starters/SSD_ResNet_AIdeckDetection/BUILD/GAP8_V2/GCC_RISCV/SSD_ResNet:1c01bfa8 00000024 t rt_event_enqueue	/home/chl/AI_deck/gap_sdk/install/GAP8_V2/include/rt/rt_event.h:411
/home/chl/AI_deck/gap_sdk/nn_menu/starters/SSD_ResNet_AIdeckDetection/BUILD/GAP8_V2/GCC_RISCV/SSD_ResNet:1c01c57e 00000024 t rt_event_enqueue	/home/chl/AI_deck/gap_sdk/install/GAP8_V2/include/rt/rt_event.h:411
/home/chl/AI_deck/gap_sdk/nn_menu/starters/SSD_ResNet_AIdeckDetection/BUILD/GAP8_V2/GCC_RISCV/SSD_ResNet:1c01fdd6 00000024 t rt_event_enqueue	/home/chl/AI_deck/gap_sdk/install/GAP8_V2/include/rt/rt_event.h:411
/home/chl/AI_deck/gap_sdk/nn_menu/starters/SSD_ResNet_AIdeckDetection/BUILD/GAP8_V2/GCC_RISCV/SSD_ResNet:1c01eb62 00000024 T rt_event_push	/home/chl/AI_deck/gap_sdk/rtos/pulp/pulp-os/kernel/events.c:139
/home/chl/AI_deck/gap_sdk/nn_menu/starters/SSD_ResNet_AIdeckDetection/BUILD/GAP8_V2/GCC_RISCV/SSD_ResNet:1c01eefa 00000024 T rt_time_wait_us	/home/chl/AI_deck/gap_sdk/rtos/pulp/pulp-os/kernel/time.c:124
/home/chl/AI_deck/gap_sdk/nn_menu/starters/SSD_ResNet_AIdeckDetection/BUILD/GAP8_V2/GCC_RISCV/SSD_ResNet:1c021be4 00000024 t __rt_uart_setup.isra.5	/home/chl/AI_deck/gap_sdk/rtos/pulp/pulp-os/drivers_deprecated/uart/uart.c:222
/home/chl/AI_deck/gap_sdk/nn_menu/starters/SSD_ResNet_AIdeckDetection/BUILD/GAP8_V2/GCC_RISCV/SSD_ResNet:1c01e350 00000026 t cluster_start	/home/chl/AI_deck/gap_sdk/rtos/pulp/pulp-os/kernel/init.c:198
/home/chl/AI_deck/gap_sdk/nn_menu/starters/SSD_ResNet_AIdeckDetection/BUILD/GAP8_V2/GCC_RISCV/SSD_ResNet:1c01c656 00000026 t __pi_host_fs_read_async	/home/chl/AI_deck/gap_sdk/rtos/pmsis/pmsis_bsp/fs/host_fs/host_fs.c:74
/home/chl/AI_deck/gap_sdk/nn_menu/starters/SSD_ResNet_AIdeckDetection/BUILD/GAP8_V2/GCC_RISCV/SSD_ResNet:1c021bbe 00000026 T __rt_uart_cluster_req_done	/home/chl/AI_deck/gap_sdk/rtos/pulp/pulp-os/drivers_deprecated/uart/uart.c:253
/home/chl/AI_deck/gap_sdk/nn_menu/starters/SSD_ResNet_AIdeckDetection/BUILD/GAP8_V2/GCC_RISCV/SSD_ResNet:1c01f338 00000026 t soc_eu_fcEventMask_setEvent	/home/chl/AI_deck/gap_sdk/install/GAP8_V2/include/hal/soc_eu/soc_eu_v1.h:60
/home/chl/AI_deck/gap_sdk/nn_menu/starters/SSD_ResNet_AIdeckDetection/BUILD/GAP8_V2/GCC_RISCV/SSD_ResNet:1c021cda 00000026 t soc_eu_fcEventMask_setEvent	/home/chl/AI_deck/gap_sdk/install/GAP8_V2/include/hal/soc_eu/soc_eu_v1.h:60
/home/chl/AI_deck/gap_sdk/nn_menu/starters/SSD_ResNet_AIdeckDetection/BUILD/GAP8_V2/GCC_RISCV/SSD_ResNet:1c022c6c 00000028 D __pi_host_fs_api
/home/chl/AI_deck/gap_sdk/nn_menu/starters/SSD_ResNet_AIdeckDetection/BUILD/GAP8_V2/GCC_RISCV/SSD_ResNet:1c01d11e 00000028 T pi_hyperflash_conf_init	/home/chl/AI_deck/gap_sdk/rtos/pmsis/pmsis_bsp/flash/hyperflash/hyperflash.c:969
/home/chl/AI_deck/gap_sdk/nn_menu/starters/SSD_ResNet_AIdeckDetection/BUILD/GAP8_V2/GCC_RISCV/SSD_ResNet:1c022c44 00000028 D __pi_read_fs_api
/home/chl/AI_deck/gap_sdk/nn_menu/starters/SSD_ResNet_AIdeckDetection/BUILD/GAP8_V2/GCC_RISCV/SSD_ResNet:1c020e3e 00000028 T _prf_locked	/home/chl/AI_deck/gap_sdk/rtos/pulp/pulp-os/libs/io/io.c:626
/home/chl/AI_deck/gap_sdk/nn_menu/starters/SSD_ResNet_AIdeckDetection/BUILD/GAP8_V2/GCC_RISCV/SSD_ResNet:1c01e4de 00000028 T __rt_deinit	/home/chl/AI_deck/gap_sdk/rtos/pulp/pulp-os/kernel/init.c:163
/home/chl/AI_deck/gap_sdk/nn_menu/starters/SSD_ResNet_AIdeckDetection/BUILD/GAP8_V2/GCC_RISCV/SSD_ResNet:1c01ea70 00000028 T __rt_event_init	/home/chl/AI_deck/gap_sdk/rtos/pulp/pulp-os/kernel/events.c:32
/home/chl/AI_deck/gap_sdk/nn_menu/starters/SSD_ResNet_AIdeckDetection/BUILD/GAP8_V2/GCC_RISCV/SSD_ResNet:1c023484 00000028 B __rt_fc_cluster_data
/home/chl/AI_deck/gap_sdk/nn_menu/starters/SSD_ResNet_AIdeckDetection/BUILD/GAP8_V2/GCC_RISCV/SSD_ResNet:1c020baa 00000028 t __rt_io_stop	/home/chl/AI_deck/gap_sdk/rtos/pulp/pulp-os/libs/io/io.c:769
/home/chl/AI_deck/gap_sdk/nn_menu/starters/SSD_ResNet_AIdeckDetection/BUILD/GAP8_V2/GCC_RISCV/SSD_ResNet:1c0205ea 00000028 T rt_padframe_set	/home/chl/AI_deck/gap_sdk/rtos/pulp/pulp-os/drivers_deprecated/pads/pads-v1.c:77
/home/chl/AI_deck/gap_sdk/nn_menu/starters/SSD_ResNet_AIdeckDetection/BUILD/GAP8_V2/GCC_RISCV/SSD_ResNet:000002b8 00000028 D __rt_udma_extra_callback
/home/chl/AI_deck/gap_sdk/nn_menu/starters/SSD_ResNet_AIdeckDetection/BUILD/GAP8_V2/GCC_RISCV/SSD_ResNet:000002e0 00000028 D __rt_udma_extra_callback_arg
/home/chl/AI_deck/gap_sdk/nn_menu/starters/SSD_ResNet_AIdeckDetection/BUILD/GAP8_V2/GCC_RISCV/SSD_ResNet:1c01bda0 0000002a T pi_fs_read	/home/chl/AI_deck/gap_sdk/rtos/pmsis/pmsis_bsp/fs/fs.c:90
/home/chl/AI_deck/gap_sdk/nn_menu/starters/SSD_ResNet_AIdeckDetection/BUILD/GAP8_V2/GCC_RISCV/SSD_ResNet:1c01bdd2 0000002a T pi_fs_write	/home/chl/AI_deck/gap_sdk/rtos/pmsis/pmsis_bsp/fs/fs.c:103
/home/chl/AI_deck/gap_sdk/nn_menu/starters/SSD_ResNet_AIdeckDetection/BUILD/GAP8_V2/GCC_RISCV/SSD_ResNet:1c01c62c 0000002a t __pi_host_fs_write_async	/home/chl/AI_deck/gap_sdk/rtos/pmsis/pmsis_bsp/fs/host_fs/host_fs.c:100
/home/chl/AI_deck/gap_sdk/nn_menu/starters/SSD_ResNet_AIdeckDetection/BUILD/GAP8_V2/GCC_RISCV/SSD_ResNet:1c01ed84 0000002a T __rt_alloc_init_l1_for_fc	/home/chl/AI_deck/gap_sdk/rtos/pulp/pulp-os/kernel/alloc.c:452
/home/chl/AI_deck/gap_sdk/nn_menu/starters/SSD_ResNet_AIdeckDetection/BUILD/GAP8_V2/GCC_RISCV/SSD_ResNet:1c02073a 0000002a t __rt_i2s_setfreq_after	/home/chl/AI_deck/gap_sdk/rtos/pulp/pulp-os/drivers_deprecated/i2s/i2s-v1.c:235
/home/chl/AI_deck/gap_sdk/nn_menu/starters/SSD_ResNet_AIdeckDetection/BUILD/GAP8_V2/GCC_RISCV/SSD_ResNet:1c01ce04 0000002c t hyperflash_copy_2d	/home/chl/AI_deck/gap_sdk/rtos/pmsis/pmsis_bsp/flash/hyperflash/hyperflash.c:933
/home/chl/AI_deck/gap_sdk/nn_menu/starters/SSD_ResNet_AIdeckDetection/BUILD/GAP8_V2/GCC_RISCV/SSD_ResNet:1c01bd54 0000002c T pi_fs_mount	/home/chl/AI_deck/gap_sdk/rtos/pmsis/pmsis_bsp/fs/fs.c:40
/home/chl/AI_deck/gap_sdk/nn_menu/starters/SSD_ResNet_AIdeckDetection/BUILD/GAP8_V2/GCC_RISCV/SSD_ResNet:1c01fe58 0000002c T __pi_hyper_pin_reset_settings	/home/chl/AI_deck/gap_sdk/rtos/pulp/pulp-os/drivers/hyper/hyperram-v1.c:189
/home/chl/AI_deck/gap_sdk/nn_menu/starters/SSD_ResNet_AIdeckDetection/BUILD/GAP8_V2/GCC_RISCV/SSD_ResNet:1c01fe2c 0000002c T __pi_hyper_pin_settings	/home/chl/AI_deck/gap_sdk/rtos/pulp/pulp-os/drivers/hyper/hyperram-v1.c:181
/home/chl/AI_deck/gap_sdk/nn_menu/starters/SSD_ResNet_AIdeckDetection/BUILD/GAP8_V2/GCC_RISCV/SSD_ResNet:1c020f58 0000002c T printf	/home/chl/AI_deck/gap_sdk/rtos/pulp/pulp-os/libs/io/fprintf.c:41
/home/chl/AI_deck/gap_sdk/nn_menu/starters/SSD_ResNet_AIdeckDetection/BUILD/GAP8_V2/GCC_RISCV/SSD_ResNet:1c020dc2 0000002c T puts	/home/chl/AI_deck/gap_sdk/rtos/pulp/pulp-os/libs/io/io.c:576
/home/chl/AI_deck/gap_sdk/nn_menu/starters/SSD_ResNet_AIdeckDetection/BUILD/GAP8_V2/GCC_RISCV/SSD_ResNet:1c020764 0000002c t __rt_i2s_setfreq_before	/home/chl/AI_deck/gap_sdk/rtos/pulp/pulp-os/drivers_deprecated/i2s/i2s-v1.c:219
/home/chl/AI_deck/gap_sdk/nn_menu/starters/SSD_ResNet_AIdeckDetection/BUILD/GAP8_V2/GCC_RISCV/SSD_ResNet:1c0231bc 0000002c b __rt_pulpos_emu_global_cluster_task	/home/chl/AI_deck/gap_sdk/rtos/pulp/pulp-os/kernel/pulpos_emu.c:26
/home/chl/AI_deck/gap_sdk/nn_menu/starters/SSD_ResNet_AIdeckDetection/BUILD/GAP8_V2/GCC_RISCV/SSD_ResNet:1c021c6c 0000002c t __rt_uart_setfreq_before	/home/chl/AI_deck/gap_sdk/rtos/pulp/pulp-os/drivers_deprecated/uart/uart.c:102
/home/chl/AI_deck/gap_sdk/nn_menu/starters/SSD_ResNet_AIdeckDetection/BUILD/GAP8_V2/GCC_RISCV/SSD_ResNet:1c01ebea 0000002c T __rt_wait_event	/home/chl/AI_deck/gap_sdk/rtos/pulp/pulp-os/kernel/events.c:247
/home/chl/AI_deck/gap_sdk/nn_menu/starters/SSD_ResNet_AIdeckDetection/BUILD/GAP8_V2/GCC_RISCV/SSD_ResNet:1c01e244 0000002c T semihost_open	/home/chl/AI_deck/gap_sdk/rtos/pmsis/pmsis_bsp/fs/host_fs/semihost.c:11
/home/chl/AI_deck/gap_sdk/nn_menu/starters/SSD_ResNet_AIdeckDetection/BUILD/GAP8_V2/GCC_RISCV/SSD_ResNet:1c01f30c 0000002c t SetFllMultDivFactors
/home/chl/AI_deck/gap_sdk/nn_menu/starters/SSD_ResNet_AIdeckDetection/BUILD/GAP8_V2/GCC_RISCV/SSD_ResNet:1c01cf08 0000002e t hyperflash_copy	/home/chl/AI_deck/gap_sdk/rtos/pmsis/pmsis_bsp/flash/hyperflash/hyperflash.c:923
/home/chl/AI_deck/gap_sdk/nn_menu/starters/SSD_ResNet_AIdeckDetection/BUILD/GAP8_V2/GCC_RISCV/SSD_ResNet:1c01ed32 0000002e T rt_free
/home/chl/AI_deck/gap_sdk/nn_menu/starters/SSD_ResNet_AIdeckDetection/BUILD/GAP8_V2/GCC_RISCV/SSD_ResNet:1c0205bc 0000002e t __rt_hyper_init	/home/chl/AI_deck/gap_sdk/rtos/pulp/pulp-os/drivers/hyper/hyperram-v1.c:995
/home/chl/AI_deck/gap_sdk/nn_menu/starters/SSD_ResNet_AIdeckDetection/BUILD/GAP8_V2/GCC_RISCV/SSD_ResNet:1c022e7c 00000030 D anchorWH_1
/home/chl/AI_deck/gap_sdk/nn_menu/starters/SSD_ResNet_AIdeckDetection/BUILD/GAP8_V2/GCC_RISCV/SSD_ResNet:1c022ed4 00000030 D anchorWH_2
/home/chl/AI_deck/gap_sdk/nn_menu/starters/SSD_ResNet_AIdeckDetection/BUILD/GAP8_V2/GCC_RISCV/SSD_ResNet:1c022f2c 00000030 D anchorWH_3
/home/chl/AI_deck/gap_sdk/nn_menu/starters/SSD_ResNet_AIdeckDetection/BUILD/GAP8_V2/GCC_RISCV/SSD_ResNet:1c022f84 00000030 D anchorWH_4
/home/chl/AI_deck/gap_sdk/nn_menu/starters/SSD_ResNet_AIdeckDetection/BUILD/GAP8_V2/GCC_RISCV/SSD_ResNet:1c020e08 00000030 T fputc	/home/chl/AI_deck/gap_sdk/rtos/pulp/pulp-os/libs/io/io.c:603
/home/chl/AI_deck/gap_sdk/nn_menu/starters/SSD_ResNet_AIdeckDetection/BUILD/GAP8_V2/GCC_RISCV/SSD_ResNet:1c01d048 00000030 t hyperflash_get_status_reg	/home/chl/AI_deck/gap_sdk/rtos/pmsis/pmsis_bsp/flash/hyperflash/hyperflash.c:184
/home/chl/AI_deck/gap_sdk/nn_menu/starters/SSD_ResNet_AIdeckDetection/BUILD/GAP8_V2/GCC_RISCV/SSD_ResNet:1c01ed02 00000030 T rt_alloc
/home/chl/AI_deck/gap_sdk/nn_menu/starters/SSD_ResNet_AIdeckDetection/BUILD/GAP8_V2/GCC_RISCV/SSD_ResNet:1c01e6b4 00000030 T __rt_cbsys_exec	/home/chl/AI_deck/gap_sdk/rtos/pulp/pulp-os/kernel/utils.c:71
/home/chl/AI_deck/gap_sdk/nn_menu/starters/SSD_ResNet_AIdeckDetection/BUILD/GAP8_V2/GCC_RISCV/SSD_ResNet:1c023094 00000032 b imgName.18769
/home/chl/AI_deck/gap_sdk/nn_menu/starters/SSD_ResNet_AIdeckDetection/BUILD/GAP8_V2/GCC_RISCV/SSD_ResNet:1c0230c8 00000032 b imgName.18778
/home/chl/AI_deck/gap_sdk/nn_menu/starters/SSD_ResNet_AIdeckDetection/BUILD/GAP8_V2/GCC_RISCV/SSD_ResNet:1c01e028 00000032 T MD5_Init	/home/chl/AI_deck/gap_sdk/rtos/pmsis/pmsis_bsp/crc/md5.c:207
/home/chl/AI_deck/gap_sdk/nn_menu/starters/SSD_ResNet_AIdeckDetection/BUILD/GAP8_V2/GCC_RISCV/SSD_ResNet:1c01fa26 00000032 T pi_cluster_close	/home/chl/AI_deck/gap_sdk/rtos/pulp/pulp-os/kernel/cluster.c:370
/home/chl/AI_deck/gap_sdk/nn_menu/starters/SSD_ResNet_AIdeckDetection/BUILD/GAP8_V2/GCC_RISCV/SSD_ResNet:1c01bd10 00000032 t pi_task_wait_on.isra.3	/home/chl/AI_deck/gap_sdk/install/GAP8_V2/include/rt/rt_cluster.h:239
/home/chl/AI_deck/gap_sdk/nn_menu/starters/SSD_ResNet_AIdeckDetection/BUILD/GAP8_V2/GCC_RISCV/SSD_ResNet:1c01cdd2 00000032 t pi_task_wait_on.isra.3	/home/chl/AI_deck/gap_sdk/rtos/pmsis/pmsis_bsp/flash/hyperflash/hyperflash.c:219
/home/chl/AI_deck/gap_sdk/nn_menu/starters/SSD_ResNet_AIdeckDetection/BUILD/GAP8_V2/GCC_RISCV/SSD_ResNet:1c01fdfa 00000032 t pi_task_wait_on.isra.4	/home/chl/AI_deck/gap_sdk/rtos/pulp/pulp-os/drivers/hyper/hyperram-v1.c:1039
/home/chl/AI_deck/gap_sdk/nn_menu/starters/SSD_ResNet_AIdeckDetection/BUILD/GAP8_V2/GCC_RISCV/SSD_ResNet:1c01e706 00000032 T __rt_fc_lock	/home/chl/AI_deck/gap_sdk/rtos/pulp/pulp-os/kernel/utils.c:92
/home/chl/AI_deck/gap_sdk/nn_menu/starters/SSD_ResNet_AIdeckDetection/BUILD/GAP8_V2/GCC_RISCV/SSD_ResNet:1c011570 00000034 t __cl_dma_memcpy.constprop.12
/home/chl/AI_deck/gap_sdk/nn_menu/starters/SSD_ResNet_AIdeckDetection/BUILD/GAP8_V2/GCC_RISCV/SSD_ResNet:00000358 00000034 D dev_rtc	/home/chl/AI_deck/gap_sdk/rtos/pulp/pulp-os/drivers_deprecated/dolphin/rtc.c:24
/home/chl/AI_deck/gap_sdk/nn_menu/starters/SSD_ResNet_AIdeckDetection/BUILD/GAP8_V2/GCC_RISCV/SSD_ResNet:1c02107a 00000034 t _get_digit	/home/chl/AI_deck/gap_sdk/rtos/pulp/pulp-os/libs/io/prf.c:167
/home/chl/AI_deck/gap_sdk/nn_menu/starters/SSD_ResNet_AIdeckDetection/BUILD/GAP8_V2/GCC_RISCV/SSD_ResNet:1c022b08 00000034 r __hyper_pad	/home/chl/AI_deck/gap_sdk/rtos/pulp/pulp-os/drivers/hyper/hyperram-v1.c:164
/home/chl/AI_deck/gap_sdk/nn_menu/starters/SSD_ResNet_AIdeckDetection/BUILD/GAP8_V2/GCC_RISCV/SSD_ResNet:1c01be64 00000034 T __pi_cl_fs_copy_req_done	/home/chl/AI_deck/gap_sdk/rtos/pmsis/pmsis_bsp/fs/fs.c:340
/home/chl/AI_deck/gap_sdk/nn_menu/starters/SSD_ResNet_AIdeckDetection/BUILD/GAP8_V2/GCC_RISCV/SSD_ResNet:1c01fd70 00000034 T pi_pad_set_function	/home/chl/AI_deck/gap_sdk/rtos/pulp/pulp-os/drivers/pads/pads-v1.c:24
/home/chl/AI_deck/gap_sdk/nn_menu/starters/SSD_ResNet_AIdeckDetection/BUILD/GAP8_V2/GCC_RISCV/SSD_ResNet:1c01ea3c 00000034 T __rt_bridge_init	/home/chl/AI_deck/gap_sdk/rtos/pulp/pulp-os/kernel/bridge.c:851
/home/chl/AI_deck/gap_sdk/nn_menu/starters/SSD_ResNet_AIdeckDetection/BUILD/GAP8_V2/GCC_RISCV/SSD_ResNet:1c01e738 00000034 T __rt_fc_unlock	/home/chl/AI_deck/gap_sdk/rtos/pulp/pulp-os/kernel/utils.c:127
/home/chl/AI_deck/gap_sdk/nn_menu/starters/SSD_ResNet_AIdeckDetection/BUILD/GAP8_V2/GCC_RISCV/SSD_ResNet:1c020706 00000034 t __rt_i2s_resume	/home/chl/AI_deck/gap_sdk/rtos/pulp/pulp-os/drivers_deprecated/i2s/i2s-v1.c:186
/home/chl/AI_deck/gap_sdk/nn_menu/starters/SSD_ResNet_AIdeckDetection/BUILD/GAP8_V2/GCC_RISCV/SSD_ResNet:1c02099a 00000034 t __rt_putc_host_cluster_req	/home/chl/AI_deck/gap_sdk/rtos/pulp/pulp-os/libs/io/io.c:451
/home/chl/AI_deck/gap_sdk/nn_menu/starters/SSD_ResNet_AIdeckDetection/BUILD/GAP8_V2/GCC_RISCV/SSD_ResNet:1c021dec 00000034 T rt_uart_cluster_write	/home/chl/AI_deck/gap_sdk/rtos/pulp/pulp-os/drivers_deprecated/uart/uart.c:277
/home/chl/AI_deck/gap_sdk/nn_menu/starters/SSD_ResNet_AIdeckDetection/BUILD/GAP8_V2/GCC_RISCV/SSD_ResNet:1c020c2c 00000036 T memcpy	/home/chl/AI_deck/gap_sdk/rtos/pulp/pulp-os/libs/io/io.c:159
/home/chl/AI_deck/gap_sdk/nn_menu/starters/SSD_ResNet_AIdeckDetection/BUILD/GAP8_V2/GCC_RISCV/SSD_ResNet:1c01e7a4 00000036 T __rt_fc_cluster_unlock	/home/chl/AI_deck/gap_sdk/rtos/pulp/pulp-os/kernel/utils.c:199
/home/chl/AI_deck/gap_sdk/nn_menu/starters/SSD_ResNet_AIdeckDetection/BUILD/GAP8_V2/GCC_RISCV/SSD_ResNet:1c01bfcc 00000038 t __pi_fs_free	/home/chl/AI_deck/gap_sdk/rtos/pmsis/pmsis_bsp/fs/read_fs/read_fs.c:122
/home/chl/AI_deck/gap_sdk/nn_menu/starters/SSD_ResNet_AIdeckDetection/BUILD/GAP8_V2/GCC_RISCV/SSD_ResNet:1c01e76c 00000038 T __rt_fc_cluster_lock	/home/chl/AI_deck/gap_sdk/rtos/pulp/pulp-os/kernel/utils.c:189
/home/chl/AI_deck/gap_sdk/nn_menu/starters/SSD_ResNet_AIdeckDetection/BUILD/GAP8_V2/GCC_RISCV/SSD_ResNet:1c01bcd6 0000003a T __pi_cl_fs_copy_req	/home/chl/AI_deck/gap_sdk/rtos/pmsis/pmsis_bsp/fs/fs.c:381
/home/chl/AI_deck/gap_sdk/nn_menu/starters/SSD_ResNet_AIdeckDetection/BUILD/GAP8_V2/GCC_RISCV/SSD_ResNet:1c01e2d2 0000003c t __bsp_init_pads
/home/chl/AI_deck/gap_sdk/nn_menu/starters/SSD_ResNet_AIdeckDetection/BUILD/GAP8_V2/GCC_RISCV/SSD_ResNet:1c01fac8 0000003c T __rt_cluster_new	/home/chl/AI_deck/gap_sdk/rtos/pulp/pulp-os/kernel/cluster.c:445
/home/chl/AI_deck/gap_sdk/nn_menu/starters/SSD_ResNet_AIdeckDetection/BUILD/GAP8_V2/GCC_RISCV/SSD_ResNet:1c01fb04 0000003c t __rt_cluster_pulpos_emu_init	/home/chl/AI_deck/gap_sdk/rtos/pulp/pulp-os/kernel/pulpos_emu.c:29
/home/chl/AI_deck/gap_sdk/nn_menu/starters/SSD_ResNet_AIdeckDetection/BUILD/GAP8_V2/GCC_RISCV/SSD_ResNet:1c020cda 0000003c T __rt_putc_uart	/home/chl/AI_deck/gap_sdk/rtos/pulp/pulp-os/libs/io/io.c:412
/home/chl/AI_deck/gap_sdk/nn_menu/starters/SSD_ResNet_AIdeckDetection/BUILD/GAP8_V2/GCC_RISCV/SSD_ResNet:1c021b82 0000003c T sprintf	/home/chl/AI_deck/gap_sdk/rtos/pulp/pulp-os/libs/io/sprintf.c:55
/home/chl/AI_deck/gap_sdk/nn_menu/starters/SSD_ResNet_AIdeckDetection/BUILD/GAP8_V2/GCC_RISCV/SSD_ResNet:1c01bee8 0000003e t __pi_read_fs_write	/home/chl/AI_deck/gap_sdk/rtos/pmsis/pmsis_bsp/fs/read_fs/read_fs.c:499
/home/chl/AI_deck/gap_sdk/nn_menu/starters/SSD_ResNet_AIdeckDetection/BUILD/GAP8_V2/GCC_RISCV/SSD_ResNet:1c01e676 0000003e T __rt_cbsys_add	/home/chl/AI_deck/gap_sdk/rtos/pulp/pulp-os/kernel/utils.c:57
/home/chl/AI_deck/gap_sdk/nn_menu/starters/SSD_ResNet_AIdeckDetection/BUILD/GAP8_V2/GCC_RISCV/SSD_ResNet:1c01f2ce 0000003e T __rt_freq_init	/home/chl/AI_deck/gap_sdk/rtos/pulp/pulp-os/kernel/gap/freq.c:62
/home/chl/AI_deck/gap_sdk/nn_menu/starters/SSD_ResNet_AIdeckDetection/BUILD/GAP8_V2/GCC_RISCV/SSD_ResNet:1c01c778 00000040 t hyperflash_stall_task	/home/chl/AI_deck/gap_sdk/rtos/pmsis/pmsis_bsp/flash/hyperflash/hyperflash.c:488
/home/chl/AI_deck/gap_sdk/nn_menu/starters/SSD_ResNet_AIdeckDetection/BUILD/GAP8_V2/GCC_RISCV/SSD_ResNet:1c01bea0 00000040 T pi_cl_fs_copy	/home/chl/AI_deck/gap_sdk/rtos/pmsis/pmsis_bsp/fs/fs.c:406
/home/chl/AI_deck/gap_sdk/nn_menu/starters/SSD_ResNet_AIdeckDetection/BUILD/GAP8_V2/GCC_RISCV/SSD_ResNet:1c01d2fc 00000042 T pi_cl_ram_copy	/home/chl/AI_deck/gap_sdk/rtos/pmsis/pmsis_bsp/ram/ram.c:54
/home/chl/AI_deck/gap_sdk/nn_menu/starters/SSD_ResNet_AIdeckDetection/BUILD/GAP8_V2/GCC_RISCV/SSD_ResNet:1c01bf36 00000042 t __pi_read_fs_direct_read_async	/home/chl/AI_deck/gap_sdk/rtos/pmsis/pmsis_bsp/fs/read_fs/read_fs.c:624
/home/chl/AI_deck/gap_sdk/nn_menu/starters/SSD_ResNet_AIdeckDetection/BUILD/GAP8_V2/GCC_RISCV/SSD_ResNet:1c01c52e 00000042 t __pi_read_fs_read_async	/home/chl/AI_deck/gap_sdk/rtos/pmsis/pmsis_bsp/fs/read_fs/read_fs.c:586
/home/chl/AI_deck/gap_sdk/nn_menu/starters/SSD_ResNet_AIdeckDetection/BUILD/GAP8_V2/GCC_RISCV/SSD_ResNet:1c01e982 00000042 T __rt_bridge_printf_flush
/home/chl/AI_deck/gap_sdk/nn_menu/starters/SSD_ResNet_AIdeckDetection/BUILD/GAP8_V2/GCC_RISCV/SSD_ResNet:1c02086e 00000042 t __rt_do_putc_host	/home/chl/AI_deck/gap_sdk/rtos/pulp/pulp-os/libs/io/io.c:430
/home/chl/AI_deck/gap_sdk/nn_menu/starters/SSD_ResNet_AIdeckDetection/BUILD/GAP8_V2/GCC_RISCV/SSD_ResNet:1c021c98 00000042 t __rt_uart_cluster_req	/home/chl/AI_deck/gap_sdk/rtos/pulp/pulp-os/drivers_deprecated/uart/uart.c:266
/home/chl/AI_deck/gap_sdk/nn_menu/starters/SSD_ResNet_AIdeckDetection/BUILD/GAP8_V2/GCC_RISCV/SSD_ResNet:1c021c2a 00000042 t __rt_uart_wait_tx_done.isra.6	/home/chl/AI_deck/gap_sdk/rtos/pulp/pulp-os/drivers_deprecated/uart/uart.c:222
/home/chl/AI_deck/gap_sdk/nn_menu/starters/SSD_ResNet_AIdeckDetection/BUILD/GAP8_V2/GCC_RISCV/SSD_ResNet:1c01cfe0 00000044 t hyperflash_erase_async	/home/chl/AI_deck/gap_sdk/rtos/pmsis/pmsis_bsp/flash/hyperflash/hyperflash.c:826
/home/chl/AI_deck/gap_sdk/nn_menu/starters/SSD_ResNet_AIdeckDetection/BUILD/GAP8_V2/GCC_RISCV/SSD_ResNet:1c01f63c 00000044 T InitFlls	/home/chl/AI_deck/gap_sdk/rtos/pulp/pulp-os/kernel/gap/pmu_driver.c:858
/home/chl/AI_deck/gap_sdk/nn_menu/starters/SSD_ResNet_AIdeckDetection/BUILD/GAP8_V2/GCC_RISCV/SSD_ResNet:1c021036 00000044 t _ldiv5	/home/chl/AI_deck/gap_sdk/rtos/pulp/pulp-os/libs/io/prf.c:143
/home/chl/AI_deck/gap_sdk/nn_menu/starters/SSD_ResNet_AIdeckDetection/BUILD/GAP8_V2/GCC_RISCV/SSD_ResNet:1c0200ea 00000046 t __pi_hyper_copy_exec
/home/chl/AI_deck/gap_sdk/nn_menu/starters/SSD_ResNet_AIdeckDetection/BUILD/GAP8_V2/GCC_RISCV/SSD_ResNet:1c01e816 00000046 t __rt_bridge_wait
/home/chl/AI_deck/gap_sdk/nn_menu/starters/SSD_ResNet_AIdeckDetection/BUILD/GAP8_V2/GCC_RISCV/SSD_ResNet:1c023418 00000048 B AT_GraphPerf
/home/chl/AI_deck/gap_sdk/nn_menu/starters/SSD_ResNet_AIdeckDetection/BUILD/GAP8_V2/GCC_RISCV/SSD_ResNet:1c01c67c 00000048 t __pi_host_fs_copy_async	/home/chl/AI_deck/gap_sdk/rtos/pmsis/pmsis_bsp/fs/host_fs/host_fs.c:115
/home/chl/AI_deck/gap_sdk/nn_menu/starters/SSD_ResNet_AIdeckDetection/BUILD/GAP8_V2/GCC_RISCV/SSD_ResNet:1c01ec6e 00000048 T rt_user_alloc	/home/chl/AI_deck/gap_sdk/rtos/pulp/pulp-os/kernel/alloc.c:207
/home/chl/AI_deck/gap_sdk/nn_menu/starters/SSD_ResNet_AIdeckDetection/BUILD/GAP8_V2/GCC_RISCV/SSD_ResNet:1c01fd26 0000004a T pi_cluster_send_task_to_cl	/home/chl/AI_deck/gap_sdk/rtos/pulp/pulp-os/kernel/cluster_call.c:149
/home/chl/AI_deck/gap_sdk/nn_menu/starters/SSD_ResNet_AIdeckDetection/BUILD/GAP8_V2/GCC_RISCV/SSD_ResNet:1c01f284 0000004a T rt_freq_set_and_get	/home/chl/AI_deck/gap_sdk/rtos/pulp/pulp-os/kernel/gap/freq.c:30
/home/chl/AI_deck/gap_sdk/nn_menu/starters/SSD_ResNet_AIdeckDetection/BUILD/GAP8_V2/GCC_RISCV/SSD_ResNet:1c01e8d4 0000004c T __rt_bridge_check_connection
/home/chl/AI_deck/gap_sdk/nn_menu/starters/SSD_ResNet_AIdeckDetection/BUILD/GAP8_V2/GCC_RISCV/SSD_ResNet:1c01e50a 0000004c T rt_irq_set_handler	/home/chl/AI_deck/gap_sdk/rtos/pulp/pulp-os/kernel/irq.c:61
/home/chl/AI_deck/gap_sdk/nn_menu/starters/SSD_ResNet_AIdeckDetection/BUILD/GAP8_V2/GCC_RISCV/SSD_ResNet:1c01ecb6 0000004c T rt_user_free	/home/chl/AI_deck/gap_sdk/rtos/pulp/pulp-os/kernel/alloc.c:291
/home/chl/AI_deck/gap_sdk/nn_menu/starters/SSD_ResNet_AIdeckDetection/BUILD/GAP8_V2/GCC_RISCV/SSD_ResNet:1c01c25a 0000004e t __pi_read_fs_close
/home/chl/AI_deck/gap_sdk/nn_menu/starters/SSD_ResNet_AIdeckDetection/BUILD/GAP8_V2/GCC_RISCV/SSD_ResNet:1c021d9e 0000004e T rt_uart_close	/home/chl/AI_deck/gap_sdk/rtos/pulp/pulp-os/drivers_deprecated/uart/uart.c:228
/home/chl/AI_deck/gap_sdk/nn_menu/starters/SSD_ResNet_AIdeckDetection/BUILD/GAP8_V2/GCC_RISCV/SSD_ResNet:1c01e558 00000050 T __rt_handle_illegal_instr	/home/chl/AI_deck/gap_sdk/rtos/pulp/pulp-os/kernel/irq.c:94
/home/chl/AI_deck/gap_sdk/nn_menu/starters/SSD_ResNet_AIdeckDetection/BUILD/GAP8_V2/GCC_RISCV/SSD_ResNet:1c02081e 00000050 t __rt_io_uart_wait_req	/home/chl/AI_deck/gap_sdk/rtos/pulp/pulp-os/libs/io/io.c:315
/home/chl/AI_deck/gap_sdk/nn_menu/starters/SSD_ResNet_AIdeckDetection/BUILD/GAP8_V2/GCC_RISCV/SSD_ResNet:1c0201f8 00000052 t exec_pending_task	/home/chl/AI_deck/gap_sdk/rtos/pulp/pulp-os/drivers/hyper/hyperram-v1.c:867
/home/chl/AI_deck/gap_sdk/nn_menu/starters/SSD_ResNet_AIdeckDetection/BUILD/GAP8_V2/GCC_RISCV/SSD_ResNet:1c01d398 00000052 T extern_alloc_init	/home/chl/AI_deck/gap_sdk/rtos/pmsis/pmsis_bsp/ram/alloc_extern.c:104
/home/chl/AI_deck/gap_sdk/nn_menu/starters/SSD_ResNet_AIdeckDetection/BUILD/GAP8_V2/GCC_RISCV/SSD_ResNet:1c01d0cc 00000052 t hyperflash_check_program	/home/chl/AI_deck/gap_sdk/rtos/pmsis/pmsis_bsp/flash/hyperflash/hyperflash.c:672
/home/chl/AI_deck/gap_sdk/nn_menu/starters/SSD_ResNet_AIdeckDetection/BUILD/GAP8_V2/GCC_RISCV/SSD_ResNet:1c020790 00000052 T __rt_i2s_init	/home/chl/AI_deck/gap_sdk/rtos/pulp/pulp-os/drivers_deprecated/i2s/i2s-v1.c:268
/home/chl/AI_deck/gap_sdk/nn_menu/starters/SSD_ResNet_AIdeckDetection/BUILD/GAP8_V2/GCC_RISCV/SSD_ResNet:1c01e5a8 00000052 T __rt_irq_init	/home/chl/AI_deck/gap_sdk/rtos/pulp/pulp-os/kernel/irq.c:103
/home/chl/AI_deck/gap_sdk/nn_menu/starters/SSD_ResNet_AIdeckDetection/BUILD/GAP8_V2/GCC_RISCV/SSD_ResNet:1c022c94 00000054 d hyperflash_api	/home/chl/AI_deck/gap_sdk/rtos/pmsis/pmsis_bsp/flash/hyperflash/hyperflash.c:943
/home/chl/AI_deck/gap_sdk/nn_menu/starters/SSD_ResNet_AIdeckDetection/BUILD/GAP8_V2/GCC_RISCV/SSD_ResNet:1c01d078 00000054 t hyperflash_check_erase	/home/chl/AI_deck/gap_sdk/rtos/pmsis/pmsis_bsp/flash/hyperflash/hyperflash.c:708
/home/chl/AI_deck/gap_sdk/nn_menu/starters/SSD_ResNet_AIdeckDetection/BUILD/GAP8_V2/GCC_RISCV/SSD_ResNet:1c01be10 00000054 T __pi_cl_fs_copy_req_exec	/home/chl/AI_deck/gap_sdk/rtos/pmsis/pmsis_bsp/fs/fs.c:359
/home/chl/AI_deck/gap_sdk/nn_menu/starters/SSD_ResNet_AIdeckDetection/BUILD/GAP8_V2/GCC_RISCV/SSD_ResNet:1c001754 00000054 T writeDetImg_resnet
/home/chl/AI_deck/gap_sdk/nn_menu/starters/SSD_ResNet_AIdeckDetection/BUILD/GAP8_V2/GCC_RISCV/SSD_ResNet:1c001332 00000056 T __fixsfsi	/home/haugoug/src/riscv-gnu-toolchain/riscv-gcc/libgcc/soft-fp/fixsfsi.c:35
/home/chl/AI_deck/gap_sdk/nn_menu/starters/SSD_ResNet_AIdeckDetection/BUILD/GAP8_V2/GCC_RISCV/SSD_ResNet:1c01cbaa 00000056 t hyperflash_reg_set_async	/home/chl/AI_deck/gap_sdk/rtos/pmsis/pmsis_bsp/flash/hyperflash/hyperflash.c:311
/home/chl/AI_deck/gap_sdk/nn_menu/starters/SSD_ResNet_AIdeckDetection/BUILD/GAP8_V2/GCC_RISCV/SSD_ResNet:1c020130 00000056 t __pi_hyper_copy	/home/chl/AI_deck/gap_sdk/rtos/pulp/pulp-os/drivers/hyper/hyperram-v1.c:914
/home/chl/AI_deck/gap_sdk/nn_menu/starters/SSD_ResNet_AIdeckDetection/BUILD/GAP8_V2/GCC_RISCV/SSD_ResNet:1c01f1d0 00000056 T __rt_periph_wait_event	/home/chl/AI_deck/gap_sdk/rtos/pulp/pulp-os/kernel/periph-v2.c:237
/home/chl/AI_deck/gap_sdk/nn_menu/starters/SSD_ResNet_AIdeckDetection/BUILD/GAP8_V2/GCC_RISCV/SSD_ResNet:1c020092 00000058 T __pi_hyper_copy_aligned	/home/chl/AI_deck/gap_sdk/rtos/pulp/pulp-os/drivers/hyper/hyperram-v1.c:480
/home/chl/AI_deck/gap_sdk/nn_menu/starters/SSD_ResNet_AIdeckDetection/BUILD/GAP8_V2/GCC_RISCV/SSD_ResNet:1c02061e 00000058 T rt_extern_alloc_init	/home/chl/AI_deck/gap_sdk/rtos/pulp/pulp-os/kernel/alloc_extern.c:105
/home/chl/AI_deck/gap_sdk/nn_menu/starters/SSD_ResNet_AIdeckDetection/BUILD/GAP8_V2/GCC_RISCV/SSD_ResNet:1c00e110 0000005a T cnn_ssdCNN_Destruct
/home/chl/AI_deck/gap_sdk/nn_menu/starters/SSD_ResNet_AIdeckDetection/BUILD/GAP8_V2/GCC_RISCV/SSD_ResNet:1c01d33e 0000005a T pi_cl_ram_copy_2d	/home/chl/AI_deck/gap_sdk/rtos/pmsis/pmsis_bsp/ram/ram.c:71
/home/chl/AI_deck/gap_sdk/nn_menu/starters/SSD_ResNet_AIdeckDetection/BUILD/GAP8_V2/GCC_RISCV/SSD_ResNet:1c0208b0 0000005a t __rt_io_start	/home/chl/AI_deck/gap_sdk/rtos/pulp/pulp-os/libs/io/io.c:746
/home/chl/AI_deck/gap_sdk/nn_menu/starters/SSD_ResNet_AIdeckDetection/BUILD/GAP8_V2/GCC_RISCV/SSD_ResNet:1c01c6e4 0000005c t __pi_host_fs_open	/home/chl/AI_deck/gap_sdk/rtos/pmsis/pmsis_bsp/fs/host_fs/host_fs.c:44
/home/chl/AI_deck/gap_sdk/nn_menu/starters/SSD_ResNet_AIdeckDetection/BUILD/GAP8_V2/GCC_RISCV/SSD_ResNet:1c01fbd0 0000005c T rt_cluster_mount	/home/chl/AI_deck/gap_sdk/rtos/pulp/pulp-os/kernel/pulpos_emu.c:68
/home/chl/AI_deck/gap_sdk/nn_menu/starters/SSD_ResNet_AIdeckDetection/BUILD/GAP8_V2/GCC_RISCV/SSD_ResNet:1c021e20 0000005c T __rt_uart_init	/home/chl/AI_deck/gap_sdk/rtos/pulp/pulp-os/drivers_deprecated/uart/uart.c:292
/home/chl/AI_deck/gap_sdk/nn_menu/starters/SSD_ResNet_AIdeckDetection/BUILD/GAP8_V2/GCC_RISCV/SSD_ResNet:1c01d3f2 0000005e T extern_alloc	/home/chl/AI_deck/gap_sdk/rtos/pmsis/pmsis_bsp/ram/alloc_extern.c:135
/home/chl/AI_deck/gap_sdk/nn_menu/starters/SSD_ResNet_AIdeckDetection/BUILD/GAP8_V2/GCC_RISCV/SSD_ResNet:1c01ccb2 0000005e t hyperflash_program_async	/home/chl/AI_deck/gap_sdk/rtos/pmsis/pmsis_bsp/flash/hyperflash/hyperflash.c:690
/home/chl/AI_deck/gap_sdk/nn_menu/starters/SSD_ResNet_AIdeckDetection/BUILD/GAP8_V2/GCC_RISCV/SSD_ResNet:1c01d4ec 0000005e T pi_partition_find_first	/home/chl/AI_deck/gap_sdk/rtos/pmsis/pmsis_bsp/partition/partition.c:65
/home/chl/AI_deck/gap_sdk/nn_menu/starters/SSD_ResNet_AIdeckDetection/BUILD/GAP8_V2/GCC_RISCV/SSD_ResNet:1c01f226 0000005e T __rt_periph_init	/home/chl/AI_deck/gap_sdk/rtos/pulp/pulp-os/kernel/periph-v2.c:276
/home/chl/AI_deck/gap_sdk/nn_menu/starters/SSD_ResNet_AIdeckDetection/BUILD/GAP8_V2/GCC_RISCV/SSD_ResNet:1c020c7c 0000005e T __rt_putc_debug_bridge	/home/chl/AI_deck/gap_sdk/rtos/pulp/pulp-os/libs/io/io.c:288
/home/chl/AI_deck/gap_sdk/nn_menu/starters/SSD_ResNet_AIdeckDetection/BUILD/GAP8_V2/GCC_RISCV/SSD_ResNet:1c01cb4a 00000060 t hyperflash_reg_get_async	/home/chl/AI_deck/gap_sdk/rtos/pmsis/pmsis_bsp/flash/hyperflash/hyperflash.c:325
/home/chl/AI_deck/gap_sdk/nn_menu/starters/SSD_ResNet_AIdeckDetection/BUILD/GAP8_V2/GCC_RISCV/SSD_ResNet:1c01f758 00000062 t __rt_init_cluster_data	/home/chl/AI_deck/gap_sdk/rtos/pulp/pulp-os/kernel/cluster.c:72
/home/chl/AI_deck/gap_sdk/nn_menu/starters/SSD_ResNet_AIdeckDetection/BUILD/GAP8_V2/GCC_RISCV/SSD_ResNet:1c01f7ba 00000064 t __rt_cluster_init	/home/chl/AI_deck/gap_sdk/rtos/pulp/pulp-os/kernel/cluster.c:382
/home/chl/AI_deck/gap_sdk/nn_menu/starters/SSD_ResNet_AIdeckDetection/BUILD/GAP8_V2/GCC_RISCV/SSD_ResNet:1c01eb86 00000064 T __rt_event_execute	/home/chl/AI_deck/gap_sdk/rtos/pulp/pulp-os/kernel/events.c:189
/home/chl/AI_deck/gap_sdk/nn_menu/starters/SSD_ResNet_AIdeckDetection/BUILD/GAP8_V2/GCC_RISCV/SSD_ResNet:1c01d6e6 0000006c T flash_partition_find_first	/home/chl/AI_deck/gap_sdk/rtos/pmsis/pmsis_bsp/partition/flash_partition.c:228
/home/chl/AI_deck/gap_sdk/nn_menu/starters/SSD_ResNet_AIdeckDetection/BUILD/GAP8_V2/GCC_RISCV/SSD_ResNet:1c001544 0000006c t RunRESNET
/home/chl/AI_deck/gap_sdk/nn_menu/starters/SSD_ResNet_AIdeckDetection/BUILD/GAP8_V2/GCC_RISCV/SSD_ResNet:1c0016e8 0000006c T writeDetImg
/home/chl/AI_deck/gap_sdk/nn_menu/starters/SSD_ResNet_AIdeckDetection/BUILD/GAP8_V2/GCC_RISCV/SSD_ResNet:1c01d262 00000070 t __pi_ram_cluster_req
/home/chl/AI_deck/gap_sdk/nn_menu/starters/SSD_ResNet_AIdeckDetection/BUILD/GAP8_V2/GCC_RISCV/SSD_ResNet:1c01fa58 00000070 T __rt_cluster_push_fc_event	/home/chl/AI_deck/gap_sdk/rtos/pulp/pulp-os/kernel/cluster.c:413
/home/chl/AI_deck/gap_sdk/nn_menu/starters/SSD_ResNet_AIdeckDetection/BUILD/GAP8_V2/GCC_RISCV/SSD_ResNet:1c02092a 00000070 t __rt_io_lock
/home/chl/AI_deck/gap_sdk/nn_menu/starters/SSD_ResNet_AIdeckDetection/BUILD/GAP8_V2/GCC_RISCV/SSD_ResNet:1c0209ce 00000070 t __rt_io_unlock
/home/chl/AI_deck/gap_sdk/nn_menu/starters/SSD_ResNet_AIdeckDetection/BUILD/GAP8_V2/GCC_RISCV/SSD_ResNet:1c01c344 00000072 t __pi_fs_read_cached	/home/chl/AI_deck/gap_sdk/rtos/pmsis/pmsis_bsp/fs/read_fs/read_fs.c:434
/home/chl/AI_deck/gap_sdk/nn_menu/starters/SSD_ResNet_AIdeckDetection/BUILD/GAP8_V2/GCC_RISCV/SSD_ResNet:1c01edae 00000072 T __rt_allocs_init	/home/chl/AI_deck/gap_sdk/rtos/pulp/pulp-os/kernel/alloc.c:465
/home/chl/AI_deck/gap_sdk/nn_menu/starters/SSD_ResNet_AIdeckDetection/BUILD/GAP8_V2/GCC_RISCV/SSD_ResNet:1c020ee6 00000072 T __rt_io_init	/home/chl/AI_deck/gap_sdk/rtos/pulp/pulp-os/libs/io/io.c:800
/home/chl/AI_deck/gap_sdk/nn_menu/starters/SSD_ResNet_AIdeckDetection/BUILD/GAP8_V2/GCC_RISCV/SSD_ResNet:1c01d54a 00000074 T flash_partition_table_verify	/home/chl/AI_deck/gap_sdk/rtos/pmsis/pmsis_bsp/partition/flash_partition.c:80
/home/chl/AI_deck/gap_sdk/nn_menu/starters/SSD_ResNet_AIdeckDetection/BUILD/GAP8_V2/GCC_RISCV/SSD_ResNet:1c020e66 00000076 T exit	/home/chl/AI_deck/gap_sdk/rtos/pulp/pulp-os/libs/io/io.c:690
/home/chl/AI_deck/gap_sdk/nn_menu/starters/SSD_ResNet_AIdeckDetection/BUILD/GAP8_V2/GCC_RISCV/SSD_ResNet:1c01c9ce 00000076 t hyperflash_read_async	/home/chl/AI_deck/gap_sdk/rtos/pmsis/pmsis_bsp/flash/hyperflash/hyperflash.c:339
/home/chl/AI_deck/gap_sdk/nn_menu/starters/SSD_ResNet_AIdeckDetection/BUILD/GAP8_V2/GCC_RISCV/SSD_ResNet:1c01eab0 00000076 T rt_event_alloc	/home/chl/AI_deck/gap_sdk/rtos/pulp/pulp-os/kernel/events.c:52
/home/chl/AI_deck/gap_sdk/nn_menu/starters/SSD_ResNet_AIdeckDetection/BUILD/GAP8_V2/GCC_RISCV/SSD_ResNet:1c01e85c 00000078 T __rt_bridge_handle_notif	/home/chl/AI_deck/gap_sdk/rtos/pulp/pulp-os/kernel/bridge.c:644
/home/chl/AI_deck/gap_sdk/nn_menu/starters/SSD_ResNet_AIdeckDetection/BUILD/GAP8_V2/GCC_RISCV/SSD_ResNet:1c01e9c4 00000078 T __rt_bridge_req_shutdown	/home/chl/AI_deck/gap_sdk/rtos/pulp/pulp-os/kernel/bridge.c:774
/home/chl/AI_deck/gap_sdk/nn_menu/starters/SSD_ResNet_AIdeckDetection/BUILD/GAP8_V2/GCC_RISCV/SSD_ResNet:1c01ee80 0000007a T rt_event_push_delayed	/home/chl/AI_deck/gap_sdk/rtos/pulp/pulp-os/kernel/time.c:59
/home/chl/AI_deck/gap_sdk/nn_menu/starters/SSD_ResNet_AIdeckDetection/BUILD/GAP8_V2/GCC_RISCV/SSD_ResNet:1c01b16a 0000007c T resnetCNN_Destruct
/home/chl/AI_deck/gap_sdk/nn_menu/starters/SSD_ResNet_AIdeckDetection/BUILD/GAP8_V2/GCC_RISCV/SSD_ResNet:1c01e5fa 0000007c t __rt_fc_cluster_lock_req	/home/chl/AI_deck/gap_sdk/rtos/pulp/pulp-os/kernel/utils.c:142
/home/chl/AI_deck/gap_sdk/nn_menu/starters/SSD_ResNet_AIdeckDetection/BUILD/GAP8_V2/GCC_RISCV/SSD_ResNet:1c001b10 0000007e T drawBboxes
/home/chl/AI_deck/gap_sdk/nn_menu/starters/SSD_ResNet_AIdeckDetection/BUILD/GAP8_V2/GCC_RISCV/SSD_ResNet:1c0231e8 00000080 b __pi_hyper_temp_buffer	/home/chl/AI_deck/gap_sdk/rtos/pulp/pulp-os/drivers/hyper/hyperram-v1.c:160
/home/chl/AI_deck/gap_sdk/nn_menu/starters/SSD_ResNet_AIdeckDetection/BUILD/GAP8_V2/GCC_RISCV/SSD_ResNet:1c023300 00000080 b __rt_io_event	/home/chl/AI_deck/gap_sdk/rtos/pulp/pulp-os/libs/io/io.c:39
/home/chl/AI_deck/gap_sdk/nn_menu/starters/SSD_ResNet_AIdeckDetection/BUILD/GAP8_V2/GCC_RISCV/SSD_ResNet:1c022fe0 00000080 d __rt_putc_host_buffer	/home/chl/AI_deck/gap_sdk/rtos/pulp/pulp-os/libs/io/io.c:47
/home/chl/AI_deck/gap_sdk/nn_menu/starters/SSD_ResNet_AIdeckDetection/BUILD/GAP8_V2/GCC_RISCV/SSD_ResNet:1c01c5a8 00000084 t __pi_host_fs_copy_2d_async	/home/chl/AI_deck/gap_sdk/rtos/pmsis/pmsis_bsp/fs/host_fs/host_fs.c:126
/home/chl/AI_deck/gap_sdk/nn_menu/starters/SSD_ResNet_AIdeckDetection/BUILD/GAP8_V2/GCC_RISCV/SSD_ResNet:1c0036f8 00000086 t KerConv3x2from3x3Stride1_H_DP_fp.isra.61
/home/chl/AI_deck/gap_sdk/nn_menu/starters/SSD_ResNet_AIdeckDetection/BUILD/GAP8_V2/GCC_RISCV/SSD_ResNet:1c020680 00000086 T __pi_gpio_handler	/home/chl/AI_deck/gap_sdk/rtos/pulp/pulp-os/drivers/gpio/gpio-v2.c:54
[...]
/home/chl/AI_deck/gap_sdk/nn_menu/starters/SSD_ResNet_AIdeckDetection/BUILD/GAP8_V2/GCC_RISCV/SSD_ResNet:1c0030ce 000000d6 T KerDP_fp
/home/chl/AI_deck/gap_sdk/nn_menu/starters/SSD_ResNet_AIdeckDetection/BUILD/GAP8_V2/GCC_RISCV/SSD_ResNet:1c01f94e 000000d8 T pi_cluster_open	/home/chl/AI_deck/gap_sdk/rtos/pulp/pulp-os/kernel/cluster.c:343
/home/chl/AI_deck/gap_sdk/nn_menu/starters/SSD_ResNet_AIdeckDetection/BUILD/GAP8_V2/GCC_RISCV/SSD_ResNet:1c003342 000000da t KerConv2x3from3x3Stride2_V_DP_fp
/home/chl/AI_deck/gap_sdk/nn_menu/starters/SSD_ResNet_AIdeckDetection/BUILD/GAP8_V2/GCC_RISCV/SSD_ResNet:1c020a3e 000000da t __rt_io_uart_flush.constprop.11	/home/chl/AI_deck/gap_sdk/rtos/pulp/pulp-os/libs/io/io.c:795
/home/chl/AI_deck/gap_sdk/nn_menu/starters/SSD_ResNet_AIdeckDetection/BUILD/GAP8_V2/GCC_RISCV/SSD_ResNet:1c01f3ee 000000e0 T SetFllFrequency
/home/chl/AI_deck/gap_sdk/nn_menu/starters/SSD_ResNet_AIdeckDetection/BUILD/GAP8_V2/GCC_RISCV/SSD_ResNet:1c01c3b6 000000e4 T __pi_fs_read	/home/chl/AI_deck/gap_sdk/rtos/pmsis/pmsis_bsp/fs/read_fs/read_fs.c:455
/home/chl/AI_deck/gap_sdk/nn_menu/starters/SSD_ResNet_AIdeckDetection/BUILD/GAP8_V2/GCC_RISCV/SSD_ResNet:1c006f8c 000000f2 T KerParMatAdd_fp
/home/chl/AI_deck/gap_sdk/nn_menu/starters/SSD_ResNet_AIdeckDetection/BUILD/GAP8_V2/GCC_RISCV/SSD_ResNet:1c01efaa 000000f2 T __rt_timer_handler	/home/chl/AI_deck/gap_sdk/rtos/pulp/pulp-os/kernel/time_irq.c:30
/home/chl/AI_deck/gap_sdk/nn_menu/starters/SSD_ResNet_AIdeckDetection/BUILD/GAP8_V2/GCC_RISCV/SSD_ResNet:1c01fc2c 000000fa T pi_cluster_send_task_to_cl_async	/home/chl/AI_deck/gap_sdk/rtos/pulp/pulp-os/kernel/cluster_call.c:65
/home/chl/AI_deck/gap_sdk/nn_menu/starters/SSD_ResNet_AIdeckDetection/BUILD/GAP8_V2/GCC_RISCV/SSD_ResNet:1c00341c 000000fe t KerConv1x1Stride2_Body_DP_fp.isra.16
/home/chl/AI_deck/gap_sdk/nn_menu/starters/SSD_ResNet_AIdeckDetection/BUILD/GAP8_V2/GCC_RISCV/SSD_ResNet:1c022148 00000100 R __clz_tab
/home/chl/AI_deck/gap_sdk/nn_menu/starters/SSD_ResNet_AIdeckDetection/BUILD/GAP8_V2/GCC_RISCV/SSD_ResNet:1c01d5be 00000104 T flash_partition_table_load	/home/chl/AI_deck/gap_sdk/rtos/pmsis/pmsis_bsp/partition/flash_partition.c:114
/home/chl/AI_deck/gap_sdk/nn_menu/starters/SSD_ResNet_AIdeckDetection/BUILD/GAP8_V2/GCC_RISCV/SSD_ResNet:1c01ca44 00000106 t hyperflash_handle_pending_task	/home/chl/AI_deck/gap_sdk/rtos/pmsis/pmsis_bsp/flash/hyperflash/hyperflash.c:365
/home/chl/AI_deck/gap_sdk/nn_menu/starters/SSD_ResNet_AIdeckDetection/BUILD/GAP8_V2/GCC_RISCV/SSD_ResNet:1c0038a2 00000114 t KerConv3x3Stride2_Body_DP_fp.isra.63
/home/chl/AI_deck/gap_sdk/nn_menu/starters/SSD_ResNet_AIdeckDetection/BUILD/GAP8_V2/GCC_RISCV/SSD_ResNet:1c00377e 00000124 t KerConv3x3BorderStride1_DP_fp.isra.62
/home/chl/AI_deck/gap_sdk/nn_menu/starters/SSD_ResNet_AIdeckDetection/BUILD/GAP8_V2/GCC_RISCV/SSD_ResNet:1c002d70 00000124 t KerReductIO_Compact_fp
/home/chl/AI_deck/gap_sdk/nn_menu/starters/SSD_ResNet_AIdeckDetection/BUILD/GAP8_V2/GCC_RISCV/SSD_ResNet:1c002c4c 00000124 T KerResizeBilinear
/home/chl/AI_deck/gap_sdk/nn_menu/starters/SSD_ResNet_AIdeckDetection/BUILD/GAP8_V2/GCC_RISCV/SSD_ResNet:1c01c00a 00000126 t __pi_read_fs_open	/home/chl/AI_deck/gap_sdk/rtos/pmsis/pmsis_bsp/fs/read_fs/read_fs.c:295
/home/chl/AI_deck/gap_sdk/nn_menu/starters/SSD_ResNet_AIdeckDetection/BUILD/GAP8_V2/GCC_RISCV/SSD_ResNet:1c01c130 0000012a t __pi_fs_mount_step	/home/chl/AI_deck/gap_sdk/rtos/pmsis/pmsis_bsp/fs/read_fs/read_fs.c:140
/home/chl/AI_deck/gap_sdk/nn_menu/starters/SSD_ResNet_AIdeckDetection/BUILD/GAP8_V2/GCC_RISCV/SSD_ResNet:1c01f81e 0000012a t __rt_cluster_mount_step	/home/chl/AI_deck/gap_sdk/rtos/pulp/pulp-os/kernel/cluster.c:221
/home/chl/AI_deck/gap_sdk/nn_menu/starters/SSD_ResNet_AIdeckDetection/BUILD/GAP8_V2/GCC_RISCV/SSD_ResNet:1c003a3e 0000012e t KerConv3x3BorderStride2_DP_fp.isra.65
/home/chl/AI_deck/gap_sdk/nn_menu/starters/SSD_ResNet_AIdeckDetection/BUILD/GAP8_V2/GCC_RISCV/SSD_ResNet:1c01f09c 00000134 T rt_periph_copy	/home/chl/AI_deck/gap_sdk/rtos/pulp/pulp-os/kernel/periph-v2.c:58
/home/chl/AI_deck/gap_sdk/nn_menu/starters/SSD_ResNet_AIdeckDetection/BUILD/GAP8_V2/GCC_RISCV/SSD_ResNet:1c01e0f6 00000138 T MD5_Final	/home/chl/AI_deck/gap_sdk/rtos/pmsis/pmsis_bsp/crc/md5.c:258
/home/chl/AI_deck/gap_sdk/nn_menu/starters/SSD_ResNet_AIdeckDetection/BUILD/GAP8_V2/GCC_RISCV/SSD_ResNet:1c0035b4 00000144 t KerConv3x3Stride1_Body_DP_fp.isra.60
/home/chl/AI_deck/gap_sdk/nn_menu/starters/SSD_ResNet_AIdeckDetection/BUILD/GAP8_V2/GCC_RISCV/SSD_ResNet:1c01fe94 00000160 T pi_hyper_open	/home/chl/AI_deck/gap_sdk/rtos/pulp/pulp-os/drivers/hyper/hyperram-v1.c:261
/home/chl/AI_deck/gap_sdk/nn_menu/starters/SSD_ResNet_AIdeckDetection/BUILD/GAP8_V2/GCC_RISCV/SSD_ResNet:1c01e376 00000168 T __rt_init	/home/chl/AI_deck/gap_sdk/rtos/pulp/pulp-os/kernel/init.c:74
/home/chl/AI_deck/gap_sdk/nn_menu/starters/SSD_ResNet_AIdeckDetection/BUILD/GAP8_V2/GCC_RISCV/SSD_ResNet:1c002f48 00000186 T KerParLinearLayerReLU_fp
/home/chl/AI_deck/gap_sdk/nn_menu/starters/SSD_ResNet_AIdeckDetection/BUILD/GAP8_V2/GCC_RISCV/SSD_ResNet:1c004992 000001aa T KerParConv3x3Stride1_DP_fp
/home/chl/AI_deck/gap_sdk/nn_menu/starters/SSD_ResNet_AIdeckDetection/BUILD/GAP8_V2/GCC_RISCV/SSD_ResNet:1c019932 000001b0 T S74_SoftMax
/home/chl/AI_deck/gap_sdk/nn_menu/starters/SSD_ResNet_AIdeckDetection/BUILD/GAP8_V2/GCC_RISCV/SSD_ResNet:1c006ae6 000001cc T KerParPool2x2Stride2_fp
/home/chl/AI_deck/gap_sdk/nn_menu/starters/SSD_ResNet_AIdeckDetection/BUILD/GAP8_V2/GCC_RISCV/SSD_ResNet:1c002a78 000001d4 T DrawRectangle
/home/chl/AI_deck/gap_sdk/nn_menu/starters/SSD_ResNet_AIdeckDetection/BUILD/GAP8_V2/GCC_RISCV/SSD_ResNet:1c009122 000001d8 T S13_MaxPool_2x2
/home/chl/AI_deck/gap_sdk/nn_menu/starters/SSD_ResNet_AIdeckDetection/BUILD/GAP8_V2/GCC_RISCV/SSD_ResNet:1c004b3c 000001de T KerParConv3x3Stride2_DP_fp
/home/chl/AI_deck/gap_sdk/nn_menu/starters/SSD_ResNet_AIdeckDetection/BUILD/GAP8_V2/GCC_RISCV/SSD_ResNet:1c00b88e 000001e6 T S37_MaxPool_2x2
/home/chl/AI_deck/gap_sdk/nn_menu/starters/SSD_ResNet_AIdeckDetection/BUILD/GAP8_V2/GCC_RISCV/SSD_ResNet:1c002890 000001e8 T WriteImageToFile
/home/chl/AI_deck/gap_sdk/nn_menu/starters/SSD_ResNet_AIdeckDetection/BUILD/GAP8_V2/GCC_RISCV/SSD_ResNet:1c001146 000001ec T __mulsf3	/home/haugoug/src/riscv-gnu-toolchain/riscv-gcc/libgcc/soft-fp/mulsf3.c:35
/home/chl/AI_deck/gap_sdk/nn_menu/starters/SSD_ResNet_AIdeckDetection/BUILD/GAP8_V2/GCC_RISCV/SSD_ResNet:1c0047a4 000001ee T KerParConv1x1Stride2_DP_fp
/home/chl/AI_deck/gap_sdk/nn_menu/starters/SSD_ResNet_AIdeckDetection/BUILD/GAP8_V2/GCC_RISCV/SSD_ResNet:1c00a650 000001ee T S25_MaxPool_2x2
/home/chl/AI_deck/gap_sdk/nn_menu/starters/SSD_ResNet_AIdeckDetection/BUILD/GAP8_V2/GCC_RISCV/SSD_ResNet:1c01941e 000001f0 T S70_AveragePool_2x2
/home/chl/AI_deck/gap_sdk/nn_menu/starters/SSD_ResNet_AIdeckDetection/BUILD/GAP8_V2/GCC_RISCV/SSD_ResNet:1c004d1a 000001f8 T KerParConv7x7StrideS_DP_fp
/home/chl/AI_deck/gap_sdk/nn_menu/starters/SSD_ResNet_AIdeckDetection/BUILD/GAP8_V2/GCC_RISCV/SSD_ResNet:1c000f48 000001fe T __divsf3	/home/haugoug/src/riscv-gnu-toolchain/riscv-gcc/libgcc/soft-fp/divsf3.c:35
/home/chl/AI_deck/gap_sdk/nn_menu/starters/SSD_ResNet_AIdeckDetection/BUILD/GAP8_V2/GCC_RISCV/SSD_ResNet:1c01078c 00000256 T Predecoder2_2
/home/chl/AI_deck/gap_sdk/nn_menu/starters/SSD_ResNet_AIdeckDetection/BUILD/GAP8_V2/GCC_RISCV/SSD_ResNet:1c01004e 0000025a T Predecoder5_4
/home/chl/AI_deck/gap_sdk/nn_menu/starters/SSD_ResNet_AIdeckDetection/BUILD/GAP8_V2/GCC_RISCV/SSD_ResNet:1c00f8fe 00000268 T Predecoder10_8
/home/chl/AI_deck/gap_sdk/nn_menu/starters/SSD_ResNet_AIdeckDetection/BUILD/GAP8_V2/GCC_RISCV/SSD_ResNet:1c01051a 00000272 T SDD3Dto2D_2_2_24
/home/chl/AI_deck/gap_sdk/nn_menu/starters/SSD_ResNet_AIdeckDetection/BUILD/GAP8_V2/GCC_RISCV/SSD_ResNet:1c0102a8 00000272 T SDD3Dto2DSoftmax_2_2_18
/home/chl/AI_deck/gap_sdk/nn_menu/starters/SSD_ResNet_AIdeckDetection/BUILD/GAP8_V2/GCC_RISCV/SSD_ResNet:1c00fdda 00000274 T SDD3Dto2D_5_4_24
/home/chl/AI_deck/gap_sdk/nn_menu/starters/SSD_ResNet_AIdeckDetection/BUILD/GAP8_V2/GCC_RISCV/SSD_ResNet:1c00fb66 00000274 T SDD3Dto2DSoftmax_5_4_18
/home/chl/AI_deck/gap_sdk/nn_menu/starters/SSD_ResNet_AIdeckDetection/BUILD/GAP8_V2/GCC_RISCV/SSD_ResNet:00000030 00000280 D periph_channels
/home/chl/AI_deck/gap_sdk/nn_menu/starters/SSD_ResNet_AIdeckDetection/BUILD/GAP8_V2/GCC_RISCV/SSD_ResNet:1c00f67e 00000280 T SDD3Dto2D_10_8_24
/home/chl/AI_deck/gap_sdk/nn_menu/starters/SSD_ResNet_AIdeckDetection/BUILD/GAP8_V2/GCC_RISCV/SSD_ResNet:1c00f3fa 00000284 T SDD3Dto2DSoftmax_10_8_18
/home/chl/AI_deck/gap_sdk/nn_menu/starters/SSD_ResNet_AIdeckDetection/BUILD/GAP8_V2/GCC_RISCV/SSD_ResNet:1c014e3e 00000290 T S28_MatAdd_16x20x20
/home/chl/AI_deck/gap_sdk/nn_menu/starters/SSD_ResNet_AIdeckDetection/BUILD/GAP8_V2/GCC_RISCV/SSD_ResNet:1c015b5e 00000290 T S35_MatAdd_16x20x20
/home/chl/AI_deck/gap_sdk/nn_menu/starters/SSD_ResNet_AIdeckDetection/BUILD/GAP8_V2/GCC_RISCV/SSD_ResNet:1c0173c8 00000292 T S52_MatAdd_32x10x10
/home/chl/AI_deck/gap_sdk/nn_menu/starters/SSD_ResNet_AIdeckDetection/BUILD/GAP8_V2/GCC_RISCV/SSD_ResNet:1c02024a 00000296 t __pi_hyper_copy_misaligned	/home/chl/AI_deck/gap_sdk/rtos/pulp/pulp-os/drivers/hyper/hyperram-v1.c:806
/home/chl/AI_deck/gap_sdk/nn_menu/starters/SSD_ResNet_AIdeckDetection/BUILD/GAP8_V2/GCC_RISCV/SSD_ResNet:1c01697c 000002a2 T S45_MatAdd_32x10x10
/home/chl/AI_deck/gap_sdk/nn_menu/starters/SSD_ResNet_AIdeckDetection/BUILD/GAP8_V2/GCC_RISCV/SSD_ResNet:1c018480 000002a2 T S62_MatAdd_64x5x5
/home/chl/AI_deck/gap_sdk/nn_menu/starters/SSD_ResNet_AIdeckDetection/BUILD/GAP8_V2/GCC_RISCV/SSD_ResNet:1c01917c 000002a2 T S69_MatAdd_64x5x5
/home/chl/AI_deck/gap_sdk/nn_menu/starters/SSD_ResNet_AIdeckDetection/BUILD/GAP8_V2/GCC_RISCV/SSD_ResNet:1c00707e 000002aa T KerParMatAddDynAdjust_fp
/home/chl/AI_deck/gap_sdk/nn_menu/starters/SSD_ResNet_AIdeckDetection/BUILD/GAP8_V2/GCC_RISCV/SSD_ResNet:1c001856 000002ba t RunSSD
/home/chl/AI_deck/gap_sdk/nn_menu/starters/SSD_ResNet_AIdeckDetection/BUILD/GAP8_V2/GCC_RISCV/SSD_ResNet:1c006cb2 000002da T KerParPoolNxNStrideS_fp
/home/chl/AI_deck/gap_sdk/nn_menu/starters/SSD_ResNet_AIdeckDetection/BUILD/GAP8_V2/GCC_RISCV/SSD_ResNet:1c000c5e 000002ea T __addsf3	/home/haugoug/src/riscv-gnu-toolchain/riscv-gcc/libgcc/soft-fp/addsf3.c:35
/home/chl/AI_deck/gap_sdk/nn_menu/starters/SSD_ResNet_AIdeckDetection/BUILD/GAP8_V2/GCC_RISCV/SSD_ResNet:1c0067fc 000002ea t KerAvgPoolNxNStrideS_Body_fp.isra.7
/home/chl/AI_deck/gap_sdk/nn_menu/starters/SSD_ResNet_AIdeckDetection/BUILD/GAP8_V2/GCC_RISCV/SSD_ResNet:1c006500 000002fc t KerMaxPoolNxNStrideS_Body_fp.isra.5
/home/chl/AI_deck/gap_sdk/nn_menu/starters/SSD_ResNet_AIdeckDetection/BUILD/GAP8_V2/GCC_RISCV/SSD_ResNet:1c0061fc 00000304 t KerAvgPool2x2Stride2_fp
/home/chl/AI_deck/gap_sdk/nn_menu/starters/SSD_ResNet_AIdeckDetection/BUILD/GAP8_V2/GCC_RISCV/SSD_ResNet:1c003b6c 0000030a t KerConv7x7StrideS_Body_DP_fp.constprop.100
/home/chl/AI_deck/gap_sdk/nn_menu/starters/SSD_ResNet_AIdeckDetection/BUILD/GAP8_V2/GCC_RISCV/SSD_ResNet:1c0109e2 00000318 T KerSDD3Dto2DShort
/home/chl/AI_deck/gap_sdk/nn_menu/starters/SSD_ResNet_AIdeckDetection/BUILD/GAP8_V2/GCC_RISCV/SSD_ResNet:1c01960e 00000324 T S73_Linear_7x64x2x2
/home/chl/AI_deck/gap_sdk/nn_menu/starters/SSD_ResNet_AIdeckDetection/BUILD/GAP8_V2/GCC_RISCV/SSD_ResNet:1c000930 0000032e T __umoddi3	/home/haugoug/src/riscv-gnu-toolchain/riscv-gcc/libgcc/libgcc2.c:1305
/home/chl/AI_deck/gap_sdk/nn_menu/starters/SSD_ResNet_AIdeckDetection/BUILD/GAP8_V2/GCC_RISCV/SSD_ResNet:1c0005f4 0000033c T __udivdi3	/home/haugoug/src/riscv-gnu-toolchain/riscv-gcc/libgcc/libgcc2.c:1317
/home/chl/AI_deck/gap_sdk/nn_menu/starters/SSD_ResNet_AIdeckDetection/BUILD/GAP8_V2/GCC_RISCV/SSD_ResNet:1c005eb2 0000034a t KerMaxPool2x2Stride2_fp
/home/chl/AI_deck/gap_sdk/nn_menu/starters/SSD_ResNet_AIdeckDetection/BUILD/GAP8_V2/GCC_RISCV/SSD_ResNet:1c007328 00000354 T KerParSoftMax_fp
/home/chl/AI_deck/gap_sdk/nn_menu/starters/SSD_ResNet_AIdeckDetection/BUILD/GAP8_V2/GCC_RISCV/SSD_ResNet:1c0165aa 000003d2 T S44_Conv2d_32x32x3x3_Relu
/home/chl/AI_deck/gap_sdk/nn_menu/starters/SSD_ResNet_AIdeckDetection/BUILD/GAP8_V2/GCC_RISCV/SSD_ResNet:1c016c1e 000003d4 T S48_Conv2d_32x32x3x3_Relu
/home/chl/AI_deck/gap_sdk/nn_menu/starters/SSD_ResNet_AIdeckDetection/BUILD/GAP8_V2/GCC_RISCV/SSD_ResNet:1c016ff2 000003d6 T S51_Conv2d_32x32x3x3
/home/chl/AI_deck/gap_sdk/nn_menu/starters/SSD_ResNet_AIdeckDetection/BUILD/GAP8_V2/GCC_RISCV/SSD_ResNet:1c017b7e 000003d6 T S58_Conv2d_64x32x1x1
/home/chl/AI_deck/gap_sdk/nn_menu/starters/SSD_ResNet_AIdeckDetection/BUILD/GAP8_V2/GCC_RISCV/SSD_ResNet:1c0161ce 000003dc T S41_Conv2d_32x16x1x1
/home/chl/AI_deck/gap_sdk/nn_menu/starters/SSD_ResNet_AIdeckDetection/BUILD/GAP8_V2/GCC_RISCV/SSD_ResNet:1c015dee 000003e0 T S38_Conv2d_32x16x3x3_Relu
/home/chl/AI_deck/gap_sdk/nn_menu/starters/SSD_ResNet_AIdeckDetection/BUILD/GAP8_V2/GCC_RISCV/SSD_ResNet:1c00efe4 00000416 T Predecoder20_16
/home/chl/AI_deck/gap_sdk/nn_menu/starters/SSD_ResNet_AIdeckDetection/BUILD/GAP8_V2/GCC_RISCV/SSD_ResNet:1c002476 0000041a T ReadImageFromFile
/home/chl/AI_deck/gap_sdk/nn_menu/starters/SSD_ResNet_AIdeckDetection/BUILD/GAP8_V2/GCC_RISCV/SSD_ResNet:1c00a83e 00000442 T S28_Conv2d_18x64x3x3
/home/chl/AI_deck/gap_sdk/nn_menu/starters/SSD_ResNet_AIdeckDetection/BUILD/GAP8_V2/GCC_RISCV/SSD_ResNet:1c0138ec 00000452 T S18_MatAdd_8x39x39
/home/chl/AI_deck/gap_sdk/nn_menu/starters/SSD_ResNet_AIdeckDetection/BUILD/GAP8_V2/GCC_RISCV/SSD_ResNet:1c01283c 00000462 T S11_MatAdd_8x39x39
/home/chl/AI_deck/gap_sdk/nn_menu/starters/SSD_ResNet_AIdeckDetection/BUILD/GAP8_V2/GCC_RISCV/SSD_ResNet:1c00eb5e 00000486 T SDD3Dto2D_20_16_24
/home/chl/AI_deck/gap_sdk/nn_menu/starters/SSD_ResNet_AIdeckDetection/BUILD/GAP8_V2/GCC_RISCV/SSD_ResNet:1c00e6ce 00000490 T SDD3Dto2DSoftmax_20_16_18
/home/chl/AI_deck/gap_sdk/nn_menu/starters/SSD_ResNet_AIdeckDetection/BUILD/GAP8_V2/GCC_RISCV/SSD_ResNet:1c00ce16 000004dc T S51_Conv2d_18x128x3x3
/home/chl/AI_deck/gap_sdk/nn_menu/starters/SSD_ResNet_AIdeckDetection/BUILD/GAP8_V2/GCC_RISCV/SSD_ResNet:1c00a140 00000510 T S24_Conv2d_64x32x3x3_Relu
/home/chl/AI_deck/gap_sdk/nn_menu/starters/SSD_ResNet_AIdeckDetection/BUILD/GAP8_V2/GCC_RISCV/SSD_ResNet:1c01765a 00000524 T S55_Conv2d_64x32x3x3_Relu
/home/chl/AI_deck/gap_sdk/nn_menu/starters/SSD_ResNet_AIdeckDetection/BUILD/GAP8_V2/GCC_RISCV/SSD_ResNet:1c017f54 0000052c T S61_Conv2d_64x64x3x3_Relu
/home/chl/AI_deck/gap_sdk/nn_menu/starters/SSD_ResNet_AIdeckDetection/BUILD/GAP8_V2/GCC_RISCV/SSD_ResNet:1c018722 0000052c T S65_Conv2d_64x64x3x3_Relu
/home/chl/AI_deck/gap_sdk/nn_menu/starters/SSD_ResNet_AIdeckDetection/BUILD/GAP8_V2/GCC_RISCV/SSD_ResNet:1c018c4e 0000052e T S68_Conv2d_64x64x3x3
/home/chl/AI_deck/gap_sdk/nn_menu/starters/SSD_ResNet_AIdeckDetection/BUILD/GAP8_V2/GCC_RISCV/SSD_ResNet:1c0148f8 00000546 T S27_Conv2d_16x16x3x3_Relu
/home/chl/AI_deck/gap_sdk/nn_menu/starters/SSD_ResNet_AIdeckDetection/BUILD/GAP8_V2/GCC_RISCV/SSD_ResNet:1c0150ce 00000548 T S31_Conv2d_16x16x3x3_Relu
/home/chl/AI_deck/gap_sdk/nn_menu/starters/SSD_ResNet_AIdeckDetection/BUILD/GAP8_V2/GCC_RISCV/SSD_ResNet:1c015616 00000548 T S34_Conv2d_16x16x3x3
/home/chl/AI_deck/gap_sdk/nn_menu/starters/SSD_ResNet_AIdeckDetection/BUILD/GAP8_V2/GCC_RISCV/SSD_ResNet:1c00e16a 00000564 T cnn_ssdCNN
/home/chl/AI_deck/gap_sdk/nn_menu/starters/SSD_ResNet_AIdeckDetection/BUILD/GAP8_V2/GCC_RISCV/SSD_ResNet:1c013d3e 000005dc T S21_Conv2d_16x8x3x3_Relu
/home/chl/AI_deck/gap_sdk/nn_menu/starters/SSD_ResNet_AIdeckDetection/BUILD/GAP8_V2/GCC_RISCV/SSD_ResNet:1c01431a 000005de T S24_Conv2d_16x8x1x1
/home/chl/AI_deck/gap_sdk/nn_menu/starters/SSD_ResNet_AIdeckDetection/BUILD/GAP8_V2/GCC_RISCV/SSD_ResNet:1c00c228 000005f0 T S44_Conv2d_24x128x3x3
/home/chl/AI_deck/gap_sdk/nn_menu/starters/SSD_ResNet_AIdeckDetection/BUILD/GAP8_V2/GCC_RISCV/SSD_ResNet:1c00ac80 000005fa T S32_Conv2d_24x64x3x3
/home/chl/AI_deck/gap_sdk/nn_menu/starters/SSD_ResNet_AIdeckDetection/BUILD/GAP8_V2/GCC_RISCV/SSD_ResNet:1c00c818 000005fe T S48_Conv2d_128x128x3x3_Relu
/home/chl/AI_deck/gap_sdk/nn_menu/starters/SSD_ResNet_AIdeckDetection/BUILD/GAP8_V2/GCC_RISCV/SSD_ResNet:1c010cfa 00000610 T KerPredecoderShort
/home/chl/AI_deck/gap_sdk/nn_menu/starters/SSD_ResNet_AIdeckDetection/BUILD/GAP8_V2/GCC_RISCV/SSD_ResNet:1c00b27a 00000614 T S36_Conv2d_128x64x3x3_Relu
/home/chl/AI_deck/gap_sdk/nn_menu/starters/SSD_ResNet_AIdeckDetection/BUILD/GAP8_V2/GCC_RISCV/SSD_ResNet:1c012c9e 00000626 T S14_Conv2d_8x8x3x3_Relu
/home/chl/AI_deck/gap_sdk/nn_menu/starters/SSD_ResNet_AIdeckDetection/BUILD/GAP8_V2/GCC_RISCV/SSD_ResNet:1c011bee 00000626 T S7_Conv2d_8x8x3x3_Relu
/home/chl/AI_deck/gap_sdk/nn_menu/starters/SSD_ResNet_AIdeckDetection/BUILD/GAP8_V2/GCC_RISCV/SSD_ResNet:1c012214 00000628 T S10_Conv2d_8x8x3x3
/home/chl/AI_deck/gap_sdk/nn_menu/starters/SSD_ResNet_AIdeckDetection/BUILD/GAP8_V2/GCC_RISCV/SSD_ResNet:1c0132c4 00000628 T S17_Conv2d_8x8x3x3
/home/chl/AI_deck/gap_sdk/nn_menu/starters/SSD_ResNet_AIdeckDetection/BUILD/GAP8_V2/GCC_RISCV/SSD_ResNet:1c0115a4 0000064a T S4_Conv2d_8x1x7x7_MaxPool_3x3_Relu
/home/chl/AI_deck/gap_sdk/nn_menu/starters/SSD_ResNet_AIdeckDetection/BUILD/GAP8_V2/GCC_RISCV/SSD_ResNet:1c00767c 00000672 T S3_Conv2d_8x1x3x3_MaxPool_2x2_Relu
/home/chl/AI_deck/gap_sdk/nn_menu/starters/SSD_ResNet_AIdeckDetection/BUILD/GAP8_V2/GCC_RISCV/SSD_ResNet:1c008aa2 00000680 T S12_Conv2d_32x16x3x3_Relu
/home/chl/AI_deck/gap_sdk/nn_menu/starters/SSD_ResNet_AIdeckDetection/BUILD/GAP8_V2/GCC_RISCV/SSD_ResNet:1c00d2f2 0000068a T S55_Conv2d_24x128x3x3
/home/chl/AI_deck/gap_sdk/nn_menu/starters/SSD_ResNet_AIdeckDetection/BUILD/GAP8_V2/GCC_RISCV/SSD_ResNet:1c0083d0 000006d2 T S9_Conv2d_16x16x3x3_MaxPool_2x2_Relu
/home/chl/AI_deck/gap_sdk/nn_menu/starters/SSD_ResNet_AIdeckDetection/BUILD/GAP8_V2/GCC_RISCV/SSD_ResNet:1c007cee 000006e2 T S6_Conv2d_16x8x3x3_MaxPool_2x2_Relu
/home/chl/AI_deck/gap_sdk/nn_menu/starters/SSD_ResNet_AIdeckDetection/BUILD/GAP8_V2/GCC_RISCV/SSD_ResNet:1c009a3a 00000706 T S20_Conv2d_24x32x3x3
/home/chl/AI_deck/gap_sdk/nn_menu/starters/SSD_ResNet_AIdeckDetection/BUILD/GAP8_V2/GCC_RISCV/SSD_ResNet:1c0092fa 00000740 T S16_Conv2d_18x32x3x3
/home/chl/AI_deck/gap_sdk/nn_menu/starters/SSD_ResNet_AIdeckDetection/BUILD/GAP8_V2/GCC_RISCV/SSD_ResNet:1c00d97c 00000794 T cnn_ssdCNN_Construct
/home/chl/AI_deck/gap_sdk/nn_menu/starters/SSD_ResNet_AIdeckDetection/BUILD/GAP8_V2/GCC_RISCV/SSD_ResNet:1c00ba74 000007b4 T S40_Conv2d_18x128x3x3
/home/chl/AI_deck/gap_sdk/nn_menu/starters/SSD_ResNet_AIdeckDetection/BUILD/GAP8_V2/GCC_RISCV/SSD_ResNet:1c0056e6 000007cc t KerAvgPoolNxNStrideS_Border_fp
/home/chl/AI_deck/gap_sdk/nn_menu/starters/SSD_ResNet_AIdeckDetection/BUILD/GAP8_V2/GCC_RISCV/SSD_ResNet:1c004f12 000007d4 t KerMaxPoolNxNStrideS_Border_fp
/home/chl/AI_deck/gap_sdk/nn_menu/starters/SSD_ResNet_AIdeckDetection/BUILD/GAP8_V2/GCC_RISCV/SSD_ResNet:1b000398 00000800 D __rt_fc_stack
/home/chl/AI_deck/gap_sdk/nn_menu/starters/SSD_ResNet_AIdeckDetection/BUILD/GAP8_V2/GCC_RISCV/SSD_ResNet:1c01d752 000008d6 t body	/home/chl/AI_deck/gap_sdk/rtos/pmsis/pmsis_bsp/crc/md5.c:100
/home/chl/AI_deck/gap_sdk/nn_menu/starters/SSD_ResNet_AIdeckDetection/BUILD/GAP8_V2/GCC_RISCV/SSD_ResNet:1c001b8e 000008e0 T start
/home/chl/AI_deck/gap_sdk/nn_menu/starters/SSD_ResNet_AIdeckDetection/BUILD/GAP8_V2/GCC_RISCV/SSD_ResNet:1c003e76 0000092e t KerConvNxNStrideS_Border_DP_fp.constprop.102
/home/chl/AI_deck/gap_sdk/nn_menu/starters/SSD_ResNet_AIdeckDetection/BUILD/GAP8_V2/GCC_RISCV/SSD_ResNet:1c0210ae 00000ab6 T _prf	/home/chl/AI_deck/gap_sdk/rtos/pulp/pulp-os/libs/io/prf.c:437
/home/chl/AI_deck/gap_sdk/nn_menu/starters/SSD_ResNet_AIdeckDetection/BUILD/GAP8_V2/GCC_RISCV/SSD_ResNet:1c01b1e6 00000abe T resnetCNN
/home/chl/AI_deck/gap_sdk/nn_menu/starters/SSD_ResNet_AIdeckDetection/BUILD/GAP8_V2/GCC_RISCV/SSD_ResNet:1c019ae2 00001688 T resnetCNN_Construct
