   text	   data	    bss	    dec	    hex	filename
0x22b70	 0x1894	  0x454	 149592	  24858	/home/chl/AI_deck/gap_sdk/nn_menu/starters/SSD_ResNet_AIdeckDetection/BUILD/GAP8_V2/GCC_RISCV/SSD_ResNet
/home/chl/AI_deck/gap_sdk/nn_menu/starters/SSD_ResNet_AIdeckDetection/BUILD/GAP8_V2/GCC_RISCV/SSD_ResNet:1b000bb8 00000001 D camera_isAwaked	/home/chl/AI_deck/gap_sdk/rtos/pulp/pulp-os/drivers_deprecated/camera/himax.c:150
/home/chl/AI_deck/gap_sdk/nn_menu/starters/SSD_ResNet_AIdeckDetection/BUILD/GAP8_V2/GCC_RISCV/SSD_ResNet:00000338 00000001 D __rt_hyper_pending_emu_do_memcpy	/home/chl/AI_deck/gap_sdk/rtos/pulp/pulp-os/drivers/hyper/hyperram-v1.c:53
/home/chl/AI_deck/gap_sdk/nn_menu/starters/SSD_ResNet_AIdeckDetection/BUILD/GAP8_V2/GCC_RISCV/SSD_ResNet:1c01bca0 00000002 T __flash_conf_init	/home/chl/AI_deck/gap_sdk/rtos/pmsis/pmsis_bsp/flash/flash.c:33
/home/chl/AI_deck/gap_sdk/nn_menu/starters/SSD_ResNet_AIdeckDetection/BUILD/GAP8_V2/GCC_RISCV/SSD_ResNet:1c01e546 00000002 W illegal_insn_handler_c	/home/chl/AI_deck/gap_sdk/rtos/pulp/pulp-os/kernel/irq.c:89
/home/chl/AI_deck/gap_sdk/nn_menu/starters/SSD_ResNet_AIdeckDetection/BUILD/GAP8_V2/GCC_RISCV/SSD_ResNet:1c01c56c 00000002 t __pi_host_fs_unmount	/home/chl/AI_deck/gap_sdk/rtos/pmsis/pmsis_bsp/fs/host_fs/host_fs.c:40
/home/chl/AI_deck/gap_sdk/nn_menu/starters/SSD_ResNet_AIdeckDetection/BUILD/GAP8_V2/GCC_RISCV/SSD_ResNet:1c01d4d6 00000002 T pi_partition_table_free	/home/chl/AI_deck/gap_sdk/rtos/pmsis/pmsis_bsp/partition/partition.c:46
/home/chl/AI_deck/gap_sdk/nn_menu/starters/SSD_ResNet_AIdeckDetection/BUILD/GAP8_V2/GCC_RISCV/SSD_ResNet:1c01ec34 00000002 T pi_task_push_delayed_us	/home/chl/AI_deck/gap_sdk/rtos/pulp/pulp-os/kernel/events.c:273
/home/chl/AI_deck/gap_sdk/nn_menu/starters/SSD_ResNet_AIdeckDetection/BUILD/GAP8_V2/GCC_RISCV/SSD_ResNet:1c01f73e 00000002 T __rt_fll_deinit	/home/chl/AI_deck/gap_sdk/rtos/pulp/pulp-os/kernel/gap/pmu_driver.c:876
/home/chl/AI_deck/gap_sdk/nn_menu/starters/SSD_ResNet_AIdeckDetection/BUILD/GAP8_V2/GCC_RISCV/SSD_ResNet:1c01f740 00000002 T __rt_flls_constructor	/home/chl/AI_deck/gap_sdk/rtos/pulp/pulp-os/kernel/gap/pmu_driver.c:880
/home/chl/AI_deck/gap_sdk/nn_menu/starters/SSD_ResNet_AIdeckDetection/BUILD/GAP8_V2/GCC_RISCV/SSD_ResNet:1c022f40 00000003 d ToHWDCDC_Pos	/home/chl/AI_deck/gap_sdk/rtos/pulp/pulp-os/kernel/gap/pmu_driver.c:192
/home/chl/AI_deck/gap_sdk/nn_menu/starters/SSD_ResNet_AIdeckDetection/BUILD/GAP8_V2/GCC_RISCV/SSD_ResNet:1c022dc8 00000004 D anchor_layer_1
/home/chl/AI_deck/gap_sdk/nn_menu/starters/SSD_ResNet_AIdeckDetection/BUILD/GAP8_V2/GCC_RISCV/SSD_ResNet:1c022e20 00000004 D anchor_layer_2
/home/chl/AI_deck/gap_sdk/nn_menu/starters/SSD_ResNet_AIdeckDetection/BUILD/GAP8_V2/GCC_RISCV/SSD_ResNet:1c022e78 00000004 D anchor_layer_3
/home/chl/AI_deck/gap_sdk/nn_menu/starters/SSD_ResNet_AIdeckDetection/BUILD/GAP8_V2/GCC_RISCV/SSD_ResNet:1c022ed0 00000004 D anchor_layer_4
/home/chl/AI_deck/gap_sdk/nn_menu/starters/SSD_ResNet_AIdeckDetection/BUILD/GAP8_V2/GCC_RISCV/SSD_ResNet:1c023318 00000004 b __bsp_init_pads_done	/home/chl/AI_deck/gap_sdk/rtos/pmsis/pmsis_bsp/bsp/ai_deck.c:28
/home/chl/AI_deck/gap_sdk/nn_menu/starters/SSD_ResNet_AIdeckDetection/BUILD/GAP8_V2/GCC_RISCV/SSD_ResNet:1000005c 00000004 D cnn_ssd_L1_Memory
/home/chl/AI_deck/gap_sdk/nn_menu/starters/SSD_ResNet_AIdeckDetection/BUILD/GAP8_V2/GCC_RISCV/SSD_ResNet:1c022dac 00000004 D cnn_ssd_L2_Memory
/home/chl/AI_deck/gap_sdk/nn_menu/starters/SSD_ResNet_AIdeckDetection/BUILD/GAP8_V2/GCC_RISCV/SSD_ResNet:1c023308 00000004 B cnn_ssd_L3_Flash
/home/chl/AI_deck/gap_sdk/nn_menu/starters/SSD_ResNet_AIdeckDetection/BUILD/GAP8_V2/GCC_RISCV/SSD_ResNet:1c023390 00000004 B cnn_ssd_L3_Memory
/home/chl/AI_deck/gap_sdk/nn_menu/starters/SSD_ResNet_AIdeckDetection/BUILD/GAP8_V2/GCC_RISCV/SSD_ResNet:1c02207c 00000004 t ctor_list	/home/chl/AI_deck/gap_sdk/rtos/pulp/pulp-os/kernel/init.c:29
/home/chl/AI_deck/gap_sdk/nn_menu/starters/SSD_ResNet_AIdeckDetection/BUILD/GAP8_V2/GCC_RISCV/SSD_ResNet:1c0220b8 00000004 t dtor_list	/home/chl/AI_deck/gap_sdk/rtos/pulp/pulp-os/kernel/init.c:30
/home/chl/AI_deck/gap_sdk/nn_menu/starters/SSD_ResNet_AIdeckDetection/BUILD/GAP8_V2/GCC_RISCV/SSD_ResNet:1c0233ec 00000004 B first_delayed
/home/chl/AI_deck/gap_sdk/nn_menu/starters/SSD_ResNet_AIdeckDetection/BUILD/GAP8_V2/GCC_RISCV/SSD_ResNet:1c022d7c 00000004 D H
/home/chl/AI_deck/gap_sdk/nn_menu/starters/SSD_ResNet_AIdeckDetection/BUILD/GAP8_V2/GCC_RISCV/SSD_ResNet:1c022d80 00000004 D H_2
/home/chl/AI_deck/gap_sdk/nn_menu/starters/SSD_ResNet_AIdeckDetection/BUILD/GAP8_V2/GCC_RISCV/SSD_ResNet:1c022d84 00000004 D Hi
/home/chl/AI_deck/gap_sdk/nn_menu/starters/SSD_ResNet_AIdeckDetection/BUILD/GAP8_V2/GCC_RISCV/SSD_ResNet:1c022da8 00000004 D ImageIn
/home/chl/AI_deck/gap_sdk/nn_menu/starters/SSD_ResNet_AIdeckDetection/BUILD/GAP8_V2/GCC_RISCV/SSD_ResNet:1c022da4 00000004 D ImageIn_2
/home/chl/AI_deck/gap_sdk/nn_menu/starters/SSD_ResNet_AIdeckDetection/BUILD/GAP8_V2/GCC_RISCV/SSD_ResNet:1c023364 00000004 B Output
/home/chl/AI_deck/gap_sdk/nn_menu/starters/SSD_ResNet_AIdeckDetection/BUILD/GAP8_V2/GCC_RISCV/SSD_ResNet:1c023368 00000004 B Output_1
/home/chl/AI_deck/gap_sdk/nn_menu/starters/SSD_ResNet_AIdeckDetection/BUILD/GAP8_V2/GCC_RISCV/SSD_ResNet:1c02335c 00000004 B Output_2
/home/chl/AI_deck/gap_sdk/nn_menu/starters/SSD_ResNet_AIdeckDetection/BUILD/GAP8_V2/GCC_RISCV/SSD_ResNet:1c023358 00000004 B Output_3
/home/chl/AI_deck/gap_sdk/nn_menu/starters/SSD_ResNet_AIdeckDetection/BUILD/GAP8_V2/GCC_RISCV/SSD_ResNet:1c02337c 00000004 B Output_4
/home/chl/AI_deck/gap_sdk/nn_menu/starters/SSD_ResNet_AIdeckDetection/BUILD/GAP8_V2/GCC_RISCV/SSD_ResNet:1c02336c 00000004 B Output_5
/home/chl/AI_deck/gap_sdk/nn_menu/starters/SSD_ResNet_AIdeckDetection/BUILD/GAP8_V2/GCC_RISCV/SSD_ResNet:1c023348 00000004 B Output_6
/home/chl/AI_deck/gap_sdk/nn_menu/starters/SSD_ResNet_AIdeckDetection/BUILD/GAP8_V2/GCC_RISCV/SSD_ResNet:1c02338c 00000004 B Output_7
/home/chl/AI_deck/gap_sdk/nn_menu/starters/SSD_ResNet_AIdeckDetection/BUILD/GAP8_V2/GCC_RISCV/SSD_ResNet:1c023360 00000004 B Output_8
/home/chl/AI_deck/gap_sdk/nn_menu/starters/SSD_ResNet_AIdeckDetection/BUILD/GAP8_V2/GCC_RISCV/SSD_ResNet:1c02330c 00000004 b pic_idx
/home/chl/AI_deck/gap_sdk/nn_menu/starters/SSD_ResNet_AIdeckDetection/BUILD/GAP8_V2/GCC_RISCV/SSD_ResNet:1c01c6b4 00000004 t __pi_host_fs_direct_read_async
/home/chl/AI_deck/gap_sdk/nn_menu/starters/SSD_ResNet_AIdeckDetection/BUILD/GAP8_V2/GCC_RISCV/SSD_ResNet:1c023324 00000004 b __pi_hyper_cluster_reqs_first	/home/chl/AI_deck/gap_sdk/rtos/pulp/pulp-os/drivers/hyper/hyperram-v1.c:62
/home/chl/AI_deck/gap_sdk/nn_menu/starters/SSD_ResNet_AIdeckDetection/BUILD/GAP8_V2/GCC_RISCV/SSD_ResNet:1c01e4f6 00000004 T pi_open_from_conf	/home/chl/AI_deck/gap_sdk/rtos/pulp/pulp-os/kernel/init.c:325
/home/chl/AI_deck/gap_sdk/nn_menu/starters/SSD_ResNet_AIdeckDetection/BUILD/GAP8_V2/GCC_RISCV/SSD_ResNet:1c01d4d8 00000004 T pi_partition_table_load	/home/chl/AI_deck/gap_sdk/rtos/pmsis/pmsis_bsp/partition/partition.c:51
/home/chl/AI_deck/gap_sdk/nn_menu/starters/SSD_ResNet_AIdeckDetection/BUILD/GAP8_V2/GCC_RISCV/SSD_ResNet:1c022f44 00000004 D PMURetentionState
/home/chl/AI_deck/gap_sdk/nn_menu/starters/SSD_ResNet_AIdeckDetection/BUILD/GAP8_V2/GCC_RISCV/SSD_ResNet:00000354 00000004 D pwmEventsStatus	/home/chl/AI_deck/gap_sdk/rtos/pulp/pulp-os/drivers/pwm/pwm.c:9
/home/chl/AI_deck/gap_sdk/nn_menu/starters/SSD_ResNet_AIdeckDetection/BUILD/GAP8_V2/GCC_RISCV/SSD_ResNet:10000064 00000004 D resnet_L1_Memory
/home/chl/AI_deck/gap_sdk/nn_menu/starters/SSD_ResNet_AIdeckDetection/BUILD/GAP8_V2/GCC_RISCV/SSD_ResNet:1c022db4 00000004 D resnet_L2_Memory
/home/chl/AI_deck/gap_sdk/nn_menu/starters/SSD_ResNet_AIdeckDetection/BUILD/GAP8_V2/GCC_RISCV/SSD_ResNet:1c023310 00000004 B resnet_L3_Flash
/home/chl/AI_deck/gap_sdk/nn_menu/starters/SSD_ResNet_AIdeckDetection/BUILD/GAP8_V2/GCC_RISCV/SSD_ResNet:1c0233dc 00000004 B resnet_L3_Memory
/home/chl/AI_deck/gap_sdk/nn_menu/starters/SSD_ResNet_AIdeckDetection/BUILD/GAP8_V2/GCC_RISCV/SSD_ResNet:1c022f50 00000004 d RetPMUStateToPMUState	/home/chl/AI_deck/gap_sdk/rtos/pulp/pulp-os/kernel/gap/pmu_driver.c:185
/home/chl/AI_deck/gap_sdk/nn_menu/starters/SSD_ResNet_AIdeckDetection/BUILD/GAP8_V2/GCC_RISCV/SSD_ResNet:1c0233e8 00000004 B __rt_alloc_fc_tcdm
/home/chl/AI_deck/gap_sdk/nn_menu/starters/SSD_ResNet_AIdeckDetection/BUILD/GAP8_V2/GCC_RISCV/SSD_ResNet:1c0233e0 00000004 B __rt_alloc_l1
/home/chl/AI_deck/gap_sdk/nn_menu/starters/SSD_ResNet_AIdeckDetection/BUILD/GAP8_V2/GCC_RISCV/SSD_ResNet:1c0233e4 00000004 B __rt_alloc_l2
/home/chl/AI_deck/gap_sdk/nn_menu/starters/SSD_ResNet_AIdeckDetection/BUILD/GAP8_V2/GCC_RISCV/SSD_ResNet:00000014 00000004 d __rt_bridge_eeprom_handle	/home/chl/AI_deck/gap_sdk/rtos/pulp/pulp-os/kernel/bridge.c:25
/home/chl/AI_deck/gap_sdk/nn_menu/starters/SSD_ResNet_AIdeckDetection/BUILD/GAP8_V2/GCC_RISCV/SSD_ResNet:00000010 00000004 d __rt_bridge_flash_cs	/home/chl/AI_deck/gap_sdk/rtos/pulp/pulp-os/kernel/bridge.c:29
/home/chl/AI_deck/gap_sdk/nn_menu/starters/SSD_ResNet_AIdeckDetection/BUILD/GAP8_V2/GCC_RISCV/SSD_ResNet:00000004 00000004 d __rt_bridge_flash_handle	/home/chl/AI_deck/gap_sdk/rtos/pulp/pulp-os/kernel/bridge.c:26
/home/chl/AI_deck/gap_sdk/nn_menu/starters/SSD_ResNet_AIdeckDetection/BUILD/GAP8_V2/GCC_RISCV/SSD_ResNet:0000000c 00000004 d __rt_bridge_flash_itf	/home/chl/AI_deck/gap_sdk/rtos/pulp/pulp-os/kernel/bridge.c:28
/home/chl/AI_deck/gap_sdk/nn_menu/starters/SSD_ResNet_AIdeckDetection/BUILD/GAP8_V2/GCC_RISCV/SSD_ResNet:00000008 00000004 d __rt_bridge_flash_type	/home/chl/AI_deck/gap_sdk/rtos/pulp/pulp-os/kernel/bridge.c:27
/home/chl/AI_deck/gap_sdk/nn_menu/starters/SSD_ResNet_AIdeckDetection/BUILD/GAP8_V2/GCC_RISCV/SSD_ResNet:00000390 00000004 D __rtc_handler	/home/chl/AI_deck/gap_sdk/rtos/pulp/pulp-os/drivers_deprecated/dolphin/rtc.c:25
/home/chl/AI_deck/gap_sdk/nn_menu/starters/SSD_ResNet_AIdeckDetection/BUILD/GAP8_V2/GCC_RISCV/SSD_ResNet:10000068 00000004 D __rt_cluster_fc_task_lock	/home/chl/AI_deck/gap_sdk/rtos/pulp/pulp-os/kernel/cluster.c:59
/home/chl/AI_deck/gap_sdk/nn_menu/starters/SSD_ResNet_AIdeckDetection/BUILD/GAP8_V2/GCC_RISCV/SSD_ResNet:00000018 00000004 D __rt_cluster_nb_active_pe
/home/chl/AI_deck/gap_sdk/nn_menu/starters/SSD_ResNet_AIdeckDetection/BUILD/GAP8_V2/GCC_RISCV/SSD_ResNet:1c0233fc 00000004 B __rt_cluster_tasks	/home/chl/AI_deck/gap_sdk/rtos/pulp/pulp-os/kernel/cluster.c:41
/home/chl/AI_deck/gap_sdk/nn_menu/starters/SSD_ResNet_AIdeckDetection/BUILD/GAP8_V2/GCC_RISCV/SSD_ResNet:1b000b9c 00000004 D __rt_debug_config
/home/chl/AI_deck/gap_sdk/nn_menu/starters/SSD_ResNet_AIdeckDetection/BUILD/GAP8_V2/GCC_RISCV/SSD_ResNet:1b000b98 00000004 D __rt_debug_config_trace
/home/chl/AI_deck/gap_sdk/nn_menu/starters/SSD_ResNet_AIdeckDetection/BUILD/GAP8_V2/GCC_RISCV/SSD_ResNet:00000014 00000004 D __rt_dma_first_pending
/home/chl/AI_deck/gap_sdk/nn_menu/starters/SSD_ResNet_AIdeckDetection/BUILD/GAP8_V2/GCC_RISCV/SSD_ResNet:00000010 00000004 D __rt_dma_last_pending
/home/chl/AI_deck/gap_sdk/nn_menu/starters/SSD_ResNet_AIdeckDetection/BUILD/GAP8_V2/GCC_RISCV/SSD_ResNet:1c023320 00000004 b __rt_fc_cluster_device	/home/chl/AI_deck/gap_sdk/rtos/pulp/pulp-os/kernel/pulpos_emu.c:25
/home/chl/AI_deck/gap_sdk/nn_menu/starters/SSD_ResNet_AIdeckDetection/BUILD/GAP8_V2/GCC_RISCV/SSD_ResNet:1c022d94 00000004 V __rt_fc_stack_size
/home/chl/AI_deck/gap_sdk/nn_menu/starters/SSD_ResNet_AIdeckDetection/BUILD/GAP8_V2/GCC_RISCV/SSD_ResNet:00000018 00000004 D __rt_first_free
/home/chl/AI_deck/gap_sdk/nn_menu/starters/SSD_ResNet_AIdeckDetection/BUILD/GAP8_V2/GCC_RISCV/SSD_ResNet:00000324 00000004 D __rt_hyper_current_task	/home/chl/AI_deck/gap_sdk/rtos/pulp/pulp-os/drivers/hyper/hyperram-v1.c:27
/home/chl/AI_deck/gap_sdk/nn_menu/starters/SSD_ResNet_AIdeckDetection/BUILD/GAP8_V2/GCC_RISCV/SSD_ResNet:00000320 00000004 D __rt_hyper_end_task	/home/chl/AI_deck/gap_sdk/rtos/pulp/pulp-os/drivers/hyper/hyperram-v1.c:25
/home/chl/AI_deck/gap_sdk/nn_menu/starters/SSD_ResNet_AIdeckDetection/BUILD/GAP8_V2/GCC_RISCV/SSD_ResNet:1c023328 00000004 b __rt_hyper_open_count	/home/chl/AI_deck/gap_sdk/rtos/pulp/pulp-os/drivers/hyper/hyperram-v1.c:65
/home/chl/AI_deck/gap_sdk/nn_menu/starters/SSD_ResNet_AIdeckDetection/BUILD/GAP8_V2/GCC_RISCV/SSD_ResNet:00000314 00000004 D __rt_hyper_pending_addr	/home/chl/AI_deck/gap_sdk/rtos/pulp/pulp-os/drivers/hyper/hyperram-v1.c:33
/home/chl/AI_deck/gap_sdk/nn_menu/starters/SSD_ResNet_AIdeckDetection/BUILD/GAP8_V2/GCC_RISCV/SSD_ResNet:0000030c 00000004 D __rt_hyper_pending_base	/home/chl/AI_deck/gap_sdk/rtos/pulp/pulp-os/drivers/hyper/hyperram-v1.c:31
/home/chl/AI_deck/gap_sdk/nn_menu/starters/SSD_ResNet_AIdeckDetection/BUILD/GAP8_V2/GCC_RISCV/SSD_ResNet:00000330 00000004 D __rt_hyper_pending_emu_addr	/home/chl/AI_deck/gap_sdk/rtos/pulp/pulp-os/drivers/hyper/hyperram-v1.c:48
/home/chl/AI_deck/gap_sdk/nn_menu/starters/SSD_ResNet_AIdeckDetection/BUILD/GAP8_V2/GCC_RISCV/SSD_ResNet:00000328 00000004 D __rt_hyper_pending_emu_channel	/home/chl/AI_deck/gap_sdk/rtos/pulp/pulp-os/drivers/hyper/hyperram-v1.c:46
/home/chl/AI_deck/gap_sdk/nn_menu/starters/SSD_ResNet_AIdeckDetection/BUILD/GAP8_V2/GCC_RISCV/SSD_ResNet:0000032c 00000004 D __rt_hyper_pending_emu_hyper_addr	/home/chl/AI_deck/gap_sdk/rtos/pulp/pulp-os/drivers/hyper/hyperram-v1.c:47
/home/chl/AI_deck/gap_sdk/nn_menu/starters/SSD_ResNet_AIdeckDetection/BUILD/GAP8_V2/GCC_RISCV/SSD_ResNet:0000034c 00000004 D __rt_hyper_pending_emu_length	/home/chl/AI_deck/gap_sdk/rtos/pulp/pulp-os/drivers/hyper/hyperram-v1.c:51
/home/chl/AI_deck/gap_sdk/nn_menu/starters/SSD_ResNet_AIdeckDetection/BUILD/GAP8_V2/GCC_RISCV/SSD_ResNet:00000334 00000004 D __rt_hyper_pending_emu_size	/home/chl/AI_deck/gap_sdk/rtos/pulp/pulp-os/drivers/hyper/hyperram-v1.c:49
/home/chl/AI_deck/gap_sdk/nn_menu/starters/SSD_ResNet_AIdeckDetection/BUILD/GAP8_V2/GCC_RISCV/SSD_ResNet:00000348 00000004 D __rt_hyper_pending_emu_size_2d	/home/chl/AI_deck/gap_sdk/rtos/pulp/pulp-os/drivers/hyper/hyperram-v1.c:50
/home/chl/AI_deck/gap_sdk/nn_menu/starters/SSD_ResNet_AIdeckDetection/BUILD/GAP8_V2/GCC_RISCV/SSD_ResNet:00000350 00000004 D __rt_hyper_pending_emu_stride	/home/chl/AI_deck/gap_sdk/rtos/pulp/pulp-os/drivers/hyper/hyperram-v1.c:52
/home/chl/AI_deck/gap_sdk/nn_menu/starters/SSD_ResNet_AIdeckDetection/BUILD/GAP8_V2/GCC_RISCV/SSD_ResNet:0000033c 00000004 D __rt_hyper_pending_emu_task	/home/chl/AI_deck/gap_sdk/rtos/pulp/pulp-os/drivers/hyper/hyperram-v1.c:54
/home/chl/AI_deck/gap_sdk/nn_menu/starters/SSD_ResNet_AIdeckDetection/BUILD/GAP8_V2/GCC_RISCV/SSD_ResNet:00000310 00000004 D __rt_hyper_pending_hyper_addr	/home/chl/AI_deck/gap_sdk/rtos/pulp/pulp-os/drivers/hyper/hyperram-v1.c:32
/home/chl/AI_deck/gap_sdk/nn_menu/starters/SSD_ResNet_AIdeckDetection/BUILD/GAP8_V2/GCC_RISCV/SSD_ResNet:00000318 00000004 D __rt_hyper_pending_repeat	/home/chl/AI_deck/gap_sdk/rtos/pulp/pulp-os/drivers/hyper/hyperram-v1.c:34
/home/chl/AI_deck/gap_sdk/nn_menu/starters/SSD_ResNet_AIdeckDetection/BUILD/GAP8_V2/GCC_RISCV/SSD_ResNet:0000031c 00000004 D __rt_hyper_pending_repeat_size	/home/chl/AI_deck/gap_sdk/rtos/pulp/pulp-os/drivers/hyper/hyperram-v1.c:35
/home/chl/AI_deck/gap_sdk/nn_menu/starters/SSD_ResNet_AIdeckDetection/BUILD/GAP8_V2/GCC_RISCV/SSD_ResNet:00000340 00000004 D __rt_hyper_pending_tasks	/home/chl/AI_deck/gap_sdk/rtos/pulp/pulp-os/drivers/hyper/hyperram-v1.c:39
/home/chl/AI_deck/gap_sdk/nn_menu/starters/SSD_ResNet_AIdeckDetection/BUILD/GAP8_V2/GCC_RISCV/SSD_ResNet:00000344 00000004 D __rt_hyper_pending_tasks_last	/home/chl/AI_deck/gap_sdk/rtos/pulp/pulp-os/drivers/hyper/hyperram-v1.c:40
/home/chl/AI_deck/gap_sdk/nn_menu/starters/SSD_ResNet_AIdeckDetection/BUILD/GAP8_V2/GCC_RISCV/SSD_ResNet:1c0205a8 00000004 T __rt_hyper_resume_copy	/home/chl/AI_deck/gap_sdk/rtos/pulp/pulp-os/drivers/hyper/hyperram-v1.c:988
/home/chl/AI_deck/gap_sdk/nn_menu/starters/SSD_ResNet_AIdeckDetection/BUILD/GAP8_V2/GCC_RISCV/SSD_ResNet:00000308 00000004 D __rt_hyper_udma_handle
/home/chl/AI_deck/gap_sdk/nn_menu/starters/SSD_ResNet_AIdeckDetection/BUILD/GAP8_V2/GCC_RISCV/SSD_ResNet:1c02332c 00000004 b __rt_i2s_first	/home/chl/AI_deck/gap_sdk/rtos/pulp/pulp-os/drivers_deprecated/i2s/i2s-v1.c:40
/home/chl/AI_deck/gap_sdk/nn_menu/starters/SSD_ResNet_AIdeckDetection/BUILD/GAP8_V2/GCC_RISCV/SSD_ResNet:1c022d98 00000004 V __rt_iodev
/home/chl/AI_deck/gap_sdk/nn_menu/starters/SSD_ResNet_AIdeckDetection/BUILD/GAP8_V2/GCC_RISCV/SSD_ResNet:1c022d9c 00000004 V __rt_iodev_uart_baudrate
/home/chl/AI_deck/gap_sdk/nn_menu/starters/SSD_ResNet_AIdeckDetection/BUILD/GAP8_V2/GCC_RISCV/SSD_ResNet:1c023314 00000004 V __rt_iodev_uart_channel
/home/chl/AI_deck/gap_sdk/nn_menu/starters/SSD_ResNet_AIdeckDetection/BUILD/GAP8_V2/GCC_RISCV/SSD_ResNet:1c023338 00000004 b __rt_io_event_current	/home/chl/AI_deck/gap_sdk/rtos/pulp/pulp-os/libs/io/io.c:40
/home/chl/AI_deck/gap_sdk/nn_menu/starters/SSD_ResNet_AIdeckDetection/BUILD/GAP8_V2/GCC_RISCV/SSD_ResNet:1c02333c 00000004 b __rt_io_pending_flush	/home/chl/AI_deck/gap_sdk/rtos/pulp/pulp-os/libs/io/io.c:50
/home/chl/AI_deck/gap_sdk/nn_menu/starters/SSD_ResNet_AIdeckDetection/BUILD/GAP8_V2/GCC_RISCV/SSD_ResNet:1c023344 00000004 b _rt_io_uart	/home/chl/AI_deck/gap_sdk/rtos/pulp/pulp-os/libs/io/io.c:38
/home/chl/AI_deck/gap_sdk/nn_menu/starters/SSD_ResNet_AIdeckDetection/BUILD/GAP8_V2/GCC_RISCV/SSD_ResNet:1c022da0 00000004 V __rt_platform
/home/chl/AI_deck/gap_sdk/nn_menu/starters/SSD_ResNet_AIdeckDetection/BUILD/GAP8_V2/GCC_RISCV/SSD_ResNet:1c023340 00000004 b __rt_putc_host_buffer_index	/home/chl/AI_deck/gap_sdk/rtos/pulp/pulp-os/libs/io/io.c:48
/home/chl/AI_deck/gap_sdk/nn_menu/starters/SSD_ResNet_AIdeckDetection/BUILD/GAP8_V2/GCC_RISCV/SSD_ResNet:0000038c 00000004 D __rt_rtc_init_done	/home/chl/AI_deck/gap_sdk/rtos/pulp/pulp-os/drivers_deprecated/dolphin/rtc.c:26
/home/chl/AI_deck/gap_sdk/nn_menu/starters/SSD_ResNet_AIdeckDetection/BUILD/GAP8_V2/GCC_RISCV/SSD_ResNet:1c0233f8 00000004 B __rt_wakeup_use_fast	/home/chl/AI_deck/gap_sdk/rtos/pulp/pulp-os/kernel/gap/pmu_driver.c:173
/home/chl/AI_deck/gap_sdk/nn_menu/starters/SSD_ResNet_AIdeckDetection/BUILD/GAP8_V2/GCC_RISCV/SSD_ResNet:10000060 00000004 D SSDKernels_L1_Memory
/home/chl/AI_deck/gap_sdk/nn_menu/starters/SSD_ResNet_AIdeckDetection/BUILD/GAP8_V2/GCC_RISCV/SSD_ResNet:1c022db0 00000004 D SSDKernels_L2_Memory
/home/chl/AI_deck/gap_sdk/nn_menu/starters/SSD_ResNet_AIdeckDetection/BUILD/GAP8_V2/GCC_RISCV/SSD_ResNet:1c02331c 00000004 b timer_count	/home/chl/AI_deck/gap_sdk/rtos/pulp/pulp-os/kernel/time.c:23
/home/chl/AI_deck/gap_sdk/nn_menu/starters/SSD_ResNet_AIdeckDetection/BUILD/GAP8_V2/GCC_RISCV/SSD_ResNet:1c022dc4 00000004 D tmp_buffer_boxes
/home/chl/AI_deck/gap_sdk/nn_menu/starters/SSD_ResNet_AIdeckDetection/BUILD/GAP8_V2/GCC_RISCV/SSD_ResNet:1c022dc0 00000004 D tmp_buffer_classes
/home/chl/AI_deck/gap_sdk/nn_menu/starters/SSD_ResNet_AIdeckDetection/BUILD/GAP8_V2/GCC_RISCV/SSD_ResNet:1c022d88 00000004 D W
/home/chl/AI_deck/gap_sdk/nn_menu/starters/SSD_ResNet_AIdeckDetection/BUILD/GAP8_V2/GCC_RISCV/SSD_ResNet:1c022d8c 00000004 D W_2
/home/chl/AI_deck/gap_sdk/nn_menu/starters/SSD_ResNet_AIdeckDetection/BUILD/GAP8_V2/GCC_RISCV/SSD_ResNet:1c022d90 00000004 D Wi
/home/chl/AI_deck/gap_sdk/nn_menu/starters/SSD_ResNet_AIdeckDetection/BUILD/GAP8_V2/GCC_RISCV/SSD_ResNet:1c01ee10 00000006 T pi_cl_l1_malloc	/home/chl/AI_deck/gap_sdk/rtos/pulp/pulp-os/kernel/alloc.c:582
/home/chl/AI_deck/gap_sdk/nn_menu/starters/SSD_ResNet_AIdeckDetection/BUILD/GAP8_V2/GCC_RISCV/SSD_ResNet:1c01f938 00000006 T pi_cluster_conf_init	/home/chl/AI_deck/gap_sdk/rtos/pulp/pulp-os/kernel/cluster.c:337
/home/chl/AI_deck/gap_sdk/nn_menu/starters/SSD_ResNet_AIdeckDetection/BUILD/GAP8_V2/GCC_RISCV/SSD_ResNet:1c01c592 00000006 t __pi_host_fs_seek	/home/chl/AI_deck/gap_sdk/rtos/pmsis/pmsis_bsp/fs/host_fs/host_fs.c:109
/home/chl/AI_deck/gap_sdk/nn_menu/starters/SSD_ResNet_AIdeckDetection/BUILD/GAP8_V2/GCC_RISCV/SSD_ResNet:1c01bff4 00000006 t __pi_read_fs_unmount	/home/chl/AI_deck/gap_sdk/rtos/pmsis/pmsis_bsp/fs/read_fs/read_fs.c:230
/home/chl/AI_deck/gap_sdk/nn_menu/starters/SSD_ResNet_AIdeckDetection/BUILD/GAP8_V2/GCC_RISCV/SSD_ResNet:1c020e28 00000006 T putchar	/home/chl/AI_deck/gap_sdk/rtos/pulp/pulp-os/libs/io/io.c:621
/home/chl/AI_deck/gap_sdk/nn_menu/starters/SSD_ResNet_AIdeckDetection/BUILD/GAP8_V2/GCC_RISCV/SSD_ResNet:1c01f742 00000006 T __rt_fll_set_freq	/home/chl/AI_deck/gap_sdk/rtos/pulp/pulp-os/kernel/gap/pmu_driver.c:884
/home/chl/AI_deck/gap_sdk/nn_menu/starters/SSD_ResNet_AIdeckDetection/BUILD/GAP8_V2/GCC_RISCV/SSD_ResNet:1c022f28 00000007 d SystemStateToSCUFastSeq	/home/chl/AI_deck/gap_sdk/rtos/pulp/pulp-os/kernel/gap/pmu_driver.c:176
/home/chl/AI_deck/gap_sdk/nn_menu/starters/SSD_ResNet_AIdeckDetection/BUILD/GAP8_V2/GCC_RISCV/SSD_ResNet:1c022db8 00000008 D bbxs
/home/chl/AI_deck/gap_sdk/nn_menu/starters/SSD_ResNet_AIdeckDetection/BUILD/GAP8_V2/GCC_RISCV/SSD_ResNet:1c01d3da 00000008 T extern_alloc_deinit	/home/chl/AI_deck/gap_sdk/rtos/pmsis/pmsis_bsp/ram/alloc_extern.c:128
/home/chl/AI_deck/gap_sdk/nn_menu/starters/SSD_ResNet_AIdeckDetection/BUILD/GAP8_V2/GCC_RISCV/SSD_ResNet:1c022f48 00000008 D FllsFrequency
/home/chl/AI_deck/gap_sdk/nn_menu/starters/SSD_ResNet_AIdeckDetection/BUILD/GAP8_V2/GCC_RISCV/SSD_ResNet:1c00223e 00000008 T main
/home/chl/AI_deck/gap_sdk/nn_menu/starters/SSD_ResNet_AIdeckDetection/BUILD/GAP8_V2/GCC_RISCV/SSD_ResNet:1c01ec36 00000008 T pi_cl_send_task_to_fc	/home/chl/AI_deck/gap_sdk/rtos/pulp/pulp-os/kernel/events.c:280
/home/chl/AI_deck/gap_sdk/nn_menu/starters/SSD_ResNet_AIdeckDetection/BUILD/GAP8_V2/GCC_RISCV/SSD_ResNet:1c01bed0 00000008 t pi_flash_read_async	/home/chl/AI_deck/gap_sdk/rtos/pmsis/pmsis_bsp/include/bsp/flash.h:427
/home/chl/AI_deck/gap_sdk/nn_menu/starters/SSD_ResNet_AIdeckDetection/BUILD/GAP8_V2/GCC_RISCV/SSD_ResNet:1c01bd80 00000008 T pi_fs_close	/home/chl/AI_deck/gap_sdk/rtos/pmsis/pmsis_bsp/fs/fs.c:80
/home/chl/AI_deck/gap_sdk/nn_menu/starters/SSD_ResNet_AIdeckDetection/BUILD/GAP8_V2/GCC_RISCV/SSD_ResNet:1c01bd78 00000008 T pi_fs_open	/home/chl/AI_deck/gap_sdk/rtos/pmsis/pmsis_bsp/fs/fs.c:74
/home/chl/AI_deck/gap_sdk/nn_menu/starters/SSD_ResNet_AIdeckDetection/BUILD/GAP8_V2/GCC_RISCV/SSD_ResNet:1c01bd88 00000008 T pi_fs_read_async	/home/chl/AI_deck/gap_sdk/rtos/pmsis/pmsis_bsp/fs/fs.c:85
/home/chl/AI_deck/gap_sdk/nn_menu/starters/SSD_ResNet_AIdeckDetection/BUILD/GAP8_V2/GCC_RISCV/SSD_ResNet:1c01be88 00000008 T pi_fs_seek	/home/chl/AI_deck/gap_sdk/rtos/pmsis/pmsis_bsp/fs/fs.c:150
/home/chl/AI_deck/gap_sdk/nn_menu/starters/SSD_ResNet_AIdeckDetection/BUILD/GAP8_V2/GCC_RISCV/SSD_ResNet:1c01bd70 00000008 T pi_fs_unmount	/home/chl/AI_deck/gap_sdk/rtos/pmsis/pmsis_bsp/fs/fs.c:68
/home/chl/AI_deck/gap_sdk/nn_menu/starters/SSD_ResNet_AIdeckDetection/BUILD/GAP8_V2/GCC_RISCV/SSD_ResNet:1c01bdba 00000008 T pi_fs_write_async	/home/chl/AI_deck/gap_sdk/rtos/pmsis/pmsis_bsp/fs/fs.c:98
/home/chl/AI_deck/gap_sdk/nn_menu/starters/SSD_ResNet_AIdeckDetection/BUILD/GAP8_V2/GCC_RISCV/SSD_ResNet:1c0233f0 00000008 B __rt_freq_domains
/home/chl/AI_deck/gap_sdk/nn_menu/starters/SSD_ResNet_AIdeckDetection/BUILD/GAP8_V2/GCC_RISCV/SSD_ResNet:1c0205a0 00000008 T __rt_hyper_resume_emu_task	/home/chl/AI_deck/gap_sdk/rtos/pulp/pulp-os/drivers/hyper/hyperram-v1.c:980
/home/chl/AI_deck/gap_sdk/nn_menu/starters/SSD_ResNet_AIdeckDetection/BUILD/GAP8_V2/GCC_RISCV/SSD_ResNet:000002b0 00000008 D __rt_socevents_status
/home/chl/AI_deck/gap_sdk/nn_menu/starters/SSD_ResNet_AIdeckDetection/BUILD/GAP8_V2/GCC_RISCV/SSD_ResNet:1c023330 00000008 b __rt_spim_open_count	/home/chl/AI_deck/gap_sdk/rtos/pulp/pulp-os/drivers_deprecated/spim/spim-v2.c:26
/home/chl/AI_deck/gap_sdk/nn_menu/starters/SSD_ResNet_AIdeckDetection/BUILD/GAP8_V2/GCC_RISCV/SSD_ResNet:1c01e260 00000008 T semihost_close	/home/chl/AI_deck/gap_sdk/rtos/pmsis/pmsis_bsp/fs/host_fs/semihost.c:18
/home/chl/AI_deck/gap_sdk/nn_menu/starters/SSD_ResNet_AIdeckDetection/BUILD/GAP8_V2/GCC_RISCV/SSD_ResNet:1c01e2ba 00000008 T semihost_exit	/home/chl/AI_deck/gap_sdk/rtos/pmsis/pmsis_bsp/fs/host_fs/semihost.c:47
/home/chl/AI_deck/gap_sdk/nn_menu/starters/SSD_ResNet_AIdeckDetection/BUILD/GAP8_V2/GCC_RISCV/SSD_ResNet:1c01e22c 00000008 T semihost_write0	/home/chl/AI_deck/gap_sdk/rtos/pmsis/pmsis_bsp/fs/host_fs/semihost.c:6
/home/chl/AI_deck/gap_sdk/nn_menu/starters/SSD_ResNet_AIdeckDetection/BUILD/GAP8_V2/GCC_RISCV/SSD_ResNet:1c020ecc 0000000a T abort	/home/chl/AI_deck/gap_sdk/rtos/pulp/pulp-os/libs/io/io.c:739
/home/chl/AI_deck/gap_sdk/nn_menu/starters/SSD_ResNet_AIdeckDetection/BUILD/GAP8_V2/GCC_RISCV/SSD_ResNet:1c01e326 0000000a T bsp_hyperflash_conf_init	/home/chl/AI_deck/gap_sdk/rtos/pmsis/pmsis_bsp/bsp/ai_deck.c:58
/home/chl/AI_deck/gap_sdk/nn_menu/starters/SSD_ResNet_AIdeckDetection/BUILD/GAP8_V2/GCC_RISCV/SSD_ResNet:1c01bdf6 0000000a T pi_fs_copy_2d_async	/home/chl/AI_deck/gap_sdk/rtos/pmsis/pmsis_bsp/fs/fs.c:137
/home/chl/AI_deck/gap_sdk/nn_menu/starters/SSD_ResNet_AIdeckDetection/BUILD/GAP8_V2/GCC_RISCV/SSD_ResNet:1c01bdec 0000000a T pi_fs_copy_async	/home/chl/AI_deck/gap_sdk/rtos/pmsis/pmsis_bsp/fs/fs.c:124
/home/chl/AI_deck/gap_sdk/nn_menu/starters/SSD_ResNet_AIdeckDetection/BUILD/GAP8_V2/GCC_RISCV/SSD_ResNet:1c01d4cc 0000000a T pi_partition_get_flash_offset	/home/chl/AI_deck/gap_sdk/rtos/pmsis/pmsis_bsp/partition/partition.c:38
/home/chl/AI_deck/gap_sdk/nn_menu/starters/SSD_ResNet_AIdeckDetection/BUILD/GAP8_V2/GCC_RISCV/SSD_ResNet:1c020666 0000000a T rt_extern_alloc_deinit	/home/chl/AI_deck/gap_sdk/rtos/pulp/pulp-os/kernel/alloc_extern.c:129
/home/chl/AI_deck/gap_sdk/nn_menu/starters/SSD_ResNet_AIdeckDetection/BUILD/GAP8_V2/GCC_RISCV/SSD_ResNet:1c0207d2 0000000a T __rt_himax_init	/home/chl/AI_deck/gap_sdk/rtos/pulp/pulp-os/drivers_deprecated/camera/himax.c:400
/home/chl/AI_deck/gap_sdk/nn_menu/starters/SSD_ResNet_AIdeckDetection/BUILD/GAP8_V2/GCC_RISCV/SSD_ResNet:1c023380 0000000c B device
/home/chl/AI_deck/gap_sdk/nn_menu/starters/SSD_ResNet_AIdeckDetection/BUILD/GAP8_V2/GCC_RISCV/SSD_ResNet:1c02334c 0000000c B HyperRam
/home/chl/AI_deck/gap_sdk/nn_menu/starters/SSD_ResNet_AIdeckDetection/BUILD/GAP8_V2/GCC_RISCV/SSD_ResNet:1c01d154 0000000c T hyperram_free	/home/chl/AI_deck/gap_sdk/rtos/pmsis/pmsis_bsp/ram/hyperram/hyperram.c:169
/home/chl/AI_deck/gap_sdk/nn_menu/starters/SSD_ResNet_AIdeckDetection/BUILD/GAP8_V2/GCC_RISCV/SSD_ResNet:1c023370 0000000c B ili
/home/chl/AI_deck/gap_sdk/nn_menu/starters/SSD_ResNet_AIdeckDetection/BUILD/GAP8_V2/GCC_RISCV/SSD_ResNet:1c01ee16 0000000c T pi_cl_l1_free	/home/chl/AI_deck/gap_sdk/rtos/pulp/pulp-os/kernel/alloc.c:587
/home/chl/AI_deck/gap_sdk/nn_menu/starters/SSD_ResNet_AIdeckDetection/BUILD/GAP8_V2/GCC_RISCV/SSD_ResNet:1c01bc94 0000000c T pi_flash_open	/home/chl/AI_deck/gap_sdk/rtos/pmsis/pmsis_bsp/flash/flash.c:24
/home/chl/AI_deck/gap_sdk/nn_menu/starters/SSD_ResNet_AIdeckDetection/BUILD/GAP8_V2/GCC_RISCV/SSD_ResNet:1c01c560 0000000c t __pi_host_fs_mount	/home/chl/AI_deck/gap_sdk/rtos/pmsis/pmsis_bsp/fs/host_fs/host_fs.c:34
/home/chl/AI_deck/gap_sdk/nn_menu/starters/SSD_ResNet_AIdeckDetection/BUILD/GAP8_V2/GCC_RISCV/SSD_ResNet:1c01d2e0 0000000c T pi_ram_open	/home/chl/AI_deck/gap_sdk/rtos/pmsis/pmsis_bsp/ram/ram.c:23
/home/chl/AI_deck/gap_sdk/nn_menu/starters/SSD_ResNet_AIdeckDetection/BUILD/GAP8_V2/GCC_RISCV/SSD_ResNet:00000004 0000000c D __rt_cluster_pool
/home/chl/AI_deck/gap_sdk/nn_menu/starters/SSD_ResNet_AIdeckDetection/BUILD/GAP8_V2/GCC_RISCV/SSD_ResNet:1c020602 0000000c T __rt_padframe_init	/home/chl/AI_deck/gap_sdk/rtos/pulp/pulp-os/drivers_deprecated/pads/pads-v1.c:58
/home/chl/AI_deck/gap_sdk/nn_menu/starters/SSD_ResNet_AIdeckDetection/BUILD/GAP8_V2/GCC_RISCV/SSD_ResNet:1c01c74c 0000000e t hyperflash_ioctl	/home/chl/AI_deck/gap_sdk/rtos/pmsis/pmsis_bsp/flash/hyperflash/hyperflash.c:284
/home/chl/AI_deck/gap_sdk/nn_menu/starters/SSD_ResNet_AIdeckDetection/BUILD/GAP8_V2/GCC_RISCV/SSD_ResNet:1c01c75a 0000000e t hyperflash_set_reg_exec	/home/chl/AI_deck/gap_sdk/rtos/pmsis/pmsis_bsp/flash/hyperflash/hyperflash.c:94
/home/chl/AI_deck/gap_sdk/nn_menu/starters/SSD_ResNet_AIdeckDetection/BUILD/GAP8_V2/GCC_RISCV/SSD_ResNet:1c01e21e 0000000e t __internal_semihost	/home/chl/AI_deck/gap_sdk/rtos/pmsis/pmsis_bsp/fs/host_fs/semihost.h:75
/home/chl/AI_deck/gap_sdk/nn_menu/starters/SSD_ResNet_AIdeckDetection/BUILD/GAP8_V2/GCC_RISCV/SSD_ResNet:1c01ee22 0000000e T pi_l2_malloc	/home/chl/AI_deck/gap_sdk/rtos/pulp/pulp-os/kernel/alloc.c:595
/home/chl/AI_deck/gap_sdk/nn_menu/starters/SSD_ResNet_AIdeckDetection/BUILD/GAP8_V2/GCC_RISCV/SSD_ResNet:1c020800 0000000e t __rt_io_end_of_flush	/home/chl/AI_deck/gap_sdk/rtos/pulp/pulp-os/libs/io/io.c:366
/home/chl/AI_deck/gap_sdk/nn_menu/starters/SSD_ResNet_AIdeckDetection/BUILD/GAP8_V2/GCC_RISCV/SSD_ResNet:1c022ffc 0000000f b dirction.18863
/home/chl/AI_deck/gap_sdk/nn_menu/starters/SSD_ResNet_AIdeckDetection/BUILD/GAP8_V2/GCC_RISCV/SSD_ResNet:1c01e330 00000010 T bsp_hyperflash_open
/home/chl/AI_deck/gap_sdk/nn_menu/starters/SSD_ResNet_AIdeckDetection/BUILD/GAP8_V2/GCC_RISCV/SSD_ResNet:1c01e316 00000010 T bsp_hyperram_open
/home/chl/AI_deck/gap_sdk/nn_menu/starters/SSD_ResNet_AIdeckDetection/BUILD/GAP8_V2/GCC_RISCV/SSD_ResNet:1c01d172 00000010 t hyperram_copy_async	/home/chl/AI_deck/gap_sdk/rtos/pmsis/pmsis_bsp/ram/hyperram/hyperram.c:133
/home/chl/AI_deck/gap_sdk/nn_menu/starters/SSD_ResNet_AIdeckDetection/BUILD/GAP8_V2/GCC_RISCV/SSD_ResNet:1c020c0c 00000010 T memset	/home/chl/AI_deck/gap_sdk/rtos/pulp/pulp-os/libs/io/io.c:150
/home/chl/AI_deck/gap_sdk/nn_menu/starters/SSD_ResNet_AIdeckDetection/BUILD/GAP8_V2/GCC_RISCV/SSD_ResNet:1c022de0 00000010 D n_variances_1
/home/chl/AI_deck/gap_sdk/nn_menu/starters/SSD_ResNet_AIdeckDetection/BUILD/GAP8_V2/GCC_RISCV/SSD_ResNet:1c022e38 00000010 D n_variances_2
/home/chl/AI_deck/gap_sdk/nn_menu/starters/SSD_ResNet_AIdeckDetection/BUILD/GAP8_V2/GCC_RISCV/SSD_ResNet:1c022e90 00000010 D n_variances_3
/home/chl/AI_deck/gap_sdk/nn_menu/starters/SSD_ResNet_AIdeckDetection/BUILD/GAP8_V2/GCC_RISCV/SSD_ResNet:1c022ee8 00000010 D n_variances_4
/home/chl/AI_deck/gap_sdk/nn_menu/starters/SSD_ResNet_AIdeckDetection/BUILD/GAP8_V2/GCC_RISCV/SSD_ResNet:1c01fe74 00000010 T pi_hyper_conf_init	/home/chl/AI_deck/gap_sdk/rtos/pulp/pulp-os/drivers/hyper/hyperram-v1.c:200
/home/chl/AI_deck/gap_sdk/nn_menu/starters/SSD_ResNet_AIdeckDetection/BUILD/GAP8_V2/GCC_RISCV/SSD_ResNet:1c01ee30 00000010 T pi_l2_free	/home/chl/AI_deck/gap_sdk/rtos/pulp/pulp-os/kernel/alloc.c:600
/home/chl/AI_deck/gap_sdk/nn_menu/starters/SSD_ResNet_AIdeckDetection/BUILD/GAP8_V2/GCC_RISCV/SSD_ResNet:1c01bf16 00000010 t __pi_read_fs_seek	/home/chl/AI_deck/gap_sdk/rtos/pmsis/pmsis_bsp/fs/read_fs/read_fs.c:517
/home/chl/AI_deck/gap_sdk/nn_menu/starters/SSD_ResNet_AIdeckDetection/BUILD/GAP8_V2/GCC_RISCV/SSD_ResNet:1c022f30 00000010 D PMUState
/home/chl/AI_deck/gap_sdk/nn_menu/starters/SSD_ResNet_AIdeckDetection/BUILD/GAP8_V2/GCC_RISCV/SSD_ResNet:1b000bbc 00000010 d __rt_io_fc_lock	/home/chl/AI_deck/gap_sdk/rtos/pulp/pulp-os/libs/io/io.c:35
/home/chl/AI_deck/gap_sdk/nn_menu/starters/SSD_ResNet_AIdeckDetection/BUILD/GAP8_V2/GCC_RISCV/SSD_ResNet:1c022c74 00000010 V __rt_padframe_default	/home/chl/AI_deck/gap_sdk/rtos/pulp/pulp-os/drivers_deprecated/pads/pads-v1.c:28
/home/chl/AI_deck/gap_sdk/nn_menu/starters/SSD_ResNet_AIdeckDetection/BUILD/GAP8_V2/GCC_RISCV/SSD_ResNet:1c022c84 00000010 V __rt_padframe_hyper	/home/chl/AI_deck/gap_sdk/rtos/pulp/pulp-os/drivers_deprecated/pads/pads-v1.c:30
/home/chl/AI_deck/gap_sdk/nn_menu/starters/SSD_ResNet_AIdeckDetection/BUILD/GAP8_V2/GCC_RISCV/SSD_ResNet:1c022c94 00000010 V __rt_padframe_hyper_gpio	/home/chl/AI_deck/gap_sdk/rtos/pulp/pulp-os/drivers_deprecated/pads/pads-v1.c:32
/home/chl/AI_deck/gap_sdk/nn_menu/starters/SSD_ResNet_AIdeckDetection/BUILD/GAP8_V2/GCC_RISCV/SSD_ResNet:1c0232f8 00000010 b __rt_uart	/home/chl/AI_deck/gap_sdk/rtos/pulp/pulp-os/drivers_deprecated/uart/uart.c:43
/home/chl/AI_deck/gap_sdk/nn_menu/starters/SSD_ResNet_AIdeckDetection/BUILD/GAP8_V2/GCC_RISCV/SSD_ResNet:1c021cf0 00000010 T rt_uart_conf_init
/home/chl/AI_deck/gap_sdk/nn_menu/starters/SSD_ResNet_AIdeckDetection/BUILD/GAP8_V2/GCC_RISCV/SSD_ResNet:1c01d160 00000012 t hyperram_copy_2d_async	/home/chl/AI_deck/gap_sdk/rtos/pmsis/pmsis_bsp/ram/hyperram/hyperram.c:145
/home/chl/AI_deck/gap_sdk/nn_menu/starters/SSD_ResNet_AIdeckDetection/BUILD/GAP8_V2/GCC_RISCV/SSD_ResNet:1c01bd32 00000012 T pi_fs_conf_init	/home/chl/AI_deck/gap_sdk/rtos/pmsis/pmsis_bsp/fs/fs.c:26
/home/chl/AI_deck/gap_sdk/nn_menu/starters/SSD_ResNet_AIdeckDetection/BUILD/GAP8_V2/GCC_RISCV/SSD_ResNet:1c01f72c 00000012 T __rt_fll_init	/home/chl/AI_deck/gap_sdk/rtos/pulp/pulp-os/kernel/gap/pmu_driver.c:871
/home/chl/AI_deck/gap_sdk/nn_menu/starters/SSD_ResNet_AIdeckDetection/BUILD/GAP8_V2/GCC_RISCV/SSD_ResNet:1c0207dc 00000012 T __rt_rtc_init	/home/chl/AI_deck/gap_sdk/rtos/pulp/pulp-os/drivers_deprecated/dolphin/rtc.c:414
/home/chl/AI_deck/gap_sdk/nn_menu/starters/SSD_ResNet_AIdeckDetection/BUILD/GAP8_V2/GCC_RISCV/SSD_ResNet:1c0207ee 00000012 T __rt_spim_init	/home/chl/AI_deck/gap_sdk/rtos/pulp/pulp-os/drivers_deprecated/spim/spim-v2.c:446
/home/chl/AI_deck/gap_sdk/nn_menu/starters/SSD_ResNet_AIdeckDetection/BUILD/GAP8_V2/GCC_RISCV/SSD_ResNet:1c01fdb2 00000014 t l2_memcpy	/home/chl/AI_deck/gap_sdk/rtos/pulp/pulp-os/drivers/hyper/hyperram-v1.c:897
/home/chl/AI_deck/gap_sdk/nn_menu/starters/SSD_ResNet_AIdeckDetection/BUILD/GAP8_V2/GCC_RISCV/SSD_ResNet:1c022dcc 00000014 D n_aspect_ratios_1
/home/chl/AI_deck/gap_sdk/nn_menu/starters/SSD_ResNet_AIdeckDetection/BUILD/GAP8_V2/GCC_RISCV/SSD_ResNet:1c022e24 00000014 D n_aspect_ratios_2
/home/chl/AI_deck/gap_sdk/nn_menu/starters/SSD_ResNet_AIdeckDetection/BUILD/GAP8_V2/GCC_RISCV/SSD_ResNet:1c022e7c 00000014 D n_aspect_ratios_3
/home/chl/AI_deck/gap_sdk/nn_menu/starters/SSD_ResNet_AIdeckDetection/BUILD/GAP8_V2/GCC_RISCV/SSD_ResNet:1c022ed4 00000014 D n_aspect_ratios_4
/home/chl/AI_deck/gap_sdk/nn_menu/starters/SSD_ResNet_AIdeckDetection/BUILD/GAP8_V2/GCC_RISCV/SSD_ResNet:1c01ec20 00000014 T __rt_event_sched_init	/home/chl/AI_deck/gap_sdk/rtos/pulp/pulp-os/kernel/events.c:264
/home/chl/AI_deck/gap_sdk/nn_menu/starters/SSD_ResNet_AIdeckDetection/BUILD/GAP8_V2/GCC_RISCV/SSD_ResNet:0000001c 00000014 D __rt_sched
/home/chl/AI_deck/gap_sdk/nn_menu/starters/SSD_ResNet_AIdeckDetection/BUILD/GAP8_V2/GCC_RISCV/SSD_ResNet:1c020bc2 00000014 T strcmp	/home/chl/AI_deck/gap_sdk/rtos/pulp/pulp-os/libs/io/io.c:97
/home/chl/AI_deck/gap_sdk/nn_menu/starters/SSD_ResNet_AIdeckDetection/BUILD/GAP8_V2/GCC_RISCV/SSD_ResNet:1c020176 00000016 T pi_hyper_read_async	/home/chl/AI_deck/gap_sdk/rtos/pulp/pulp-os/drivers/hyper/hyperram-v1.c:380
/home/chl/AI_deck/gap_sdk/nn_menu/starters/SSD_ResNet_AIdeckDetection/BUILD/GAP8_V2/GCC_RISCV/SSD_ResNet:1c01e2a4 00000016 T semihost_seek	/home/chl/AI_deck/gap_sdk/rtos/pmsis/pmsis_bsp/fs/host_fs/semihost.c:36
/home/chl/AI_deck/gap_sdk/nn_menu/starters/SSD_ResNet_AIdeckDetection/BUILD/GAP8_V2/GCC_RISCV/SSD_ResNet:1c020bf6 00000016 T strlen	/home/chl/AI_deck/gap_sdk/rtos/pulp/pulp-os/libs/io/io.c:124
/home/chl/AI_deck/gap_sdk/nn_menu/starters/SSD_ResNet_AIdeckDetection/BUILD/GAP8_V2/GCC_RISCV/SSD_ResNet:1c01e2fe 00000018 T bsp_hyperram_conf_init	/home/chl/AI_deck/gap_sdk/rtos/pmsis/pmsis_bsp/bsp/ai_deck.c:40
/home/chl/AI_deck/gap_sdk/nn_menu/starters/SSD_ResNet_AIdeckDetection/BUILD/GAP8_V2/GCC_RISCV/SSD_ResNet:1b000ba0 00000018 d cbsys_first	/home/chl/AI_deck/gap_sdk/rtos/pulp/pulp-os/kernel/utils.c:30
/home/chl/AI_deck/gap_sdk/nn_menu/starters/SSD_ResNet_AIdeckDetection/BUILD/GAP8_V2/GCC_RISCV/SSD_ResNet:1c0227bc 00000018 r FractionExpLUT
/home/chl/AI_deck/gap_sdk/nn_menu/starters/SSD_ResNet_AIdeckDetection/BUILD/GAP8_V2/GCC_RISCV/SSD_ResNet:1c02286c 00000018 r FractionExpLUT
/home/chl/AI_deck/gap_sdk/nn_menu/starters/SSD_ResNet_AIdeckDetection/BUILD/GAP8_V2/GCC_RISCV/SSD_ResNet:1c022c5c 00000018 d hyperram_api	/home/chl/AI_deck/gap_sdk/rtos/pmsis/pmsis_bsp/ram/hyperram/hyperram.c:225
/home/chl/AI_deck/gap_sdk/nn_menu/starters/SSD_ResNet_AIdeckDetection/BUILD/GAP8_V2/GCC_RISCV/SSD_ResNet:1c0227d4 00000018 r IntegerExpLUT
/home/chl/AI_deck/gap_sdk/nn_menu/starters/SSD_ResNet_AIdeckDetection/BUILD/GAP8_V2/GCC_RISCV/SSD_ResNet:1c022884 00000018 r IntegerExpLUT
/home/chl/AI_deck/gap_sdk/nn_menu/starters/SSD_ResNet_AIdeckDetection/BUILD/GAP8_V2/GCC_RISCV/SSD_ResNet:1c02056e 00000018 T pi_hyper_read_2d_async	/home/chl/AI_deck/gap_sdk/rtos/pulp/pulp-os/drivers/hyper/hyperram-v1.c:420
/home/chl/AI_deck/gap_sdk/nn_menu/starters/SSD_ResNet_AIdeckDetection/BUILD/GAP8_V2/GCC_RISCV/SSD_ResNet:1c0201ae 00000018 T pi_hyper_write_async	/home/chl/AI_deck/gap_sdk/rtos/pulp/pulp-os/drivers/hyper/hyperram-v1.c:400
/home/chl/AI_deck/gap_sdk/nn_menu/starters/SSD_ResNet_AIdeckDetection/BUILD/GAP8_V2/GCC_RISCV/SSD_ResNet:1c01bf80 00000018 t __pi_read_fs_copy_2d_async	/home/chl/AI_deck/gap_sdk/rtos/pmsis/pmsis_bsp/fs/read_fs/read_fs.c:657
/home/chl/AI_deck/gap_sdk/nn_menu/starters/SSD_ResNet_AIdeckDetection/BUILD/GAP8_V2/GCC_RISCV/SSD_ResNet:1c01bf68 00000018 t __pi_read_fs_copy_async	/home/chl/AI_deck/gap_sdk/rtos/pmsis/pmsis_bsp/fs/read_fs/read_fs.c:648
/home/chl/AI_deck/gap_sdk/nn_menu/starters/SSD_ResNet_AIdeckDetection/BUILD/GAP8_V2/GCC_RISCV/SSD_ResNet:1c022ca4 00000018 V __rt_padframe_profiles
/home/chl/AI_deck/gap_sdk/nn_menu/starters/SSD_ResNet_AIdeckDetection/BUILD/GAP8_V2/GCC_RISCV/SSD_ResNet:1c01ee40 00000018 t __rt_time_poweroff	/home/chl/AI_deck/gap_sdk/rtos/pulp/pulp-os/kernel/time.c:28
/home/chl/AI_deck/gap_sdk/nn_menu/starters/SSD_ResNet_AIdeckDetection/BUILD/GAP8_V2/GCC_RISCV/SSD_ResNet:1c01ee58 00000018 t __rt_time_poweron	/home/chl/AI_deck/gap_sdk/rtos/pulp/pulp-os/kernel/time.c:37
/home/chl/AI_deck/gap_sdk/nn_menu/starters/SSD_ResNet_AIdeckDetection/BUILD/GAP8_V2/GCC_RISCV/SSD_ResNet:1c01ea88 00000018 T __rt_wait_event_prepare_blocking	/home/chl/AI_deck/gap_sdk/rtos/pulp/pulp-os/kernel/events.c:42
/home/chl/AI_deck/gap_sdk/nn_menu/starters/SSD_ResNet_AIdeckDetection/BUILD/GAP8_V2/GCC_RISCV/SSD_ResNet:1c020dde 0000001a T fputc_locked
/home/chl/AI_deck/gap_sdk/nn_menu/starters/SSD_ResNet_AIdeckDetection/BUILD/GAP8_V2/GCC_RISCV/SSD_ResNet:1c01c832 0000001a t hyperflash_copy_2d_async
/home/chl/AI_deck/gap_sdk/nn_menu/starters/SSD_ResNet_AIdeckDetection/BUILD/GAP8_V2/GCC_RISCV/SSD_ResNet:1c01d238 0000001a T pi_hyperram_conf_init	/home/chl/AI_deck/gap_sdk/rtos/pmsis/pmsis_bsp/ram/hyperram/hyperram.c:235
/home/chl/AI_deck/gap_sdk/nn_menu/starters/SSD_ResNet_AIdeckDetection/BUILD/GAP8_V2/GCC_RISCV/SSD_ResNet:1c020586 0000001a T pi_hyper_write_2d_async	/home/chl/AI_deck/gap_sdk/rtos/pulp/pulp-os/drivers/hyper/hyperram-v1.c:440
/home/chl/AI_deck/gap_sdk/nn_menu/starters/SSD_ResNet_AIdeckDetection/BUILD/GAP8_V2/GCC_RISCV/SSD_ResNet:1c01eb16 0000001a T rt_event_get	/home/chl/AI_deck/gap_sdk/rtos/pulp/pulp-os/kernel/events.c:105
/home/chl/AI_deck/gap_sdk/nn_menu/starters/SSD_ResNet_AIdeckDetection/BUILD/GAP8_V2/GCC_RISCV/SSD_ResNet:1c01ec06 0000001a T rt_event_wait	/home/chl/AI_deck/gap_sdk/rtos/pulp/pulp-os/kernel/events.c:257
/home/chl/AI_deck/gap_sdk/nn_menu/starters/SSD_ResNet_AIdeckDetection/BUILD/GAP8_V2/GCC_RISCV/SSD_ResNet:1c020c52 0000001a T strchr	/home/chl/AI_deck/gap_sdk/rtos/pulp/pulp-os/libs/io/io.c:278
/home/chl/AI_deck/gap_sdk/nn_menu/starters/SSD_ResNet_AIdeckDetection/BUILD/GAP8_V2/GCC_RISCV/SSD_ResNet:1c023074 0000001c b HyperFlash
/home/chl/AI_deck/gap_sdk/nn_menu/starters/SSD_ResNet_AIdeckDetection/BUILD/GAP8_V2/GCC_RISCV/SSD_ResNet:1c023090 0000001c b HyperFlash
/home/chl/AI_deck/gap_sdk/nn_menu/starters/SSD_ResNet_AIdeckDetection/BUILD/GAP8_V2/GCC_RISCV/SSD_ResNet:1c01cd00 0000001c t hyperflash_copy_async	/home/chl/AI_deck/gap_sdk/rtos/pmsis/pmsis_bsp/flash/hyperflash/hyperflash.c:843
/home/chl/AI_deck/gap_sdk/nn_menu/starters/SSD_ResNet_AIdeckDetection/BUILD/GAP8_V2/GCC_RISCV/SSD_ResNet:1c01c6b8 0000001c t __pi_host_fs_close	/home/chl/AI_deck/gap_sdk/rtos/pmsis/pmsis_bsp/fs/host_fs/host_fs.c:67
/home/chl/AI_deck/gap_sdk/nn_menu/starters/SSD_ResNet_AIdeckDetection/BUILD/GAP8_V2/GCC_RISCV/SSD_ResNet:1c01c730 0000001c t __rt_event_enqueue	/home/chl/AI_deck/gap_sdk/install/GAP8_V2/include/rt/rt_event.h:397
/home/chl/AI_deck/gap_sdk/nn_menu/starters/SSD_ResNet_AIdeckDetection/BUILD/GAP8_V2/GCC_RISCV/SSD_ResNet:1c01e7ca 0000001c t __rt_event_enqueue	/home/chl/AI_deck/gap_sdk/install/GAP8_V2/include/rt/rt_event.h:397
/home/chl/AI_deck/gap_sdk/nn_menu/starters/SSD_ResNet_AIdeckDetection/BUILD/GAP8_V2/GCC_RISCV/SSD_ResNet:1c01cd1c 0000001e t hyperflash_close	/home/chl/AI_deck/gap_sdk/rtos/pmsis/pmsis_bsp/flash/hyperflash/hyperflash.c:275
/home/chl/AI_deck/gap_sdk/nn_menu/starters/SSD_ResNet_AIdeckDetection/BUILD/GAP8_V2/GCC_RISCV/SSD_ResNet:1c01d136 0000001e T hyperram_alloc	/home/chl/AI_deck/gap_sdk/rtos/pmsis/pmsis_bsp/ram/hyperram/hyperram.c:158
/home/chl/AI_deck/gap_sdk/nn_menu/starters/SSD_ResNet_AIdeckDetection/BUILD/GAP8_V2/GCC_RISCV/SSD_ResNet:1c01fd94 0000001e T pi_pad_init	/home/chl/AI_deck/gap_sdk/rtos/pulp/pulp-os/drivers/pads/pads-v1.c:31
/home/chl/AI_deck/gap_sdk/nn_menu/starters/SSD_ResNet_AIdeckDetection/BUILD/GAP8_V2/GCC_RISCV/SSD_ResNet:1c01d2c2 0000001e t __pi_ram_cluster_req_done	/home/chl/AI_deck/gap_sdk/rtos/pmsis/pmsis_bsp/ram/ram.c:37
/home/chl/AI_deck/gap_sdk/nn_menu/starters/SSD_ResNet_AIdeckDetection/BUILD/GAP8_V2/GCC_RISCV/SSD_ResNet:1c01e910 0000001e T __rt_bridge_set_available	/home/chl/AI_deck/gap_sdk/rtos/pulp/pulp-os/kernel/bridge.c:725
/home/chl/AI_deck/gap_sdk/nn_menu/starters/SSD_ResNet_AIdeckDetection/BUILD/GAP8_V2/GCC_RISCV/SSD_ResNet:1c01e268 0000001e T semihost_read	/home/chl/AI_deck/gap_sdk/rtos/pmsis/pmsis_bsp/fs/host_fs/semihost.c:24
/home/chl/AI_deck/gap_sdk/nn_menu/starters/SSD_ResNet_AIdeckDetection/BUILD/GAP8_V2/GCC_RISCV/SSD_ResNet:1c01e286 0000001e T semihost_write	/home/chl/AI_deck/gap_sdk/rtos/pmsis/pmsis_bsp/fs/host_fs/semihost.c:30
/home/chl/AI_deck/gap_sdk/nn_menu/starters/SSD_ResNet_AIdeckDetection/BUILD/GAP8_V2/GCC_RISCV/SSD_ResNet:1c021b54 0000001e t sprintf_out
/home/chl/AI_deck/gap_sdk/nn_menu/starters/SSD_ResNet_AIdeckDetection/BUILD/GAP8_V2/GCC_RISCV/SSD_ResNet:1000001c 00000020 d Reduct.16880
/home/chl/AI_deck/gap_sdk/nn_menu/starters/SSD_ResNet_AIdeckDetection/BUILD/GAP8_V2/GCC_RISCV/SSD_ResNet:1000003c 00000020 d Reduct.16947
/home/chl/AI_deck/gap_sdk/nn_menu/starters/SSD_ResNet_AIdeckDetection/BUILD/GAP8_V2/GCC_RISCV/SSD_ResNet:1c021006 00000020 t _rlrshift	/home/chl/AI_deck/gap_sdk/rtos/pulp/pulp-os/libs/io/prf.c:122
/home/chl/AI_deck/gap_sdk/nn_menu/starters/SSD_ResNet_AIdeckDetection/BUILD/GAP8_V2/GCC_RISCV/SSD_ResNet:1c01e7e6 00000020 t __rt_bridge_check_bridge_req.part.5	/home/chl/AI_deck/gap_sdk/rtos/pulp/pulp-os/kernel/bridge.c:638
/home/chl/AI_deck/gap_sdk/nn_menu/starters/SSD_ResNet_AIdeckDetection/BUILD/GAP8_V2/GCC_RISCV/SSD_ResNet:1c0208fa 00000020 t rt_event_execute.isra.4.constprop.12	/home/chl/AI_deck/gap_sdk/rtos/pulp/pulp-os/libs/io/io.c:795
/home/chl/AI_deck/gap_sdk/nn_menu/starters/SSD_ResNet_AIdeckDetection/BUILD/GAP8_V2/GCC_RISCV/SSD_ResNet:1c01ec3e 00000020 T rt_user_alloc_init	/home/chl/AI_deck/gap_sdk/rtos/pulp/pulp-os/kernel/alloc.c:193
/home/chl/AI_deck/gap_sdk/nn_menu/starters/SSD_ResNet_AIdeckDetection/BUILD/GAP8_V2/GCC_RISCV/SSD_ResNet:1c020bd6 00000020 T strncmp	/home/chl/AI_deck/gap_sdk/rtos/pulp/pulp-os/libs/io/io.c:108
/home/chl/AI_deck/gap_sdk/nn_menu/starters/SSD_ResNet_AIdeckDetection/BUILD/GAP8_V2/GCC_RISCV/SSD_ResNet:1c01d182 00000022 t hyperram_close	/home/chl/AI_deck/gap_sdk/rtos/pmsis/pmsis_bsp/ram/hyperram/hyperram.c:123
/home/chl/AI_deck/gap_sdk/nn_menu/starters/SSD_ResNet_AIdeckDetection/BUILD/GAP8_V2/GCC_RISCV/SSD_ResNet:1c02018c 00000022 T pi_hyper_read	/home/chl/AI_deck/gap_sdk/rtos/pulp/pulp-os/drivers/hyper/hyperram-v1.c:390
/home/chl/AI_deck/gap_sdk/nn_menu/starters/SSD_ResNet_AIdeckDetection/BUILD/GAP8_V2/GCC_RISCV/SSD_ResNet:1c0201c6 00000022 T pi_hyper_write	/home/chl/AI_deck/gap_sdk/rtos/pulp/pulp-os/drivers/hyper/hyperram-v1.c:411
/home/chl/AI_deck/gap_sdk/nn_menu/starters/SSD_ResNet_AIdeckDetection/BUILD/GAP8_V2/GCC_RISCV/SSD_ResNet:1c01e950 00000022 T __rt_bridge_clear_notif	/home/chl/AI_deck/gap_sdk/rtos/pulp/pulp-os/kernel/bridge.c:838
/home/chl/AI_deck/gap_sdk/nn_menu/starters/SSD_ResNet_AIdeckDetection/BUILD/GAP8_V2/GCC_RISCV/SSD_ResNet:1c01e92e 00000022 T __rt_bridge_send_notif	/home/chl/AI_deck/gap_sdk/rtos/pulp/pulp-os/kernel/bridge.c:821
/home/chl/AI_deck/gap_sdk/nn_menu/starters/SSD_ResNet_AIdeckDetection/BUILD/GAP8_V2/GCC_RISCV/SSD_ResNet:1c01eb30 00000022 T rt_event_get_blocking	/home/chl/AI_deck/gap_sdk/rtos/pulp/pulp-os/kernel/events.c:127
/home/chl/AI_deck/gap_sdk/nn_menu/starters/SSD_ResNet_AIdeckDetection/BUILD/GAP8_V2/GCC_RISCV/SSD_ResNet:1c021bf8 00000022 t __rt_uart_setfreq_after	/home/chl/AI_deck/gap_sdk/rtos/pulp/pulp-os/drivers_deprecated/uart/uart.c:135
/home/chl/AI_deck/gap_sdk/nn_menu/starters/SSD_ResNet_AIdeckDetection/BUILD/GAP8_V2/GCC_RISCV/SSD_ResNet:1c01e6d4 00000022 T __rt_utils_init	/home/chl/AI_deck/gap_sdk/rtos/pulp/pulp-os/kernel/utils.c:84
/home/chl/AI_deck/gap_sdk/nn_menu/starters/SSD_ResNet_AIdeckDetection/BUILD/GAP8_V2/GCC_RISCV/SSD_ResNet:1c022fd8 00000024 b conf
/home/chl/AI_deck/gap_sdk/nn_menu/starters/SSD_ResNet_AIdeckDetection/BUILD/GAP8_V2/GCC_RISCV/SSD_ResNet:1c01d6b2 00000024 T flash_partition_table_free	/home/chl/AI_deck/gap_sdk/rtos/pmsis/pmsis_bsp/partition/flash_partition.c:221
/home/chl/AI_deck/gap_sdk/nn_menu/starters/SSD_ResNet_AIdeckDetection/BUILD/GAP8_V2/GCC_RISCV/SSD_ResNet:1c01d014 00000024 t hyperflash_erase	/home/chl/AI_deck/gap_sdk/rtos/pmsis/pmsis_bsp/flash/hyperflash/hyperflash.c:898
/home/chl/AI_deck/gap_sdk/nn_menu/starters/SSD_ResNet_AIdeckDetection/BUILD/GAP8_V2/GCC_RISCV/SSD_ResNet:1c01ce44 00000024 t hyperflash_erase_chip	/home/chl/AI_deck/gap_sdk/rtos/pmsis/pmsis_bsp/flash/hyperflash/hyperflash.c:882
/home/chl/AI_deck/gap_sdk/nn_menu/starters/SSD_ResNet_AIdeckDetection/BUILD/GAP8_V2/GCC_RISCV/SSD_ResNet:1c01ce20 00000024 t hyperflash_erase_sector	/home/chl/AI_deck/gap_sdk/rtos/pmsis/pmsis_bsp/flash/hyperflash/hyperflash.c:890
/home/chl/AI_deck/gap_sdk/nn_menu/starters/SSD_ResNet_AIdeckDetection/BUILD/GAP8_V2/GCC_RISCV/SSD_ResNet:1c01ced4 00000024 t hyperflash_program	/home/chl/AI_deck/gap_sdk/rtos/pmsis/pmsis_bsp/flash/hyperflash/hyperflash.c:874
/home/chl/AI_deck/gap_sdk/nn_menu/starters/SSD_ResNet_AIdeckDetection/BUILD/GAP8_V2/GCC_RISCV/SSD_ResNet:1c01ce68 00000024 t hyperflash_read	/home/chl/AI_deck/gap_sdk/rtos/pmsis/pmsis_bsp/flash/hyperflash/hyperflash.c:865
/home/chl/AI_deck/gap_sdk/nn_menu/starters/SSD_ResNet_AIdeckDetection/BUILD/GAP8_V2/GCC_RISCV/SSD_ResNet:1c01ce8c 00000024 t hyperflash_reg_get	/home/chl/AI_deck/gap_sdk/rtos/pmsis/pmsis_bsp/flash/hyperflash/hyperflash.c:915
/home/chl/AI_deck/gap_sdk/nn_menu/starters/SSD_ResNet_AIdeckDetection/BUILD/GAP8_V2/GCC_RISCV/SSD_ResNet:1c01ceb0 00000024 t hyperflash_reg_set	/home/chl/AI_deck/gap_sdk/rtos/pmsis/pmsis_bsp/flash/hyperflash/hyperflash.c:907
/home/chl/AI_deck/gap_sdk/nn_menu/starters/SSD_ResNet_AIdeckDetection/BUILD/GAP8_V2/GCC_RISCV/SSD_ResNet:1c01ed50 00000024 T __rt_alloc_init_l1	/home/chl/AI_deck/gap_sdk/rtos/pulp/pulp-os/kernel/alloc.c:445
/home/chl/AI_deck/gap_sdk/nn_menu/starters/SSD_ResNet_AIdeckDetection/BUILD/GAP8_V2/GCC_RISCV/SSD_ResNet:1c01bca2 00000024 t rt_event_enqueue	/home/chl/AI_deck/gap_sdk/install/GAP8_V2/include/rt/rt_event.h:411
/home/chl/AI_deck/gap_sdk/nn_menu/starters/SSD_ResNet_AIdeckDetection/BUILD/GAP8_V2/GCC_RISCV/SSD_ResNet:1c01bf98 00000024 t rt_event_enqueue	/home/chl/AI_deck/gap_sdk/install/GAP8_V2/include/rt/rt_event.h:411
/home/chl/AI_deck/gap_sdk/nn_menu/starters/SSD_ResNet_AIdeckDetection/BUILD/GAP8_V2/GCC_RISCV/SSD_ResNet:1c01c56e 00000024 t rt_event_enqueue	/home/chl/AI_deck/gap_sdk/install/GAP8_V2/include/rt/rt_event.h:411
/home/chl/AI_deck/gap_sdk/nn_menu/starters/SSD_ResNet_AIdeckDetection/BUILD/GAP8_V2/GCC_RISCV/SSD_ResNet:1c01fdc6 00000024 t rt_event_enqueue	/home/chl/AI_deck/gap_sdk/install/GAP8_V2/include/rt/rt_event.h:411
/home/chl/AI_deck/gap_sdk/nn_menu/starters/SSD_ResNet_AIdeckDetection/BUILD/GAP8_V2/GCC_RISCV/SSD_ResNet:1c01eb52 00000024 T rt_event_push	/home/chl/AI_deck/gap_sdk/rtos/pulp/pulp-os/kernel/events.c:139
/home/chl/AI_deck/gap_sdk/nn_menu/starters/SSD_ResNet_AIdeckDetection/BUILD/GAP8_V2/GCC_RISCV/SSD_ResNet:1c01eeea 00000024 T rt_time_wait_us	/home/chl/AI_deck/gap_sdk/rtos/pulp/pulp-os/kernel/time.c:124
/home/chl/AI_deck/gap_sdk/nn_menu/starters/SSD_ResNet_AIdeckDetection/BUILD/GAP8_V2/GCC_RISCV/SSD_ResNet:1c021bd4 00000024 t __rt_uart_setup.isra.5	/home/chl/AI_deck/gap_sdk/rtos/pulp/pulp-os/drivers_deprecated/uart/uart.c:222
/home/chl/AI_deck/gap_sdk/nn_menu/starters/SSD_ResNet_AIdeckDetection/BUILD/GAP8_V2/GCC_RISCV/SSD_ResNet:1c01e340 00000026 t cluster_start	/home/chl/AI_deck/gap_sdk/rtos/pulp/pulp-os/kernel/init.c:198
/home/chl/AI_deck/gap_sdk/nn_menu/starters/SSD_ResNet_AIdeckDetection/BUILD/GAP8_V2/GCC_RISCV/SSD_ResNet:1c01c646 00000026 t __pi_host_fs_read_async	/home/chl/AI_deck/gap_sdk/rtos/pmsis/pmsis_bsp/fs/host_fs/host_fs.c:74
/home/chl/AI_deck/gap_sdk/nn_menu/starters/SSD_ResNet_AIdeckDetection/BUILD/GAP8_V2/GCC_RISCV/SSD_ResNet:1c021bae 00000026 T __rt_uart_cluster_req_done	/home/chl/AI_deck/gap_sdk/rtos/pulp/pulp-os/drivers_deprecated/uart/uart.c:253
/home/chl/AI_deck/gap_sdk/nn_menu/starters/SSD_ResNet_AIdeckDetection/BUILD/GAP8_V2/GCC_RISCV/SSD_ResNet:1c01f328 00000026 t soc_eu_fcEventMask_setEvent	/home/chl/AI_deck/gap_sdk/install/GAP8_V2/include/hal/soc_eu/soc_eu_v1.h:60
/home/chl/AI_deck/gap_sdk/nn_menu/starters/SSD_ResNet_AIdeckDetection/BUILD/GAP8_V2/GCC_RISCV/SSD_ResNet:1c021cca 00000026 t soc_eu_fcEventMask_setEvent	/home/chl/AI_deck/gap_sdk/install/GAP8_V2/include/hal/soc_eu/soc_eu_v1.h:60
/home/chl/AI_deck/gap_sdk/nn_menu/starters/SSD_ResNet_AIdeckDetection/BUILD/GAP8_V2/GCC_RISCV/SSD_ResNet:1c022be0 00000028 D __pi_host_fs_api
/home/chl/AI_deck/gap_sdk/nn_menu/starters/SSD_ResNet_AIdeckDetection/BUILD/GAP8_V2/GCC_RISCV/SSD_ResNet:1c01d10e 00000028 T pi_hyperflash_conf_init	/home/chl/AI_deck/gap_sdk/rtos/pmsis/pmsis_bsp/flash/hyperflash/hyperflash.c:969
/home/chl/AI_deck/gap_sdk/nn_menu/starters/SSD_ResNet_AIdeckDetection/BUILD/GAP8_V2/GCC_RISCV/SSD_ResNet:1c022bb8 00000028 D __pi_read_fs_api
/home/chl/AI_deck/gap_sdk/nn_menu/starters/SSD_ResNet_AIdeckDetection/BUILD/GAP8_V2/GCC_RISCV/SSD_ResNet:1c020e2e 00000028 T _prf_locked	/home/chl/AI_deck/gap_sdk/rtos/pulp/pulp-os/libs/io/io.c:626
/home/chl/AI_deck/gap_sdk/nn_menu/starters/SSD_ResNet_AIdeckDetection/BUILD/GAP8_V2/GCC_RISCV/SSD_ResNet:1c01e4ce 00000028 T __rt_deinit	/home/chl/AI_deck/gap_sdk/rtos/pulp/pulp-os/kernel/init.c:163
/home/chl/AI_deck/gap_sdk/nn_menu/starters/SSD_ResNet_AIdeckDetection/BUILD/GAP8_V2/GCC_RISCV/SSD_ResNet:1c01ea60 00000028 T __rt_event_init	/home/chl/AI_deck/gap_sdk/rtos/pulp/pulp-os/kernel/events.c:32
/home/chl/AI_deck/gap_sdk/nn_menu/starters/SSD_ResNet_AIdeckDetection/BUILD/GAP8_V2/GCC_RISCV/SSD_ResNet:1c023400 00000028 B __rt_fc_cluster_data
/home/chl/AI_deck/gap_sdk/nn_menu/starters/SSD_ResNet_AIdeckDetection/BUILD/GAP8_V2/GCC_RISCV/SSD_ResNet:1c020b9a 00000028 t __rt_io_stop	/home/chl/AI_deck/gap_sdk/rtos/pulp/pulp-os/libs/io/io.c:769
/home/chl/AI_deck/gap_sdk/nn_menu/starters/SSD_ResNet_AIdeckDetection/BUILD/GAP8_V2/GCC_RISCV/SSD_ResNet:1c0205da 00000028 T rt_padframe_set	/home/chl/AI_deck/gap_sdk/rtos/pulp/pulp-os/drivers_deprecated/pads/pads-v1.c:77
/home/chl/AI_deck/gap_sdk/nn_menu/starters/SSD_ResNet_AIdeckDetection/BUILD/GAP8_V2/GCC_RISCV/SSD_ResNet:000002b8 00000028 D __rt_udma_extra_callback
/home/chl/AI_deck/gap_sdk/nn_menu/starters/SSD_ResNet_AIdeckDetection/BUILD/GAP8_V2/GCC_RISCV/SSD_ResNet:000002e0 00000028 D __rt_udma_extra_callback_arg
/home/chl/AI_deck/gap_sdk/nn_menu/starters/SSD_ResNet_AIdeckDetection/BUILD/GAP8_V2/GCC_RISCV/SSD_ResNet:1c01bd90 0000002a T pi_fs_read	/home/chl/AI_deck/gap_sdk/rtos/pmsis/pmsis_bsp/fs/fs.c:90
/home/chl/AI_deck/gap_sdk/nn_menu/starters/SSD_ResNet_AIdeckDetection/BUILD/GAP8_V2/GCC_RISCV/SSD_ResNet:1c01bdc2 0000002a T pi_fs_write	/home/chl/AI_deck/gap_sdk/rtos/pmsis/pmsis_bsp/fs/fs.c:103
/home/chl/AI_deck/gap_sdk/nn_menu/starters/SSD_ResNet_AIdeckDetection/BUILD/GAP8_V2/GCC_RISCV/SSD_ResNet:1c01c61c 0000002a t __pi_host_fs_write_async	/home/chl/AI_deck/gap_sdk/rtos/pmsis/pmsis_bsp/fs/host_fs/host_fs.c:100
/home/chl/AI_deck/gap_sdk/nn_menu/starters/SSD_ResNet_AIdeckDetection/BUILD/GAP8_V2/GCC_RISCV/SSD_ResNet:1c01ed74 0000002a T __rt_alloc_init_l1_for_fc	/home/chl/AI_deck/gap_sdk/rtos/pulp/pulp-os/kernel/alloc.c:452
/home/chl/AI_deck/gap_sdk/nn_menu/starters/SSD_ResNet_AIdeckDetection/BUILD/GAP8_V2/GCC_RISCV/SSD_ResNet:1c02072a 0000002a t __rt_i2s_setfreq_after	/home/chl/AI_deck/gap_sdk/rtos/pulp/pulp-os/drivers_deprecated/i2s/i2s-v1.c:235
/home/chl/AI_deck/gap_sdk/nn_menu/starters/SSD_ResNet_AIdeckDetection/BUILD/GAP8_V2/GCC_RISCV/SSD_ResNet:1c01cdf4 0000002c t hyperflash_copy_2d	/home/chl/AI_deck/gap_sdk/rtos/pmsis/pmsis_bsp/flash/hyperflash/hyperflash.c:933
/home/chl/AI_deck/gap_sdk/nn_menu/starters/SSD_ResNet_AIdeckDetection/BUILD/GAP8_V2/GCC_RISCV/SSD_ResNet:1c01bd44 0000002c T pi_fs_mount	/home/chl/AI_deck/gap_sdk/rtos/pmsis/pmsis_bsp/fs/fs.c:40
/home/chl/AI_deck/gap_sdk/nn_menu/starters/SSD_ResNet_AIdeckDetection/BUILD/GAP8_V2/GCC_RISCV/SSD_ResNet:1c01fe48 0000002c T __pi_hyper_pin_reset_settings	/home/chl/AI_deck/gap_sdk/rtos/pulp/pulp-os/drivers/hyper/hyperram-v1.c:189
/home/chl/AI_deck/gap_sdk/nn_menu/starters/SSD_ResNet_AIdeckDetection/BUILD/GAP8_V2/GCC_RISCV/SSD_ResNet:1c01fe1c 0000002c T __pi_hyper_pin_settings	/home/chl/AI_deck/gap_sdk/rtos/pulp/pulp-os/drivers/hyper/hyperram-v1.c:181
/home/chl/AI_deck/gap_sdk/nn_menu/starters/SSD_ResNet_AIdeckDetection/BUILD/GAP8_V2/GCC_RISCV/SSD_ResNet:1c020f48 0000002c T printf	/home/chl/AI_deck/gap_sdk/rtos/pulp/pulp-os/libs/io/fprintf.c:41
/home/chl/AI_deck/gap_sdk/nn_menu/starters/SSD_ResNet_AIdeckDetection/BUILD/GAP8_V2/GCC_RISCV/SSD_ResNet:1c020db2 0000002c T puts	/home/chl/AI_deck/gap_sdk/rtos/pulp/pulp-os/libs/io/io.c:576
/home/chl/AI_deck/gap_sdk/nn_menu/starters/SSD_ResNet_AIdeckDetection/BUILD/GAP8_V2/GCC_RISCV/SSD_ResNet:1c020754 0000002c t __rt_i2s_setfreq_before	/home/chl/AI_deck/gap_sdk/rtos/pulp/pulp-os/drivers_deprecated/i2s/i2s-v1.c:219
/home/chl/AI_deck/gap_sdk/nn_menu/starters/SSD_ResNet_AIdeckDetection/BUILD/GAP8_V2/GCC_RISCV/SSD_ResNet:1c023134 0000002c b __rt_pulpos_emu_global_cluster_task	/home/chl/AI_deck/gap_sdk/rtos/pulp/pulp-os/kernel/pulpos_emu.c:26
/home/chl/AI_deck/gap_sdk/nn_menu/starters/SSD_ResNet_AIdeckDetection/BUILD/GAP8_V2/GCC_RISCV/SSD_ResNet:1c021c5c 0000002c t __rt_uart_setfreq_before	/home/chl/AI_deck/gap_sdk/rtos/pulp/pulp-os/drivers_deprecated/uart/uart.c:102
/home/chl/AI_deck/gap_sdk/nn_menu/starters/SSD_ResNet_AIdeckDetection/BUILD/GAP8_V2/GCC_RISCV/SSD_ResNet:1c01ebda 0000002c T __rt_wait_event	/home/chl/AI_deck/gap_sdk/rtos/pulp/pulp-os/kernel/events.c:247
/home/chl/AI_deck/gap_sdk/nn_menu/starters/SSD_ResNet_AIdeckDetection/BUILD/GAP8_V2/GCC_RISCV/SSD_ResNet:1c01e234 0000002c T semihost_open	/home/chl/AI_deck/gap_sdk/rtos/pmsis/pmsis_bsp/fs/host_fs/semihost.c:11
/home/chl/AI_deck/gap_sdk/nn_menu/starters/SSD_ResNet_AIdeckDetection/BUILD/GAP8_V2/GCC_RISCV/SSD_ResNet:1c01f2fc 0000002c t SetFllMultDivFactors
/home/chl/AI_deck/gap_sdk/nn_menu/starters/SSD_ResNet_AIdeckDetection/BUILD/GAP8_V2/GCC_RISCV/SSD_ResNet:1c01cef8 0000002e t hyperflash_copy	/home/chl/AI_deck/gap_sdk/rtos/pmsis/pmsis_bsp/flash/hyperflash/hyperflash.c:923
/home/chl/AI_deck/gap_sdk/nn_menu/starters/SSD_ResNet_AIdeckDetection/BUILD/GAP8_V2/GCC_RISCV/SSD_ResNet:1c01ed22 0000002e T rt_free
/home/chl/AI_deck/gap_sdk/nn_menu/starters/SSD_ResNet_AIdeckDetection/BUILD/GAP8_V2/GCC_RISCV/SSD_ResNet:1c0205ac 0000002e t __rt_hyper_init	/home/chl/AI_deck/gap_sdk/rtos/pulp/pulp-os/drivers/hyper/hyperram-v1.c:995
/home/chl/AI_deck/gap_sdk/nn_menu/starters/SSD_ResNet_AIdeckDetection/BUILD/GAP8_V2/GCC_RISCV/SSD_ResNet:1c022df0 00000030 D anchorWH_1
/home/chl/AI_deck/gap_sdk/nn_menu/starters/SSD_ResNet_AIdeckDetection/BUILD/GAP8_V2/GCC_RISCV/SSD_ResNet:1c022e48 00000030 D anchorWH_2
/home/chl/AI_deck/gap_sdk/nn_menu/starters/SSD_ResNet_AIdeckDetection/BUILD/GAP8_V2/GCC_RISCV/SSD_ResNet:1c022ea0 00000030 D anchorWH_3
/home/chl/AI_deck/gap_sdk/nn_menu/starters/SSD_ResNet_AIdeckDetection/BUILD/GAP8_V2/GCC_RISCV/SSD_ResNet:1c022ef8 00000030 D anchorWH_4
/home/chl/AI_deck/gap_sdk/nn_menu/starters/SSD_ResNet_AIdeckDetection/BUILD/GAP8_V2/GCC_RISCV/SSD_ResNet:1c020df8 00000030 T fputc	/home/chl/AI_deck/gap_sdk/rtos/pulp/pulp-os/libs/io/io.c:603
/home/chl/AI_deck/gap_sdk/nn_menu/starters/SSD_ResNet_AIdeckDetection/BUILD/GAP8_V2/GCC_RISCV/SSD_ResNet:1c01d038 00000030 t hyperflash_get_status_reg	/home/chl/AI_deck/gap_sdk/rtos/pmsis/pmsis_bsp/flash/hyperflash/hyperflash.c:184
/home/chl/AI_deck/gap_sdk/nn_menu/starters/SSD_ResNet_AIdeckDetection/BUILD/GAP8_V2/GCC_RISCV/SSD_ResNet:1c01ecf2 00000030 T rt_alloc
/home/chl/AI_deck/gap_sdk/nn_menu/starters/SSD_ResNet_AIdeckDetection/BUILD/GAP8_V2/GCC_RISCV/SSD_ResNet:1c01e6a4 00000030 T __rt_cbsys_exec	/home/chl/AI_deck/gap_sdk/rtos/pulp/pulp-os/kernel/utils.c:71
/home/chl/AI_deck/gap_sdk/nn_menu/starters/SSD_ResNet_AIdeckDetection/BUILD/GAP8_V2/GCC_RISCV/SSD_ResNet:1c02300c 00000032 b imgName.18707
/home/chl/AI_deck/gap_sdk/nn_menu/starters/SSD_ResNet_AIdeckDetection/BUILD/GAP8_V2/GCC_RISCV/SSD_ResNet:1c023040 00000032 b imgName.18715
/home/chl/AI_deck/gap_sdk/nn_menu/starters/SSD_ResNet_AIdeckDetection/BUILD/GAP8_V2/GCC_RISCV/SSD_ResNet:1c01e018 00000032 T MD5_Init	/home/chl/AI_deck/gap_sdk/rtos/pmsis/pmsis_bsp/crc/md5.c:207
/home/chl/AI_deck/gap_sdk/nn_menu/starters/SSD_ResNet_AIdeckDetection/BUILD/GAP8_V2/GCC_RISCV/SSD_ResNet:1c01fa16 00000032 T pi_cluster_close	/home/chl/AI_deck/gap_sdk/rtos/pulp/pulp-os/kernel/cluster.c:370
/home/chl/AI_deck/gap_sdk/nn_menu/starters/SSD_ResNet_AIdeckDetection/BUILD/GAP8_V2/GCC_RISCV/SSD_ResNet:1c01bd00 00000032 t pi_task_wait_on.isra.3	/home/chl/AI_deck/gap_sdk/install/GAP8_V2/include/rt/rt_cluster.h:239
/home/chl/AI_deck/gap_sdk/nn_menu/starters/SSD_ResNet_AIdeckDetection/BUILD/GAP8_V2/GCC_RISCV/SSD_ResNet:1c01cdc2 00000032 t pi_task_wait_on.isra.3	/home/chl/AI_deck/gap_sdk/rtos/pmsis/pmsis_bsp/flash/hyperflash/hyperflash.c:219
/home/chl/AI_deck/gap_sdk/nn_menu/starters/SSD_ResNet_AIdeckDetection/BUILD/GAP8_V2/GCC_RISCV/SSD_ResNet:1c01fdea 00000032 t pi_task_wait_on.isra.4	/home/chl/AI_deck/gap_sdk/rtos/pulp/pulp-os/drivers/hyper/hyperram-v1.c:1039
/home/chl/AI_deck/gap_sdk/nn_menu/starters/SSD_ResNet_AIdeckDetection/BUILD/GAP8_V2/GCC_RISCV/SSD_ResNet:1c01e6f6 00000032 T __rt_fc_lock	/home/chl/AI_deck/gap_sdk/rtos/pulp/pulp-os/kernel/utils.c:92
/home/chl/AI_deck/gap_sdk/nn_menu/starters/SSD_ResNet_AIdeckDetection/BUILD/GAP8_V2/GCC_RISCV/SSD_ResNet:1c01124a 00000034 t __cl_dma_memcpy.constprop.12
/home/chl/AI_deck/gap_sdk/nn_menu/starters/SSD_ResNet_AIdeckDetection/BUILD/GAP8_V2/GCC_RISCV/SSD_ResNet:00000358 00000034 D dev_rtc	/home/chl/AI_deck/gap_sdk/rtos/pulp/pulp-os/drivers_deprecated/dolphin/rtc.c:24
/home/chl/AI_deck/gap_sdk/nn_menu/starters/SSD_ResNet_AIdeckDetection/BUILD/GAP8_V2/GCC_RISCV/SSD_ResNet:1c02106a 00000034 t _get_digit	/home/chl/AI_deck/gap_sdk/rtos/pulp/pulp-os/libs/io/prf.c:167
/home/chl/AI_deck/gap_sdk/nn_menu/starters/SSD_ResNet_AIdeckDetection/BUILD/GAP8_V2/GCC_RISCV/SSD_ResNet:1c022a7c 00000034 r __hyper_pad	/home/chl/AI_deck/gap_sdk/rtos/pulp/pulp-os/drivers/hyper/hyperram-v1.c:164
/home/chl/AI_deck/gap_sdk/nn_menu/starters/SSD_ResNet_AIdeckDetection/BUILD/GAP8_V2/GCC_RISCV/SSD_ResNet:1c01be54 00000034 T __pi_cl_fs_copy_req_done	/home/chl/AI_deck/gap_sdk/rtos/pmsis/pmsis_bsp/fs/fs.c:340
/home/chl/AI_deck/gap_sdk/nn_menu/starters/SSD_ResNet_AIdeckDetection/BUILD/GAP8_V2/GCC_RISCV/SSD_ResNet:1c01fd60 00000034 T pi_pad_set_function	/home/chl/AI_deck/gap_sdk/rtos/pulp/pulp-os/drivers/pads/pads-v1.c:24
/home/chl/AI_deck/gap_sdk/nn_menu/starters/SSD_ResNet_AIdeckDetection/BUILD/GAP8_V2/GCC_RISCV/SSD_ResNet:1c01ea2c 00000034 T __rt_bridge_init	/home/chl/AI_deck/gap_sdk/rtos/pulp/pulp-os/kernel/bridge.c:851
/home/chl/AI_deck/gap_sdk/nn_menu/starters/SSD_ResNet_AIdeckDetection/BUILD/GAP8_V2/GCC_RISCV/SSD_ResNet:1c01e728 00000034 T __rt_fc_unlock	/home/chl/AI_deck/gap_sdk/rtos/pulp/pulp-os/kernel/utils.c:127
/home/chl/AI_deck/gap_sdk/nn_menu/starters/SSD_ResNet_AIdeckDetection/BUILD/GAP8_V2/GCC_RISCV/SSD_ResNet:1c0206f6 00000034 t __rt_i2s_resume	/home/chl/AI_deck/gap_sdk/rtos/pulp/pulp-os/drivers_deprecated/i2s/i2s-v1.c:186
/home/chl/AI_deck/gap_sdk/nn_menu/starters/SSD_ResNet_AIdeckDetection/BUILD/GAP8_V2/GCC_RISCV/SSD_ResNet:1c02098a 00000034 t __rt_putc_host_cluster_req	/home/chl/AI_deck/gap_sdk/rtos/pulp/pulp-os/libs/io/io.c:451
/home/chl/AI_deck/gap_sdk/nn_menu/starters/SSD_ResNet_AIdeckDetection/BUILD/GAP8_V2/GCC_RISCV/SSD_ResNet:1c021ddc 00000034 T rt_uart_cluster_write	/home/chl/AI_deck/gap_sdk/rtos/pulp/pulp-os/drivers_deprecated/uart/uart.c:277
/home/chl/AI_deck/gap_sdk/nn_menu/starters/SSD_ResNet_AIdeckDetection/BUILD/GAP8_V2/GCC_RISCV/SSD_ResNet:1c020c1c 00000036 T memcpy	/home/chl/AI_deck/gap_sdk/rtos/pulp/pulp-os/libs/io/io.c:159
/home/chl/AI_deck/gap_sdk/nn_menu/starters/SSD_ResNet_AIdeckDetection/BUILD/GAP8_V2/GCC_RISCV/SSD_ResNet:1c01e794 00000036 T __rt_fc_cluster_unlock	/home/chl/AI_deck/gap_sdk/rtos/pulp/pulp-os/kernel/utils.c:199
/home/chl/AI_deck/gap_sdk/nn_menu/starters/SSD_ResNet_AIdeckDetection/BUILD/GAP8_V2/GCC_RISCV/SSD_ResNet:1c01bfbc 00000038 t __pi_fs_free	/home/chl/AI_deck/gap_sdk/rtos/pmsis/pmsis_bsp/fs/read_fs/read_fs.c:122
/home/chl/AI_deck/gap_sdk/nn_menu/starters/SSD_ResNet_AIdeckDetection/BUILD/GAP8_V2/GCC_RISCV/SSD_ResNet:1c01e75c 00000038 T __rt_fc_cluster_lock	/home/chl/AI_deck/gap_sdk/rtos/pulp/pulp-os/kernel/utils.c:189
/home/chl/AI_deck/gap_sdk/nn_menu/starters/SSD_ResNet_AIdeckDetection/BUILD/GAP8_V2/GCC_RISCV/SSD_ResNet:1c01bcc6 0000003a T __pi_cl_fs_copy_req	/home/chl/AI_deck/gap_sdk/rtos/pmsis/pmsis_bsp/fs/fs.c:381
/home/chl/AI_deck/gap_sdk/nn_menu/starters/SSD_ResNet_AIdeckDetection/BUILD/GAP8_V2/GCC_RISCV/SSD_ResNet:1c01e2c2 0000003c t __bsp_init_pads
/home/chl/AI_deck/gap_sdk/nn_menu/starters/SSD_ResNet_AIdeckDetection/BUILD/GAP8_V2/GCC_RISCV/SSD_ResNet:1c01fab8 0000003c T __rt_cluster_new	/home/chl/AI_deck/gap_sdk/rtos/pulp/pulp-os/kernel/cluster.c:445
/home/chl/AI_deck/gap_sdk/nn_menu/starters/SSD_ResNet_AIdeckDetection/BUILD/GAP8_V2/GCC_RISCV/SSD_ResNet:1c01faf4 0000003c t __rt_cluster_pulpos_emu_init	/home/chl/AI_deck/gap_sdk/rtos/pulp/pulp-os/kernel/pulpos_emu.c:29
/home/chl/AI_deck/gap_sdk/nn_menu/starters/SSD_ResNet_AIdeckDetection/BUILD/GAP8_V2/GCC_RISCV/SSD_ResNet:1c020cca 0000003c T __rt_putc_uart	/home/chl/AI_deck/gap_sdk/rtos/pulp/pulp-os/libs/io/io.c:412
/home/chl/AI_deck/gap_sdk/nn_menu/starters/SSD_ResNet_AIdeckDetection/BUILD/GAP8_V2/GCC_RISCV/SSD_ResNet:1c021b72 0000003c T sprintf	/home/chl/AI_deck/gap_sdk/rtos/pulp/pulp-os/libs/io/sprintf.c:55
/home/chl/AI_deck/gap_sdk/nn_menu/starters/SSD_ResNet_AIdeckDetection/BUILD/GAP8_V2/GCC_RISCV/SSD_ResNet:1c01bed8 0000003e t __pi_read_fs_write	/home/chl/AI_deck/gap_sdk/rtos/pmsis/pmsis_bsp/fs/read_fs/read_fs.c:499
/home/chl/AI_deck/gap_sdk/nn_menu/starters/SSD_ResNet_AIdeckDetection/BUILD/GAP8_V2/GCC_RISCV/SSD_ResNet:1c01e666 0000003e T __rt_cbsys_add	/home/chl/AI_deck/gap_sdk/rtos/pulp/pulp-os/kernel/utils.c:57
/home/chl/AI_deck/gap_sdk/nn_menu/starters/SSD_ResNet_AIdeckDetection/BUILD/GAP8_V2/GCC_RISCV/SSD_ResNet:1c01f2be 0000003e T __rt_freq_init	/home/chl/AI_deck/gap_sdk/rtos/pulp/pulp-os/kernel/gap/freq.c:62
/home/chl/AI_deck/gap_sdk/nn_menu/starters/SSD_ResNet_AIdeckDetection/BUILD/GAP8_V2/GCC_RISCV/SSD_ResNet:1c01c768 00000040 t hyperflash_stall_task	/home/chl/AI_deck/gap_sdk/rtos/pmsis/pmsis_bsp/flash/hyperflash/hyperflash.c:488
/home/chl/AI_deck/gap_sdk/nn_menu/starters/SSD_ResNet_AIdeckDetection/BUILD/GAP8_V2/GCC_RISCV/SSD_ResNet:1c01be90 00000040 T pi_cl_fs_copy	/home/chl/AI_deck/gap_sdk/rtos/pmsis/pmsis_bsp/fs/fs.c:406
/home/chl/AI_deck/gap_sdk/nn_menu/starters/SSD_ResNet_AIdeckDetection/BUILD/GAP8_V2/GCC_RISCV/SSD_ResNet:1c01d2ec 00000042 T pi_cl_ram_copy	/home/chl/AI_deck/gap_sdk/rtos/pmsis/pmsis_bsp/ram/ram.c:54
/home/chl/AI_deck/gap_sdk/nn_menu/starters/SSD_ResNet_AIdeckDetection/BUILD/GAP8_V2/GCC_RISCV/SSD_ResNet:1c01bf26 00000042 t __pi_read_fs_direct_read_async	/home/chl/AI_deck/gap_sdk/rtos/pmsis/pmsis_bsp/fs/read_fs/read_fs.c:624
/home/chl/AI_deck/gap_sdk/nn_menu/starters/SSD_ResNet_AIdeckDetection/BUILD/GAP8_V2/GCC_RISCV/SSD_ResNet:1c01c51e 00000042 t __pi_read_fs_read_async	/home/chl/AI_deck/gap_sdk/rtos/pmsis/pmsis_bsp/fs/read_fs/read_fs.c:586
/home/chl/AI_deck/gap_sdk/nn_menu/starters/SSD_ResNet_AIdeckDetection/BUILD/GAP8_V2/GCC_RISCV/SSD_ResNet:1c01e972 00000042 T __rt_bridge_printf_flush
/home/chl/AI_deck/gap_sdk/nn_menu/starters/SSD_ResNet_AIdeckDetection/BUILD/GAP8_V2/GCC_RISCV/SSD_ResNet:1c02085e 00000042 t __rt_do_putc_host	/home/chl/AI_deck/gap_sdk/rtos/pulp/pulp-os/libs/io/io.c:430
/home/chl/AI_deck/gap_sdk/nn_menu/starters/SSD_ResNet_AIdeckDetection/BUILD/GAP8_V2/GCC_RISCV/SSD_ResNet:1c021c88 00000042 t __rt_uart_cluster_req	/home/chl/AI_deck/gap_sdk/rtos/pulp/pulp-os/drivers_deprecated/uart/uart.c:266
/home/chl/AI_deck/gap_sdk/nn_menu/starters/SSD_ResNet_AIdeckDetection/BUILD/GAP8_V2/GCC_RISCV/SSD_ResNet:1c021c1a 00000042 t __rt_uart_wait_tx_done.isra.6	/home/chl/AI_deck/gap_sdk/rtos/pulp/pulp-os/drivers_deprecated/uart/uart.c:222
/home/chl/AI_deck/gap_sdk/nn_menu/starters/SSD_ResNet_AIdeckDetection/BUILD/GAP8_V2/GCC_RISCV/SSD_ResNet:1c01127e 00000044 t __cl_dma_memcpy.constprop.13
/home/chl/AI_deck/gap_sdk/nn_menu/starters/SSD_ResNet_AIdeckDetection/BUILD/GAP8_V2/GCC_RISCV/SSD_ResNet:1c01cfd0 00000044 t hyperflash_erase_async	/home/chl/AI_deck/gap_sdk/rtos/pmsis/pmsis_bsp/flash/hyperflash/hyperflash.c:826
/home/chl/AI_deck/gap_sdk/nn_menu/starters/SSD_ResNet_AIdeckDetection/BUILD/GAP8_V2/GCC_RISCV/SSD_ResNet:1c01f62c 00000044 T InitFlls	/home/chl/AI_deck/gap_sdk/rtos/pulp/pulp-os/kernel/gap/pmu_driver.c:858
/home/chl/AI_deck/gap_sdk/nn_menu/starters/SSD_ResNet_AIdeckDetection/BUILD/GAP8_V2/GCC_RISCV/SSD_ResNet:1c021026 00000044 t _ldiv5	/home/chl/AI_deck/gap_sdk/rtos/pulp/pulp-os/libs/io/prf.c:143
/home/chl/AI_deck/gap_sdk/nn_menu/starters/SSD_ResNet_AIdeckDetection/BUILD/GAP8_V2/GCC_RISCV/SSD_ResNet:1c0200da 00000046 t __pi_hyper_copy_exec
/home/chl/AI_deck/gap_sdk/nn_menu/starters/SSD_ResNet_AIdeckDetection/BUILD/GAP8_V2/GCC_RISCV/SSD_ResNet:1c01e806 00000046 t __rt_bridge_wait
/home/chl/AI_deck/gap_sdk/nn_menu/starters/SSD_ResNet_AIdeckDetection/BUILD/GAP8_V2/GCC_RISCV/SSD_ResNet:1c023394 00000048 B AT_GraphPerf
/home/chl/AI_deck/gap_sdk/nn_menu/starters/SSD_ResNet_AIdeckDetection/BUILD/GAP8_V2/GCC_RISCV/SSD_ResNet:1c01c66c 00000048 t __pi_host_fs_copy_async	/home/chl/AI_deck/gap_sdk/rtos/pmsis/pmsis_bsp/fs/host_fs/host_fs.c:115
/home/chl/AI_deck/gap_sdk/nn_menu/starters/SSD_ResNet_AIdeckDetection/BUILD/GAP8_V2/GCC_RISCV/SSD_ResNet:1c01ec5e 00000048 T rt_user_alloc	/home/chl/AI_deck/gap_sdk/rtos/pulp/pulp-os/kernel/alloc.c:207
/home/chl/AI_deck/gap_sdk/nn_menu/starters/SSD_ResNet_AIdeckDetection/BUILD/GAP8_V2/GCC_RISCV/SSD_ResNet:1c01fd16 0000004a T pi_cluster_send_task_to_cl	/home/chl/AI_deck/gap_sdk/rtos/pulp/pulp-os/kernel/cluster_call.c:149
/home/chl/AI_deck/gap_sdk/nn_menu/starters/SSD_ResNet_AIdeckDetection/BUILD/GAP8_V2/GCC_RISCV/SSD_ResNet:1c01f274 0000004a T rt_freq_set_and_get	/home/chl/AI_deck/gap_sdk/rtos/pulp/pulp-os/kernel/gap/freq.c:30
/home/chl/AI_deck/gap_sdk/nn_menu/starters/SSD_ResNet_AIdeckDetection/BUILD/GAP8_V2/GCC_RISCV/SSD_ResNet:1c01e8c4 0000004c T __rt_bridge_check_connection
/home/chl/AI_deck/gap_sdk/nn_menu/starters/SSD_ResNet_AIdeckDetection/BUILD/GAP8_V2/GCC_RISCV/SSD_ResNet:1c01e4fa 0000004c T rt_irq_set_handler	/home/chl/AI_deck/gap_sdk/rtos/pulp/pulp-os/kernel/irq.c:61
/home/chl/AI_deck/gap_sdk/nn_menu/starters/SSD_ResNet_AIdeckDetection/BUILD/GAP8_V2/GCC_RISCV/SSD_ResNet:1c01eca6 0000004c T rt_user_free	/home/chl/AI_deck/gap_sdk/rtos/pulp/pulp-os/kernel/alloc.c:291
/home/chl/AI_deck/gap_sdk/nn_menu/starters/SSD_ResNet_AIdeckDetection/BUILD/GAP8_V2/GCC_RISCV/SSD_ResNet:1c01c24a 0000004e t __pi_read_fs_close
/home/chl/AI_deck/gap_sdk/nn_menu/starters/SSD_ResNet_AIdeckDetection/BUILD/GAP8_V2/GCC_RISCV/SSD_ResNet:1c021d8e 0000004e T rt_uart_close	/home/chl/AI_deck/gap_sdk/rtos/pulp/pulp-os/drivers_deprecated/uart/uart.c:228
/home/chl/AI_deck/gap_sdk/nn_menu/starters/SSD_ResNet_AIdeckDetection/BUILD/GAP8_V2/GCC_RISCV/SSD_ResNet:1c01e548 00000050 T __rt_handle_illegal_instr	/home/chl/AI_deck/gap_sdk/rtos/pulp/pulp-os/kernel/irq.c:94
/home/chl/AI_deck/gap_sdk/nn_menu/starters/SSD_ResNet_AIdeckDetection/BUILD/GAP8_V2/GCC_RISCV/SSD_ResNet:1c02080e 00000050 t __rt_io_uart_wait_req	/home/chl/AI_deck/gap_sdk/rtos/pulp/pulp-os/libs/io/io.c:315
/home/chl/AI_deck/gap_sdk/nn_menu/starters/SSD_ResNet_AIdeckDetection/BUILD/GAP8_V2/GCC_RISCV/SSD_ResNet:1c0201e8 00000052 t exec_pending_task	/home/chl/AI_deck/gap_sdk/rtos/pulp/pulp-os/drivers/hyper/hyperram-v1.c:867
/home/chl/AI_deck/gap_sdk/nn_menu/starters/SSD_ResNet_AIdeckDetection/BUILD/GAP8_V2/GCC_RISCV/SSD_ResNet:1c01d388 00000052 T extern_alloc_init	/home/chl/AI_deck/gap_sdk/rtos/pmsis/pmsis_bsp/ram/alloc_extern.c:104
/home/chl/AI_deck/gap_sdk/nn_menu/starters/SSD_ResNet_AIdeckDetection/BUILD/GAP8_V2/GCC_RISCV/SSD_ResNet:1c01d0bc 00000052 t hyperflash_check_program	/home/chl/AI_deck/gap_sdk/rtos/pmsis/pmsis_bsp/flash/hyperflash/hyperflash.c:672
/home/chl/AI_deck/gap_sdk/nn_menu/starters/SSD_ResNet_AIdeckDetection/BUILD/GAP8_V2/GCC_RISCV/SSD_ResNet:1c020780 00000052 T __rt_i2s_init	/home/chl/AI_deck/gap_sdk/rtos/pulp/pulp-os/drivers_deprecated/i2s/i2s-v1.c:268
/home/chl/AI_deck/gap_sdk/nn_menu/starters/SSD_ResNet_AIdeckDetection/BUILD/GAP8_V2/GCC_RISCV/SSD_ResNet:1c01e598 00000052 T __rt_irq_init	/home/chl/AI_deck/gap_sdk/rtos/pulp/pulp-os/kernel/irq.c:103
/home/chl/AI_deck/gap_sdk/nn_menu/starters/SSD_ResNet_AIdeckDetection/BUILD/GAP8_V2/GCC_RISCV/SSD_ResNet:1c022c08 00000054 d hyperflash_api	/home/chl/AI_deck/gap_sdk/rtos/pmsis/pmsis_bsp/flash/hyperflash/hyperflash.c:943
/home/chl/AI_deck/gap_sdk/nn_menu/starters/SSD_ResNet_AIdeckDetection/BUILD/GAP8_V2/GCC_RISCV/SSD_ResNet:1c01d068 00000054 t hyperflash_check_erase	/home/chl/AI_deck/gap_sdk/rtos/pmsis/pmsis_bsp/flash/hyperflash/hyperflash.c:708
/home/chl/AI_deck/gap_sdk/nn_menu/starters/SSD_ResNet_AIdeckDetection/BUILD/GAP8_V2/GCC_RISCV/SSD_ResNet:1c01be00 00000054 T __pi_cl_fs_copy_req_exec	/home/chl/AI_deck/gap_sdk/rtos/pmsis/pmsis_bsp/fs/fs.c:359
/home/chl/AI_deck/gap_sdk/nn_menu/starters/SSD_ResNet_AIdeckDetection/BUILD/GAP8_V2/GCC_RISCV/SSD_ResNet:1c001332 00000056 T __fixsfsi	/home/haugoug/src/riscv-gnu-toolchain/riscv-gcc/libgcc/soft-fp/fixsfsi.c:35
/home/chl/AI_deck/gap_sdk/nn_menu/starters/SSD_ResNet_AIdeckDetection/BUILD/GAP8_V2/GCC_RISCV/SSD_ResNet:1c01cb9a 00000056 t hyperflash_reg_set_async	/home/chl/AI_deck/gap_sdk/rtos/pmsis/pmsis_bsp/flash/hyperflash/hyperflash.c:311
/home/chl/AI_deck/gap_sdk/nn_menu/starters/SSD_ResNet_AIdeckDetection/BUILD/GAP8_V2/GCC_RISCV/SSD_ResNet:1c020120 00000056 t __pi_hyper_copy	/home/chl/AI_deck/gap_sdk/rtos/pulp/pulp-os/drivers/hyper/hyperram-v1.c:914
/home/chl/AI_deck/gap_sdk/nn_menu/starters/SSD_ResNet_AIdeckDetection/BUILD/GAP8_V2/GCC_RISCV/SSD_ResNet:1c01f1c0 00000056 T __rt_periph_wait_event	/home/chl/AI_deck/gap_sdk/rtos/pulp/pulp-os/kernel/periph-v2.c:237
/home/chl/AI_deck/gap_sdk/nn_menu/starters/SSD_ResNet_AIdeckDetection/BUILD/GAP8_V2/GCC_RISCV/SSD_ResNet:1c020082 00000058 T __pi_hyper_copy_aligned	/home/chl/AI_deck/gap_sdk/rtos/pulp/pulp-os/drivers/hyper/hyperram-v1.c:480
/home/chl/AI_deck/gap_sdk/nn_menu/starters/SSD_ResNet_AIdeckDetection/BUILD/GAP8_V2/GCC_RISCV/SSD_ResNet:1c02060e 00000058 T rt_extern_alloc_init	/home/chl/AI_deck/gap_sdk/rtos/pulp/pulp-os/kernel/alloc_extern.c:105
/home/chl/AI_deck/gap_sdk/nn_menu/starters/SSD_ResNet_AIdeckDetection/BUILD/GAP8_V2/GCC_RISCV/SSD_ResNet:1c01d32e 0000005a T pi_cl_ram_copy_2d	/home/chl/AI_deck/gap_sdk/rtos/pmsis/pmsis_bsp/ram/ram.c:71
/home/chl/AI_deck/gap_sdk/nn_menu/starters/SSD_ResNet_AIdeckDetection/BUILD/GAP8_V2/GCC_RISCV/SSD_ResNet:1c0208a0 0000005a t __rt_io_start	/home/chl/AI_deck/gap_sdk/rtos/pulp/pulp-os/libs/io/io.c:746
/home/chl/AI_deck/gap_sdk/nn_menu/starters/SSD_ResNet_AIdeckDetection/BUILD/GAP8_V2/GCC_RISCV/SSD_ResNet:1c00ddd6 0000005c T cnn_ssdCNN_Destruct
/home/chl/AI_deck/gap_sdk/nn_menu/starters/SSD_ResNet_AIdeckDetection/BUILD/GAP8_V2/GCC_RISCV/SSD_ResNet:1c01c6d4 0000005c t __pi_host_fs_open	/home/chl/AI_deck/gap_sdk/rtos/pmsis/pmsis_bsp/fs/host_fs/host_fs.c:44
/home/chl/AI_deck/gap_sdk/nn_menu/starters/SSD_ResNet_AIdeckDetection/BUILD/GAP8_V2/GCC_RISCV/SSD_ResNet:1c01fbc0 0000005c T rt_cluster_mount	/home/chl/AI_deck/gap_sdk/rtos/pulp/pulp-os/kernel/pulpos_emu.c:68
/home/chl/AI_deck/gap_sdk/nn_menu/starters/SSD_ResNet_AIdeckDetection/BUILD/GAP8_V2/GCC_RISCV/SSD_ResNet:1c021e10 0000005c T __rt_uart_init	/home/chl/AI_deck/gap_sdk/rtos/pulp/pulp-os/drivers_deprecated/uart/uart.c:292
/home/chl/AI_deck/gap_sdk/nn_menu/starters/SSD_ResNet_AIdeckDetection/BUILD/GAP8_V2/GCC_RISCV/SSD_ResNet:1c01d3e2 0000005e T extern_alloc	/home/chl/AI_deck/gap_sdk/rtos/pmsis/pmsis_bsp/ram/alloc_extern.c:135
/home/chl/AI_deck/gap_sdk/nn_menu/starters/SSD_ResNet_AIdeckDetection/BUILD/GAP8_V2/GCC_RISCV/SSD_ResNet:1c01cca2 0000005e t hyperflash_program_async	/home/chl/AI_deck/gap_sdk/rtos/pmsis/pmsis_bsp/flash/hyperflash/hyperflash.c:690
/home/chl/AI_deck/gap_sdk/nn_menu/starters/SSD_ResNet_AIdeckDetection/BUILD/GAP8_V2/GCC_RISCV/SSD_ResNet:1c01d4dc 0000005e T pi_partition_find_first	/home/chl/AI_deck/gap_sdk/rtos/pmsis/pmsis_bsp/partition/partition.c:65
/home/chl/AI_deck/gap_sdk/nn_menu/starters/SSD_ResNet_AIdeckDetection/BUILD/GAP8_V2/GCC_RISCV/SSD_ResNet:1c01f216 0000005e T __rt_periph_init	/home/chl/AI_deck/gap_sdk/rtos/pulp/pulp-os/kernel/periph-v2.c:276
/home/chl/AI_deck/gap_sdk/nn_menu/starters/SSD_ResNet_AIdeckDetection/BUILD/GAP8_V2/GCC_RISCV/SSD_ResNet:1c020c6c 0000005e T __rt_putc_debug_bridge	/home/chl/AI_deck/gap_sdk/rtos/pulp/pulp-os/libs/io/io.c:288
/home/chl/AI_deck/gap_sdk/nn_menu/starters/SSD_ResNet_AIdeckDetection/BUILD/GAP8_V2/GCC_RISCV/SSD_ResNet:1c01cb3a 00000060 t hyperflash_reg_get_async	/home/chl/AI_deck/gap_sdk/rtos/pmsis/pmsis_bsp/flash/hyperflash/hyperflash.c:325
/home/chl/AI_deck/gap_sdk/nn_menu/starters/SSD_ResNet_AIdeckDetection/BUILD/GAP8_V2/GCC_RISCV/SSD_ResNet:1c01f748 00000062 t __rt_init_cluster_data	/home/chl/AI_deck/gap_sdk/rtos/pulp/pulp-os/kernel/cluster.c:72
/home/chl/AI_deck/gap_sdk/nn_menu/starters/SSD_ResNet_AIdeckDetection/BUILD/GAP8_V2/GCC_RISCV/SSD_ResNet:1c01f7aa 00000064 t __rt_cluster_init	/home/chl/AI_deck/gap_sdk/rtos/pulp/pulp-os/kernel/cluster.c:382
/home/chl/AI_deck/gap_sdk/nn_menu/starters/SSD_ResNet_AIdeckDetection/BUILD/GAP8_V2/GCC_RISCV/SSD_ResNet:1c01eb76 00000064 T __rt_event_execute	/home/chl/AI_deck/gap_sdk/rtos/pulp/pulp-os/kernel/events.c:189
/home/chl/AI_deck/gap_sdk/nn_menu/starters/SSD_ResNet_AIdeckDetection/BUILD/GAP8_V2/GCC_RISCV/SSD_ResNet:1c0016b6 00000068 T writeDetImg_resnet
/home/chl/AI_deck/gap_sdk/nn_menu/starters/SSD_ResNet_AIdeckDetection/BUILD/GAP8_V2/GCC_RISCV/SSD_ResNet:1c01d6d6 0000006c T flash_partition_find_first	/home/chl/AI_deck/gap_sdk/rtos/pmsis/pmsis_bsp/partition/flash_partition.c:228
/home/chl/AI_deck/gap_sdk/nn_menu/starters/SSD_ResNet_AIdeckDetection/BUILD/GAP8_V2/GCC_RISCV/SSD_ResNet:1c001544 0000006c t RunRESNET
/home/chl/AI_deck/gap_sdk/nn_menu/starters/SSD_ResNet_AIdeckDetection/BUILD/GAP8_V2/GCC_RISCV/SSD_ResNet:1c00164a 0000006c T writeDetImg
/home/chl/AI_deck/gap_sdk/nn_menu/starters/SSD_ResNet_AIdeckDetection/BUILD/GAP8_V2/GCC_RISCV/SSD_ResNet:1c01d252 00000070 t __pi_ram_cluster_req
/home/chl/AI_deck/gap_sdk/nn_menu/starters/SSD_ResNet_AIdeckDetection/BUILD/GAP8_V2/GCC_RISCV/SSD_ResNet:1c01fa48 00000070 T __rt_cluster_push_fc_event	/home/chl/AI_deck/gap_sdk/rtos/pulp/pulp-os/kernel/cluster.c:413
/home/chl/AI_deck/gap_sdk/nn_menu/starters/SSD_ResNet_AIdeckDetection/BUILD/GAP8_V2/GCC_RISCV/SSD_ResNet:1c02091a 00000070 t __rt_io_lock
/home/chl/AI_deck/gap_sdk/nn_menu/starters/SSD_ResNet_AIdeckDetection/BUILD/GAP8_V2/GCC_RISCV/SSD_ResNet:1c0209be 00000070 t __rt_io_unlock
/home/chl/AI_deck/gap_sdk/nn_menu/starters/SSD_ResNet_AIdeckDetection/BUILD/GAP8_V2/GCC_RISCV/SSD_ResNet:1c01c334 00000072 t __pi_fs_read_cached	/home/chl/AI_deck/gap_sdk/rtos/pmsis/pmsis_bsp/fs/read_fs/read_fs.c:434
/home/chl/AI_deck/gap_sdk/nn_menu/starters/SSD_ResNet_AIdeckDetection/BUILD/GAP8_V2/GCC_RISCV/SSD_ResNet:1c01ed9e 00000072 T __rt_allocs_init	/home/chl/AI_deck/gap_sdk/rtos/pulp/pulp-os/kernel/alloc.c:465
/home/chl/AI_deck/gap_sdk/nn_menu/starters/SSD_ResNet_AIdeckDetection/BUILD/GAP8_V2/GCC_RISCV/SSD_ResNet:1c020ed6 00000072 T __rt_io_init	/home/chl/AI_deck/gap_sdk/rtos/pulp/pulp-os/libs/io/io.c:800
/home/chl/AI_deck/gap_sdk/nn_menu/starters/SSD_ResNet_AIdeckDetection/BUILD/GAP8_V2/GCC_RISCV/SSD_ResNet:1c01d53a 00000074 T flash_partition_table_verify	/home/chl/AI_deck/gap_sdk/rtos/pmsis/pmsis_bsp/partition/flash_partition.c:80
/home/chl/AI_deck/gap_sdk/nn_menu/starters/SSD_ResNet_AIdeckDetection/BUILD/GAP8_V2/GCC_RISCV/SSD_ResNet:1c020e56 00000076 T exit	/home/chl/AI_deck/gap_sdk/rtos/pulp/pulp-os/libs/io/io.c:690
/home/chl/AI_deck/gap_sdk/nn_menu/starters/SSD_ResNet_AIdeckDetection/BUILD/GAP8_V2/GCC_RISCV/SSD_ResNet:1c01c9be 00000076 t hyperflash_read_async	/home/chl/AI_deck/gap_sdk/rtos/pmsis/pmsis_bsp/flash/hyperflash/hyperflash.c:339
/home/chl/AI_deck/gap_sdk/nn_menu/starters/SSD_ResNet_AIdeckDetection/BUILD/GAP8_V2/GCC_RISCV/SSD_ResNet:1c01eaa0 00000076 T rt_event_alloc	/home/chl/AI_deck/gap_sdk/rtos/pulp/pulp-os/kernel/events.c:52
/home/chl/AI_deck/gap_sdk/nn_menu/starters/SSD_ResNet_AIdeckDetection/BUILD/GAP8_V2/GCC_RISCV/SSD_ResNet:1c01e84c 00000078 T __rt_bridge_handle_notif	/home/chl/AI_deck/gap_sdk/rtos/pulp/pulp-os/kernel/bridge.c:644
/home/chl/AI_deck/gap_sdk/nn_menu/starters/SSD_ResNet_AIdeckDetection/BUILD/GAP8_V2/GCC_RISCV/SSD_ResNet:1c01e9b4 00000078 T __rt_bridge_req_shutdown	/home/chl/AI_deck/gap_sdk/rtos/pulp/pulp-os/kernel/bridge.c:774
/home/chl/AI_deck/gap_sdk/nn_menu/starters/SSD_ResNet_AIdeckDetection/BUILD/GAP8_V2/GCC_RISCV/SSD_ResNet:1c01ee70 0000007a T rt_event_push_delayed	/home/chl/AI_deck/gap_sdk/rtos/pulp/pulp-os/kernel/time.c:59
/home/chl/AI_deck/gap_sdk/nn_menu/starters/SSD_ResNet_AIdeckDetection/BUILD/GAP8_V2/GCC_RISCV/SSD_ResNet:1c01b032 0000007c T resnetCNN_Destruct
/home/chl/AI_deck/gap_sdk/nn_menu/starters/SSD_ResNet_AIdeckDetection/BUILD/GAP8_V2/GCC_RISCV/SSD_ResNet:1c01e5ea 0000007c t __rt_fc_cluster_lock_req	/home/chl/AI_deck/gap_sdk/rtos/pulp/pulp-os/kernel/utils.c:142
/home/chl/AI_deck/gap_sdk/nn_menu/starters/SSD_ResNet_AIdeckDetection/BUILD/GAP8_V2/GCC_RISCV/SSD_ResNet:1c001a86 0000007e T drawBboxes
/home/chl/AI_deck/gap_sdk/nn_menu/starters/SSD_ResNet_AIdeckDetection/BUILD/GAP8_V2/GCC_RISCV/SSD_ResNet:1c023160 00000080 b __pi_hyper_temp_buffer	/home/chl/AI_deck/gap_sdk/rtos/pulp/pulp-os/drivers/hyper/hyperram-v1.c:160
/home/chl/AI_deck/gap_sdk/nn_menu/starters/SSD_ResNet_AIdeckDetection/BUILD/GAP8_V2/GCC_RISCV/SSD_ResNet:1c023278 00000080 b __rt_io_event	/home/chl/AI_deck/gap_sdk/rtos/pulp/pulp-os/libs/io/io.c:39
/home/chl/AI_deck/gap_sdk/nn_menu/starters/SSD_ResNet_AIdeckDetection/BUILD/GAP8_V2/GCC_RISCV/SSD_ResNet:1c022f54 00000080 d __rt_putc_host_buffer	/home/chl/AI_deck/gap_sdk/rtos/pulp/pulp-os/libs/io/io.c:47
/home/chl/AI_deck/gap_sdk/nn_menu/starters/SSD_ResNet_AIdeckDetection/BUILD/GAP8_V2/GCC_RISCV/SSD_ResNet:1c01c598 00000084 t __pi_host_fs_copy_2d_async	/home/chl/AI_deck/gap_sdk/rtos/pmsis/pmsis_bsp/fs/host_fs/host_fs.c:126
[...]
/home/chl/AI_deck/gap_sdk/nn_menu/starters/SSD_ResNet_AIdeckDetection/BUILD/GAP8_V2/GCC_RISCV/SSD_ResNet:1c002e50 000000d0 T KerDP_IO_fp
/home/chl/AI_deck/gap_sdk/nn_menu/starters/SSD_ResNet_AIdeckDetection/BUILD/GAP8_V2/GCC_RISCV/SSD_ResNet:1c002d7a 000000d6 T KerDP_fp
/home/chl/AI_deck/gap_sdk/nn_menu/starters/SSD_ResNet_AIdeckDetection/BUILD/GAP8_V2/GCC_RISCV/SSD_ResNet:1c01f93e 000000d8 T pi_cluster_open	/home/chl/AI_deck/gap_sdk/rtos/pulp/pulp-os/kernel/cluster.c:343
/home/chl/AI_deck/gap_sdk/nn_menu/starters/SSD_ResNet_AIdeckDetection/BUILD/GAP8_V2/GCC_RISCV/SSD_ResNet:1c002fee 000000da t KerConv2x3from3x3Stride2_V_DP_fp
/home/chl/AI_deck/gap_sdk/nn_menu/starters/SSD_ResNet_AIdeckDetection/BUILD/GAP8_V2/GCC_RISCV/SSD_ResNet:1c020a2e 000000da t __rt_io_uart_flush.constprop.11	/home/chl/AI_deck/gap_sdk/rtos/pulp/pulp-os/libs/io/io.c:795
/home/chl/AI_deck/gap_sdk/nn_menu/starters/SSD_ResNet_AIdeckDetection/BUILD/GAP8_V2/GCC_RISCV/SSD_ResNet:1c01f3de 000000e0 T SetFllFrequency
/home/chl/AI_deck/gap_sdk/nn_menu/starters/SSD_ResNet_AIdeckDetection/BUILD/GAP8_V2/GCC_RISCV/SSD_ResNet:1c01c3a6 000000e4 T __pi_fs_read	/home/chl/AI_deck/gap_sdk/rtos/pmsis/pmsis_bsp/fs/read_fs/read_fs.c:455
/home/chl/AI_deck/gap_sdk/nn_menu/starters/SSD_ResNet_AIdeckDetection/BUILD/GAP8_V2/GCC_RISCV/SSD_ResNet:1c006c38 000000f2 T KerParMatAdd_fp
/home/chl/AI_deck/gap_sdk/nn_menu/starters/SSD_ResNet_AIdeckDetection/BUILD/GAP8_V2/GCC_RISCV/SSD_ResNet:1c01ef9a 000000f2 T __rt_timer_handler	/home/chl/AI_deck/gap_sdk/rtos/pulp/pulp-os/kernel/time_irq.c:30
/home/chl/AI_deck/gap_sdk/nn_menu/starters/SSD_ResNet_AIdeckDetection/BUILD/GAP8_V2/GCC_RISCV/SSD_ResNet:1c01fc1c 000000fa T pi_cluster_send_task_to_cl_async	/home/chl/AI_deck/gap_sdk/rtos/pulp/pulp-os/kernel/cluster_call.c:65
/home/chl/AI_deck/gap_sdk/nn_menu/starters/SSD_ResNet_AIdeckDetection/BUILD/GAP8_V2/GCC_RISCV/SSD_ResNet:1c0030c8 000000fe t KerConv1x1Stride2_Body_DP_fp.isra.16
/home/chl/AI_deck/gap_sdk/nn_menu/starters/SSD_ResNet_AIdeckDetection/BUILD/GAP8_V2/GCC_RISCV/SSD_ResNet:1c022138 00000100 R __clz_tab
/home/chl/AI_deck/gap_sdk/nn_menu/starters/SSD_ResNet_AIdeckDetection/BUILD/GAP8_V2/GCC_RISCV/SSD_ResNet:1c01d5ae 00000104 T flash_partition_table_load	/home/chl/AI_deck/gap_sdk/rtos/pmsis/pmsis_bsp/partition/flash_partition.c:114
/home/chl/AI_deck/gap_sdk/nn_menu/starters/SSD_ResNet_AIdeckDetection/BUILD/GAP8_V2/GCC_RISCV/SSD_ResNet:1c01ca34 00000106 t hyperflash_handle_pending_task	/home/chl/AI_deck/gap_sdk/rtos/pmsis/pmsis_bsp/flash/hyperflash/hyperflash.c:365
/home/chl/AI_deck/gap_sdk/nn_menu/starters/SSD_ResNet_AIdeckDetection/BUILD/GAP8_V2/GCC_RISCV/SSD_ResNet:1c00354e 00000114 t KerConv3x3Stride2_Body_DP_fp.isra.63
/home/chl/AI_deck/gap_sdk/nn_menu/starters/SSD_ResNet_AIdeckDetection/BUILD/GAP8_V2/GCC_RISCV/SSD_ResNet:1c00342a 00000124 t KerConv3x3BorderStride1_DP_fp.isra.62
/home/chl/AI_deck/gap_sdk/nn_menu/starters/SSD_ResNet_AIdeckDetection/BUILD/GAP8_V2/GCC_RISCV/SSD_ResNet:1c002a1c 00000124 t KerReductIO_Compact_fp
/home/chl/AI_deck/gap_sdk/nn_menu/starters/SSD_ResNet_AIdeckDetection/BUILD/GAP8_V2/GCC_RISCV/SSD_ResNet:1c01bffa 00000126 t __pi_read_fs_open	/home/chl/AI_deck/gap_sdk/rtos/pmsis/pmsis_bsp/fs/read_fs/read_fs.c:295
/home/chl/AI_deck/gap_sdk/nn_menu/starters/SSD_ResNet_AIdeckDetection/BUILD/GAP8_V2/GCC_RISCV/SSD_ResNet:1c01c120 0000012a t __pi_fs_mount_step	/home/chl/AI_deck/gap_sdk/rtos/pmsis/pmsis_bsp/fs/read_fs/read_fs.c:140
/home/chl/AI_deck/gap_sdk/nn_menu/starters/SSD_ResNet_AIdeckDetection/BUILD/GAP8_V2/GCC_RISCV/SSD_ResNet:1c01f80e 0000012a t __rt_cluster_mount_step	/home/chl/AI_deck/gap_sdk/rtos/pulp/pulp-os/kernel/cluster.c:221
/home/chl/AI_deck/gap_sdk/nn_menu/starters/SSD_ResNet_AIdeckDetection/BUILD/GAP8_V2/GCC_RISCV/SSD_ResNet:1c0036ea 0000012e t KerConv3x3BorderStride2_DP_fp.isra.65
/home/chl/AI_deck/gap_sdk/nn_menu/starters/SSD_ResNet_AIdeckDetection/BUILD/GAP8_V2/GCC_RISCV/SSD_ResNet:1c01f08c 00000134 T rt_periph_copy	/home/chl/AI_deck/gap_sdk/rtos/pulp/pulp-os/kernel/periph-v2.c:58
/home/chl/AI_deck/gap_sdk/nn_menu/starters/SSD_ResNet_AIdeckDetection/BUILD/GAP8_V2/GCC_RISCV/SSD_ResNet:1c01e0e6 00000138 T MD5_Final	/home/chl/AI_deck/gap_sdk/rtos/pmsis/pmsis_bsp/crc/md5.c:258
/home/chl/AI_deck/gap_sdk/nn_menu/starters/SSD_ResNet_AIdeckDetection/BUILD/GAP8_V2/GCC_RISCV/SSD_ResNet:1c003260 00000144 t KerConv3x3Stride1_Body_DP_fp.isra.60
/home/chl/AI_deck/gap_sdk/nn_menu/starters/SSD_ResNet_AIdeckDetection/BUILD/GAP8_V2/GCC_RISCV/SSD_ResNet:1c01fe84 00000160 T pi_hyper_open	/home/chl/AI_deck/gap_sdk/rtos/pulp/pulp-os/drivers/hyper/hyperram-v1.c:261
/home/chl/AI_deck/gap_sdk/nn_menu/starters/SSD_ResNet_AIdeckDetection/BUILD/GAP8_V2/GCC_RISCV/SSD_ResNet:1c01e366 00000168 T __rt_init	/home/chl/AI_deck/gap_sdk/rtos/pulp/pulp-os/kernel/init.c:74
/home/chl/AI_deck/gap_sdk/nn_menu/starters/SSD_ResNet_AIdeckDetection/BUILD/GAP8_V2/GCC_RISCV/SSD_ResNet:1c002bf4 00000186 T KerParLinearLayerReLU_fp
/home/chl/AI_deck/gap_sdk/nn_menu/starters/SSD_ResNet_AIdeckDetection/BUILD/GAP8_V2/GCC_RISCV/SSD_ResNet:1c00463e 000001aa T KerParConv3x3Stride1_DP_fp
/home/chl/AI_deck/gap_sdk/nn_menu/starters/SSD_ResNet_AIdeckDetection/BUILD/GAP8_V2/GCC_RISCV/SSD_ResNet:1c01963c 000001b0 T S74_SoftMax
/home/chl/AI_deck/gap_sdk/nn_menu/starters/SSD_ResNet_AIdeckDetection/BUILD/GAP8_V2/GCC_RISCV/SSD_ResNet:1c006792 000001cc T KerParPool2x2Stride2_fp
/home/chl/AI_deck/gap_sdk/nn_menu/starters/SSD_ResNet_AIdeckDetection/BUILD/GAP8_V2/GCC_RISCV/SSD_ResNet:1c002848 000001d4 T DrawRectangle
/home/chl/AI_deck/gap_sdk/nn_menu/starters/SSD_ResNet_AIdeckDetection/BUILD/GAP8_V2/GCC_RISCV/SSD_ResNet:1c008dce 000001d8 T S13_MaxPool_2x2
/home/chl/AI_deck/gap_sdk/nn_menu/starters/SSD_ResNet_AIdeckDetection/BUILD/GAP8_V2/GCC_RISCV/SSD_ResNet:1c0047e8 000001de T KerParConv3x3Stride2_DP_fp
/home/chl/AI_deck/gap_sdk/nn_menu/starters/SSD_ResNet_AIdeckDetection/BUILD/GAP8_V2/GCC_RISCV/SSD_ResNet:1c00b426 000001e6 T S37_MaxPool_2x2
/home/chl/AI_deck/gap_sdk/nn_menu/starters/SSD_ResNet_AIdeckDetection/BUILD/GAP8_V2/GCC_RISCV/SSD_ResNet:1c002660 000001e8 T WriteImageToFile
/home/chl/AI_deck/gap_sdk/nn_menu/starters/SSD_ResNet_AIdeckDetection/BUILD/GAP8_V2/GCC_RISCV/SSD_ResNet:1c001146 000001ec T __mulsf3	/home/haugoug/src/riscv-gnu-toolchain/riscv-gcc/libgcc/soft-fp/mulsf3.c:35
/home/chl/AI_deck/gap_sdk/nn_menu/starters/SSD_ResNet_AIdeckDetection/BUILD/GAP8_V2/GCC_RISCV/SSD_ResNet:1c004450 000001ee T KerParConv1x1Stride2_DP_fp
/home/chl/AI_deck/gap_sdk/nn_menu/starters/SSD_ResNet_AIdeckDetection/BUILD/GAP8_V2/GCC_RISCV/SSD_ResNet:1c00a2fc 000001ee T S25_MaxPool_2x2
/home/chl/AI_deck/gap_sdk/nn_menu/starters/SSD_ResNet_AIdeckDetection/BUILD/GAP8_V2/GCC_RISCV/SSD_ResNet:1c0190a4 000001f0 T S70_AveragePool_2x2
/home/chl/AI_deck/gap_sdk/nn_menu/starters/SSD_ResNet_AIdeckDetection/BUILD/GAP8_V2/GCC_RISCV/SSD_ResNet:1c0049c6 000001f8 T KerParConv7x7StrideS_DP_fp
/home/chl/AI_deck/gap_sdk/nn_menu/starters/SSD_ResNet_AIdeckDetection/BUILD/GAP8_V2/GCC_RISCV/SSD_ResNet:1c000f48 000001fe T __divsf3	/home/haugoug/src/riscv-gnu-toolchain/riscv-gcc/libgcc/soft-fp/divsf3.c:35
/home/chl/AI_deck/gap_sdk/nn_menu/starters/SSD_ResNet_AIdeckDetection/BUILD/GAP8_V2/GCC_RISCV/SSD_ResNet:1c010466 00000256 T Predecoder2_2
/home/chl/AI_deck/gap_sdk/nn_menu/starters/SSD_ResNet_AIdeckDetection/BUILD/GAP8_V2/GCC_RISCV/SSD_ResNet:1c00fd28 0000025a T Predecoder5_4
/home/chl/AI_deck/gap_sdk/nn_menu/starters/SSD_ResNet_AIdeckDetection/BUILD/GAP8_V2/GCC_RISCV/SSD_ResNet:1c00f5d8 00000268 T Predecoder10_8
/home/chl/AI_deck/gap_sdk/nn_menu/starters/SSD_ResNet_AIdeckDetection/BUILD/GAP8_V2/GCC_RISCV/SSD_ResNet:1c0101f4 00000272 T SDD3Dto2D_2_2_24
/home/chl/AI_deck/gap_sdk/nn_menu/starters/SSD_ResNet_AIdeckDetection/BUILD/GAP8_V2/GCC_RISCV/SSD_ResNet:1c00ff82 00000272 T SDD3Dto2DSoftmax_2_2_18
/home/chl/AI_deck/gap_sdk/nn_menu/starters/SSD_ResNet_AIdeckDetection/BUILD/GAP8_V2/GCC_RISCV/SSD_ResNet:1c00fab4 00000274 T SDD3Dto2D_5_4_24
/home/chl/AI_deck/gap_sdk/nn_menu/starters/SSD_ResNet_AIdeckDetection/BUILD/GAP8_V2/GCC_RISCV/SSD_ResNet:1c00f840 00000274 T SDD3Dto2DSoftmax_5_4_18
/home/chl/AI_deck/gap_sdk/nn_menu/starters/SSD_ResNet_AIdeckDetection/BUILD/GAP8_V2/GCC_RISCV/SSD_ResNet:00000030 00000280 D periph_channels
/home/chl/AI_deck/gap_sdk/nn_menu/starters/SSD_ResNet_AIdeckDetection/BUILD/GAP8_V2/GCC_RISCV/SSD_ResNet:1c00f358 00000280 T SDD3Dto2D_10_8_24
/home/chl/AI_deck/gap_sdk/nn_menu/starters/SSD_ResNet_AIdeckDetection/BUILD/GAP8_V2/GCC_RISCV/SSD_ResNet:1c00f0d4 00000284 T SDD3Dto2DSoftmax_10_8_18
/home/chl/AI_deck/gap_sdk/nn_menu/starters/SSD_ResNet_AIdeckDetection/BUILD/GAP8_V2/GCC_RISCV/SSD_ResNet:1c014b42 00000290 T S28_MatAdd_16x20x20
/home/chl/AI_deck/gap_sdk/nn_menu/starters/SSD_ResNet_AIdeckDetection/BUILD/GAP8_V2/GCC_RISCV/SSD_ResNet:1c015862 00000290 T S35_MatAdd_16x20x20
/home/chl/AI_deck/gap_sdk/nn_menu/starters/SSD_ResNet_AIdeckDetection/BUILD/GAP8_V2/GCC_RISCV/SSD_ResNet:1c0170cc 00000292 T S52_MatAdd_32x10x10
/home/chl/AI_deck/gap_sdk/nn_menu/starters/SSD_ResNet_AIdeckDetection/BUILD/GAP8_V2/GCC_RISCV/SSD_ResNet:1c02023a 00000296 t __pi_hyper_copy_misaligned	/home/chl/AI_deck/gap_sdk/rtos/pulp/pulp-os/drivers/hyper/hyperram-v1.c:806
/home/chl/AI_deck/gap_sdk/nn_menu/starters/SSD_ResNet_AIdeckDetection/BUILD/GAP8_V2/GCC_RISCV/SSD_ResNet:1c016680 000002a2 T S45_MatAdd_32x10x10
/home/chl/AI_deck/gap_sdk/nn_menu/starters/SSD_ResNet_AIdeckDetection/BUILD/GAP8_V2/GCC_RISCV/SSD_ResNet:1c018142 000002a2 T S62_MatAdd_64x5x5
/home/chl/AI_deck/gap_sdk/nn_menu/starters/SSD_ResNet_AIdeckDetection/BUILD/GAP8_V2/GCC_RISCV/SSD_ResNet:1c018e02 000002a2 T S69_MatAdd_64x5x5
/home/chl/AI_deck/gap_sdk/nn_menu/starters/SSD_ResNet_AIdeckDetection/BUILD/GAP8_V2/GCC_RISCV/SSD_ResNet:1c006d2a 000002aa T KerParMatAddDynAdjust_fp
/home/chl/AI_deck/gap_sdk/nn_menu/starters/SSD_ResNet_AIdeckDetection/BUILD/GAP8_V2/GCC_RISCV/SSD_ResNet:1c0017cc 000002ba t RunSSD
/home/chl/AI_deck/gap_sdk/nn_menu/starters/SSD_ResNet_AIdeckDetection/BUILD/GAP8_V2/GCC_RISCV/SSD_ResNet:1c00695e 000002da T KerParPoolNxNStrideS_fp
/home/chl/AI_deck/gap_sdk/nn_menu/starters/SSD_ResNet_AIdeckDetection/BUILD/GAP8_V2/GCC_RISCV/SSD_ResNet:1c000c5e 000002ea T __addsf3	/home/haugoug/src/riscv-gnu-toolchain/riscv-gcc/libgcc/soft-fp/addsf3.c:35
/home/chl/AI_deck/gap_sdk/nn_menu/starters/SSD_ResNet_AIdeckDetection/BUILD/GAP8_V2/GCC_RISCV/SSD_ResNet:1c0064a8 000002ea t KerAvgPoolNxNStrideS_Body_fp.isra.7
/home/chl/AI_deck/gap_sdk/nn_menu/starters/SSD_ResNet_AIdeckDetection/BUILD/GAP8_V2/GCC_RISCV/SSD_ResNet:1c0061ac 000002fc t KerMaxPoolNxNStrideS_Body_fp.isra.5
/home/chl/AI_deck/gap_sdk/nn_menu/starters/SSD_ResNet_AIdeckDetection/BUILD/GAP8_V2/GCC_RISCV/SSD_ResNet:1c005ea8 00000304 t KerAvgPool2x2Stride2_fp
/home/chl/AI_deck/gap_sdk/nn_menu/starters/SSD_ResNet_AIdeckDetection/BUILD/GAP8_V2/GCC_RISCV/SSD_ResNet:1c003818 0000030a t KerConv7x7StrideS_Body_DP_fp.constprop.100
/home/chl/AI_deck/gap_sdk/nn_menu/starters/SSD_ResNet_AIdeckDetection/BUILD/GAP8_V2/GCC_RISCV/SSD_ResNet:1c0106bc 00000318 T KerSDD3Dto2DShort
/home/chl/AI_deck/gap_sdk/nn_menu/starters/SSD_ResNet_AIdeckDetection/BUILD/GAP8_V2/GCC_RISCV/SSD_ResNet:1c000930 0000032e T __umoddi3	/home/haugoug/src/riscv-gnu-toolchain/riscv-gcc/libgcc/libgcc2.c:1305
/home/chl/AI_deck/gap_sdk/nn_menu/starters/SSD_ResNet_AIdeckDetection/BUILD/GAP8_V2/GCC_RISCV/SSD_ResNet:1c0005f4 0000033c T __udivdi3	/home/haugoug/src/riscv-gnu-toolchain/riscv-gcc/libgcc/libgcc2.c:1317
/home/chl/AI_deck/gap_sdk/nn_menu/starters/SSD_ResNet_AIdeckDetection/BUILD/GAP8_V2/GCC_RISCV/SSD_ResNet:1c005b5e 0000034a t KerMaxPool2x2Stride2_fp
/home/chl/AI_deck/gap_sdk/nn_menu/starters/SSD_ResNet_AIdeckDetection/BUILD/GAP8_V2/GCC_RISCV/SSD_ResNet:1c006fd4 00000354 T KerParSoftMax_fp
/home/chl/AI_deck/gap_sdk/nn_menu/starters/SSD_ResNet_AIdeckDetection/BUILD/GAP8_V2/GCC_RISCV/SSD_ResNet:1c019294 000003a8 T S73_Linear_7x64x2x2
/home/chl/AI_deck/gap_sdk/nn_menu/starters/SSD_ResNet_AIdeckDetection/BUILD/GAP8_V2/GCC_RISCV/SSD_ResNet:1c0162ae 000003d2 T S44_Conv2d_32x32x3x3_Relu
/home/chl/AI_deck/gap_sdk/nn_menu/starters/SSD_ResNet_AIdeckDetection/BUILD/GAP8_V2/GCC_RISCV/SSD_ResNet:1c016922 000003d4 T S48_Conv2d_32x32x3x3_Relu
/home/chl/AI_deck/gap_sdk/nn_menu/starters/SSD_ResNet_AIdeckDetection/BUILD/GAP8_V2/GCC_RISCV/SSD_ResNet:1c016cf6 000003d6 T S51_Conv2d_32x32x3x3
/home/chl/AI_deck/gap_sdk/nn_menu/starters/SSD_ResNet_AIdeckDetection/BUILD/GAP8_V2/GCC_RISCV/SSD_ResNet:1c01785e 000003d6 T S58_Conv2d_64x32x1x1
/home/chl/AI_deck/gap_sdk/nn_menu/starters/SSD_ResNet_AIdeckDetection/BUILD/GAP8_V2/GCC_RISCV/SSD_ResNet:1c015ed2 000003dc T S41_Conv2d_32x16x1x1
/home/chl/AI_deck/gap_sdk/nn_menu/starters/SSD_ResNet_AIdeckDetection/BUILD/GAP8_V2/GCC_RISCV/SSD_ResNet:1c015af2 000003e0 T S38_Conv2d_32x16x3x3_Relu
/home/chl/AI_deck/gap_sdk/nn_menu/starters/SSD_ResNet_AIdeckDetection/BUILD/GAP8_V2/GCC_RISCV/SSD_ResNet:1c00ecbe 00000416 T Predecoder20_16
/home/chl/AI_deck/gap_sdk/nn_menu/starters/SSD_ResNet_AIdeckDetection/BUILD/GAP8_V2/GCC_RISCV/SSD_ResNet:1c002246 0000041a T ReadImageFromFile
/home/chl/AI_deck/gap_sdk/nn_menu/starters/SSD_ResNet_AIdeckDetection/BUILD/GAP8_V2/GCC_RISCV/SSD_ResNet:1c00a4ea 00000442 T S28_Conv2d_18x64x3x3
/home/chl/AI_deck/gap_sdk/nn_menu/starters/SSD_ResNet_AIdeckDetection/BUILD/GAP8_V2/GCC_RISCV/SSD_ResNet:1c01360a 00000452 T S18_MatAdd_8x39x39
/home/chl/AI_deck/gap_sdk/nn_menu/starters/SSD_ResNet_AIdeckDetection/BUILD/GAP8_V2/GCC_RISCV/SSD_ResNet:1c01255a 00000462 T S11_MatAdd_8x39x39
/home/chl/AI_deck/gap_sdk/nn_menu/starters/SSD_ResNet_AIdeckDetection/BUILD/GAP8_V2/GCC_RISCV/SSD_ResNet:1c00e838 00000486 T SDD3Dto2D_20_16_24
/home/chl/AI_deck/gap_sdk/nn_menu/starters/SSD_ResNet_AIdeckDetection/BUILD/GAP8_V2/GCC_RISCV/SSD_ResNet:1c00e3a8 00000490 T SDD3Dto2DSoftmax_20_16_18
/home/chl/AI_deck/gap_sdk/nn_menu/starters/SSD_ResNet_AIdeckDetection/BUILD/GAP8_V2/GCC_RISCV/SSD_ResNet:1c00cada 000004dc T S51_Conv2d_18x128x3x3
/home/chl/AI_deck/gap_sdk/nn_menu/starters/SSD_ResNet_AIdeckDetection/BUILD/GAP8_V2/GCC_RISCV/SSD_ResNet:1c00af26 00000500 T S36_Conv2d_128x64x3x3_Relu
/home/chl/AI_deck/gap_sdk/nn_menu/starters/SSD_ResNet_AIdeckDetection/BUILD/GAP8_V2/GCC_RISCV/SSD_ResNet:1c01735e 00000500 T S55_Conv2d_64x32x3x3_Relu
/home/chl/AI_deck/gap_sdk/nn_menu/starters/SSD_ResNet_AIdeckDetection/BUILD/GAP8_V2/GCC_RISCV/SSD_ResNet:1c017c34 0000050e T S61_Conv2d_64x64x3x3_Relu
/home/chl/AI_deck/gap_sdk/nn_menu/starters/SSD_ResNet_AIdeckDetection/BUILD/GAP8_V2/GCC_RISCV/SSD_ResNet:1c0183e4 0000050e T S65_Conv2d_64x64x3x3_Relu
/home/chl/AI_deck/gap_sdk/nn_menu/starters/SSD_ResNet_AIdeckDetection/BUILD/GAP8_V2/GCC_RISCV/SSD_ResNet:1c009dec 00000510 T S24_Conv2d_64x32x3x3_Relu
/home/chl/AI_deck/gap_sdk/nn_menu/starters/SSD_ResNet_AIdeckDetection/BUILD/GAP8_V2/GCC_RISCV/SSD_ResNet:1c0188f2 00000510 T S68_Conv2d_64x64x3x3
/home/chl/AI_deck/gap_sdk/nn_menu/starters/SSD_ResNet_AIdeckDetection/BUILD/GAP8_V2/GCC_RISCV/SSD_ResNet:1c0145fc 00000546 T S27_Conv2d_16x16x3x3_Relu
/home/chl/AI_deck/gap_sdk/nn_menu/starters/SSD_ResNet_AIdeckDetection/BUILD/GAP8_V2/GCC_RISCV/SSD_ResNet:1c014dd2 00000548 T S31_Conv2d_16x16x3x3_Relu
/home/chl/AI_deck/gap_sdk/nn_menu/starters/SSD_ResNet_AIdeckDetection/BUILD/GAP8_V2/GCC_RISCV/SSD_ResNet:1c01531a 00000548 T S34_Conv2d_16x16x3x3
/home/chl/AI_deck/gap_sdk/nn_menu/starters/SSD_ResNet_AIdeckDetection/BUILD/GAP8_V2/GCC_RISCV/SSD_ResNet:1c00de32 00000576 T cnn_ssdCNN
/home/chl/AI_deck/gap_sdk/nn_menu/starters/SSD_ResNet_AIdeckDetection/BUILD/GAP8_V2/GCC_RISCV/SSD_ResNet:1c014038 000005c4 T S24_Conv2d_16x8x1x1
/home/chl/AI_deck/gap_sdk/nn_menu/starters/SSD_ResNet_AIdeckDetection/BUILD/GAP8_V2/GCC_RISCV/SSD_ResNet:1c013a5c 000005dc T S21_Conv2d_16x8x3x3_Relu
/home/chl/AI_deck/gap_sdk/nn_menu/starters/SSD_ResNet_AIdeckDetection/BUILD/GAP8_V2/GCC_RISCV/SSD_ResNet:1c00beec 000005f0 T S44_Conv2d_24x128x3x3
/home/chl/AI_deck/gap_sdk/nn_menu/starters/SSD_ResNet_AIdeckDetection/BUILD/GAP8_V2/GCC_RISCV/SSD_ResNet:1c00a92c 000005fa T S32_Conv2d_24x64x3x3
/home/chl/AI_deck/gap_sdk/nn_menu/starters/SSD_ResNet_AIdeckDetection/BUILD/GAP8_V2/GCC_RISCV/SSD_ResNet:1c00c4dc 000005fe T S48_Conv2d_128x128x3x3_Relu
/home/chl/AI_deck/gap_sdk/nn_menu/starters/SSD_ResNet_AIdeckDetection/BUILD/GAP8_V2/GCC_RISCV/SSD_ResNet:1c0109d4 00000610 T KerPredecoderShort
/home/chl/AI_deck/gap_sdk/nn_menu/starters/SSD_ResNet_AIdeckDetection/BUILD/GAP8_V2/GCC_RISCV/SSD_ResNet:1c0129bc 00000626 T S14_Conv2d_8x8x3x3_Relu
/home/chl/AI_deck/gap_sdk/nn_menu/starters/SSD_ResNet_AIdeckDetection/BUILD/GAP8_V2/GCC_RISCV/SSD_ResNet:1c01190c 00000626 T S7_Conv2d_8x8x3x3_Relu
/home/chl/AI_deck/gap_sdk/nn_menu/starters/SSD_ResNet_AIdeckDetection/BUILD/GAP8_V2/GCC_RISCV/SSD_ResNet:1c011f32 00000628 T S10_Conv2d_8x8x3x3
/home/chl/AI_deck/gap_sdk/nn_menu/starters/SSD_ResNet_AIdeckDetection/BUILD/GAP8_V2/GCC_RISCV/SSD_ResNet:1c012fe2 00000628 T S17_Conv2d_8x8x3x3
/home/chl/AI_deck/gap_sdk/nn_menu/starters/SSD_ResNet_AIdeckDetection/BUILD/GAP8_V2/GCC_RISCV/SSD_ResNet:1c0112c2 0000064a T S4_Conv2d_8x1x7x7_MaxPool_3x3_Relu
/home/chl/AI_deck/gap_sdk/nn_menu/starters/SSD_ResNet_AIdeckDetection/BUILD/GAP8_V2/GCC_RISCV/SSD_ResNet:1c007328 00000672 T S3_Conv2d_8x1x3x3_MaxPool_2x2_Relu
/home/chl/AI_deck/gap_sdk/nn_menu/starters/SSD_ResNet_AIdeckDetection/BUILD/GAP8_V2/GCC_RISCV/SSD_ResNet:1c00874e 00000680 T S12_Conv2d_32x16x3x3_Relu
/home/chl/AI_deck/gap_sdk/nn_menu/starters/SSD_ResNet_AIdeckDetection/BUILD/GAP8_V2/GCC_RISCV/SSD_ResNet:1c00cfb6 0000068a T S55_Conv2d_24x128x3x3
/home/chl/AI_deck/gap_sdk/nn_menu/starters/SSD_ResNet_AIdeckDetection/BUILD/GAP8_V2/GCC_RISCV/SSD_ResNet:1c00807c 000006d2 T S9_Conv2d_16x16x3x3_MaxPool_2x2_Relu
/home/chl/AI_deck/gap_sdk/nn_menu/starters/SSD_ResNet_AIdeckDetection/BUILD/GAP8_V2/GCC_RISCV/SSD_ResNet:1c00799a 000006e2 T S6_Conv2d_16x8x3x3_MaxPool_2x2_Relu
/home/chl/AI_deck/gap_sdk/nn_menu/starters/SSD_ResNet_AIdeckDetection/BUILD/GAP8_V2/GCC_RISCV/SSD_ResNet:1c0096e6 00000706 T S20_Conv2d_24x32x3x3
/home/chl/AI_deck/gap_sdk/nn_menu/starters/SSD_ResNet_AIdeckDetection/BUILD/GAP8_V2/GCC_RISCV/SSD_ResNet:1c001b04 0000073a T start
/home/chl/AI_deck/gap_sdk/nn_menu/starters/SSD_ResNet_AIdeckDetection/BUILD/GAP8_V2/GCC_RISCV/SSD_ResNet:1c008fa6 00000740 T S16_Conv2d_18x32x3x3
/home/chl/AI_deck/gap_sdk/nn_menu/starters/SSD_ResNet_AIdeckDetection/BUILD/GAP8_V2/GCC_RISCV/SSD_ResNet:1c00d640 00000796 T cnn_ssdCNN_Construct
/home/chl/AI_deck/gap_sdk/nn_menu/starters/SSD_ResNet_AIdeckDetection/BUILD/GAP8_V2/GCC_RISCV/SSD_ResNet:1c005392 000007cc t KerAvgPoolNxNStrideS_Border_fp
/home/chl/AI_deck/gap_sdk/nn_menu/starters/SSD_ResNet_AIdeckDetection/BUILD/GAP8_V2/GCC_RISCV/SSD_ResNet:1c004bbe 000007d4 t KerMaxPoolNxNStrideS_Border_fp
/home/chl/AI_deck/gap_sdk/nn_menu/starters/SSD_ResNet_AIdeckDetection/BUILD/GAP8_V2/GCC_RISCV/SSD_ResNet:1b000398 00000800 D __rt_fc_stack
/home/chl/AI_deck/gap_sdk/nn_menu/starters/SSD_ResNet_AIdeckDetection/BUILD/GAP8_V2/GCC_RISCV/SSD_ResNet:1c01d742 000008d6 t body	/home/chl/AI_deck/gap_sdk/rtos/pmsis/pmsis_bsp/crc/md5.c:100
/home/chl/AI_deck/gap_sdk/nn_menu/starters/SSD_ResNet_AIdeckDetection/BUILD/GAP8_V2/GCC_RISCV/SSD_ResNet:1c00b60c 000008e0 T S40_Conv2d_18x128x3x3
/home/chl/AI_deck/gap_sdk/nn_menu/starters/SSD_ResNet_AIdeckDetection/BUILD/GAP8_V2/GCC_RISCV/SSD_ResNet:1c003b22 0000092e t KerConvNxNStrideS_Border_DP_fp.constprop.102
/home/chl/AI_deck/gap_sdk/nn_menu/starters/SSD_ResNet_AIdeckDetection/BUILD/GAP8_V2/GCC_RISCV/SSD_ResNet:1c02109e 00000ab6 T _prf	/home/chl/AI_deck/gap_sdk/rtos/pulp/pulp-os/libs/io/prf.c:437
/home/chl/AI_deck/gap_sdk/nn_menu/starters/SSD_ResNet_AIdeckDetection/BUILD/GAP8_V2/GCC_RISCV/SSD_ResNet:1c01b0ae 00000be6 T resnetCNN
/home/chl/AI_deck/gap_sdk/nn_menu/starters/SSD_ResNet_AIdeckDetection/BUILD/GAP8_V2/GCC_RISCV/SSD_ResNet:1c0197ec 00001846 T resnetCNN_Construct
