###############################################################################
#
# IAR ELF Linker V8.32.3.193/W32 for ARM                  15/Mar/2021  13:59:04
# Copyright 2007-2019 IAR Systems AB.
#
#    Output file  =  
#        G:\CC1350_ws\adcbufcontinuous\Debug\Exe\adcbufcontinuous.out
#    Map file     =  
#        G:\CC1350_ws\adcbufcontinuous\Debug\List\adcbufcontinuous.map
#    Command line =  
#        -f C:\Users\70453\AppData\Local\Temp\EW4AB0.tmp
#        (G:\CC1350_ws\adcbufcontinuous\Debug\Obj\adcBufContinuousSampling.o
#        G:\CC1350_ws\adcbufcontinuous\Debug\Obj\CC1350_LAUNCHXL_433.o
#        G:\CC1350_ws\adcbufcontinuous\Debug\Obj\CC1350_LAUNCHXL_433_fxns.o
#        G:\CC1350_ws\adcbufcontinuous\Debug\Obj\ccfg.o
#        G:\CC1350_ws\adcbufcontinuous\Debug\Obj\main_nortos.o
#        --no_out_extension -o
#        G:\CC1350_ws\adcbufcontinuous\Debug\Exe\adcbufcontinuous.out --map
#        G:\CC1350_ws\adcbufcontinuous\Debug\List\adcbufcontinuous.map --config
#        c:/ti/simplelink_cc13x0_sdk_3_20_00_23/examples/nortos/CC1350_LAUNCHXL_433/drivers/adcbufcontinuous/iar/CC1350_LAUNCHXL_433_NoRTOS.icf
#        c:/ti/simplelink_cc13x0_sdk_3_20_00_23/source/ti/display/lib/display.arm3
#        c:/ti/simplelink_cc13x0_sdk_3_20_00_23/source/ti/grlib/lib/iar/m3/grlib.a
#        c:/ti/simplelink_cc13x0_sdk_3_20_00_23/source/third_party/spiffs/lib/iar/m3/spiffs_cc26xx.a
#        c:/ti/simplelink_cc13x0_sdk_3_20_00_23/source/ti/drivers/rf/lib/rf_multiMode_cc13x0.arm3
#        c:/ti/simplelink_cc13x0_sdk_3_20_00_23/source/ti/drivers/lib/drivers_cc13x0.arm3
#        c:/ti/simplelink_cc13x0_sdk_3_20_00_23/kernel/nortos/lib/nortos_cc13x0.arm3
#        c:/ti/simplelink_cc13x0_sdk_3_20_00_23/source/ti/devices/cc13x0/driverlib/bin/iar/driverlib.lib
#        --silent --cpu=Cortex-M3 --semihosting --entry __iar_program_start
#        --vfe --text_out locale)
#
###############################################################################

*******************************************************************************
*** RUNTIME MODEL ATTRIBUTES
***

CppFlavor       = *
__Heap_Handler  = DLMalloc
__SystemLibrary = DLib
__dlib_version  = 6


*******************************************************************************
*** HEAP SELECTION
***

The advanced heap was selected because the application calls memory
allocation functions outside of system library functions, and there
are calls to deallocation functions in the application.


*******************************************************************************
*** RESERVED RANGES
***

Ranges reserved by absolute symbols:

         From           To  Size
         ----           --  ----
  0x2000'0470  0x2000'047f  0x10
  0x2000'0490  0x2000'049f  0x10
  0x2000'0670  0x2000'067f  0x10
  0x2000'0690  0x2000'069f  0x10


*******************************************************************************
*** PLACEMENT SUMMARY
***

"A0":  place at 0x0 { ro section .intvec };
"A1":  place at end of [from 0x0 to 0x1'ffff] { ro section .ccfg };
"P1":  place in [from 0x0 to 0x1'ffff] { ro };
"P2":  place in [from 0x2000'0000 to 0x2000'4fff] { rw };
define block HEAP with size = 256, alignment = 8 { };
"P3":  place in [from 0x2000'0000 to 0x2000'4fff] { block HEAP };
define block CSTACK with size = 1K, alignment = 8 { section .stack };
"A2":  place at end of [from 0x2000'0000 to 0x2000'4fff] { block CSTACK };
do not initialize { section .stack, section .noinit };
initialize by copy { rw };
keep { section .intvec };
keep { section .ccfg };

  Section            Kind         Address    Size  Object
  -------            ----         -------    ----  ------
"A0":                                        0xc8
  .intvec            const            0x0    0xc8  startup_cc13xx_cc26xx_iar.orm3 [7]
                                   - 0xc8    0xc8

"P1":                                      0x4b55
  .text              ro code         0xc8   0xa68  UARTCC26XX.orm3 [5]
  .text              ro code        0xb30   0x100  HwiPCC26XX_nortos.orm3 [7]
  .text              ro code        0xc30   0x760  PowerCC26XX.orm3 [5]
  .text              ro code       0x1390   0x13c  SemaphoreP_nortos.orm3 [7]
  .text              ro code       0x14cc    0x88  RingBuf.orm3 [5]
  .text              ro code       0x1554   0x34e  ClockPTimer_nortos.orm3 [7]
  .text              ro code       0x18a2    0x3a  zero_init3.o [8]
  .text              ro code       0x18dc   0x250  SwiP_nortos.orm3 [7]
  .text              ro code       0x1b2c   0x4e8  PINCC26XX.orm3 [5]
  .text              ro code       0x2014    0x18  cpu.o [4]
  .text              ro code       0x202c    0x40  interrupt.o [4]
  .text              ro code       0x206c   0x170  osc.o [4]
  .text              ro code       0x21dc    0x4c  List.orm3 [5]
  .text              ro code       0x2228   0x118  PowerCC26XX_nortos.orm3 [7]
  .text              ro code       0x2340    0x10  vims.o [4]
  .text              ro code       0x2350   0x2c4  sys_ctrl.o [4]
  .text              ro code       0x2614   0x4ac  PowerCC26XX_calibrateRCOSC.orm3 [5]
  .text              ro code       0x2ac0    0x6a  QueueP_nortos.orm3 [7]
  .text              ro code       0x2b2a    0x1a  xsnprout.o [3]
  .text              ro code       0x2b44   0x258  TimerPCC26XX_nortos.orm3 [7]
  .text              ro code       0x2d9c   0x106  I64DivMod_small.o [8]
  .rodata            const         0x2ea2     0x1  CC1350_LAUNCHXL_433.o [1]
  .rodata            const         0x2ea3     0x1  CC1350_LAUNCHXL_433.o [1]
  .text              ro code       0x2ea4    0x76  ABImemcpy_unaligned.o [8]
  .text              ro code       0x2f1c    0xae  chipinfo.o [4]
  .text              ro code       0x2fcc    0x58  adi.o [4]
  .text              ro code       0x3024    0x2c  aon_rtc.o [4]
  .text              ro code       0x3050    0x28  aon_batmon.o [4]
  .text              ro code       0x3078     0x2  I64DivZer.o [8]
  .text              ro code       0x307c   0x5f6  ADCBufCC26XX.orm3 [5]
  .text              ro code       0x3674   0x2e0  GPTimerCC26XX.orm3 [5]
  .text              ro code       0x3954    0xb8  UDMACC26XX.orm3 [5]
  .text              ro code       0x3a0c   0x1d2  aux_adc.o [4]
  .text              ro code       0x3be0    0xc0  ADCBuf.orm3 [5]
  .text              ro code       0x3ca0   0x51c  setup_rom.o [4]
  .text              ro code       0x41bc    0x52  ddi.o [4]
  .text              ro code       0x4210   0x1a0  adcBufContinuousSampling.o [1]
  .text              ro code       0x43b0    0x44  snprintf.o [3]
  .text              ro code       0x43f4    0x86  UART.orm3 [5]
  .text              ro code       0x447a     0x4  posix_sleep.orm3 [7]
  .text              ro code       0x447e   0x13e  xprintftiny.o [3]
  .text              ro code       0x45bc    0x36  strlen.o [8]
  .text              ro code       0x45f4   0x154  setup.o [4]
  .text              ro code       0x4748    0xf4  CC1350_LAUNCHXL_433_fxns.o [1]
  .rodata            const         0x483c    0x60  CC1350_LAUNCHXL_433.o [1]
  .rodata            const         0x489c    0x60  CC1350_LAUNCHXL_433.o [1]
  .rodata            const         0x48fc    0x4c  PowerCC26XX.orm3 [5]
  .text              ro code       0x4948    0x38  packbits_init_single.o [8]
  .rodata            const         0x4980    0x34  CC1350_LAUNCHXL_433.o [1]
  .rodata            const         0x49b4    0x28  CC1350_LAUNCHXL_433.o [1]
  .rodata            const         0x49dc    0x28  UARTCC26XX.orm3 [5]
  .text              ro code       0x4a04    0x28  data_init.o [8]
  .rodata            const         0x4a2c    0x24  UART.orm3 [5]
  .rodata            const         0x4a50    0x24  ADCBufCC26XX.orm3 [5]
  .text              ro code       0x4a74    0x24  CC1350_LAUNCHXL_433.o [1]
  .iar.init_table    const         0x4a98    0x20  - Linker created -
  .text              ro code       0x4ab8    0x1e  cmain.o [8]
  .text              ro code       0x4ad6    0x14  startup_cc13xx_cc26xx_iar.orm3 [7]
  .text              ro code       0x4aea    0x12  main_nortos.o [1]
  .text              ro code       0x4afc     0x4  exit.o [3]
  .text              ro code       0x4b00     0x4  NoRTOS.orm3 [7]
  .text              ro code       0x4b04     0xa  cexit.o [8]
  .text              ro code       0x4b10    0x14  exit.o [9]
  .rodata            const         0x4b24    0x18  adcBufContinuousSampling.o [1]
  .rodata            const         0x4b3c    0x18  CC1350_LAUNCHXL_433.o [1]
  .rodata            const         0x4b54    0x18  CC1350_LAUNCHXL_433.o [1]
  .rodata            const         0x4b6c    0x14  CC1350_LAUNCHXL_433_fxns.o [1]
  .rodata            const         0x4b80    0x10  adcBufContinuousSampling.o [1]
  .rodata            const         0x4b90    0x10  adcBufContinuousSampling.o [1]
  .rodata            const         0x4ba0     0xc  CC1350_LAUNCHXL_433.o [1]
  .rodata            const         0x4bac     0xc  CC1350_LAUNCHXL_433.o [1]
  .rodata            const         0x4bb8     0xc  CC1350_LAUNCHXL_433.o [1]
  .text              ro code       0x4bc4     0xc  cstartup_M.o [8]
  .rodata            const         0x4bd0     0x8  CC1350_LAUNCHXL_433.o [1]
  .rodata            const         0x4bd8     0x8  CC1350_LAUNCHXL_433.o [1]
  .rodata            const         0x4be0     0x8  CC1350_LAUNCHXL_433.o [1]
  .rodata            const         0x4be8     0x8  CC1350_LAUNCHXL_433_fxns.o [1]
  .rodata            const         0x4bf0     0x0  zero_init3.o [8]
  .rodata            const         0x4bf0     0x0  packbits_init_single.o [8]
  Initializer bytes  const         0x4bf0    0x2c  <for P2-P3-1>
                                 - 0x4c1c  0x4b54

"A1":                                        0x58
  .ccfg              const       0x1'ffa8    0x58  ccfg.o [1]
                               - 0x2'0000    0x58

"P2-P3", part 1 of 2:                       0x169
  P2-P3-1                     0x2000'06a0   0x169  <Init block>
    .data            inited   0x2000'06a0   0x114  PowerCC26XX.orm3 [5]
    .data            inited   0x2000'07b4     0x4  HwiPCC26XX_nortos.orm3 [7]
    .data            inited   0x2000'07b8    0x14  ClockPTimer_nortos.orm3 [7]
    .data            inited   0x2000'07cc     0x9  SemaphoreP_nortos.orm3 [7]
    .data            inited   0x2000'07d8    0x30  TimerPCC26XX_nortos.orm3 [7]
    .data            inited   0x2000'0808     0x1  ADCBufCC26XX.orm3 [5]
                            - 0x2000'0809   0x169

"P2-P3", part 2 of 2:                       0xcd4
  .bss               zero     0x2000'080c   0x400  adcBufContinuousSampling.o [1]
  .bss               zero     0x2000'0c0c   0x12c  CC1350_LAUNCHXL_433.o [1]
  .bss               zero     0x2000'0d38   0x120  CC1350_LAUNCHXL_433.o [1]
  .bss               zero     0x2000'0e58    0xd4  PINCC26XX.orm3 [5]
  .bss               zero     0x2000'0f2c    0xc8  adcBufContinuousSampling.o [1]
  .bss               zero     0x2000'0ff4    0xc8  HwiPCC26XX_nortos.orm3 [7]
  .vtable_ram        zero     0x2000'1100    0xc8  interrupt.o [4]
  .bss               zero     0x2000'11c8    0xa8  CC1350_LAUNCHXL_433.o [1]
  .bss               zero     0x2000'1270    0xa0  ClockPTimer_nortos.orm3 [7]
  .bss               zero     0x2000'1310    0x64  adcBufContinuousSampling.o [1]
  .bss               zero     0x2000'1374    0x64  adcBufContinuousSampling.o [1]
  .bss               zero     0x2000'13d8    0x4c  SwiP_nortos.orm3 [7]
  .bss               zero     0x2000'1424    0x40  PINCC26XX.orm3 [5]
  .bss               zero     0x2000'1464    0x20  CC1350_LAUNCHXL_433.o [1]
  .bss               zero     0x2000'1484    0x20  CC1350_LAUNCHXL_433.o [1]
  .bss               zero     0x2000'14a4    0x14  osc.o [4]
  .bss               zero     0x2000'14b8     0xc  ClockPTimer_nortos.orm3 [7]
  .bss               zero     0x2000'14c4     0x8  sys_ctrl.o [4]
  .bss               zero     0x2000'14cc     0x4  adcBufContinuousSampling.o [1]
  .bss               zero     0x2000'14d0     0x4  adcBufContinuousSampling.o [1]
  .bss               zero     0x2000'14d4     0x4  PowerCC26XX_nortos.orm3 [7]
  .bss               zero     0x2000'14d8     0x2  SemaphoreP_nortos.orm3 [7]
  .bss               zero     0x2000'14da     0x1  ADCBuf.orm3 [5]
  .bss               zero     0x2000'14db     0x1  UART.orm3 [5]
  .bss               zero     0x2000'14dc     0x1  driverlib_release.o [4]
                            - 0x2000'14dd   0xcd1

"A2":                                       0x400
  CSTACK                      0x2000'4c00   0x400  <Block>
    .stack           uninit   0x2000'4c00     0x4  startup_cc13xx_cc26xx_iar.orm3 [7]
    CSTACK           uninit   0x2000'4c04   0x3fc  <Block tail>
                            - 0x2000'5000   0x400

Unused ranges:

         From           To      Size
         ----           --      ----
       0x4c1d     0x1'ffa7  0x1'b38b
  0x2000'0000  0x2000'046f     0x470
  0x2000'0480  0x2000'048f      0x10
  0x2000'04a0  0x2000'066f     0x1d0
  0x2000'0680  0x2000'068f      0x10
  0x2000'0809  0x2000'080b       0x3
  0x2000'14e0  0x2000'4bff    0x3720


*******************************************************************************
*** INIT TABLE
***

          Address      Size
          -------      ----
Zero (__iar_zero_init3)
    1 destination range, total size 0xcd1:
          0x2000'080c  0xcd1

Copy/packbits (__iar_packbits_init_single3)
    1 source range, total size 0x2c (12% of destination):
               0x4bf0   0x2c
    1 destination range, total size 0x169:
          0x2000'06a0  0x169



*******************************************************************************
*** MODULE SUMMARY
***

    Module                           ro code  ro data  rw data
    ------                           -------  -------  -------
command line/config:
    ----------------------------------------------------------
    Total:

G:\CC1350_ws\adcbufcontinuous\Debug\Obj: [1]
    CC1350_LAUNCHXL_433.o                 36      394      820
    CC1350_LAUNCHXL_433_fxns.o           244       28
    adcBufContinuousSampling.o           416       56    1 432
    ccfg.o                                         88
    main_nortos.o                         18
    ----------------------------------------------------------
    Total:                               714      566    2 252

display.arm3: [2]
    ----------------------------------------------------------
    Total:

dl7M_tln.a: [3]
    exit.o                                 4
    snprintf.o                            68
    xprintftiny.o                        318
    xsnprout.o                            26
    ----------------------------------------------------------
    Total:                               416

driverlib.lib: [4]
    adi.o                                 88
    aon_batmon.o                          40
    aon_rtc.o                             44
    aux_adc.o                            466
    chipinfo.o                           174
    cpu.o                                 24
    ddi.o                                 82
    driverlib_release.o                                      1
    interrupt.o                           64               200
    osc.o                                368                20
    setup.o                              340
    setup_rom.o                        1 308
    sys_ctrl.o                           708                 8
    vims.o                                16
    ----------------------------------------------------------
    Total:                             3 722               229

drivers_cc13x0.arm3: [5]
    ADCBuf.orm3                          192                 1
    ADCBufCC26XX.orm3                  1 526       37        1
    GPTimerCC26XX.orm3                   736
    List.orm3                             76
    PINCC26XX.orm3                     1 256               276
    PowerCC26XX.orm3                   1 888      109      276
    PowerCC26XX_calibrateRCOSC.orm3    1 196
    RingBuf.orm3                         136
    UART.orm3                            134       36        1
    UARTCC26XX.orm3                    2 664       40
    UDMACC26XX.orm3                      184
    ----------------------------------------------------------
    Total:                             9 988      222      555

m7M_tl.a: [6]
    ----------------------------------------------------------
    Total:

nortos_cc13x0.arm3: [7]
    ClockPTimer_nortos.orm3              846        2      192
    HwiPCC26XX_nortos.orm3               256        1      204
    NoRTOS.orm3                            4
    PowerCC26XX_nortos.orm3              280                 4
    QueueP_nortos.orm3                   106
    SemaphoreP_nortos.orm3               316        1       11
    SwiP_nortos.orm3                     592                76
    TimerPCC26XX_nortos.orm3             600        6       48
    posix_sleep.orm3                       4
    startup_cc13xx_cc26xx_iar.orm3        20      200        4
    ----------------------------------------------------------
    Total:                             3 024      210      539

rt7M_tl.a: [8]
    ABImemcpy_unaligned.o                118
    I64DivMod_small.o                    262
    I64DivZer.o                            2
    cexit.o                               10
    cmain.o                               30
    cstartup_M.o                          12
    data_init.o                           40
    packbits_init_single.o                56
    strlen.o                              54
    zero_init3.o                          58
    ----------------------------------------------------------
    Total:                               642

shb_l.a: [9]
    exit.o                                20
    ----------------------------------------------------------
    Total:                                20

    Gaps                                  16                71
    Linker created                                 32    1 020
--------------------------------------------------------------
    Grand Total:                      18 542    1 030    4 666


*******************************************************************************
*** ENTRY LIST
***

Entry                       Address   Size  Type      Object
-----                       -------   ----  ----      ------
.iar.init_table$$Base        0x4a98          --   Gb  - Linker created -
.iar.init_table$$Limit       0x4ab8          --   Gb  - Linker created -
?main                        0x4ab9         Code  Gb  cmain.o [8]
ADCBufCC26XX_adcChannelLut
                             0x4b3c   0x18  Data  Gb  CC1350_LAUNCHXL_433.o [1]
ADCBufCC26XX_adjustRawValues
                             0x346d   0x38  Code  Gb  ADCBufCC26XX.orm3 [5]
ADCBufCC26XX_cleanADC        0x355b   0x52  Code  Lc  ADCBufCC26XX.orm3 [5]
ADCBufCC26XX_close           0x341b   0x4e  Code  Gb  ADCBufCC26XX.orm3 [5]
ADCBufCC26XX_control         0x3611   0x62  Code  Gb  ADCBufCC26XX.orm3 [5]
ADCBufCC26XX_conversionCallback
                             0x3299    0x8  Code  Lc  ADCBufCC26XX.orm3 [5]
ADCBufCC26XX_convert         0x32a1  0x14a  Code  Gb  ADCBufCC26XX.orm3 [5]
ADCBufCC26XX_convertAdjustedToMicroVolts
                             0x34a5   0x34  Code  Gb  ADCBufCC26XX.orm3 [5]
ADCBufCC26XX_convertCancel
                             0x33eb   0x30  Code  Gb  ADCBufCC26XX.orm3 [5]
ADCBufCC26XX_fxnTable        0x4a50   0x24  Data  Gb  ADCBufCC26XX.orm3 [5]
ADCBufCC26XX_getResolution
                             0x3469    0x4  Code  Gb  ADCBufCC26XX.orm3 [5]
ADCBufCC26XX_hwiFxn          0x31d5   0x86  Code  Lc  ADCBufCC26XX.orm3 [5]
ADCBufCC26XX_init            0x308f    0x8  Code  Gb  ADCBufCC26XX.orm3 [5]
ADCBufCC26XX_loadDMAControlTableEntry
                             0x34df   0x40  Code  Lc  ADCBufCC26XX.orm3 [5]
ADCBufCC26XX_loadGPTDMAControlTableEntry
                             0x351f   0x3c  Code  Lc  ADCBufCC26XX.orm3 [5]
ADCBufCC26XX_open            0x3097  0x13c  Code  Gb  ADCBufCC26XX.orm3 [5]
ADCBufCC26XX_releaseADCSemaphore
                             0x35ad   0x26  Code  Lc  ADCBufCC26XX.orm3 [5]
ADCBufCC26XX_swiFxn          0x325d   0x3c  Code  Lc  ADCBufCC26XX.orm3 [5]
ADCBuf_Params_init           0x3c55    0x8  Code  Gb  ADCBuf.orm3 [5]
ADCBuf_adjustRawValues       0x3c6d    0xa  Code  Gb  ADCBuf.orm3 [5]
ADCBuf_config                0x4bac    0xc  Data  Gb  CC1350_LAUNCHXL_433.o [1]
ADCBuf_convert               0x3c5d    0xa  Code  Gb  ADCBuf.orm3 [5]
ADCBuf_convertAdjustedToMicroVolts
                             0x3c77    0xe  Code  Gb  ADCBuf.orm3 [5]
ADCBuf_convertCancel         0x3c67    0x6  Code  Gb  ADCBuf.orm3 [5]
ADCBuf_count                 0x2ea2    0x1  Data  Gb  CC1350_LAUNCHXL_433.o [1]
ADCBuf_defaultParams         0x3c88   0x18  Data  Gb  ADCBuf.orm3 [5]
ADCBuf_init                  0x3be1   0x38  Code  Gb  ADCBuf.orm3 [5]
ADCBuf_open                  0x3c19   0x2e  Code  Gb  ADCBuf.orm3 [5]
ADI8BitsClear                0x3a61   0x16  Code  Lc  aux_adc.o [4]
ADI8BitsSet                  0x3a4b   0x16  Code  Lc  aux_adc.o [4]
AONRTCCompareValueSet        0x2b65   0x18  Code  Lc  TimerPCC26XX_nortos.orm3 [7]
AONRTCEventClear             0x2b45   0x20  Code  Lc  TimerPCC26XX_nortos.orm3 [7]
AUXSMPHTryAcquire            0x307d   0x12  Code  Lc  ADCBufCC26XX.orm3 [5]
AuxAdiDdiSafeWrite           0x3a0d   0x3e  Code  Lc  aux_adc.o [4]
AuxAdiDdiSafeWrite           0x41bd   0x34  Code  Lc  ddi.o [4]
BoardGpioInitTable           0x4980   0x34  Data  Gb  CC1350_LAUNCHXL_433.o [1]
Board_init                   0x4a91    0x8  Code  Gb  CC1350_LAUNCHXL_433.o [1]
Board_initHook               0x4835    0x8  Code  Gb  CC1350_LAUNCHXL_433_fxns.o [1]
CC1350_LAUNCHXL_433_initGeneral
                             0x4a75   0x18  Code  Gb  CC1350_LAUNCHXL_433.o [1]
CC1350_LAUNCHXL_433_sendExtFlashByte
                             0x4749   0x6c  Code  Gb  CC1350_LAUNCHXL_433_fxns.o [1]
CC1350_LAUNCHXL_433_shutDownExtFlash
                             0x47fb   0x30  Code  Gb  CC1350_LAUNCHXL_433_fxns.o [1]
CC1350_LAUNCHXL_433_wakeUpExtFlash
                             0x47b5   0x46  Code  Gb  CC1350_LAUNCHXL_433_fxns.o [1]
CPUwfi                       0x2229    0x4  Code  Lc  PowerCC26XX_nortos.orm3 [7]
CSTACK$$Base            0x2000'4c00          --   Gb  - Linker created -
CSTACK$$Limit           0x2000'5000          --   Gb  - Linker created -
ClockP_Params_init           0x1555   0x10  Code  Gb  ClockPTimer_nortos.orm3 [7]
ClockP_add                   0x176f   0x1a  Code  Gb  ClockPTimer_nortos.orm3 [7]
ClockP_construct             0x1735   0x3a  Code  Gb  ClockPTimer_nortos.orm3 [7]
ClockP_defaultParams    0x2000'14b8    0xc  Data  Lc  ClockPTimer_nortos.orm3 [7]
ClockP_destruct              0x1789   0x1a  Code  Gb  ClockPTimer_nortos.orm3 [7]
ClockP_doTick                0x172d    0x8  Code  Gb  ClockPTimer_nortos.orm3 [7]
ClockP_getCpuFreq            0x1821    0xa  Code  Gb  ClockPTimer_nortos.orm3 [7]
ClockP_getTicks              0x15e9    0x4  Code  Gb  ClockPTimer_nortos.orm3 [7]
ClockP_getTicksUntilInterrupt
                             0x15ed   0x2a  Code  Gb  ClockPTimer_nortos.orm3 [7]
ClockP_initialized      0x2000'07b8    0x1  Data  Lc  ClockPTimer_nortos.orm3 [7]
ClockP_isActive              0x181d    0x4  Code  Gb  ClockPTimer_nortos.orm3 [7]
ClockP_module           0x2000'1270   0xa0  Data  Lc  ClockPTimer_nortos.orm3 [7]
ClockP_scheduleNextTick
                             0x1617   0x16  Code  Gb  ClockPTimer_nortos.orm3 [7]
ClockP_setTimeout            0x1819    0x4  Code  Gb  ClockPTimer_nortos.orm3 [7]
ClockP_sleep                 0x1849   0x1e  Code  Gb  ClockPTimer_nortos.orm3 [7]
ClockP_start                 0x17a3   0x70  Code  Gb  ClockPTimer_nortos.orm3 [7]
ClockP_startup               0x1565   0x84  Code  Gb  ClockPTimer_nortos.orm3 [7]
ClockP_stop                  0x1813    0x6  Code  Gb  ClockPTimer_nortos.orm3 [7]
ClockP_tickPeriod       0x2000'07c4    0x4  Data  Gb  ClockPTimer_nortos.orm3 [7]
ClockP_walkQueueDynamic
                             0x162d   0x60  Code  Gb  ClockPTimer_nortos.orm3 [7]
ClockP_workFuncDynamic       0x168d   0x9e  Code  Gb  ClockPTimer_nortos.orm3 [7]
DDI32RegRead                 0x2615   0x28  Code  Lc  PowerCC26XX_calibrateRCOSC.orm3 [5]
GPT_DefaultParams            0x394c    0x8  Data  Lc  GPTimerCC26XX.orm3 [5]
GPT_LUT                      0x3930   0x1c  Data  Lc  GPTimerCC26XX.orm3 [5]
GPTimerCC26XXReverseLookupMask
                             0x3687   0x22  Code  Lc  GPTimerCC26XX.orm3 [5]
GPTimerCC26XXSetLoadMatch
                             0x37e5   0x2a  Code  Lc  GPTimerCC26XX.orm3 [5]
GPTimerCC26XX_Params_init
                             0x36a9    0xa  Code  Gb  GPTimerCC26XX.orm3 [5]
GPTimerCC26XX_close          0x3727   0x2a  Code  Gb  GPTimerCC26XX.orm3 [5]
GPTimerCC26XX_config         0x489c   0x60  Data  Gb  CC1350_LAUNCHXL_433.o [1]
GPTimerCC26XX_configureDebugStall
                             0x3905   0x24  Code  Gb  GPTimerCC26XX.orm3 [5]
GPTimerCC26XX_enableInterrupt
                             0x3815   0x10  Code  Gb  GPTimerCC26XX.orm3 [5]
GPTimerCC26XX_initHw         0x383d   0x42  Code  Lc  GPTimerCC26XX.orm3 [5]
GPTimerCC26XX_open           0x36b3   0x74  Code  Gb  GPTimerCC26XX.orm3 [5]
GPTimerCC26XX_resetHw        0x3881   0x82  Code  Lc  GPTimerCC26XX.orm3 [5]
GPTimerCC26XX_setLoadValue
                             0x380f    0x6  Code  Gb  GPTimerCC26XX.orm3 [5]
GPTimerCC26XX_start          0x3759   0x46  Code  Gb  GPTimerCC26XX.orm3 [5]
GPTimerCC26XX_stop           0x37a1   0x42  Code  Gb  GPTimerCC26XX.orm3 [5]
HwiP_Params_init              0xbef   0x12  Code  Gb  HwiPCC26XX_nortos.orm3 [7]
HwiP_clearInterrupt           0xb53    0x8  Code  Gb  HwiPCC26XX_nortos.orm3 [7]
HwiP_construct                0xb87   0x68  Code  Gb  HwiPCC26XX_nortos.orm3 [7]
HwiP_destruct                 0xb5b   0x18  Code  Gb  HwiPCC26XX_nortos.orm3 [7]
HwiP_disable                  0xb3b    0x6  Code  Gb  HwiPCC26XX_nortos.orm3 [7]
HwiP_dispatch                 0xb73   0x14  Code  Lc  HwiPCC26XX_nortos.orm3 [7]
HwiP_dispatchTable      0x2000'0ff4   0xc8  Data  Lc  HwiPCC26XX_nortos.orm3 [7]
HwiP_enable                   0xb39    0x2  Code  Gb  HwiPCC26XX_nortos.orm3 [7]
HwiP_inISR                    0xc09   0x12  Code  Gb  HwiPCC26XX_nortos.orm3 [7]
HwiP_post                     0xc01    0x8  Code  Gb  HwiPCC26XX_nortos.orm3 [7]
HwiP_restore                  0xb49    0xa  Code  Gb  HwiPCC26XX_nortos.orm3 [7]
HwiP_swiPIntNum         0x2000'07b4    0x4  Data  Gb  HwiPCC26XX_nortos.orm3 [7]
IntDefaultHandler            0x202d    0x2  Code  Lc  interrupt.o [4]
IntMasterEnable               0xb31    0x8  Code  Lc  HwiPCC26XX_nortos.orm3 [7]
List_put                     0x21dd   0x1c  Code  Gb  List.orm3 [5]
List_remove                  0x2209   0x20  Code  Gb  List.orm3 [5]
NOROM_AONBatMonTemperatureGetDegC
                             0x3051   0x28  Code  Gb  aon_batmon.o [4]
NOROM_AONRTCCurrent64BitValueGet
                             0x3039   0x12  Code  Gb  aon_rtc.o [4]
NOROM_AONRTCCurrentCompareValueGet
                             0x3025   0x14  Code  Gb  aon_rtc.o [4]
NOROM_AUXADCAdjustValueForGainAndOffset
                             0x3bbd   0x22  Code  Gb  aux_adc.o [4]
NOROM_AUXADCDisable          0x3a7d   0x38  Code  Gb  aux_adc.o [4]
NOROM_AUXADCDisableInputScaling
                             0x3b4d    0x8  Code  Gb  aux_adc.o [4]
NOROM_AUXADCEnableAsync
                             0x3ab5   0x3a  Code  Gb  aux_adc.o [4]
NOROM_AUXADCEnableSync       0x3aef   0x46  Code  Gb  aux_adc.o [4]
NOROM_AUXADCFlushFifo        0x3b55    0xc  Code  Gb  aux_adc.o [4]
NOROM_AUXADCGetAdjustmentGain
                             0x3b61    0xe  Code  Gb  aux_adc.o [4]
NOROM_AUXADCGetAdjustmentOffset
                             0x3b6f    0xe  Code  Gb  aux_adc.o [4]
NOROM_AUXADCValueToMicrovolts
                             0x3ba9   0x14  Code  Gb  aux_adc.o [4]
NOROM_CPUcpsid               0x2015    0x8  Code  Gb  cpu.o [4]
NOROM_CPUcpsie               0x201d    0x8  Code  Gb  cpu.o [4]
NOROM_CPUdelay               0x2025    0x8  Code  Gb  cpu.o [4]
NOROM_ChipInfo_GetChipFamily
                             0x2f31   0x18  Code  Gb  chipinfo.o [4]
NOROM_ChipInfo_GetChipType
                             0x2f49   0x2a  Code  Gb  chipinfo.o [4]
NOROM_ChipInfo_GetHwRevision
                             0x2f73   0x34  Code  Gb  chipinfo.o [4]
NOROM_ChipInfo_GetPackageType
                             0x2f1d   0x14  Code  Gb  chipinfo.o [4]
NOROM_DDI32RegWrite          0x4205    0xa  Code  Gb  ddi.o [4]
NOROM_IntRegister            0x202f   0x28  Code  Gb  interrupt.o [4]
NOROM_IntUnregister          0x2057    0xa  Code  Gb  interrupt.o [4]
NOROM_OSCClockSourceGet
                             0x20d1   0x2a  Code  Gb  osc.o [4]
NOROM_OSCClockSourceSet
                             0x2075   0x5c  Code  Gb  osc.o [4]
NOROM_OSCHF_AttemptToSwitchToXosc
                             0x210f   0x48  Code  Gb  osc.o [4]
NOROM_OSCHF_SwitchToRcOscTurnOffXosc
                             0x2157   0x26  Code  Gb  osc.o [4]
NOROM_OSCHF_TurnOnXosc       0x20fb   0x14  Code  Gb  osc.o [4]
NOROM_OSC_HPOSCRelativeFrequencyOffsetGet
                             0x217d   0x36  Code  Gb  osc.o [4]
NOROM_OSC_HPOSCRelativeFrequencyOffsetToRFCoreFormatConvert
                             0x21b3    0xc  Code  Gb  osc.o [4]
NOROM_SetupAfterColdResetWakeupFromShutDownCfg1
                             0x3d13   0x96  Code  Gb  setup_rom.o [4]
NOROM_SetupAfterColdResetWakeupFromShutDownCfg2
                             0x3da9   0xdc  Code  Gb  setup_rom.o [4]
NOROM_SetupAfterColdResetWakeupFromShutDownCfg3
                             0x3e8b   0xfe  Code  Gb  setup_rom.o [4]
NOROM_SetupGetTrimForAdcShModeEn
                             0x404b   0x12  Code  Gb  setup_rom.o [4]
NOROM_SetupGetTrimForAdcShVbufEn
                             0x405d   0x12  Code  Gb  setup_rom.o [4]
NOROM_SetupGetTrimForAmpcompCtrl
                             0x3ff5   0x44  Code  Gb  setup_rom.o [4]
NOROM_SetupGetTrimForAnabypassValue1
                             0x3f89   0x58  Code  Gb  setup_rom.o [4]
NOROM_SetupGetTrimForDblrLoopFilterResetVoltage
                             0x4039   0x12  Code  Gb  setup_rom.o [4]
NOROM_SetupGetTrimForRadcExtCfg
                             0x4089   0x1a  Code  Gb  setup_rom.o [4]
NOROM_SetupGetTrimForRcOscLfIBiasTrim
                             0x40a3   0x12  Code  Gb  setup_rom.o [4]
NOROM_SetupGetTrimForRcOscLfRtuneCtuneTrim
                             0x3fe1   0x14  Code  Gb  setup_rom.o [4]
NOROM_SetupGetTrimForXoscHfCtl
                             0x406f   0x1a  Code  Gb  setup_rom.o [4]
NOROM_SetupGetTrimForXoscLfRegulatorAndCmirrwrRatio
                             0x40b5   0x12  Code  Gb  setup_rom.o [4]
NOROM_SetupSetAonRtcSubSecInc
                             0x410b   0x1e  Code  Gb  setup_rom.o [4]
NOROM_SetupSetCacheModeAccordingToCcfgSetting
                             0x40c7   0x44  Code  Gb  setup_rom.o [4]
NOROM_SetupSetVddrLevel
                             0x3ca9   0x6a  Code  Gb  setup_rom.o [4]
NOROM_SetupTrimDevice        0x45f5   0x6e  Code  Gb  setup.o [4]
NOROM_SysCtrlAdjustRechargeAfterPowerDown
                             0x2521   0x5a  Code  Gb  sys_ctrl.o [4]
NOROM_SysCtrlSetRechargeBeforePowerDown
                             0x2359  0x1c8  Code  Gb  sys_ctrl.o [4]
NOROM_SysCtrl_DCDC_VoltageConditionalControl
                             0x257b   0x5a  Code  Gb  sys_ctrl.o [4]
NOROM_ThisLibraryIsFor_CC13x0_HwRev20AndLater_HaltIfViolated
                             0x2fb5   0x16  Code  Gb  chipinfo.o [4]
NOROM_VIMSModeGet            0x2341   0x10  Code  Gb  vims.o [4]
NoRTOS_start                 0x4b01    0x4  Code  Gb  NoRTOS.orm3 [7]
OSCHfSourceReady              0xc31   0x1e  Code  Lc  PowerCC26XX.orm3 [5]
OSCHfSourceSwitch            0x206d    0x8  Code  Lc  osc.o [4]
PINCC26XX_hwAttrs            0x4bd0    0x8  Data  Gb  CC1350_LAUNCHXL_433.o [1]
PINCC26XX_setIoCfg           0x1b83   0xd8  Code  Lc  PINCC26XX.orm3 [5]
PINCC26XX_setIoCfgMux        0x1c5b   0x1e  Code  Lc  PINCC26XX.orm3 [5]
PINCC26XX_setMux             0x1f99   0x2a  Code  Gb  PINCC26XX.orm3 [5]
PIN_close                    0x1ef1   0x1a  Code  Gb  PINCC26XX.orm3 [5]
PIN_ctz                      0x1b2d    0xa  Code  Lc  PINCC26XX.orm3 [5]
PIN_hwi                      0x1b6f   0x14  Code  Lc  PINCC26XX.orm3 [5]
PIN_init                     0x1c79  0x190  Code  Gb  PINCC26XX.orm3 [5]
PIN_open                     0x1e09   0x8e  Code  Gb  PINCC26XX.orm3 [5]
PIN_remove                   0x1ea1   0x50  Code  Gb  PINCC26XX.orm3 [5]
PIN_setConfig                0x1f6b   0x2e  Code  Gb  PINCC26XX.orm3 [5]
PIN_setOutputEnable          0x1f0b   0x34  Code  Gb  PINCC26XX.orm3 [5]
PIN_setOutputValue           0x1f3f   0x2c  Code  Gb  PINCC26XX.orm3 [5]
PIN_swi                      0x1b37   0x38  Code  Lc  PINCC26XX.orm3 [5]
PRCMSleep                    0x222d    0x2  Code  Lc  PowerCC26XX_nortos.orm3 [7]
PowerCC26XX_RCOSC_clockFunc
                             0x2909   0x46  Code  Gb  PowerCC26XX_calibrateRCOSC.orm3 [5]
PowerCC26XX_auxISR           0x2699  0x120  Code  Gb  PowerCC26XX_calibrateRCOSC.orm3 [5]
PowerCC26XX_calibrate        0x1153   0x50  Code  Gb  PowerCC26XX.orm3 [5]
PowerCC26XX_config           0x4b54   0x18  Data  Gb  CC1350_LAUNCHXL_433.o [1]
PowerCC26XX_doCalibrate
                             0x27b9  0x13e  Code  Gb  PowerCC26XX_calibrateRCOSC.orm3 [5]
PowerCC26XX_initiateCalibration
                             0x263d   0x5c  Code  Gb  PowerCC26XX_calibrateRCOSC.orm3 [5]
PowerCC26XX_module      0x2000'06a0  0x114  Data  Gb  PowerCC26XX.orm3 [5]
PowerCC26XX_schedulerDisable
                             0x2309    0xc  Code  Gb  PowerCC26XX_nortos.orm3 [7]
PowerCC26XX_schedulerRestore
                             0x2315    0x8  Code  Gb  PowerCC26XX_nortos.orm3 [7]
PowerCC26XX_standbyPolicy
                             0x222f   0xda  Code  Gb  PowerCC26XX_nortos.orm3 [7]
PowerCC26XX_swiKey      0x2000'14d4    0x4  Data  Lc  PowerCC26XX_nortos.orm3 [7]
Power_disablePolicy           0xc4f   0x10  Code  Gb  PowerCC26XX.orm3 [5]
Power_enablePolicy            0xc5f    0xc  Code  Gb  PowerCC26XX.orm3 [5]
Power_getConstraintMask
                              0xc6b    0x8  Code  Gb  PowerCC26XX.orm3 [5]
Power_getDependencyCount
                              0xc73    0xc  Code  Gb  PowerCC26XX.orm3 [5]
Power_getTransitionLatency
                              0xc7f   0x1c  Code  Gb  PowerCC26XX.orm3 [5]
Power_idleFunc                0xc9b   0x16  Code  Gb  PowerCC26XX.orm3 [5]
Power_init                    0xcb1  0x104  Code  Gb  PowerCC26XX.orm3 [5]
Power_registerNotify          0xdb5   0x24  Code  Gb  PowerCC26XX.orm3 [5]
Power_releaseConstraint
                              0xdd9   0x2c  Code  Gb  PowerCC26XX.orm3 [5]
Power_releaseDependency
                              0xe05   0x9e  Code  Gb  PowerCC26XX.orm3 [5]
Power_setConstraint           0xea3   0x22  Code  Gb  PowerCC26XX.orm3 [5]
Power_setDependency           0xecd   0xa2  Code  Gb  PowerCC26XX.orm3 [5]
Power_sleep                   0xf6f  0x1c8  Code  Gb  PowerCC26XX.orm3 [5]
Power_unregisterNotify       0x1137   0x1c  Code  Gb  PowerCC26XX.orm3 [5]
QueueP_empty                 0x2ac3    0xe  Code  Gb  QueueP_nortos.orm3 [7]
QueueP_get                   0x2ad1   0x14  Code  Gb  QueueP_nortos.orm3 [7]
QueueP_head                  0x2aed    0x4  Code  Gb  QueueP_nortos.orm3 [7]
QueueP_init                  0x2ac1    0x2  Code  Gb  QueueP_nortos.orm3 [7]
QueueP_next                  0x2af9    0x4  Code  Gb  QueueP_nortos.orm3 [7]
QueueP_put                   0x2afd   0x18  Code  Gb  QueueP_nortos.orm3 [7]
QueueP_remove                0x2b1d    0xe  Code  Gb  QueueP_nortos.orm3 [7]
Region$$Table$$Base          0x4a98          --   Gb  - Linker created -
Region$$Table$$Limit         0x4ab8          --   Gb  - Linker created -
RingBuf_construct            0x14cd   0x12  Code  Gb  RingBuf.orm3 [5]
RingBuf_get                  0x14df   0x2a  Code  Gb  RingBuf.orm3 [5]
RingBuf_put                  0x1519   0x32  Code  Gb  RingBuf.orm3 [5]
STACK_TOP {Abs}         0x2000'5000         Data  Gb  <internal module>
SafeHapiAuxAdiSelect         0x2ff5   0x2c  Code  Gb  adi.o [4]
SafeHapiVoid                 0x2fcd   0x28  Code  Gb  adi.o [4]
SemaphoreP_construct         0x1393   0x4c  Code  Gb  SemaphoreP_nortos.orm3 [7]
SemaphoreP_constructBinary
                             0x13df   0x1a  Code  Gb  SemaphoreP_nortos.orm3 [7]
SemaphoreP_defaultParams
                        0x2000'07cc    0x8  Data  Gb  SemaphoreP_nortos.orm3 [7]
SemaphoreP_destruct          0x13f9    0x2  Code  Gb  SemaphoreP_nortos.orm3 [7]
SemaphoreP_initialized  0x2000'07d4    0x1  Data  Lc  SemaphoreP_nortos.orm3 [7]
SemaphoreP_pend              0x13fb   0x8a  Code  Gb  SemaphoreP_nortos.orm3 [7]
SemaphoreP_post              0x1485   0x3c  Code  Gb  SemaphoreP_nortos.orm3 [7]
SetupSignExtendVddrTrimValue
                             0x2351    0x8  Code  Lc  sys_ctrl.o [4]
SetupSignExtendVddrTrimValue
                             0x3ca1    0x8  Code  Lc  setup_rom.o [4]
SwiP_Params_init             0x18dd    0x8  Code  Gb  SwiP_nortos.orm3 [7]
SwiP_construct               0x18e5   0xae  Code  Gb  SwiP_nortos.orm3 [7]
SwiP_currentTrigger     0x2000'13e4    0x4  Data  Lc  SwiP_nortos.orm3 [7]
SwiP_defaultParams           0x1b1c   0x10  Data  Lc  SwiP_nortos.orm3 [7]
SwiP_destruct                0x1993   0x28  Code  Gb  SwiP_nortos.orm3 [7]
SwiP_disable                 0x19bb   0x16  Code  Gb  SwiP_nortos.orm3 [7]
SwiP_dispatch                0x19d1   0x80  Code  Gb  SwiP_nortos.orm3 [7]
SwiP_getTrigger              0x1a61    0x6  Code  Gb  SwiP_nortos.orm3 [7]
SwiP_handleHwi               0x1a51   0x10  Code  Lc  SwiP_nortos.orm3 [7]
SwiP_hwiStruct          0x2000'13e8   0x1c  Data  Lc  SwiP_nortos.orm3 [7]
SwiP_initialized        0x2000'13d9    0x1  Data  Lc  SwiP_nortos.orm3 [7]
SwiP_lockState          0x2000'13e0    0x4  Data  Lc  SwiP_nortos.orm3 [7]
SwiP_or                      0x1a7d   0x16  Code  Gb  SwiP_nortos.orm3 [7]
SwiP_post                    0x1a97   0x4a  Code  Gb  SwiP_nortos.orm3 [7]
SwiP_readyList          0x2000'1404   0x20  Data  Lc  SwiP_nortos.orm3 [7]
SwiP_readyMask          0x2000'13dc    0x4  Data  Lc  SwiP_nortos.orm3 [7]
SwiP_restore                 0x1ae1   0x24  Code  Gb  SwiP_nortos.orm3 [7]
SwiP_schedulerRunning   0x2000'13d8    0x1  Data  Lc  SwiP_nortos.orm3 [7]
TimerDisable                 0x3675   0x12  Code  Lc  GPTimerCC26XX.orm3 [5]
TimerP_Params_init           0x2b7d    0xe  Code  Gb  TimerPCC26XX_nortos.orm3 [7]
TimerP_construct             0x2b8b   0x8c  Code  Gb  TimerPCC26XX_nortos.orm3 [7]
TimerP_defaultParams    0x2000'07d8    0xc  Data  Lc  TimerPCC26XX_nortos.orm3 [7]
TimerP_dynamicStub           0x2d0d   0x16  Code  Gb  TimerPCC26XX_nortos.orm3 [7]
TimerP_getCurrentTick        0x2d23   0x2a  Code  Gb  TimerPCC26XX_nortos.orm3 [7]
TimerP_getFreq               0x2cff    0xc  Code  Gb  TimerPCC26XX_nortos.orm3 [7]
TimerP_getMaxTicks           0x2c17   0x1e  Code  Gb  TimerPCC26XX_nortos.orm3 [7]
TimerP_handle           0x2000'07e8    0x4  Data  Lc  TimerPCC26XX_nortos.orm3 [7]
TimerP_hwiStruct        0x2000'07ec   0x1c  Data  Lc  TimerPCC26XX_nortos.orm3 [7]
TimerP_initDevice            0x2d4d   0x28  Code  Gb  TimerPCC26XX_nortos.orm3 [7]
TimerP_initialized      0x2000'07e4    0x1  Data  Lc  TimerPCC26XX_nortos.orm3 [7]
TimerP_setNextTick           0x2c5f   0x32  Code  Gb  TimerPCC26XX_nortos.orm3 [7]
TimerP_setThreshold          0x2c35   0x2a  Code  Gb  TimerPCC26XX_nortos.orm3 [7]
TimerP_start                 0x2ca3   0x5c  Code  Gb  TimerPCC26XX_nortos.orm3 [7]
TimerP_startup               0x2c91   0x12  Code  Gb  TimerPCC26XX_nortos.orm3 [7]
TrimAfterColdResetWakeupFromShutDown
                             0x4663   0x90  Code  Lc  setup.o [4]
UARTCC26XX_close              0x5cf   0x84  Code  Gb  UARTCC26XX.orm3 [5]
UARTCC26XX_control            0x653   0x58  Code  Gb  UARTCC26XX.orm3 [5]
UARTCC26XX_fxnTable          0x49dc   0x28  Data  Gb  UARTCC26XX.orm3 [5]
UARTCC26XX_hwiIntFxn          0x2d7  0x148  Code  Gb  UARTCC26XX.orm3 [5]
UARTCC26XX_init               0x481    0x8  Code  Gb  UARTCC26XX.orm3 [5]
UARTCC26XX_initHw             0x991   0x9a  Code  Lc  UARTCC26XX.orm3 [5]
UARTCC26XX_initIO             0xa2b   0x74  Code  Lc  UARTCC26XX.orm3 [5]
UARTCC26XX_open               0x489  0x146  Code  Gb  UARTCC26XX.orm3 [5]
UARTCC26XX_read               0x7fd  0x132  Code  Gb  UARTCC26XX.orm3 [5]
UARTCC26XX_readCancel         0x93d   0x42  Code  Gb  UARTCC26XX.orm3 [5]
UARTCC26XX_readPolling        0x935    0x2  Code  Gb  UARTCC26XX.orm3 [5]
UARTCC26XX_swiIntFxn          0x42b   0x50  Code  Gb  UARTCC26XX.orm3 [5]
UARTCC26XX_write              0x6ab   0xcc  Code  Gb  UARTCC26XX.orm3 [5]
UARTCC26XX_writeCancel        0x779   0x76  Code  Gb  UARTCC26XX.orm3 [5]
UARTCC26XX_writePolling
                              0x777    0x2  Code  Gb  UARTCC26XX.orm3 [5]
UARTIntDisable                 0xd3    0xc  Code  Lc  UARTCC26XX.orm3 [5]
UARTIntEnable                  0xc9    0xa  Code  Lc  UARTCC26XX.orm3 [5]
UART_Params_init             0x4459    0x8  Code  Gb  UART.orm3 [5]
UART_config                  0x4bb8    0xc  Data  Gb  CC1350_LAUNCHXL_433.o [1]
UART_count                   0x2ea3    0x1  Data  Gb  CC1350_LAUNCHXL_433.o [1]
UART_defaultParams           0x4a2c   0x24  Data  Gb  UART.orm3 [5]
UART_init                    0x43f5   0x38  Code  Gb  UART.orm3 [5]
UART_open                    0x442d   0x2c  Code  Gb  UART.orm3 [5]
UART_write                   0x4471    0xa  Code  Gb  UART.orm3 [5]
UDMACC26XX_close             0x39a5   0x3c  Code  Gb  UDMACC26XX.orm3 [5]
UDMACC26XX_config            0x4be0    0x8  Data  Gb  CC1350_LAUNCHXL_433.o [1]
UDMACC26XX_hwiIntFxn         0x3955    0xc  Code  Gb  UDMACC26XX.orm3 [5]
UDMACC26XX_initHw            0x39e1   0x1e  Code  Lc  UDMACC26XX.orm3 [5]
UDMACC26XX_open              0x3961   0x44  Code  Gb  UDMACC26XX.orm3 [5]
_PrintfTiny                  0x4497  0x126  Code  Gb  xprintftiny.o [3]
_SNProut                     0x2b2b   0x1a  Code  Gb  xsnprout.o [3]
__aeabi_ldiv0                0x3079         Code  Gb  I64DivZer.o [8]
__ccfg                     0x1'ffa8   0x58  Data  Gb  ccfg.o [1]
__cmain                      0x4ab9         Code  Gb  cmain.o [8]
__exit                       0x4b11   0x14  Code  Gb  exit.o [9]
__iar_data_init3             0x4a05   0x28  Code  Gb  data_init.o [8]
__iar_packbits_init_single3
                             0x4949   0x38  Code  Gb  packbits_init_single.o [8]
__iar_program_start          0x4bc5         Code  Gb  cstartup_M.o [8]
__iar_small_uldivmod         0x2d9d         Code  Gb  I64DivMod_small.o [8]
__iar_unaligned_memcpy       0x2ea5         Code  Gb  ABImemcpy_unaligned.o [8]
__iar_unaligned_memcpy4
                             0x2ec5         Code  Gb  ABImemcpy_unaligned.o [8]
__iar_unaligned_memcpy8
                             0x2ec5         Code  Gb  ABImemcpy_unaligned.o [8]
__iar_zero_init3             0x18a3   0x3a  Code  Gb  zero_init3.o [8]
__low_level_init             0x4ad7    0xe  Code  Gb  startup_cc13xx_cc26xx_iar.orm3 [7]
__vector_table                  0x0   0xc8  Data  Gb  startup_cc13xx_cc26xx_iar.orm3 [7]
_call_main                   0x4ac5         Code  Gb  cmain.o [8]
_exit                        0x4b05         Code  Gb  cexit.o [8]
_main                        0x4ad3         Code  Gb  cmain.o [8]
adcBufCC26XXHWAttrs          0x4ba0    0xc  Data  Gb  CC1350_LAUNCHXL_433.o [1]
adcBufCC26XXobjects     0x2000'11c8   0xa8  Data  Gb  CC1350_LAUNCHXL_433.o [1]
adcBufCallback               0x4211   0xe2  Code  Gb  adcBufContinuousSampling.o [1]
buffersCompletedCounter
                        0x2000'14cc    0x4  Data  Gb  adcBufContinuousSampling.o [1]
calibrateRcoscHf1            0x294f  0x134  Code  Lc  PowerCC26XX_calibrateRCOSC.orm3 [5]
clkFxn                       0x1391    0x2  Code  Gb  SemaphoreP_nortos.orm3 [7]
configureRFCoreClocks        0x1269   0x12  Code  Lc  PowerCC26XX.orm3 [5]
configureXOSCHF              0x12e5   0x52  Code  Lc  PowerCC26XX.orm3 [5]
dataLength                    0xae4   0x10  Data  Lc  UARTCC26XX.orm3 [5]
defaultPinConfig        0x2000'0ed8    0x4  Data  Lc  PINCC26XX.orm3 [5]
disableLfClkQualifiersEnableClkLoss
                             0x11a7   0x30  Code  Lc  PowerCC26XX.orm3 [5]
dmaADCAltControlTableEntry {Abs}
                        0x2000'0670   0x10  Data  Lc  ADCBufCC26XX.orm3 [5]
dmaADCPriControlTableEntry {Abs}
                        0x2000'0470   0x10  Data  Lc  ADCBufCC26XX.orm3 [5]
dmaGPT0AAltControlTableEntry {Abs}
                        0x2000'0690   0x10  Data  Lc  ADCBufCC26XX.orm3 [5]
dmaGPT0APriControlTableEntry {Abs}
                        0x2000'0490   0x10  Data  Lc  ADCBufCC26XX.orm3 [5]
doEnablePolicy          0x2000'14d9    0x1  Data  Lc  SemaphoreP_nortos.orm3 [7]
driverlib_release_0_55724
                        0x2000'14dc    0x1  Data  Gb  driverlib_release.o [4]
dummy_stack             0x2000'4c00    0x4  Data  Lc  startup_cc13xx_cc26xx_iar.orm3 [7]
emptyClockFunc               0x11a5    0x2  Code  Lc  PowerCC26XX.orm3 [5]
exit                         0x4afd    0x4  Code  Gb  exit.o [3]
faultISR                     0x4ae7    0x2  Code  Lc  startup_cc13xx_cc26xx_iar.orm3 [7]
g_pfnRAMVectors         0x2000'1100   0xc8  Data  Lc  interrupt.o [4]
gptClear                0x2000'0808    0x1  Data  Lc  ADCBufCC26XX.orm3 [5]
gptimerCC26XXObjects    0x2000'0d38  0x120  Data  Gb  CC1350_LAUNCHXL_433.o [1]
gptimerCC26xxHWAttrs         0x483c   0x60  Data  Gb  CC1350_LAUNCHXL_433.o [1]
intDefaultHandler            0x4ae9    0x2  Code  Lc  startup_cc13xx_cc26xx_iar.orm3 [7]
isFlowControlEnabled           0xdf   0x14  Code  Lc  UARTCC26XX.orm3 [5]
isInitialized           0x2000'14da    0x1  Data  Lc  ADCBuf.orm3 [5]
isInitialized           0x2000'14db    0x1  Data  Lc  UART.orm3 [5]
lfClockReadyCallback         0x11d9   0x60  Code  Lc  PowerCC26XX.orm3 [5]
main                         0x4aeb   0x12  Code  Gb  main_nortos.o [1]
mainThread                   0x42f5   0x8a  Code  Gb  adcBufContinuousSampling.o [1]
microVoltBuffer         0x2000'0f2c   0xc8  Data  Gb  adcBufContinuousSampling.o [1]
nmiISR                       0x4ae5    0x2  Code  Lc  startup_cc13xx_cc26xx_iar.orm3 [7]
nopResourceHandler           0x1239    0x4  Code  Lc  PowerCC26XX.orm3 [5]
notify                       0x123d   0x2c  Code  Lc  PowerCC26XX.orm3 [5]
oscHfGlobals            0x2000'14a4   0x14  Data  Lc  osc.o [4]
out                          0x447f   0x18  Code  Lc  xprintftiny.o [3]
parityType                    0xafc   0x14  Data  Lc  UARTCC26XX.orm3 [5]
pendInProgress          0x2000'14d8    0x1  Data  Lc  SemaphoreP_nortos.orm3 [7]
pinGpioConfigTable      0x2000'1424   0x20  Data  Lc  PINCC26XX.orm3 [5]
pinHandleTable          0x2000'0e5c   0x7c  Data  Gb  PINCC26XX.orm3 [5]
pinHwi                  0x2000'1448   0x1c  Data  Lc  PINCC26XX.orm3 [5]
pinLowerBound           0x2000'1444    0x4  Data  Gb  PINCC26XX.orm3 [5]
pinSemaphore            0x2000'0f10   0x1c  Data  Lc  PINCC26XX.orm3 [5]
pinSwi                  0x2000'0edc   0x34  Data  Lc  PINCC26XX.orm3 [5]
pinUpperBound           0x2000'0e58    0x4  Data  Gb  PINCC26XX.orm3 [5]
powerQualGlobals        0x2000'14c4    0x8  Data  Lc  sys_ctrl.o [4]
readData                      0x16f   0x2e  Code  Lc  UARTCC26XX.orm3 [5]
readData2RingBuf              0x19d   0x28  Code  Lc  UARTCC26XX.orm3 [5]
readSemCallback               0x137    0x8  Code  Lc  UARTCC26XX.orm3 [5]
resourceDB                   0x48fc   0x4c  Data  Gb  PowerCC26XX.orm3 [5]
rxFifoBytes                   0xb28    0x8  Data  Lc  UARTCC26XX.orm3 [5]
rxFifoThreshold               0xb18    0x8  Data  Lc  UARTCC26XX.orm3 [5]
sampleBufferOne         0x2000'1310   0x64  Data  Gb  adcBufContinuousSampling.o [1]
sampleBufferTwo         0x2000'1374   0x64  Data  Gb  adcBufContinuousSampling.o [1]
sleep                        0x447b    0x4  Code  Gb  posix_sleep.orm3 [7]
sleepTicks                   0x1881   0x22  Code  Lc  ClockPTimer_nortos.orm3 [7]
snprintf                     0x43b1   0x44  Code  Gb  snprintf.o [3]
startTxFifoEmptyClk           0x1d1   0x46  Code  Lc  UARTCC26XX.orm3 [5]
stopBits                      0xaf4    0x8  Data  Lc  UARTCC26XX.orm3 [5]
strlen                       0x45bd         Code  Gb  strlen.o [8]
switchXOSCHFclockFunc        0x127d   0x68  Code  Lc  PowerCC26XX.orm3 [5]
threadSafeStdbyDisRelease
                              0x10d   0x18  Code  Lc  UARTCC26XX.orm3 [5]
threadSafeStdbyDisSet          0xf3   0x1a  Code  Lc  UARTCC26XX.orm3 [5]
timerFreq               0x2000'07bc    0x8  Data  Lc  ClockPTimer_nortos.orm3 [7]
txFifoBytes                   0xb20    0x8  Data  Lc  UARTCC26XX.orm3 [5]
txFifoThreshold               0xb10    0x8  Data  Lc  UARTCC26XX.orm3 [5]
uart                    0x2000'14d0    0x4  Data  Gb  adcBufContinuousSampling.o [1]
uartCC26XXHWAttrs            0x49b4   0x28  Data  Gb  CC1350_LAUNCHXL_433.o [1]
uartCC26XXObjects       0x2000'0c0c  0x12c  Data  Gb  CC1350_LAUNCHXL_433.o [1]
uartCC26XXRingBuffer    0x2000'1464   0x20  Data  Gb  CC1350_LAUNCHXL_433.o [1]
uartCallback                 0x42f3    0x2  Code  Gb  adcBufContinuousSampling.o [1]
uartPostNotify                0xad5   0x10  Code  Lc  UARTCC26XX.orm3 [5]
uartTxBuffer            0x2000'080c  0x400  Data  Gb  adcBufContinuousSampling.o [1]
udmaHWAttrs                  0x4bd8    0x8  Data  Gb  CC1350_LAUNCHXL_433.o [1]
udmaObjects             0x2000'1484   0x20  Data  Gb  CC1350_LAUNCHXL_433.o [1]
usecsPerTimerTick       0x2000'07c8    0x4  Data  Lc  ClockPTimer_nortos.orm3 [7]
writeData                     0x13f   0x30  Code  Lc  UARTCC26XX.orm3 [5]
writeFinishedDoCallback
                              0x217   0x46  Code  Lc  UARTCC26XX.orm3 [5]
writeSemCallback              0x12f    0x8  Code  Lc  UARTCC26XX.orm3 [5]
writeTxFifoFlush              0x25d   0x7a  Code  Lc  UARTCC26XX.orm3 [5]


[1] = G:\CC1350_ws\adcbufcontinuous\Debug\Obj
[2] = display.arm3
[3] = dl7M_tln.a
[4] = driverlib.lib
[5] = drivers_cc13x0.arm3
[6] = m7M_tl.a
[7] = nortos_cc13x0.arm3
[8] = rt7M_tl.a
[9] = shb_l.a

  18 542 bytes of readonly  code memory
   1 030 bytes of readonly  data memory
   4 666 bytes of readwrite data memory

Errors: none
Warnings: none
