###############################################################################
#
# IAR ELF Linker V8.32.1.169/W32 for ARM                  28/Jul/2020  10:16:26
# Copyright 2007-2018 IAR Systems AB.
#
#    Output file  =  E:\CC1350_ws\display\Debug\Exe\display.out
#    Map file     =  E:\CC1350_ws\display\Debug\List\display.map
#    Command line =  
#        -f C:\Users\AA\AppData\Local\Temp\EW2CD1.tmp
#        (E:\CC1350_ws\display\Debug\Obj\CC1350_LAUNCHXL.o
#        E:\CC1350_ws\display\Debug\Obj\CC1350_LAUNCHXL_fxns.o
#        E:\CC1350_ws\display\Debug\Obj\ccfg.o
#        E:\CC1350_ws\display\Debug\Obj\display.o
#        E:\CC1350_ws\display\Debug\Obj\main_nortos.o
#        E:\CC1350_ws\display\Debug\Obj\splash_image.o --no_out_extension -o
#        E:\CC1350_ws\display\Debug\Exe\display.out --map
#        E:\CC1350_ws\display\Debug\List\display.map --config
#        c:/ti/simplelink_cc13x0_sdk_3_20_00_23/examples/nortos/CC1350_LAUNCHXL/drivers/display/iar/CC1350_LAUNCHXL_NoRTOS.icf
#        c:/ti/simplelink_cc13x0_sdk_3_20_00_23/source/ti/display/lib/display.arm3
#        c:/ti/simplelink_cc13x0_sdk_3_20_00_23/source/ti/grlib/lib/iar/m3/grlib.a
#        c:/ti/simplelink_cc13x0_sdk_3_20_00_23/source/third_party/spiffs/lib/iar/m3/spiffs_cc26xx.a
#        c:/ti/simplelink_cc13x0_sdk_3_20_00_23/source/ti/drivers/rf/lib/rf_multiMode_cc13x0.arm3
#        c:/ti/simplelink_cc13x0_sdk_3_20_00_23/source/ti/drivers/lib/drivers_cc13x0.arm3
#        c:/ti/simplelink_cc13x0_sdk_3_20_00_23/kernel/nortos/lib/nortos_cc13x0.arm3
#        c:/ti/simplelink_cc13x0_sdk_3_20_00_23/source/ti/devices/cc13x0/driverlib/bin/iar/driverlib.lib
#        --silent --cpu=Cortex-M3 --semihosting --entry __iar_program_start
#        --vfe --text_out locale)
#
###############################################################################

*******************************************************************************
*** RUNTIME MODEL ATTRIBUTES
***

CppFlavor       = *
__Heap_Handler  = DLMalloc
__SystemLibrary = DLib
__dlib_version  = 6


*******************************************************************************
*** HEAP SELECTION
***

The advanced heap was selected because the application calls memory
allocation functions outside of system library functions, and there
are calls to deallocation functions in the application.


*******************************************************************************
*** RESERVED RANGES
***

Ranges reserved by absolute symbols:

         From           To  Size
         ----           --  ----
  0x2000'0430  0x2000'043f  0x10
  0x2000'0440  0x2000'044f  0x10
  0x2000'0500  0x2000'050f  0x10
  0x2000'0510  0x2000'051f  0x10


*******************************************************************************
*** PLACEMENT SUMMARY
***

"A0":  place at 0x0 { ro section .intvec };
"A1":  place at end of [from 0x0 to 0x1'ffff] { ro section .ccfg };
"P1":  place in [from 0x0 to 0x1'ffff] { ro };
"P2":  place in [from 0x2000'0000 to 0x2000'4fff] { rw };
define block HEAP with size = 256, alignment = 8 { };
"P3":  place in [from 0x2000'0000 to 0x2000'4fff] { block HEAP };
define block CSTACK with size = 1K, alignment = 8 { section .stack };
"A2":  place at end of [from 0x2000'0000 to 0x2000'4fff] { block CSTACK };
do not initialize { section .stack, section .noinit };
initialize by copy { rw };
keep { section .intvec };
keep { section .ccfg };

  Section            Kind         Address    Size  Object
  -------            ----         -------    ----  ------
"A0":                                        0xc8
  .intvec            const            0x0    0xc8  startup_cc13xx_cc26xx_iar.orm3 [8]
                                   - 0xc8    0xc8

"P1":                                      0x84ff
  .text              ro code         0xc8  0x14e0  dlmalloc.o [3]
  .text              ro code       0x15a8     0x6  abort.o [3]
  .text              ro code       0x15ae    0x3a  zero_init3.o [9]
  .text              ro code       0x15e8    0x2c  xgetmemchunk.o [3]
  .text              ro code       0x1614    0x14  exit.o [10]
  .text              ro code       0x1628   0xa68  UARTCC26XX.orm3 [5]
  .text              ro code       0x2090    0xf8  HwiPCC26XX_nortos.orm3 [8]
  .text              ro code       0x2188   0x760  PowerCC26XX.orm3 [5]
  .text              ro code       0x28e8   0x178  SemaphoreP_nortos.orm3 [8]
  .text              ro code       0x2a60    0x88  RingBuf.orm3 [5]
  .text              ro code       0x2ae8   0x39a  ClockPTimer_nortos.orm3 [8]
  .rodata            const         0x2e82     0x1  CC1350_LAUNCHXL.o [1]
  .rodata            const         0x2e83     0x1  CC1350_LAUNCHXL.o [1]
  .text              ro code       0x2e84   0x250  SwiP_nortos.orm3 [8]
  .text              ro code       0x30d4   0x5c0  PINCC26XX.orm3 [5]
  .text              ro code       0x3694    0x18  cpu.o [4]
  .text              ro code       0x36ac    0x40  interrupt.o [4]
  .text              ro code       0x36ec   0x170  osc.o [4]
  .text              ro code       0x385c    0x4c  List.orm3 [5]
  .text              ro code       0x38a8   0x118  PowerCC26XX_nortos.orm3 [8]
  .text              ro code       0x39c0    0x10  vims.o [4]
  .text              ro code       0x39d0   0x2c4  sys_ctrl.o [4]
  .text              ro code       0x3c94   0x4ac  PowerCC26XX_calibrateRCOSC.orm3 [5]
  .text              ro code       0x4140     0x4  heaptramp0.o [3]
  .text              ro code       0x4144    0x6a  QueueP_nortos.orm3 [8]
  .rodata            const         0x41ae     0x1  CC1350_LAUNCHXL.o [1]
  .text              ro code       0x41b0   0x25c  TimerPCC26XX_nortos.orm3 [8]
  .text              ro code       0x440c   0x106  I64DivMod_small.o [9]
  .text              ro code       0x4514    0x76  ABImemcpy_unaligned.o [9]
  .text              ro code       0x458c    0xae  chipinfo.o [4]
  .text              ro code       0x463c    0x2c  adi.o [4]
  .text              ro code       0x4668    0x2c  aon_rtc.o [4]
  .text              ro code       0x4694    0x28  aon_batmon.o [4]
  .text              ro code       0x46bc     0x2  I64DivZer.o [9]
  .text              ro code       0x46c0   0x958  SPICC26XXDMA.orm3 [5]
  .text              ro code       0x5018    0xb8  UDMACC26XX.orm3 [5]
  .text              ro code       0x50d0   0x51c  setup_rom.o [4]
  .text              ro code       0x55ec    0x52  ddi.o [4]
  .text              ro code       0x5640   0x450  SharpGrLib.orm3 [2]
  .text              ro code       0x5a90     0x6  ABImemclr.o [9]
  .text              ro code       0x5a98    0x66  ABImemset.o [9]
  .text              ro code       0x5b00   0x2c4  GPIOCC26XX.orm3 [5]
  .text              ro code       0x5dc4    0xac  SPI.orm3 [5]
  .text              ro code       0x5e70    0x3a  ABImemset48.o [9]
  .text              ro code       0x5eaa   0x402  string.obj [6]
  .text              ro code       0x62ac    0x76  line.obj [6]
  .text              ro code       0x6322    0xee  display.obj [6]
  .text              ro code       0x6410   0x332  image.obj [6]
  .text              ro code       0x6744   0x324  DisplaySharp.orm3 [2]
  .text              ro code       0x6a68    0x84  context.obj [6]
  .text              ro code       0x6aec    0xe0  rectangle.obj [6]
  .text              ro code       0x6bcc   0x2dc  SystemP_nortos.orm3 [8]
  .text              ro code       0x6ea8    0x36  strlen.o [9]
  .text              ro code       0x6ee0    0x2e  DblCmpLe.o [7]
  .text              ro code       0x6f10    0x3a  DblToS32.o [7]
  .text              ro code       0x6f4c    0x22  S32ToDbl.o [7]
  .text              ro code       0x6f70    0xe2  DblSub.o [7]
  .text              ro code       0x7054   0x1a2  DblMul.o [7]
  .text              ro code       0x71f8    0x28  DblToU32.o [7]
  .text              ro code       0x7220   0x16a  DblAdd.o [7]
  .rodata            const         0x738c   0x2f8  fontfixed6x8.obj [6]
  .text              ro code       0x7684   0x240  DisplayUart.orm3 [2]
  .text              ro code       0x78c4    0x96  UART.orm3 [5]
  .text              ro code       0x795c   0x238  display.o [1]
  .text              ro code       0x7b94    0xc5  Display.orm3 [2]
  .text              ro code       0x7c5a     0x4  posix_sleep.orm3 [8]
  .text              ro code       0x7c5e    0x18  DisplayExt.orm3 [2]
  .rodata            const         0x7c78   0x194  splash_image.o [1]
  .text              ro code       0x7e0c   0x154  setup.o [4]
  .text              ro code       0x7f60    0xf4  CC1350_LAUNCHXL_fxns.o [1]
  .rodata            const         0x8054    0xc8  fontfixed6x8.obj [6]
  .rodata            const         0x811c    0x4c  PowerCC26XX.orm3 [5]
  .rodata            const         0x8168    0x40  CC1350_LAUNCHXL.o [1]
  .text              ro code       0x81a8    0x38  packbits_init_single.o [9]
  .rodata            const         0x81e0    0x34  CC1350_LAUNCHXL.o [1]
  .rodata            const         0x8214    0x28  CC1350_LAUNCHXL.o [1]
  .rodata            const         0x823c    0x28  UARTCC26XX.orm3 [5]
  .text              ro code       0x8264    0x28  data_init.o [9]
  .rodata            const         0x828c    0x24  UART.orm3 [5]
  .text              ro code       0x82b0    0x24  CC1350_LAUNCHXL.o [1]
  .iar.init_table    const         0x82d4    0x20  - Linker created -
  .rodata            const         0x82f4    0x20  DisplaySharp.orm3 [2]
  .rodata            const         0x8314    0x20  DisplayUart.orm3 [2]
  .rodata            const         0x8334    0x20  SharpGrLib.orm3 [2]
  .text              ro code       0x8354    0x1e  cmain.o [9]
  .text              ro code       0x8372    0x14  startup_cc13xx_cc26xx_iar.orm3 [8]
  .text              ro code       0x8386    0x12  main_nortos.o [1]
  .text              ro code       0x8398     0x4  exit.o [3]
  .text              ro code       0x839c     0x4  NoRTOS.orm3 [8]
  .text              ro code       0x83a0     0xa  cexit.o [9]
  .rodata            const         0x83ac    0x18  CC1350_LAUNCHXL.o [1]
  .rodata            const         0x83c4    0x18  CC1350_LAUNCHXL.o [1]
  .rodata            const         0x83dc    0x18  CC1350_LAUNCHXL.o [1]
  .rodata            const         0x83f4    0x18  CC1350_LAUNCHXL.o [1]
  .rodata            const         0x840c    0x18  display.o [1]
  .rodata            const         0x8424    0x18  SPICC26XXDMA.orm3 [5]
  .rodata            const         0x843c    0x14  CC1350_LAUNCHXL.o [1]
  .rodata            const         0x8450    0x14  CC1350_LAUNCHXL.o [1]
  .rodata            const         0x8464    0x14  CC1350_LAUNCHXL_fxns.o [1]
  .rodata            const         0x8478    0x10  display.o [1]
  .rodata            const         0x8488    0x10  display.o [1]
  .rodata            const         0x8498    0x10  display.o [1]
  .rodata            const         0x84a8    0x10  display.o [1]
  .rodata            const         0x84b8    0x10  display.o [1]
  .rodata            const         0x84c8    0x10  display.o [1]
  .rodata            const         0x84d8    0x10  display.o [1]
  .rodata            const         0x84e8    0x10  splash_image.o [1]
  .rodata            const         0x84f8     0xc  CC1350_LAUNCHXL.o [1]
  .rodata            const         0x8504     0xc  display.o [1]
  .rodata            const         0x8510     0xc  display.o [1]
  .text              ro code       0x851c     0xc  cstartup_M.o [9]
  .rodata            const         0x8528     0x8  CC1350_LAUNCHXL.o [1]
  .rodata            const         0x8530     0x8  CC1350_LAUNCHXL.o [1]
  .rodata            const         0x8538     0x8  CC1350_LAUNCHXL.o [1]
  .rodata            const         0x8540     0x8  CC1350_LAUNCHXL_fxns.o [1]
  .rodata            const         0x8548     0x8  display.o [1]
  .rodata            const         0x8550     0x8  display.o [1]
  .rodata            const         0x8558     0x8  display.o [1]
  .rodata            const         0x8560     0x0  zero_init3.o [9]
  .rodata            const         0x8560     0x0  packbits_init_single.o [9]
  Initializer bytes  const         0x8560    0x67  <for P2-P3-1>
                                 - 0x85c7  0x84ff

"A1":                                        0x58
  .ccfg              const       0x1'ffa8    0x58  ccfg.o [1]
                               - 0x2'0000    0x58

"P2-P3", part 1 of 3:                       0x204
  P2-P3-1                     0x2000'0520   0x204  <Init block>
    .data            inited   0x2000'0520    0x30  CC1350_LAUNCHXL.o [1]
    .data            inited   0x2000'0550     0x8  splash_image.o [1]
    .data            inited   0x2000'0558   0x114  PowerCC26XX.orm3 [5]
    .data            inited   0x2000'066c    0x40  GPIOCC26XX.orm3 [5]
    .data            inited   0x2000'06ac    0x14  ClockPTimer_nortos.orm3 [8]
    .data            inited   0x2000'06c0     0x4  HwiPCC26XX_nortos.orm3 [8]
    .data            inited   0x2000'06c4     0x9  SemaphoreP_nortos.orm3 [8]
    .data            inited   0x2000'06d0    0x24  SharpGrLib.orm3 [2]
    .data            inited   0x2000'06f4    0x30  TimerPCC26XX_nortos.orm3 [8]
                            - 0x2000'0724   0x204

"P2-P3", part 2 of 3:                      0x1640
  .bss               zero     0x2000'0724   0x800  CC1350_LAUNCHXL.o [1]
  .bss               zero     0x2000'0f24   0x400  image.obj [6]
  .bss               zero     0x2000'1324   0x1d8  dlmalloc.o [3]
  .bss               zero     0x2000'14fc   0x1c8  CC1350_LAUNCHXL.o [1]
  .bss               zero     0x2000'16c4   0x12c  CC1350_LAUNCHXL.o [1]
  .bss               zero     0x2000'17f0    0xd4  PINCC26XX.orm3 [5]
  .bss               zero     0x2000'18c4    0xc8  HwiPCC26XX_nortos.orm3 [8]
  .vtable_ram        zero     0x2000'1a00    0xc8  interrupt.o [4]
  .bss               zero     0x2000'1ac8    0xa0  ClockPTimer_nortos.orm3 [8]
  .bss               zero     0x2000'1b68    0x80  CC1350_LAUNCHXL.o [1]
  .bss               zero     0x2000'1be8    0x4c  SwiP_nortos.orm3 [8]
  .bss               zero     0x2000'1c34    0x44  CC1350_LAUNCHXL.o [1]
  .bss               zero     0x2000'1c78    0x40  PINCC26XX.orm3 [5]
  .bss               zero     0x2000'1cb8    0x20  CC1350_LAUNCHXL.o [1]
  .bss               zero     0x2000'1cd8    0x20  CC1350_LAUNCHXL.o [1]
  .bss               zero     0x2000'1cf8    0x18  dlmalloc.o [3]
  .bss               zero     0x2000'1d10    0x14  osc.o [4]
  .bss               zero     0x2000'1d24    0x10  CC1350_LAUNCHXL.o [1]
  .bss               zero     0x2000'1d34     0xc  CC1350_LAUNCHXL.o [1]
  .bss               zero     0x2000'1d40     0xc  ClockPTimer_nortos.orm3 [8]
  .bss               zero     0x2000'1d4c     0x8  sys_ctrl.o [4]
  .bss               zero     0x2000'1d54     0x4  PowerCC26XX_nortos.orm3 [8]
  .bss               zero     0x2000'1d58     0x4  xgetmemchunk.o [3]
  .bss               zero     0x2000'1d5c     0x2  SemaphoreP_nortos.orm3 [8]
  .bss               zero     0x2000'1d5e     0x1  SPI.orm3 [5]
  .bss               zero     0x2000'1d5f     0x1  UART.orm3 [5]
  .bss               zero     0x2000'1d60     0x1  driverlib_release.o [4]
                            - 0x2000'1d61  0x163d

"P2-P3", part 3 of 3:                       0x100
  HEAP                        0x2000'1d68   0x100  <Block>
    HEAP             uninit   0x2000'1d68   0x100  <Block tail>
                            - 0x2000'1e68   0x100

"A2":                                       0x400
  CSTACK                      0x2000'4c00   0x400  <Block>
    .stack           uninit   0x2000'4c00     0x4  startup_cc13xx_cc26xx_iar.orm3 [8]
    CSTACK           uninit   0x2000'4c04   0x3fc  <Block tail>
                            - 0x2000'5000   0x400

Unused ranges:

         From           To      Size
         ----           --      ----
       0x85c7     0x1'ffa7  0x1'79e1
  0x2000'0000  0x2000'042f     0x430
  0x2000'0450  0x2000'04ff      0xb0
  0x2000'1d64  0x2000'1d67       0x4
  0x2000'1e68  0x2000'4bff    0x2d98


*******************************************************************************
*** INIT TABLE
***

          Address      Size
          -------      ----
Zero (__iar_zero_init3)
    1 destination range, total size 0x163d:
          0x2000'0724  0x163d

Copy/packbits (__iar_packbits_init_single3)
    1 source range, total size 0x67 (19% of destination):
               0x8560    0x67
    1 destination range, total size 0x204:
          0x2000'0520   0x204



*******************************************************************************
*** MODULE SUMMARY
***

    Module                           ro code  ro data  rw data
    ------                           -------  -------  -------
command line/config:
    ----------------------------------------------------------
    Total:

E:\CC1350_ws\display\Debug\Obj: [1]
    CC1350_LAUNCHXL.o                     36      340    3 140
    CC1350_LAUNCHXL_fxns.o               244       28
    ccfg.o                                         88
    display.o                            568      184
    main_nortos.o                         18
    splash_image.o                                422        8
    ----------------------------------------------------------
    Total:                               866    1 062    3 148

display.arm3: [2]
    Display.orm3                         197
    DisplayExt.orm3                       24
    DisplaySharp.orm3                    804       32
    DisplayUart.orm3                     576       32
    SharpGrLib.orm3                    1 104       40       36
    ----------------------------------------------------------
    Total:                             2 705      104       36

dl7M_tln.a: [3]
    abort.o                                6
    dlmalloc.o                         5 344               496
    exit.o                                 4
    heaptramp0.o                           4
    xgetmemchunk.o                        44                 4
    ----------------------------------------------------------
    Total:                             5 402               500

driverlib.lib: [4]
    adi.o                                 44
    aon_batmon.o                          40
    aon_rtc.o                             44
    chipinfo.o                           174
    cpu.o                                 24
    ddi.o                                 82
    driverlib_release.o                                      1
    interrupt.o                           64               200
    osc.o                                368                20
    setup.o                              340
    setup_rom.o                        1 308
    sys_ctrl.o                           708                 8
    vims.o                                16
    ----------------------------------------------------------
    Total:                             3 212               229

drivers_cc13x0.arm3: [5]
    GPIOCC26XX.orm3                      708       13       64
    List.orm3                             76
    PINCC26XX.orm3                     1 472               276
    PowerCC26XX.orm3                   1 888      131      276
    PowerCC26XX_calibrateRCOSC.orm3    1 196
    RingBuf.orm3                         136
    SPI.orm3                             172                 1
    SPICC26XXDMA.orm3                  2 392       24
    UART.orm3                            150       36        1
    UARTCC26XX.orm3                    2 664       40
    UDMACC26XX.orm3                      184
    ----------------------------------------------------------
    Total:                            11 038      244      618

grlib.a: [6]
    context.obj                          132
    display.obj                          238
    fontfixed6x8.obj                              960
    image.obj                            818             1 024
    line.obj                             118
    rectangle.obj                        224
    string.obj                         1 026
    ----------------------------------------------------------
    Total:                             2 556      960    1 024

m7M_tl.a: [7]
    DblAdd.o                             362
    DblCmpLe.o                            46
    DblMul.o                             418
    DblSub.o                             226
    DblToS32.o                            58
    DblToU32.o                            40
    S32ToDbl.o                            34
    ----------------------------------------------------------
    Total:                             1 184

nortos_cc13x0.arm3: [8]
    ClockPTimer_nortos.orm3              922        4      192
    HwiPCC26XX_nortos.orm3               248               204
    NoRTOS.orm3                            4
    PowerCC26XX_nortos.orm3              280                 4
    QueueP_nortos.orm3                   106
    SemaphoreP_nortos.orm3               376        2       11
    SwiP_nortos.orm3                     592                76
    SystemP_nortos.orm3                  732
    TimerPCC26XX_nortos.orm3             604       10       48
    posix_sleep.orm3                       4
    startup_cc13xx_cc26xx_iar.orm3        20      200        4
    ----------------------------------------------------------
    Total:                             3 888      216      539

rt7M_tl.a: [9]
    ABImemclr.o                            6
    ABImemcpy_unaligned.o                118
    ABImemset.o                          102
    ABImemset48.o                         58
    I64DivMod_small.o                    262
    I64DivZer.o                            2
    cexit.o                               10
    cmain.o                               30
    cstartup_M.o                          12
    data_init.o                           40
    packbits_init_single.o                56
    strlen.o                              54
    zero_init3.o                          58
    ----------------------------------------------------------
    Total:                               808

shb_l.a: [10]
    exit.o                                20
    ----------------------------------------------------------
    Total:                                20

    Gaps                                  32        6      119
    Linker created                                 32    1 276
--------------------------------------------------------------
    Grand Total:                      31 711    2 624    7 489


*******************************************************************************
*** ENTRY LIST
***

Entry                       Address   Size  Type      Object
-----                       -------   ----  ----      ------
.iar.init_table$$Base        0x82d4          --   Gb  - Linker created -
.iar.init_table$$Limit       0x82f4          --   Gb  - Linker created -
?main                        0x8355         Code  Gb  cmain.o [9]
AONRTCCompareValueSet        0x41d1   0x18  Code  Lc  TimerPCC26XX_nortos.orm3 [8]
AONRTCEventClear             0x41b1   0x20  Code  Lc  TimerPCC26XX_nortos.orm3 [8]
AuxAdiDdiSafeWrite           0x55ed   0x34  Code  Lc  ddi.o [4]
BoardGpioInitTable           0x81e0   0x34  Data  Gb  CC1350_LAUNCHXL.o [1]
Board_init                   0x82cd    0x8  Code  Gb  CC1350_LAUNCHXL.o [1]
Board_initHook               0x804d    0x8  Code  Gb  CC1350_LAUNCHXL_fxns.o [1]
CC1350_LAUNCHXL_initGeneral
                             0x82b1   0x18  Code  Gb  CC1350_LAUNCHXL.o [1]
CC1350_LAUNCHXL_sendExtFlashByte
                             0x7f61   0x6c  Code  Gb  CC1350_LAUNCHXL_fxns.o [1]
CC1350_LAUNCHXL_shutDownExtFlash
                             0x8013   0x30  Code  Gb  CC1350_LAUNCHXL_fxns.o [1]
CC1350_LAUNCHXL_wakeUpExtFlash
                             0x7fcd   0x46  Code  Gb  CC1350_LAUNCHXL_fxns.o [1]
CPUwfi                       0x38a9    0x4  Code  Lc  PowerCC26XX_nortos.orm3 [8]
CSTACK$$Base            0x2000'4c00          --   Gb  - Linker created -
CSTACK$$Limit           0x2000'5000          --   Gb  - Linker created -
ClockP_Params_init           0x2ae9   0x10  Code  Gb  ClockPTimer_nortos.orm3 [8]
ClockP_add                   0x2d03   0x1a  Code  Gb  ClockPTimer_nortos.orm3 [8]
ClockP_construct             0x2cc9   0x3a  Code  Gb  ClockPTimer_nortos.orm3 [8]
ClockP_defaultParams    0x2000'1d40    0xc  Data  Lc  ClockPTimer_nortos.orm3 [8]
ClockP_destruct              0x2d1d   0x1a  Code  Gb  ClockPTimer_nortos.orm3 [8]
ClockP_doTick                0x2cc1    0x8  Code  Gb  ClockPTimer_nortos.orm3 [8]
ClockP_getCpuFreq            0x2db5    0xa  Code  Gb  ClockPTimer_nortos.orm3 [8]
ClockP_getTicks              0x2b7d    0x4  Code  Gb  ClockPTimer_nortos.orm3 [8]
ClockP_getTicksUntilInterrupt
                             0x2b81   0x2a  Code  Gb  ClockPTimer_nortos.orm3 [8]
ClockP_initialized      0x2000'06ac    0x1  Data  Lc  ClockPTimer_nortos.orm3 [8]
ClockP_isActive              0x2db1    0x4  Code  Gb  ClockPTimer_nortos.orm3 [8]
ClockP_module           0x2000'1ac8   0xa0  Data  Lc  ClockPTimer_nortos.orm3 [8]
ClockP_scheduleNextTick
                             0x2bab   0x16  Code  Gb  ClockPTimer_nortos.orm3 [8]
ClockP_setTimeout            0x2dad    0x4  Code  Gb  ClockPTimer_nortos.orm3 [8]
ClockP_sleep                 0x2ddd   0x1e  Code  Gb  ClockPTimer_nortos.orm3 [8]
ClockP_start                 0x2d37   0x70  Code  Gb  ClockPTimer_nortos.orm3 [8]
ClockP_startup               0x2af9   0x84  Code  Gb  ClockPTimer_nortos.orm3 [8]
ClockP_stop                  0x2da7    0x6  Code  Gb  ClockPTimer_nortos.orm3 [8]
ClockP_tickPeriod       0x2000'06b8    0x4  Data  Gb  ClockPTimer_nortos.orm3 [8]
ClockP_usleep                0x2dfb   0x4e  Code  Gb  ClockPTimer_nortos.orm3 [8]
ClockP_walkQueueDynamic
                             0x2bc1   0x60  Code  Gb  ClockPTimer_nortos.orm3 [8]
ClockP_workFuncDynamic       0x2c21   0x9e  Code  Gb  ClockPTimer_nortos.orm3 [8]
DDI32RegRead                 0x3c95   0x28  Code  Lc  PowerCC26XX_calibrateRCOSC.orm3 [5]
DisplayExt_doGetGraphicsContext
                             0x7c5f   0x18  Code  Gb  DisplayExt.orm3 [2]
DisplaySharp_clear           0x6823   0x28  Code  Gb  DisplaySharp.orm3 [2]
DisplaySharp_clearLines
                             0x684d   0x58  Code  Gb  DisplaySharp.orm3 [2]
DisplaySharp_close           0x6957   0x3e  Code  Gb  DisplaySharp.orm3 [2]
DisplaySharp_control         0x6995   0xb4  Code  Gb  DisplaySharp.orm3 [2]
DisplaySharp_fxnTable        0x82f4   0x20  Data  Gb  DisplaySharp.orm3 [2]
DisplaySharp_getType         0x6a49    0x4  Code  Gb  DisplaySharp.orm3 [2]
DisplaySharp_init            0x6745    0x2  Code  Gb  DisplaySharp.orm3 [2]
DisplaySharp_open            0x6747   0xdc  Code  Gb  DisplaySharp.orm3 [2]
DisplaySharp_vprintf         0x68a5   0xb2  Code  Gb  DisplaySharp.orm3 [2]
DisplayUartAnsi_clear        0x7701   0x28  Code  Gb  DisplayUart.orm3 [2]
DisplayUartAnsi_clearLines
                             0x7729   0x94  Code  Gb  DisplayUart.orm3 [2]
DisplayUartAnsi_close        0x7851   0x18  Code  Gb  DisplayUart.orm3 [2]
DisplayUartAnsi_control
                             0x7869    0x6  Code  Gb  DisplayUart.orm3 [2]
DisplayUartAnsi_fxnTable
                             0x8314   0x20  Data  Gb  DisplayUart.orm3 [2]
DisplayUartAnsi_getType
                             0x786f    0x6  Code  Gb  DisplayUart.orm3 [2]
DisplayUartAnsi_init         0x7685    0x2  Code  Gb  DisplayUart.orm3 [2]
DisplayUartAnsi_open         0x7689   0x78  Code  Gb  DisplayUart.orm3 [2]
DisplayUartAnsi_vprintf
                             0x77bd   0x94  Code  Gb  DisplayUart.orm3 [2]
Display_config               0x83c4   0x18  Data  Gb  CC1350_LAUNCHXL.o [1]
Display_count                0x2e82    0x1  Data  Gb  CC1350_LAUNCHXL.o [1]
Display_defaultParams        0x7c58    0x1  Data  Gb  Display.orm3 [2]
Display_doClear              0x7bf5    0xa  Code  Gb  Display.orm3 [2]
Display_doClearLines         0x7bff   0x10  Code  Gb  Display.orm3 [2]
Display_doGetType            0x7c27    0xa  Code  Gb  Display.orm3 [2]
Display_doInit               0x7c31   0x1e  Code  Gb  Display.orm3 [2]
Display_doOpen               0x7b95   0x58  Code  Gb  Display.orm3 [2]
Display_doParamsInit         0x7bed    0x8  Code  Gb  Display.orm3 [2]
Display_doPrintf             0x7c0f   0x18  Code  Gb  Display.orm3 [2]
GPIOCC26XX_config            0x8450   0x14  Data  Gb  CC1350_LAUNCHXL.o [1]
GPIO_hwiIntFxn               0x5b01   0x20  Code  Gb  GPIOCC26XX.orm3 [5]
GPIO_init                    0x5b21   0x96  Code  Gb  GPIOCC26XX.orm3 [5]
GPIO_init::initSem      0x2000'0698    0x4  Data  Lc  GPIOCC26XX.orm3 [5]
GPIO_read                    0x5bb7   0x1c  Code  Gb  GPIOCC26XX.orm3 [5]
GPIO_setCallback             0x5bd3   0x34  Code  Gb  GPIOCC26XX.orm3 [5]
GPIO_setConfig               0x5c09   0xda  Code  Gb  GPIOCC26XX.orm3 [5]
GPIO_toggle                  0x5ce3   0x2c  Code  Gb  GPIOCC26XX.orm3 [5]
GPIO_write                   0x5d0f   0x50  Code  Gb  GPIOCC26XX.orm3 [5]
Graphics_clearDisplay        0x6add   0x10  Code  Gb  context.obj [6]
Graphics_clearDisplayOnDisplay
                             0x63fd   0x14  Code  Gb  display.obj [6]
Graphics_convertPalette
                             0x6411   0x50  Code  Lc  image.obj [6]
Graphics_drawHorizontalLineOnDisplay
                             0x6393   0x32  Code  Gb  display.obj [6]
Graphics_drawImage           0x6465  0x2d6  Code  Gb  image.obj [6]
Graphics_drawLineH           0x62ad   0x76  Code  Gb  line.obj [6]
Graphics_drawMultiplePixelsOnDisplay
                             0x6347   0x4c  Code  Gb  display.obj [6]
Graphics_drawPixelOnDisplay
                             0x6323   0x24  Code  Gb  display.obj [6]
Graphics_drawString          0x5ec7  0x3e6  Code  Gb  string.obj [6]
Graphics_fillRectangle       0x6aed   0xe0  Code  Gb  rectangle.obj [6]
Graphics_fillRectangleOnDisplay
                             0x63c5   0x18  Code  Gb  display.obj [6]
Graphics_flushBuffer         0x6ad1    0xc  Code  Gb  context.obj [6]
Graphics_flushOnDisplay
                             0x63ef    0xe  Code  Gb  display.obj [6]
Graphics_getDisplayHeight
                             0x6acb    0x6  Code  Gb  context.obj [6]
Graphics_getDisplayWidth
                             0x6ac5    0x6  Code  Gb  context.obj [6]
Graphics_getImageHeight
                             0x673b    0x4  Code  Gb  image.obj [6]
Graphics_getImageWidth       0x673f    0x4  Code  Gb  image.obj [6]
Graphics_getNumberOfLeadingZeros
                             0x5eab   0x1c  Code  Lc  string.obj [6]
Graphics_initContext         0x6a69   0x2e  Code  Gb  context.obj [6]
Graphics_setBackgroundColor
                             0x6a97   0x14  Code  Gb  context.obj [6]
Graphics_setFont             0x6aab    0x8  Code  Gb  context.obj [6]
Graphics_setForegroundColor
                             0x6ab3   0x12  Code  Gb  context.obj [6]
Graphics_translateColorOnDisplay
                             0x63dd   0x12  Code  Gb  display.obj [6]
HEAP$$Base              0x2000'1d68          --   Gb  - Linker created -
HEAP$$Limit             0x2000'1e68          --   Gb  - Linker created -
HwiP_Params_init             0x2147   0x12  Code  Gb  HwiPCC26XX_nortos.orm3 [8]
HwiP_construct               0x20df   0x68  Code  Gb  HwiPCC26XX_nortos.orm3 [8]
HwiP_destruct                0x20b3   0x18  Code  Gb  HwiPCC26XX_nortos.orm3 [8]
HwiP_disable                 0x209b    0x6  Code  Gb  HwiPCC26XX_nortos.orm3 [8]
HwiP_dispatch                0x20cb   0x14  Code  Lc  HwiPCC26XX_nortos.orm3 [8]
HwiP_dispatchTable      0x2000'18c4   0xc8  Data  Lc  HwiPCC26XX_nortos.orm3 [8]
HwiP_enable                  0x2099    0x2  Code  Gb  HwiPCC26XX_nortos.orm3 [8]
HwiP_inISR                   0x2161   0x12  Code  Gb  HwiPCC26XX_nortos.orm3 [8]
HwiP_post                    0x2159    0x8  Code  Gb  HwiPCC26XX_nortos.orm3 [8]
HwiP_restore                 0x20a9    0xa  Code  Gb  HwiPCC26XX_nortos.orm3 [8]
HwiP_swiPIntNum         0x2000'06c0    0x4  Data  Gb  HwiPCC26XX_nortos.orm3 [8]
IntDefaultHandler            0x36ad    0x2  Code  Lc  interrupt.o [4]
IntMasterEnable              0x2091    0x8  Code  Lc  HwiPCC26XX_nortos.orm3 [8]
List_put                     0x385d   0x1c  Code  Gb  List.orm3 [5]
List_remove                  0x3889   0x20  Code  Gb  List.orm3 [5]
NOROM_AONBatMonTemperatureGetDegC
                             0x4695   0x28  Code  Gb  aon_batmon.o [4]
NOROM_AONRTCCurrent64BitValueGet
                             0x467d   0x12  Code  Gb  aon_rtc.o [4]
NOROM_AONRTCCurrentCompareValueGet
                             0x4669   0x14  Code  Gb  aon_rtc.o [4]
NOROM_CPUcpsid               0x3695    0x8  Code  Gb  cpu.o [4]
NOROM_CPUcpsie               0x369d    0x8  Code  Gb  cpu.o [4]
NOROM_CPUdelay               0x36a5    0x8  Code  Gb  cpu.o [4]
NOROM_ChipInfo_GetChipFamily
                             0x45a1   0x18  Code  Gb  chipinfo.o [4]
NOROM_ChipInfo_GetChipType
                             0x45b9   0x2a  Code  Gb  chipinfo.o [4]
NOROM_ChipInfo_GetHwRevision
                             0x45e3   0x34  Code  Gb  chipinfo.o [4]
NOROM_ChipInfo_GetPackageType
                             0x458d   0x14  Code  Gb  chipinfo.o [4]
NOROM_DDI32RegWrite          0x5635    0xa  Code  Gb  ddi.o [4]
NOROM_IntRegister            0x36af   0x28  Code  Gb  interrupt.o [4]
NOROM_IntUnregister          0x36d7    0xa  Code  Gb  interrupt.o [4]
NOROM_OSCClockSourceGet
                             0x3751   0x2a  Code  Gb  osc.o [4]
NOROM_OSCClockSourceSet
                             0x36f5   0x5c  Code  Gb  osc.o [4]
NOROM_OSCHF_AttemptToSwitchToXosc
                             0x378f   0x48  Code  Gb  osc.o [4]
NOROM_OSCHF_SwitchToRcOscTurnOffXosc
                             0x37d7   0x26  Code  Gb  osc.o [4]
NOROM_OSCHF_TurnOnXosc       0x377b   0x14  Code  Gb  osc.o [4]
NOROM_OSC_HPOSCRelativeFrequencyOffsetGet
                             0x37fd   0x36  Code  Gb  osc.o [4]
NOROM_OSC_HPOSCRelativeFrequencyOffsetToRFCoreFormatConvert
                             0x3833    0xc  Code  Gb  osc.o [4]
NOROM_SetupAfterColdResetWakeupFromShutDownCfg1
                             0x5143   0x96  Code  Gb  setup_rom.o [4]
NOROM_SetupAfterColdResetWakeupFromShutDownCfg2
                             0x51d9   0xdc  Code  Gb  setup_rom.o [4]
NOROM_SetupAfterColdResetWakeupFromShutDownCfg3
                             0x52bb   0xfe  Code  Gb  setup_rom.o [4]
NOROM_SetupGetTrimForAdcShModeEn
                             0x547b   0x12  Code  Gb  setup_rom.o [4]
NOROM_SetupGetTrimForAdcShVbufEn
                             0x548d   0x12  Code  Gb  setup_rom.o [4]
NOROM_SetupGetTrimForAmpcompCtrl
                             0x5425   0x44  Code  Gb  setup_rom.o [4]
NOROM_SetupGetTrimForAnabypassValue1
                             0x53b9   0x58  Code  Gb  setup_rom.o [4]
NOROM_SetupGetTrimForDblrLoopFilterResetVoltage
                             0x5469   0x12  Code  Gb  setup_rom.o [4]
NOROM_SetupGetTrimForRadcExtCfg
                             0x54b9   0x1a  Code  Gb  setup_rom.o [4]
NOROM_SetupGetTrimForRcOscLfIBiasTrim
                             0x54d3   0x12  Code  Gb  setup_rom.o [4]
NOROM_SetupGetTrimForRcOscLfRtuneCtuneTrim
                             0x5411   0x14  Code  Gb  setup_rom.o [4]
NOROM_SetupGetTrimForXoscHfCtl
                             0x549f   0x1a  Code  Gb  setup_rom.o [4]
NOROM_SetupGetTrimForXoscLfRegulatorAndCmirrwrRatio
                             0x54e5   0x12  Code  Gb  setup_rom.o [4]
NOROM_SetupSetAonRtcSubSecInc
                             0x553b   0x1e  Code  Gb  setup_rom.o [4]
NOROM_SetupSetCacheModeAccordingToCcfgSetting
                             0x54f7   0x44  Code  Gb  setup_rom.o [4]
NOROM_SetupSetVddrLevel
                             0x50d9   0x6a  Code  Gb  setup_rom.o [4]
NOROM_SetupTrimDevice        0x7e0d   0x6e  Code  Gb  setup.o [4]
NOROM_SysCtrlAdjustRechargeAfterPowerDown
                             0x3ba1   0x5a  Code  Gb  sys_ctrl.o [4]
NOROM_SysCtrlSetRechargeBeforePowerDown
                             0x39d9  0x1c8  Code  Gb  sys_ctrl.o [4]
NOROM_SysCtrl_DCDC_VoltageConditionalControl
                             0x3bfb   0x5a  Code  Gb  sys_ctrl.o [4]
NOROM_ThisLibraryIsFor_CC13x0_HwRev20AndLater_HaltIfViolated
                             0x4625   0x16  Code  Gb  chipinfo.o [4]
NOROM_VIMSModeGet            0x39c1   0x10  Code  Gb  vims.o [4]
NoRTOS_start                 0x839d    0x4  Code  Gb  NoRTOS.orm3 [8]
OSCHfSourceReady             0x2189   0x1e  Code  Lc  PowerCC26XX.orm3 [5]
OSCHfSourceSwitch            0x36ed    0x8  Code  Lc  osc.o [4]
PINCC26XX_getConfig          0x35e9   0x2c  Code  Gb  PINCC26XX.orm3 [5]
PINCC26XX_hwAttrs            0x8528    0x8  Data  Gb  CC1350_LAUNCHXL.o [1]
PINCC26XX_setIoCfg           0x312b   0xd8  Code  Lc  PINCC26XX.orm3 [5]
PINCC26XX_setIoCfgMux        0x3203   0x1e  Code  Lc  PINCC26XX.orm3 [5]
PINCC26XX_setMux             0x3615   0x2a  Code  Gb  PINCC26XX.orm3 [5]
PIN_add                      0x343f   0x5a  Code  Gb  PINCC26XX.orm3 [5]
PIN_close                    0x34f3   0x1a  Code  Gb  PINCC26XX.orm3 [5]
PIN_ctz                      0x30d5    0xa  Code  Lc  PINCC26XX.orm3 [5]
PIN_getConfig                0x35a7   0x14  Code  Gb  PINCC26XX.orm3 [5]
PIN_hwi                      0x3117   0x14  Code  Lc  PINCC26XX.orm3 [5]
PIN_init                     0x3221  0x190  Code  Gb  PINCC26XX.orm3 [5]
PIN_open                     0x33b1   0x8e  Code  Gb  PINCC26XX.orm3 [5]
PIN_registerIntCb            0x359b    0xc  Code  Gb  PINCC26XX.orm3 [5]
PIN_remove                   0x34a3   0x50  Code  Gb  PINCC26XX.orm3 [5]
PIN_setConfig                0x35bb   0x2e  Code  Gb  PINCC26XX.orm3 [5]
PIN_setInterrupt             0x356d   0x2e  Code  Gb  PINCC26XX.orm3 [5]
PIN_setOutputEnable          0x350d   0x34  Code  Gb  PINCC26XX.orm3 [5]
PIN_setOutputValue           0x3541   0x2c  Code  Gb  PINCC26XX.orm3 [5]
PIN_swi                      0x30df   0x38  Code  Lc  PINCC26XX.orm3 [5]
PRCMSleep                    0x38ad    0x2  Code  Lc  PowerCC26XX_nortos.orm3 [8]
PowerCC26XX_RCOSC_clockFunc
                             0x3f89   0x46  Code  Gb  PowerCC26XX_calibrateRCOSC.orm3 [5]
PowerCC26XX_auxISR           0x3d19  0x120  Code  Gb  PowerCC26XX_calibrateRCOSC.orm3 [5]
PowerCC26XX_calibrate        0x26ab   0x50  Code  Gb  PowerCC26XX.orm3 [5]
PowerCC26XX_config           0x83dc   0x18  Data  Gb  CC1350_LAUNCHXL.o [1]
PowerCC26XX_doCalibrate
                             0x3e39  0x13e  Code  Gb  PowerCC26XX_calibrateRCOSC.orm3 [5]
PowerCC26XX_initiateCalibration
                             0x3cbd   0x5c  Code  Gb  PowerCC26XX_calibrateRCOSC.orm3 [5]
PowerCC26XX_module      0x2000'0558  0x114  Data  Gb  PowerCC26XX.orm3 [5]
PowerCC26XX_schedulerDisable
                             0x3989    0xc  Code  Gb  PowerCC26XX_nortos.orm3 [8]
PowerCC26XX_schedulerRestore
                             0x3995    0x8  Code  Gb  PowerCC26XX_nortos.orm3 [8]
PowerCC26XX_standbyPolicy
                             0x38af   0xda  Code  Gb  PowerCC26XX_nortos.orm3 [8]
PowerCC26XX_swiKey      0x2000'1d54    0x4  Data  Lc  PowerCC26XX_nortos.orm3 [8]
Power_disablePolicy          0x21a7   0x10  Code  Gb  PowerCC26XX.orm3 [5]
Power_enablePolicy           0x21b7    0xc  Code  Gb  PowerCC26XX.orm3 [5]
Power_getConstraintMask
                             0x21c3    0x8  Code  Gb  PowerCC26XX.orm3 [5]
Power_getDependencyCount
                             0x21cb    0xc  Code  Gb  PowerCC26XX.orm3 [5]
Power_getTransitionLatency
                             0x21d7   0x1c  Code  Gb  PowerCC26XX.orm3 [5]
Power_idleFunc               0x21f3   0x16  Code  Gb  PowerCC26XX.orm3 [5]
Power_init                   0x2209  0x104  Code  Gb  PowerCC26XX.orm3 [5]
Power_registerNotify         0x230d   0x24  Code  Gb  PowerCC26XX.orm3 [5]
Power_releaseConstraint
                             0x2331   0x2c  Code  Gb  PowerCC26XX.orm3 [5]
Power_releaseDependency
                             0x235d   0x9e  Code  Gb  PowerCC26XX.orm3 [5]
Power_setConstraint          0x23fb   0x22  Code  Gb  PowerCC26XX.orm3 [5]
Power_setDependency          0x2425   0xa2  Code  Gb  PowerCC26XX.orm3 [5]
Power_sleep                  0x24c7  0x1c8  Code  Gb  PowerCC26XX.orm3 [5]
Power_unregisterNotify       0x268f   0x1c  Code  Gb  PowerCC26XX.orm3 [5]
QueueP_empty                 0x4147    0xe  Code  Gb  QueueP_nortos.orm3 [8]
QueueP_get                   0x4155   0x14  Code  Gb  QueueP_nortos.orm3 [8]
QueueP_head                  0x4171    0x4  Code  Gb  QueueP_nortos.orm3 [8]
QueueP_init                  0x4145    0x2  Code  Gb  QueueP_nortos.orm3 [8]
QueueP_next                  0x417d    0x4  Code  Gb  QueueP_nortos.orm3 [8]
QueueP_put                   0x4181   0x18  Code  Gb  QueueP_nortos.orm3 [8]
QueueP_remove                0x41a1    0xe  Code  Gb  QueueP_nortos.orm3 [8]
Region$$Table$$Base          0x82d4          --   Gb  - Linker created -
Region$$Table$$Limit         0x82f4          --   Gb  - Linker created -
RingBuf_construct            0x2a61   0x12  Code  Gb  RingBuf.orm3 [5]
RingBuf_get                  0x2a73   0x2a  Code  Gb  RingBuf.orm3 [5]
RingBuf_put                  0x2aad   0x32  Code  Gb  RingBuf.orm3 [5]
SPICC26XXDMA_close           0x47c9   0x4e  Code  Gb  SPICC26XXDMA.orm3 [5]
SPICC26XXDMA_configDMA       0x48a3  0x10e  Code  Lc  SPICC26XXDMA.orm3 [5]
SPICC26XXDMA_control         0x4817   0x8c  Code  Gb  SPICC26XXDMA.orm3 [5]
SPICC26XXDMA_csnCallback
                             0x4ded   0x3c  Code  Lc  SPICC26XXDMA.orm3 [5]
SPICC26XXDMA_flushFifos
                             0x4aa1   0x34  Code  Lc  SPICC26XXDMA.orm3 [5]
SPICC26XXDMA_fxnTable        0x8424   0x18  Data  Gb  SPICC26XXDMA.orm3 [5]
SPICC26XXDMA_hwiFxn          0x49b1   0xa0  Code  Lc  SPICC26XXDMA.orm3 [5]
SPICC26XXDMA_init            0x4ad5    0xc  Code  Gb  SPICC26XXDMA.orm3 [5]
SPICC26XXDMA_initHw          0x4e29   0x4a  Code  Lc  SPICC26XXDMA.orm3 [5]
SPICC26XXDMA_initIO          0x4e75  0x122  Code  Lc  SPICC26XXDMA.orm3 [5]
SPICC26XXDMA_open            0x4ae1  0x10c  Code  Gb  SPICC26XXDMA.orm3 [5]
SPICC26XXDMA_swiFxn          0x4a51   0x50  Code  Lc  SPICC26XXDMA.orm3 [5]
SPICC26XXDMA_transfer        0x4bed  0x14c  Code  Gb  SPICC26XXDMA.orm3 [5]
SPICC26XXDMA_transferCallback
                             0x4de5    0x8  Code  Lc  SPICC26XXDMA.orm3 [5]
SPICC26XXDMA_transferCancel
                             0x4d39   0xa0  Code  Gb  SPICC26XXDMA.orm3 [5]
SPI_Params_init              0x5e41    0x8  Code  Gb  SPI.orm3 [5]
SPI_close                    0x5dc5    0x6  Code  Gb  SPI.orm3 [5]
SPI_config                   0x83f4   0x18  Data  Gb  CC1350_LAUNCHXL.o [1]
SPI_count                    0x2e83    0x1  Data  Gb  CC1350_LAUNCHXL.o [1]
SPI_defaultParams            0x5e50   0x20  Data  Gb  SPI.orm3 [5]
SPI_init                     0x5dcb   0x38  Code  Gb  SPI.orm3 [5]
SPI_open                     0x5e05   0x2e  Code  Gb  SPI.orm3 [5]
SPI_transfer                 0x5e49    0x6  Code  Gb  SPI.orm3 [5]
SSIDMADisable                0x46d3    0x4  Code  Lc  SPICC26XXDMA.orm3 [5]
SSIDisable                   0x46c1    0xc  Code  Lc  SPICC26XXDMA.orm3 [5]
SSIIntDisable                0x46cd    0x6  Code  Lc  SPICC26XXDMA.orm3 [5]
STACK_TOP {Abs}         0x2000'5000         Data  Gb  <internal module>
SafeHapiVoid                 0x463d   0x28  Code  Gb  adi.o [4]
SemaphoreP_construct         0x28eb   0x4c  Code  Gb  SemaphoreP_nortos.orm3 [8]
SemaphoreP_constructBinary
                             0x2937   0x1a  Code  Gb  SemaphoreP_nortos.orm3 [8]
SemaphoreP_create            0x2951   0x16  Code  Gb  SemaphoreP_nortos.orm3 [8]
SemaphoreP_createBinary
                             0x2967    0x8  Code  Gb  SemaphoreP_nortos.orm3 [8]
SemaphoreP_defaultParams
                        0x2000'06c4    0x8  Data  Gb  SemaphoreP_nortos.orm3 [8]
SemaphoreP_delete            0x298b    0x4  Code  Gb  SemaphoreP_nortos.orm3 [8]
SemaphoreP_destruct          0x2989    0x2  Code  Gb  SemaphoreP_nortos.orm3 [8]
SemaphoreP_initialized  0x2000'06cc    0x1  Data  Lc  SemaphoreP_nortos.orm3 [8]
SemaphoreP_pend              0x298f   0x8a  Code  Gb  SemaphoreP_nortos.orm3 [8]
SemaphoreP_post              0x2a19   0x3c  Code  Gb  SemaphoreP_nortos.orm3 [8]
SetupSignExtendVddrTrimValue
                             0x39d1    0x8  Code  Lc  sys_ctrl.o [4]
SetupSignExtendVddrTrimValue
                             0x50d1    0x8  Code  Lc  setup_rom.o [4]
SharpGrLib_clearScreen       0x59a7   0x72  Code  Lc  SharpGrLib.orm3 [2]
SharpGrLib_colorTranslate
                             0x58cb    0xa  Code  Lc  SharpGrLib.orm3 [2]
SharpGrLib_drawMultiple
                             0x5679   0x74  Code  Lc  SharpGrLib.orm3 [2]
SharpGrLib_flush             0x58d5   0xd2  Code  Lc  SharpGrLib.orm3 [2]
SharpGrLib_init              0x5641   0x12  Code  Gb  SharpGrLib.orm3 [2]
SharpGrLib_initializeDisplayBuffer
                             0x5a1d   0x62  Code  Lc  SharpGrLib.orm3 [2]
SharpGrLib_lineDrawH         0x56ed   0xa0  Code  Lc  SharpGrLib.orm3 [2]
SharpGrLib_lineDrawV         0x578d   0x4c  Code  Lc  SharpGrLib.orm3 [2]
SharpGrLib_pixelDraw         0x5653   0x26  Code  Lc  SharpGrLib.orm3 [2]
SharpGrLib_rectFill          0x57d9   0xf2  Code  Lc  SharpGrLib.orm3 [2]
SwiP_Params_init             0x2e85    0x8  Code  Gb  SwiP_nortos.orm3 [8]
SwiP_construct               0x2e8d   0xae  Code  Gb  SwiP_nortos.orm3 [8]
SwiP_currentTrigger     0x2000'1bf4    0x4  Data  Lc  SwiP_nortos.orm3 [8]
SwiP_defaultParams           0x30c4   0x10  Data  Lc  SwiP_nortos.orm3 [8]
SwiP_destruct                0x2f3b   0x28  Code  Gb  SwiP_nortos.orm3 [8]
SwiP_disable                 0x2f63   0x16  Code  Gb  SwiP_nortos.orm3 [8]
SwiP_dispatch                0x2f79   0x80  Code  Gb  SwiP_nortos.orm3 [8]
SwiP_getTrigger              0x3009    0x6  Code  Gb  SwiP_nortos.orm3 [8]
SwiP_handleHwi               0x2ff9   0x10  Code  Lc  SwiP_nortos.orm3 [8]
SwiP_hwiStruct          0x2000'1bf8   0x1c  Data  Lc  SwiP_nortos.orm3 [8]
SwiP_initialized        0x2000'1be9    0x1  Data  Lc  SwiP_nortos.orm3 [8]
SwiP_lockState          0x2000'1bf0    0x4  Data  Lc  SwiP_nortos.orm3 [8]
SwiP_or                      0x3025   0x16  Code  Gb  SwiP_nortos.orm3 [8]
SwiP_post                    0x303f   0x4a  Code  Gb  SwiP_nortos.orm3 [8]
SwiP_readyList          0x2000'1c14   0x20  Data  Lc  SwiP_nortos.orm3 [8]
SwiP_readyMask          0x2000'1bec    0x4  Data  Lc  SwiP_nortos.orm3 [8]
SwiP_restore                 0x3089   0x24  Code  Gb  SwiP_nortos.orm3 [8]
SwiP_schedulerRunning   0x2000'1be8    0x1  Data  Lc  SwiP_nortos.orm3 [8]
SystemP_snprintf             0x6bcd    0xe  Code  Gb  SystemP_nortos.orm3 [8]
SystemP_vsnprintf            0x6bdd    0x2  Code  Gb  SystemP_nortos.orm3 [8]
TimerP_Params_init           0x41e9    0xe  Code  Gb  TimerPCC26XX_nortos.orm3 [8]
TimerP_construct             0x41f7   0x8c  Code  Gb  TimerPCC26XX_nortos.orm3 [8]
TimerP_defaultParams    0x2000'06f4    0xc  Data  Lc  TimerPCC26XX_nortos.orm3 [8]
TimerP_dynamicStub           0x437d   0x16  Code  Gb  TimerPCC26XX_nortos.orm3 [8]
TimerP_getCount64            0x436b    0x4  Code  Gb  TimerPCC26XX_nortos.orm3 [8]
TimerP_getCurrentTick        0x4393   0x2a  Code  Gb  TimerPCC26XX_nortos.orm3 [8]
TimerP_getFreq               0x436f    0xc  Code  Gb  TimerPCC26XX_nortos.orm3 [8]
TimerP_getMaxTicks           0x4283   0x1e  Code  Gb  TimerPCC26XX_nortos.orm3 [8]
TimerP_handle           0x2000'0704    0x4  Data  Lc  TimerPCC26XX_nortos.orm3 [8]
TimerP_hwiStruct        0x2000'0708   0x1c  Data  Lc  TimerPCC26XX_nortos.orm3 [8]
TimerP_initDevice            0x43bd   0x28  Code  Gb  TimerPCC26XX_nortos.orm3 [8]
TimerP_initialized      0x2000'0700    0x1  Data  Lc  TimerPCC26XX_nortos.orm3 [8]
TimerP_setNextTick           0x42cb   0x32  Code  Gb  TimerPCC26XX_nortos.orm3 [8]
TimerP_setThreshold          0x42a1   0x2a  Code  Gb  TimerPCC26XX_nortos.orm3 [8]
TimerP_start                 0x430f   0x5c  Code  Gb  TimerPCC26XX_nortos.orm3 [8]
TimerP_startup               0x42fd   0x12  Code  Gb  TimerPCC26XX_nortos.orm3 [8]
TrimAfterColdResetWakeupFromShutDown
                             0x7e7b   0x90  Code  Lc  setup.o [4]
UARTCC26XX_close             0x1b2f   0x84  Code  Gb  UARTCC26XX.orm3 [5]
UARTCC26XX_control           0x1bb3   0x58  Code  Gb  UARTCC26XX.orm3 [5]
UARTCC26XX_fxnTable          0x823c   0x28  Data  Gb  UARTCC26XX.orm3 [5]
UARTCC26XX_hwiIntFxn         0x1837  0x148  Code  Gb  UARTCC26XX.orm3 [5]
UARTCC26XX_init              0x19e1    0x8  Code  Gb  UARTCC26XX.orm3 [5]
UARTCC26XX_initHw            0x1ef1   0x9a  Code  Lc  UARTCC26XX.orm3 [5]
UARTCC26XX_initIO            0x1f8b   0x74  Code  Lc  UARTCC26XX.orm3 [5]
UARTCC26XX_open              0x19e9  0x146  Code  Gb  UARTCC26XX.orm3 [5]
UARTCC26XX_read              0x1d5d  0x132  Code  Gb  UARTCC26XX.orm3 [5]
UARTCC26XX_readCancel        0x1e9d   0x42  Code  Gb  UARTCC26XX.orm3 [5]
UARTCC26XX_readPolling       0x1e95    0x2  Code  Gb  UARTCC26XX.orm3 [5]
UARTCC26XX_swiIntFxn         0x198b   0x50  Code  Gb  UARTCC26XX.orm3 [5]
UARTCC26XX_write             0x1c0b   0xcc  Code  Gb  UARTCC26XX.orm3 [5]
UARTCC26XX_writeCancel       0x1cd9   0x76  Code  Gb  UARTCC26XX.orm3 [5]
UARTCC26XX_writePolling
                             0x1cd7    0x2  Code  Gb  UARTCC26XX.orm3 [5]
UARTIntDisable               0x1633    0xc  Code  Lc  UARTCC26XX.orm3 [5]
UARTIntEnable                0x1629    0xa  Code  Lc  UARTCC26XX.orm3 [5]
UART_Params_init             0x7939    0x8  Code  Gb  UART.orm3 [5]
UART_close                   0x78c5    0x6  Code  Gb  UART.orm3 [5]
UART_config                  0x84f8    0xc  Data  Gb  CC1350_LAUNCHXL.o [1]
UART_control                 0x78cb    0xa  Code  Gb  UART.orm3 [5]
UART_count                   0x41ae    0x1  Data  Gb  CC1350_LAUNCHXL.o [1]
UART_defaultParams           0x828c   0x24  Data  Gb  UART.orm3 [5]
UART_init                    0x78d5   0x38  Code  Gb  UART.orm3 [5]
UART_open                    0x790d   0x2c  Code  Gb  UART.orm3 [5]
UART_write                   0x7951    0xa  Code  Gb  UART.orm3 [5]
UDMACC26XX_channelDone       0x46df   0x14  Code  Lc  SPICC26XXDMA.orm3 [5]
UDMACC26XX_close             0x5069   0x3c  Code  Gb  UDMACC26XX.orm3 [5]
UDMACC26XX_config            0x8538    0x8  Data  Gb  CC1350_LAUNCHXL.o [1]
UDMACC26XX_hwiIntFxn         0x5019    0xc  Code  Gb  UDMACC26XX.orm3 [5]
UDMACC26XX_initHw            0x50a5   0x1e  Code  Lc  UDMACC26XX.orm3 [5]
UDMACC26XX_open              0x5025   0x44  Code  Gb  UDMACC26XX.orm3 [5]
VCOMbit                 0x2000'06e8    0x1  Data  Lc  SharpGrLib.orm3 [2]
__aeabi_cdcmple              0x6ee1         Code  Gb  DblCmpLe.o [7]
__aeabi_d2iz                 0x6f11         Code  Gb  DblToS32.o [7]
__aeabi_d2uiz                0x71f9         Code  Gb  DblToU32.o [7]
__aeabi_dmul                 0x7055         Code  Gb  DblMul.o [7]
__aeabi_dsub                 0x6f71         Code  Gb  DblSub.o [7]
__aeabi_i2d                  0x6f4d         Code  Gb  S32ToDbl.o [7]
__aeabi_ldiv0                0x46bd         Code  Gb  I64DivZer.o [9]
__aeabi_memclr               0x5a91         Code  Gb  ABImemclr.o [9]
__aeabi_memset               0x5a99         Code  Gb  ABImemset.o [9]
__aeabi_memset4              0x5e71         Code  Gb  ABImemset48.o [9]
__aeabi_memset8              0x5e71         Code  Gb  ABImemset48.o [9]
__ccfg                     0x1'ffa8   0x58  Data  Gb  ccfg.o [1]
__cmain                      0x8355         Code  Gb  cmain.o [9]
__data_GetMemChunk           0x15e9   0x2c  Code  Gb  xgetmemchunk.o [3]
__data_GetMemChunk::start
                        0x2000'1d58    0x4  Data  Lc  xgetmemchunk.o [3]
__exit                       0x1615   0x14  Code  Gb  exit.o [10]
__iar_Memset                 0x5a99         Code  Gb  ABImemset.o [9]
__iar_Memset4_word           0x5e79         Code  Gb  ABImemset48.o [9]
__iar_Memset8_word           0x5e79         Code  Gb  ABImemset48.o [9]
__iar_Memset_word            0x5aa1         Code  Gb  ABImemset.o [9]
__iar_dadd                   0x6f81         Code  Gb  DblSub.o [7]
__iar_data_init3             0x8265   0x28  Code  Gb  data_init.o [9]
__iar_dlfree                 0x10a7  0x4f6  Code  Gb  dlmalloc.o [3]
__iar_dlmalloc                0xdf1  0x2b6  Code  Gb  dlmalloc.o [3]
__iar_dsub                   0x7221         Code  Gb  DblAdd.o [7]
__iar_dsubStart              0x7233         Code  Gb  DblAdd.o [7]
__iar_packbits_init_single3
                             0x81a9   0x38  Code  Gb  packbits_init_single.o [9]
__iar_program_start          0x851d         Code  Gb  cstartup_M.o [9]
__iar_small_uldivmod         0x440d         Code  Gb  I64DivMod_small.o [9]
__iar_unaligned_memcpy       0x4515         Code  Gb  ABImemcpy_unaligned.o [9]
__iar_unaligned_memcpy4
                             0x4535         Code  Gb  ABImemcpy_unaligned.o [9]
__iar_unaligned_memcpy8
                             0x4535         Code  Gb  ABImemcpy_unaligned.o [9]
__iar_zero_init3             0x15af   0x3a  Code  Gb  zero_init3.o [9]
__low_level_init             0x8373    0xe  Code  Gb  startup_cc13xx_cc26xx_iar.orm3 [8]
__vector_table                  0x0   0xc8  Data  Gb  startup_cc13xx_cc26xx_iar.orm3 [8]
_call_main                   0x8361         Code  Gb  cmain.o [9]
_exit                        0x83a1         Code  Gb  cexit.o [9]
_gm_                    0x2000'1324  0x1d8  Data  Lc  dlmalloc.o [3]
_main                        0x836f         Code  Gb  cmain.o [9]
abort                        0x15a9    0x6  Code  Gb  abort.o [3]
add_segment                   0x491  0x1f2  Code  Lc  dlmalloc.o [3]
calibrateRcoscHf1            0x3fcf  0x134  Code  Lc  PowerCC26XX_calibrateRCOSC.orm3 [5]
clkFxn                       0x28e9    0x2  Code  Gb  SemaphoreP_nortos.orm3 [8]
configIntsEnabledMask   0x2000'0694    0x4  Data  Lc  GPIOCC26XX.orm3 [5]
configureRFCoreClocks        0x27c1   0x12  Code  Lc  PowerCC26XX.orm3 [5]
configureXOSCHF              0x283d   0x52  Code  Lc  PowerCC26XX.orm3 [5]
dataLength                   0x2044   0x10  Data  Lc  UARTCC26XX.orm3 [5]
defaultPinConfig        0x2000'1870    0x4  Data  Lc  PINCC26XX.orm3 [5]
disableLfClkQualifiersEnableClkLoss
                             0x26ff   0x30  Code  Lc  PowerCC26XX.orm3 [5]
displaySharpHWattrs          0x83ac   0x18  Data  Gb  CC1350_LAUNCHXL.o [1]
displaySharpObject      0x2000'1c34   0x44  Data  Gb  CC1350_LAUNCHXL.o [1]
displayUartHWAttrs           0x843c   0x14  Data  Gb  CC1350_LAUNCHXL.o [1]
displayUartObject       0x2000'1d34    0xc  Data  Gb  CC1350_LAUNCHXL.o [1]
dmaNullConfig                0x5010    0x8  Data  Lc  SPICC26XXDMA.orm3 [5]
dmaRxConfig                  0x5008    0x8  Data  Lc  SPICC26XXDMA.orm3 [5]
dmaSpi0RxControlTableEntry {Abs}
                        0x2000'0430   0x10  Data  Lc  SPICC26XXDMA.orm3 [5]
dmaSpi0TxControlTableEntry {Abs}
                        0x2000'0440   0x10  Data  Lc  SPICC26XXDMA.orm3 [5]
dmaSpi1RxControlTableEntry {Abs}
                        0x2000'0500   0x10  Data  Lc  SPICC26XXDMA.orm3 [5]
dmaSpi1TxControlTableEntry {Abs}
                        0x2000'0510   0x10  Data  Lc  SPICC26XXDMA.orm3 [5]
dmaTxConfig                  0x5000    0x8  Data  Lc  SPICC26XXDMA.orm3 [5]
doEnablePolicy          0x2000'1d5d    0x1  Data  Lc  SemaphoreP_nortos.orm3 [8]
doPrint                      0x6be1  0x232  Code  Lc  SystemP_nortos.orm3 [8]
driverlib_release_0_55724
                        0x2000'1d60    0x1  Data  Gb  driverlib_release.o [4]
dummy_stack             0x2000'4c00    0x4  Data  Lc  startup_cc13xx_cc26xx_iar.orm3 [8]
emptyClockFunc               0x26fd    0x2  Code  Lc  PowerCC26XX.orm3 [5]
exit                         0x8399    0x4  Code  Gb  exit.o [3]
faultISR                     0x8383    0x2  Code  Lc  startup_cc13xx_cc26xx_iar.orm3 [8]
flagSendToggleVCOMCommand
                        0x2000'06e9    0x1  Data  Lc  SharpGrLib.orm3 [2]
formatNum                    0x6e31   0x48  Code  Lc  SystemP_nortos.orm3 [8]
frameFormat                  0x4fe8   0x18  Data  Lc  SPICC26XXDMA.orm3 [5]
free                         0x4141    0x4  Code  Gb  heaptramp0.o [3]
g_pfnRAMVectors         0x2000'1a00   0xc8  Data  Lc  interrupt.o [4]
g_pucFontFixed6x8Data        0x738c  0x2f8  Data  Lc  fontfixed6x8.obj [6]
g_pulConvertedPalette   0x2000'0f24  0x400  Data  Lc  image.obj [6]
g_sFontFixed6x8              0x8054   0xc8  Data  Gb  fontfixed6x8.obj [6]
g_sharpFxns                  0x8334   0x20  Data  Gb  SharpGrLib.orm3 [2]
gpioCallbackFunctions   0x2000'1d24   0x10  Data  Gb  CC1350_LAUNCHXL.o [1]
gpioCallbackInfo        0x2000'0670   0x20  Data  Lc  GPIOCC26XX.orm3 [5]
gpioPinConfigs          0x2000'0520   0x30  Data  Gb  CC1350_LAUNCHXL.o [1]
gpioPinHandle           0x2000'0690    0x4  Data  Lc  GPIOCC26XX.orm3 [5]
gpioPinState            0x2000'069c    0xc  Data  Lc  GPIOCC26XX.orm3 [5]
gpioPinTable            0x2000'06a8    0x4  Data  Lc  GPIOCC26XX.orm3 [5]
imgData                      0x7c78  0x194  Data  Gb  splash_image.o [1]
imgPalette              0x2000'0550    0x8  Data  Gb  splash_image.o [1]
inPinTypes                   0x5d9c    0xc  Data  Gb  GPIOCC26XX.orm3 [5]
initCalled              0x2000'066c    0x1  Data  Lc  GPIOCC26XX.orm3 [5]
init_mparams                   0xe3   0x32  Code  Lc  dlmalloc.o [3]
init_top                      0x115   0x36  Code  Lc  dlmalloc.o [3]
intDefaultHandler            0x8385    0x2  Code  Lc  startup_cc13xx_cc26xx_iar.orm3 [8]
interruptType                0x5d84   0x18  Data  Lc  GPIOCC26XX.orm3 [5]
isFlowControlEnabled         0x163f   0x14  Code  Lc  UARTCC26XX.orm3 [5]
isInitialized           0x2000'1d5e    0x1  Data  Lc  SPI.orm3 [5]
isInitialized           0x2000'1d5f    0x1  Data  Lc  UART.orm3 [5]
lcdChipSelect           0x2000'06f0    0x4  Data  Lc  SharpGrLib.orm3 [2]
lfClockReadyCallback         0x2731   0x60  Code  Lc  PowerCC26XX.orm3 [5]
main                         0x8387   0x12  Code  Gb  main_nortos.o [1]
mainThread                   0x795d  0x238  Code  Gb  display.o [1]
mode                         0x4fe0    0x8  Data  Lc  SPICC26XXDMA.orm3 [5]
mparams                 0x2000'1cf8   0x18  Data  Lc  dlmalloc.o [3]
nmiISR                       0x8381    0x2  Code  Lc  startup_cc13xx_cc26xx_iar.orm3 [8]
nopResourceHandler           0x2791    0x4  Code  Lc  PowerCC26XX.orm3 [5]
notify                       0x2795   0x2c  Code  Lc  PowerCC26XX.orm3 [5]
oscHfGlobals            0x2000'1d10   0x14  Data  Lc  osc.o [4]
outPinStrengths              0x5db8    0xc  Data  Gb  GPIOCC26XX.orm3 [5]
outPinTypes                  0x5da8   0x10  Data  Gb  GPIOCC26XX.orm3 [5]
parityType                   0x205c   0x14  Data  Lc  UARTCC26XX.orm3 [5]
pendInProgress          0x2000'1d5c    0x1  Data  Lc  SemaphoreP_nortos.orm3 [8]
pinGpioConfigTable      0x2000'1c78   0x20  Data  Lc  PINCC26XX.orm3 [5]
pinHandleTable          0x2000'17f4   0x7c  Data  Gb  PINCC26XX.orm3 [5]
pinHwi                  0x2000'1c9c   0x1c  Data  Lc  PINCC26XX.orm3 [5]
pinLowerBound           0x2000'1c98    0x4  Data  Gb  PINCC26XX.orm3 [5]
pinSemaphore            0x2000'18a8   0x1c  Data  Lc  PINCC26XX.orm3 [5]
pinSwi                  0x2000'1874   0x34  Data  Lc  PINCC26XX.orm3 [5]
pinUpperBound           0x2000'17f0    0x4  Data  Gb  PINCC26XX.orm3 [5]
powerQualGlobals        0x2000'1d4c    0x8  Data  Lc  sys_ctrl.o [4]
prepend_alloc                 0x14b  0x346  Code  Lc  dlmalloc.o [3]
putChar                      0x6e79   0x14  Code  Lc  SystemP_nortos.orm3 [8]
readData                     0x16cf   0x2e  Code  Lc  UARTCC26XX.orm3 [5]
readData2RingBuf             0x16fd   0x28  Code  Lc  UARTCC26XX.orm3 [5]
readSemCallback              0x1697    0x8  Code  Lc  UARTCC26XX.orm3 [5]
referse_data                 0x5a80   0x10  Data  Lc  SharpGrLib.orm3 [2]
resourceDB                   0x811c   0x4c  Data  Gb  PowerCC26XX.orm3 [5]
rxFifoBytes                  0x2088    0x8  Data  Lc  UARTCC26XX.orm3 [5]
rxFifoThreshold              0x2078    0x8  Data  Lc  UARTCC26XX.orm3 [5]
segment_holding                0xc9   0x1a  Code  Lc  dlmalloc.o [3]
sharpDisplayBuf         0x2000'0724  0x800  Data  Lc  CC1350_LAUNCHXL.o [1]
sleep                        0x7c5b    0x4  Code  Gb  posix_sleep.orm3 [8]
sleepTicks                   0x2e61   0x22  Code  Lc  ClockPTimer_nortos.orm3 [8]
spiCC26XXDMAHWAttrs          0x8168   0x40  Data  Gb  CC1350_LAUNCHXL.o [1]
spiCC26XXDMAObjects     0x2000'14fc  0x1c8  Data  Gb  CC1350_LAUNCHXL.o [1]
spiHandle               0x2000'06ec    0x4  Data  Lc  SharpGrLib.orm3 [2]
spiPollingTransfer           0x472f   0x9a  Code  Lc  SPICC26XXDMA.orm3 [5]
spiPostNotify                0x4fd5    0xc  Code  Lc  SPICC26XXDMA.orm3 [5]
spiTrans                0x2000'06d0   0x18  Data  Lc  SharpGrLib.orm3 [2]
splashImage                  0x84e8   0x10  Data  Gb  splash_image.o [1]
startTxFifoEmptyClk          0x1731   0x46  Code  Lc  UARTCC26XX.orm3 [5]
stopBits                     0x2054    0x8  Data  Lc  UARTCC26XX.orm3 [5]
strlen                       0x6ea9         Code  Gb  strlen.o [9]
switchXOSCHFclockFunc        0x27d5   0x68  Code  Lc  PowerCC26XX.orm3 [5]
sys_alloc                     0x689  0x164  Code  Lc  dlmalloc.o [3]
sys_trim                      0x7ed   0x64  Code  Lc  dlmalloc.o [3]
threadSafeConstraintRelease
                             0x46f3   0x3c  Code  Lc  SPICC26XXDMA.orm3 [5]
threadSafeStdbyDisRelease
                             0x166d   0x18  Code  Lc  UARTCC26XX.orm3 [5]
threadSafeStdbyDisSet        0x1653   0x1a  Code  Lc  UARTCC26XX.orm3 [5]
timerFreq               0x2000'06b0    0x8  Data  Lc  ClockPTimer_nortos.orm3 [8]
tmalloc_large                 0x85d  0x386  Code  Lc  dlmalloc.o [3]
tmalloc_small                 0xbe3  0x200  Code  Lc  dlmalloc.o [3]
txFifoBytes                  0x2080    0x8  Data  Lc  UARTCC26XX.orm3 [5]
txFifoThreshold              0x2070    0x8  Data  Lc  UARTCC26XX.orm3 [5]
uartCC26XXHWAttrs            0x8214   0x28  Data  Gb  CC1350_LAUNCHXL.o [1]
uartCC26XXObjects       0x2000'16c4  0x12c  Data  Gb  CC1350_LAUNCHXL.o [1]
uartCC26XXRingBuffer    0x2000'1cb8   0x20  Data  Gb  CC1350_LAUNCHXL.o [1]
uartPostNotify               0x2035   0x10  Code  Lc  UARTCC26XX.orm3 [5]
uartStringBuf           0x2000'1b68   0x80  Data  Lc  CC1350_LAUNCHXL.o [1]
udmaHWAttrs                  0x8530    0x8  Data  Gb  CC1350_LAUNCHXL.o [1]
udmaObjects             0x2000'1cd8   0x20  Data  Gb  CC1350_LAUNCHXL.o [1]
usecsPerTimerTick       0x2000'06bc    0x4  Data  Lc  ClockPTimer_nortos.orm3 [8]
writeData                    0x169f   0x30  Code  Lc  UARTCC26XX.orm3 [5]
writeFinishedDoCallback
                             0x1777   0x46  Code  Lc  UARTCC26XX.orm3 [5]
writeSemCallback             0x168f    0x8  Code  Lc  UARTCC26XX.orm3 [5]
writeTxFifoFlush             0x17bd   0x7a  Code  Lc  UARTCC26XX.orm3 [5]


[1] = E:\CC1350_ws\display\Debug\Obj
[2] = display.arm3
[3] = dl7M_tln.a
[4] = driverlib.lib
[5] = drivers_cc13x0.arm3
[6] = grlib.a
[7] = m7M_tl.a
[8] = nortos_cc13x0.arm3
[9] = rt7M_tl.a
[10] = shb_l.a

  31 711 bytes of readonly  code memory
   2 624 bytes of readonly  data memory
   7 489 bytes of readwrite data memory

Errors: none
Warnings: none
