###############################################################################
#
# IAR ELF Linker V8.32.3.193/W32 for ARM                  14/Dec/2020  22:31:27
# Copyright 2007-2019 IAR Systems AB.
#
#    Output file  =  
#        G:\CC1350_ws\nvsinternal_official\Debug\Exe\nvsinternal.out
#    Map file     =  
#        G:\CC1350_ws\nvsinternal_official\Debug\List\nvsinternal.map
#    Command line =  
#        -f C:\Users\70453\AppData\Local\Temp\EW3FCF.tmp
#        (G:\CC1350_ws\nvsinternal_official\Debug\Obj\CC1350STK.o
#        G:\CC1350_ws\nvsinternal_official\Debug\Obj\CC1350STK_fxns.o
#        G:\CC1350_ws\nvsinternal_official\Debug\Obj\ccfg.o
#        G:\CC1350_ws\nvsinternal_official\Debug\Obj\main_nortos.o
#        G:\CC1350_ws\nvsinternal_official\Debug\Obj\nvsinternal.o
#        --no_out_extension -o
#        G:\CC1350_ws\nvsinternal_official\Debug\Exe\nvsinternal.out --map
#        G:\CC1350_ws\nvsinternal_official\Debug\List\nvsinternal.map --config
#        c:/ti/simplelink_cc13x0_sdk_3_20_00_23/examples/nortos/CC1350STK/drivers/nvsinternal/iar/CC1350STK_NoRTOS.icf
#        c:/ti/simplelink_cc13x0_sdk_3_20_00_23/source/ti/display/lib/display.arm3
#        c:/ti/simplelink_cc13x0_sdk_3_20_00_23/source/ti/grlib/lib/iar/m3/grlib.a
#        c:/ti/simplelink_cc13x0_sdk_3_20_00_23/source/third_party/spiffs/lib/iar/m3/spiffs_cc26xx.a
#        c:/ti/simplelink_cc13x0_sdk_3_20_00_23/source/ti/drivers/rf/lib/rf_multiMode_cc13x0.arm3
#        c:/ti/simplelink_cc13x0_sdk_3_20_00_23/source/ti/drivers/lib/drivers_cc13x0.arm3
#        c:/ti/simplelink_cc13x0_sdk_3_20_00_23/kernel/nortos/lib/nortos_cc13x0.arm3
#        c:/ti/simplelink_cc13x0_sdk_3_20_00_23/source/ti/devices/cc13x0/driverlib/bin/iar/driverlib.lib
#        --silent --cpu=Cortex-M3 --semihosting --entry __iar_program_start
#        --vfe --text_out locale)
#
###############################################################################

*******************************************************************************
*** RUNTIME MODEL ATTRIBUTES
***

CppFlavor       = *
__Heap_Handler  = DLMalloc
__SystemLibrary = DLib
__dlib_version  = 6


*******************************************************************************
*** HEAP SELECTION
***

The advanced heap was selected because the application calls memory
allocation functions outside of system library functions, and there
are calls to deallocation functions in the application.


*******************************************************************************
*** RESERVED RANGES
***

Ranges reserved by absolute symbols:

         From           To    Size
         ----           --    ----
     0x1'a000     0x1'dfff  0x4000
  0x2000'0430  0x2000'043f    0x10
  0x2000'0440  0x2000'044f    0x10
  0x2000'0500  0x2000'050f    0x10
  0x2000'0510  0x2000'051f    0x10


*******************************************************************************
*** PLACEMENT SUMMARY
***

"A0":  place at 0x0 { ro section .intvec };
"A1":  place at end of [from 0x0 to 0x1'ffff] { ro section .ccfg };
"P1":  place in [from 0x0 to 0x1'ffff] { ro };
"P2":  place in [from 0x2000'0000 to 0x2000'4fff] { rw };
define block HEAP with size = 256, alignment = 8 { };
"P3":  place in [from 0x2000'0000 to 0x2000'4fff] { block HEAP };
define block CSTACK with size = 1K, alignment = 8 { section .stack };
"A2":  place at end of [from 0x2000'0000 to 0x2000'4fff] { block CSTACK };
do not initialize { section .stack, section .noinit };
initialize by copy { rw };
keep { section .intvec };
keep { section .ccfg };

  Section            Kind         Address    Size  Object
  -------            ----         -------    ----  ------
"A0":                                        0xc8
  .intvec            const            0x0    0xc8  startup_cc13xx_cc26xx_iar.orm3 [7]
                                   - 0xc8    0xc8

"P1":                                      0x7668
  .text              ro code         0xc8  0x14e0  dlmalloc.o [3]
  .text              ro code       0x15a8     0x6  abort.o [3]
  .text              ro code       0x15ae    0x3a  zero_init3.o [8]
  .text              ro code       0x15e8    0x2c  xgetmemchunk.o [3]
  .text              ro code       0x1614    0x14  exit.o [9]
  .text              ro code       0x1628   0xa68  UARTCC26XX.orm3 [5]
  .text              ro code       0x2090    0xf8  HwiPCC26XX_nortos.orm3 [7]
  .text              ro code       0x2188   0x760  PowerCC26XX.orm3 [5]
  .text              ro code       0x28e8   0x178  SemaphoreP_nortos.orm3 [7]
  .text              ro code       0x2a60    0x88  RingBuf.orm3 [5]
  .text              ro code       0x2ae8   0x37e  ClockPTimer_nortos.orm3 [7]
  .rodata            const         0x2e66     0x1  CC1350STK.o [1]
  .rodata            const         0x2e67     0x1  CC1350STK.o [1]
  .text              ro code       0x2e68   0x250  SwiP_nortos.orm3 [7]
  .text              ro code       0x30b8   0x5c0  PINCC26XX.orm3 [5]
  .text              ro code       0x3678    0x18  cpu.o [4]
  .text              ro code       0x3690    0x40  interrupt.o [4]
  .text              ro code       0x36d0   0x170  osc.o [4]
  .text              ro code       0x3840    0x4c  List.orm3 [5]
  .text              ro code       0x388c   0x118  PowerCC26XX_nortos.orm3 [7]
  .text              ro code       0x39a4    0x10  vims.o [4]
  .text              ro code       0x39b4   0x2c4  sys_ctrl.o [4]
  .text              ro code       0x3c78   0x4ac  PowerCC26XX_calibrateRCOSC.orm3 [5]
  .text              ro code       0x4124     0x4  heaptramp0.o [3]
  .text              ro code       0x4128    0x6a  QueueP_nortos.orm3 [7]
  .rodata            const         0x4192     0x1  CC1350STK.o [1]
  .rodata            const         0x4193     0x1  CC1350STK.o [1]
  .text              ro code       0x4194   0x25c  TimerPCC26XX_nortos.orm3 [7]
  .text              ro code       0x43f0    0x76  ABImemcpy_unaligned.o [8]
  .text              ro code       0x4468    0xae  chipinfo.o [4]
  .text              ro code       0x4518    0x2c  adi.o [4]
  .text              ro code       0x4544    0x2c  aon_rtc.o [4]
  .text              ro code       0x4570    0x28  aon_batmon.o [4]
  .text              ro code       0x4598   0x106  I64DivMod_small.o [8]
  .text              ro code       0x46a0     0x2  I64DivZer.o [8]
  .text              ro code       0x46a4   0x958  SPICC26XXDMA.orm3 [5]
  .text              ro code       0x4ffc    0xb8  UDMACC26XX.orm3 [5]
  .text              ro code       0x50b4   0x6a2  NVSSPI25X.orm3 [5]
  .text              ro code       0x5758    0xac  SPI.orm3 [5]
  .text              ro code       0x5804     0x2  NVSSPI25X.orm3 [5]
  .text              ro code       0x5806    0x14  NVSSPI25X.orm3 [5]
  .text              ro code       0x581a    0x14  NVSSPI25X.orm3 [5]
  .text              ro code       0x5830   0x274  GPIOCC26XX.orm3 [5]
  .text              ro code       0x5aa4    0x3a  ABImemset48.o [8]
  .text              ro code       0x5ae0   0x51c  setup_rom.o [4]
  .text              ro code       0x5ffc    0x52  ddi.o [4]
  .text              ro code       0x6050   0x358  NVSCC26XX.orm3 [5]
  .text              ro code       0x63a8    0x30  flash.o [4]
  .text              ro code       0x63d8   0x2cc  SystemP_nortos.orm3 [7]
  .text              ro code       0x66a4    0x36  strlen.o [8]
  .text              ro code       0x66dc    0x2e  DblCmpLe.o [6]
  .text              ro code       0x670c    0x3a  DblToS32.o [6]
  .text              ro code       0x6748    0x22  S32ToDbl.o [6]
  .text              ro code       0x676c    0xe2  DblSub.o [6]
  .text              ro code       0x6850   0x1a2  DblMul.o [6]
  .text              ro code       0x69f4    0x28  DblToU32.o [6]
  .text              ro code       0x6a1c   0x16a  DblAdd.o [6]
  .text              ro code       0x6b88   0x154  setup.o [4]
  .text              ro code       0x6cdc   0x150  nvsinternal.o [1]
  .text              ro code       0x6e2c    0xa1  Display.orm3 [2]
  .text              ro code       0x6ed0    0xa4  NVS.orm3 [5]
  .text              ro code       0x6f74    0x12  strcmp.o [8]
  .text              ro code       0x6f88    0xf4  CC1350STK_fxns.o [1]
  .text              ro code       0x707c    0xbe  DisplayUart.orm3 [2]
  .text              ro code       0x713c    0x96  UART.orm3 [5]
  .rodata            const         0x71d4    0x64  CC1350STK.o [1]
  .rodata            const         0x7238    0x4c  PowerCC26XX.orm3 [5]
  .rodata            const         0x7284    0x40  CC1350STK.o [1]
  .text              ro code       0x72c4    0x38  packbits_init_single.o [8]
  .rodata            const         0x72fc    0x34  nvsinternal.o [1]
  .rodata            const         0x7330    0x34  nvsinternal.o [1]
  .rodata            const         0x7364    0x28  CC1350STK.o [1]
  .rodata            const         0x738c    0x28  CC1350STK.o [1]
  .rodata            const         0x73b4    0x28  NVSCC26XX.orm3 [5]
  .rodata            const         0x73dc    0x28  NVSSPI25X.orm3 [5]
  .rodata            const         0x7404    0x28  UARTCC26XX.orm3 [5]
  .text              ro code       0x742c    0x28  data_init.o [8]
  .rodata            const         0x7454    0x24  UART.orm3 [5]
  .text              ro code       0x7478    0x24  CC1350STK.o [1]
  .iar.init_table    const         0x749c    0x20  - Linker created -
  .rodata            const         0x74bc    0x20  nvsinternal.o [1]
  .rodata            const         0x74dc    0x20  DisplayUart.orm3 [2]
  .text              ro code       0x74fc    0x1e  cmain.o [8]
  .text              ro code       0x751a    0x14  startup_cc13xx_cc26xx_iar.orm3 [7]
  .text              ro code       0x752e    0x12  main_nortos.o [1]
  .text              ro code       0x7540     0x4  exit.o [3]
  .text              ro code       0x7544     0x4  NoRTOS.orm3 [7]
  .text              ro code       0x7548     0xa  cexit.o [8]
  .rodata            const         0x7554    0x1c  nvsinternal.o [1]
  .rodata            const         0x7570    0x1c  nvsinternal.o [1]
  .rodata            const         0x758c    0x18  CC1350STK.o [1]
  .rodata            const         0x75a4    0x18  CC1350STK.o [1]
  .rodata            const         0x75bc    0x18  CC1350STK.o [1]
  .rodata            const         0x75d4    0x18  nvsinternal.o [1]
  .rodata            const         0x75ec    0x18  SPICC26XXDMA.orm3 [5]
  .rodata            const         0x7604    0x14  CC1350STK.o [1]
  .rodata            const         0x7618    0x14  CC1350STK.o [1]
  .rodata            const         0x762c    0x14  CC1350STK_fxns.o [1]
  .rodata            const         0x7640    0x14  nvsinternal.o [1]
  .rodata            const         0x7654    0x14  nvsinternal.o [1]
  .rodata            const         0x7668    0x14  nvsinternal.o [1]
  .rodata            const         0x767c    0x14  nvsinternal.o [1]
  .rodata            const         0x7690     0xc  CC1350STK.o [1]
  .rodata            const         0x769c     0xc  CC1350STK.o [1]
  .rodata            const         0x76a8     0xc  nvsinternal.o [1]
  .text              ro code       0x76b4     0xc  cstartup_M.o [8]
  .rodata            const         0x76c0     0x8  CC1350STK.o [1]
  .rodata            const         0x76c8     0x8  CC1350STK.o [1]
  .rodata            const         0x76d0     0x8  CC1350STK.o [1]
  .rodata            const         0x76d8     0x8  CC1350STK.o [1]
  .rodata            const         0x76e0     0x8  CC1350STK_fxns.o [1]
  .rodata            const         0x76e8     0x0  zero_init3.o [8]
  .rodata            const         0x76e8     0x0  packbits_init_single.o [8]
  Initializer bytes  const         0x76e8    0x47  <for P2-P3-1>
                                 - 0x772f  0x7667

"A1":                                        0x58
  .ccfg              const       0x1'ffa8    0x58  ccfg.o [1]
                               - 0x2'0000    0x58

"P2-P3", part 1 of 3:                       0x1c0
  P2-P3-1                     0x2000'0520   0x1c0  <Init block>
    .data            inited   0x2000'0520    0x18  CC1350STK.o [1]
    .data            inited   0x2000'0538   0x114  PowerCC26XX.orm3 [5]
    .data            inited   0x2000'064c     0x9  SemaphoreP_nortos.orm3 [7]
    .data            inited   0x2000'0658    0x14  ClockPTimer_nortos.orm3 [7]
    .data            inited   0x2000'066c     0x4  HwiPCC26XX_nortos.orm3 [7]
    .data            inited   0x2000'0670    0x40  GPIOCC26XX.orm3 [5]
    .data            inited   0x2000'06b0    0x30  TimerPCC26XX_nortos.orm3 [7]
                            - 0x2000'06e0   0x1c0

"P2-P3", part 2 of 3:                       0xaf0
  .bss               zero     0x2000'06e0   0x1d8  dlmalloc.o [3]
  .bss               zero     0x2000'08b8   0x1c8  CC1350STK.o [1]
  .bss               zero     0x2000'0a80   0x12c  CC1350STK.o [1]
  .bss               zero     0x2000'0bac    0xd4  PINCC26XX.orm3 [5]
  .bss               zero     0x2000'0c80    0xc8  HwiPCC26XX_nortos.orm3 [7]
  .vtable_ram        zero     0x2000'0e00    0xc8  interrupt.o [4]
  .bss               zero     0x2000'0ec8    0xa0  ClockPTimer_nortos.orm3 [7]
  .bss               zero     0x2000'0f68    0x80  CC1350STK.o [1]
  .bss               zero     0x2000'0fe8    0x4c  SwiP_nortos.orm3 [7]
  .bss               zero     0x2000'1034    0x40  CC1350STK.o [1]
  .bss               zero     0x2000'1074    0x40  nvsinternal.o [1]
  .bss               zero     0x2000'10b4    0x40  PINCC26XX.orm3 [5]
  .bss               zero     0x2000'10f4    0x20  CC1350STK.o [1]
  .bss               zero     0x2000'1114    0x20  CC1350STK.o [1]
  .bss               zero     0x2000'1134    0x20  NVSSPI25X.orm3 [5]
  .bss               zero     0x2000'1154    0x18  dlmalloc.o [3]
  .bss               zero     0x2000'116c    0x14  osc.o [4]
  .bss               zero     0x2000'1180     0xc  CC1350STK.o [1]
  .bss               zero     0x2000'118c     0xc  CC1350STK.o [1]
  .bss               zero     0x2000'1198     0xc  NVSCC26XX.orm3 [5]
  .bss               zero     0x2000'11a4     0xc  ClockPTimer_nortos.orm3 [7]
  .bss               zero     0x2000'11b0     0x8  CC1350STK.o [1]
  .bss               zero     0x2000'11b8     0x8  sys_ctrl.o [4]
  .bss               zero     0x2000'11c0     0x4  PowerCC26XX_nortos.orm3 [7]
  .bss               zero     0x2000'11c4     0x4  xgetmemchunk.o [3]
  .bss               zero     0x2000'11c8     0x2  SemaphoreP_nortos.orm3 [7]
  .bss               zero     0x2000'11ca     0x1  CC1350STK.o [1]
  .bss               zero     0x2000'11cb     0x1  NVS.orm3 [5]
  .bss               zero     0x2000'11cc     0x1  UART.orm3 [5]
  .bss               zero     0x2000'11cd     0x1  SPI.orm3 [5]
  .bss               zero     0x2000'11ce     0x1  driverlib_release.o [4]
                            - 0x2000'11cf   0xaef

"P2-P3", part 3 of 3:                       0x100
  HEAP                        0x2000'11d0   0x100  <Block>
    HEAP             uninit   0x2000'11d0   0x100  <Block tail>
                            - 0x2000'12d0   0x100

"A2":                                       0x400
  CSTACK                      0x2000'4c00   0x400  <Block>
    .stack           uninit   0x2000'4c00     0x4  startup_cc13xx_cc26xx_iar.orm3 [7]
    CSTACK           uninit   0x2000'4c04   0x3fc  <Block tail>
                            - 0x2000'5000   0x400

Unused ranges:

         From           To      Size
         ----           --      ----
       0x7730     0x1'9fff  0x1'28d0
     0x1'e000     0x1'ffa7    0x1fa8
  0x2000'0000  0x2000'042f     0x430
  0x2000'0450  0x2000'04ff      0xb0
  0x2000'12d0  0x2000'4bff    0x3930


*******************************************************************************
*** INIT TABLE
***

          Address      Size
          -------      ----
Zero (__iar_zero_init3)
    1 destination range, total size 0xaef:
          0x2000'06e0  0xaef

Copy/packbits (__iar_packbits_init_single3)
    1 source range, total size 0x47 (15% of destination):
               0x76e8   0x47
    1 destination range, total size 0x1c0:
          0x2000'0520  0x1c0



*******************************************************************************
*** MODULE SUMMARY
***

    Module                           ro code  ro data  rw data
    ------                           -------  -------  -------
command line/config:
    ----------------------------------------------------------
    Total:

G:\CC1350_ws\nvsinternal_official\Debug\Obj: [1]
    CC1350STK.o                           36      419    1 069
    CC1350STK_fxns.o                     244       28
    ccfg.o                                         88
    main_nortos.o                         18
    nvsinternal.o                        336      308       64
    ----------------------------------------------------------
    Total:                               634      843    1 133

display.arm3: [2]
    Display.orm3                         161
    DisplayUart.orm3                     190       32
    ----------------------------------------------------------
    Total:                               351       32

dl7M_tln.a: [3]
    abort.o                                6
    dlmalloc.o                         5 344               496
    exit.o                                 4
    heaptramp0.o                           4
    xgetmemchunk.o                        44                 4
    ----------------------------------------------------------
    Total:                             5 402               500

driverlib.lib: [4]
    adi.o                                 44
    aon_batmon.o                          40
    aon_rtc.o                             44
    chipinfo.o                           174
    cpu.o                                 24
    ddi.o                                 82
    driverlib_release.o                                      1
    flash.o                               48
    interrupt.o                           64               200
    osc.o                                368                20
    setup.o                              340
    setup_rom.o                        1 308
    sys_ctrl.o                           708                 8
    vims.o                                16
    ----------------------------------------------------------
    Total:                             3 260               229

drivers_cc13x0.arm3: [5]
    GPIOCC26XX.orm3                      628       10       64
    List.orm3                             76
    NVS.orm3                             164                 1
    NVSCC26XX.orm3                       856       40       12
    NVSSPI25X.orm3                     1 740       40       32
    PINCC26XX.orm3                     1 472               276
    PowerCC26XX.orm3                   1 888      120      276
    PowerCC26XX_calibrateRCOSC.orm3    1 196
    RingBuf.orm3                         136
    SPI.orm3                             172                 1
    SPICC26XXDMA.orm3                  2 392       24
    UART.orm3                            150       36        1
    UARTCC26XX.orm3                    2 664       40
    UDMACC26XX.orm3                      184
    ----------------------------------------------------------
    Total:                            13 718      310      663

m7M_tl.a: [6]
    DblAdd.o                             362
    DblCmpLe.o                            46
    DblMul.o                             418
    DblSub.o                             226
    DblToS32.o                            58
    DblToU32.o                            40
    S32ToDbl.o                            34
    ----------------------------------------------------------
    Total:                             1 184

nortos_cc13x0.arm3: [7]
    ClockPTimer_nortos.orm3              894        4      192
    HwiPCC26XX_nortos.orm3               248        1      204
    NoRTOS.orm3                            4
    PowerCC26XX_nortos.orm3              280                 4
    QueueP_nortos.orm3                   106
    SemaphoreP_nortos.orm3               376        1       11
    SwiP_nortos.orm3                     592                76
    SystemP_nortos.orm3                  716
    TimerPCC26XX_nortos.orm3             604        8       48
    startup_cc13xx_cc26xx_iar.orm3        20      200        4
    ----------------------------------------------------------
    Total:                             3 840      214      539

rt7M_tl.a: [8]
    ABImemcpy_unaligned.o                118
    ABImemset48.o                         58
    I64DivMod_small.o                    262
    I64DivZer.o                            2
    cexit.o                               10
    cmain.o                               30
    cstartup_M.o                          12
    data_init.o                           40
    packbits_init_single.o                56
    strcmp.o                              18
    strlen.o                              54
    zero_init3.o                          58
    ----------------------------------------------------------
    Total:                               718

shb_l.a: [9]
    exit.o                                20
    ----------------------------------------------------------
    Total:                                20

    Gaps                                  37        4      187
    Linker created                                 32    1 276
--------------------------------------------------------------
    Grand Total:                      29 164    1 435    4 527


*******************************************************************************
*** ENTRY LIST
***

Entry                       Address    Size  Type      Object
-----                       -------    ----  ----      ------
.iar.init_table$$Base        0x749c           --   Gb  - Linker created -
.iar.init_table$$Limit       0x74bc           --   Gb  - Linker created -
?main                        0x74fd          Code  Gb  cmain.o [8]
AONRTCCompareValueSet        0x41b5    0x18  Code  Lc  TimerPCC26XX_nortos.orm3 [7]
AONRTCEventClear             0x4195    0x20  Code  Lc  TimerPCC26XX_nortos.orm3 [7]
AuxAdiDdiSafeWrite           0x5ffd    0x34  Code  Lc  ddi.o [4]
BoardGpioInitTable           0x71d4    0x64  Data  Gb  CC1350STK.o [1]
Board_init                   0x7495     0x8  Code  Gb  CC1350STK.o [1]
Board_initHook               0x7075     0x8  Code  Gb  CC1350STK_fxns.o [1]
CC1350STK_initGeneral        0x7479    0x18  Code  Gb  CC1350STK.o [1]
CC1350STK_sendExtFlashByte
                             0x6f89    0x6c  Code  Gb  CC1350STK_fxns.o [1]
CC1350STK_shutDownExtFlash
                             0x703b    0x30  Code  Gb  CC1350STK_fxns.o [1]
CC1350STK_wakeUpExtFlash
                             0x6ff5    0x46  Code  Gb  CC1350STK_fxns.o [1]
CPUwfi                       0x388d     0x4  Code  Lc  PowerCC26XX_nortos.orm3 [7]
CSTACK$$Base            0x2000'4c00           --   Gb  - Linker created -
CSTACK$$Limit           0x2000'5000           --   Gb  - Linker created -
ClockP_Params_init           0x2ae9    0x10  Code  Gb  ClockPTimer_nortos.orm3 [7]
ClockP_add                   0x2d03    0x1a  Code  Gb  ClockPTimer_nortos.orm3 [7]
ClockP_construct             0x2cc9    0x3a  Code  Gb  ClockPTimer_nortos.orm3 [7]
ClockP_defaultParams    0x2000'11a4     0xc  Data  Lc  ClockPTimer_nortos.orm3 [7]
ClockP_destruct              0x2d1d    0x1a  Code  Gb  ClockPTimer_nortos.orm3 [7]
ClockP_doTick                0x2cc1     0x8  Code  Gb  ClockPTimer_nortos.orm3 [7]
ClockP_getCpuFreq            0x2db5     0xa  Code  Gb  ClockPTimer_nortos.orm3 [7]
ClockP_getTicks              0x2b7d     0x4  Code  Gb  ClockPTimer_nortos.orm3 [7]
ClockP_getTicksUntilInterrupt
                             0x2b81    0x2a  Code  Gb  ClockPTimer_nortos.orm3 [7]
ClockP_initialized      0x2000'0658     0x1  Data  Lc  ClockPTimer_nortos.orm3 [7]
ClockP_isActive              0x2db1     0x4  Code  Gb  ClockPTimer_nortos.orm3 [7]
ClockP_module           0x2000'0ec8    0xa0  Data  Lc  ClockPTimer_nortos.orm3 [7]
ClockP_scheduleNextTick
                             0x2bab    0x16  Code  Gb  ClockPTimer_nortos.orm3 [7]
ClockP_setTimeout            0x2dad     0x4  Code  Gb  ClockPTimer_nortos.orm3 [7]
ClockP_start                 0x2d37    0x70  Code  Gb  ClockPTimer_nortos.orm3 [7]
ClockP_startup               0x2af9    0x84  Code  Gb  ClockPTimer_nortos.orm3 [7]
ClockP_stop                  0x2da7     0x6  Code  Gb  ClockPTimer_nortos.orm3 [7]
ClockP_tickPeriod       0x2000'0664     0x4  Data  Gb  ClockPTimer_nortos.orm3 [7]
ClockP_usleep                0x2ddd    0x4e  Code  Gb  ClockPTimer_nortos.orm3 [7]
ClockP_walkQueueDynamic
                             0x2bc1    0x60  Code  Gb  ClockPTimer_nortos.orm3 [7]
ClockP_workFuncDynamic       0x2c21    0x9e  Code  Gb  ClockPTimer_nortos.orm3 [7]
DDI32RegRead                 0x3c79    0x28  Code  Lc  PowerCC26XX_calibrateRCOSC.orm3 [5]
DisplayUartMin_clear         0x70c3     0x2  Code  Gb  DisplayUart.orm3 [2]
DisplayUartMin_clearLines
                             0x70c7     0x2  Code  Gb  DisplayUart.orm3 [2]
DisplayUartMin_close         0x7117    0x18  Code  Gb  DisplayUart.orm3 [2]
DisplayUartMin_control       0x712f     0x6  Code  Gb  DisplayUart.orm3 [2]
DisplayUartMin_fxnTable
                             0x74dc    0x20  Data  Gb  DisplayUart.orm3 [2]
DisplayUartMin_getType       0x7135     0x6  Code  Gb  DisplayUart.orm3 [2]
DisplayUartMin_init          0x707d     0x2  Code  Gb  DisplayUart.orm3 [2]
DisplayUartMin_open          0x707f    0x44  Code  Gb  DisplayUart.orm3 [2]
DisplayUartMin_vprintf       0x70cb    0x4c  Code  Gb  DisplayUart.orm3 [2]
Display_config               0x7690     0xc  Data  Gb  CC1350STK.o [1]
Display_count                0x2e66     0x1  Data  Gb  CC1350STK.o [1]
Display_defaultParams        0x6ecc     0x1  Data  Gb  Display.orm3 [2]
Display_doInit               0x6ea5    0x1e  Code  Gb  Display.orm3 [2]
Display_doOpen               0x6e2d    0x58  Code  Gb  Display.orm3 [2]
Display_doParamsInit         0x6e85     0x8  Code  Gb  Display.orm3 [2]
Display_doPrintf             0x6e8d    0x18  Code  Gb  Display.orm3 [2]
GPIOCC26XX_config            0x7618    0x14  Data  Gb  CC1350STK.o [1]
GPIO_hwiIntFxn               0x5831    0x20  Code  Gb  GPIOCC26XX.orm3 [5]
GPIO_init                    0x5851    0x96  Code  Gb  GPIOCC26XX.orm3 [5]
GPIO_init::initSem      0x2000'069c     0x4  Data  Lc  GPIOCC26XX.orm3 [5]
GPIO_setCallback             0x58e7    0x34  Code  Gb  GPIOCC26XX.orm3 [5]
GPIO_setConfig               0x591d    0xda  Code  Gb  GPIOCC26XX.orm3 [5]
GPIO_write                   0x59f7    0x50  Code  Gb  GPIOCC26XX.orm3 [5]
HEAP$$Base              0x2000'11d0           --   Gb  - Linker created -
HEAP$$Limit             0x2000'12d0           --   Gb  - Linker created -
HwiP_Params_init             0x2147    0x12  Code  Gb  HwiPCC26XX_nortos.orm3 [7]
HwiP_construct               0x20df    0x68  Code  Gb  HwiPCC26XX_nortos.orm3 [7]
HwiP_destruct                0x20b3    0x18  Code  Gb  HwiPCC26XX_nortos.orm3 [7]
HwiP_disable                 0x209b     0x6  Code  Gb  HwiPCC26XX_nortos.orm3 [7]
HwiP_dispatch                0x20cb    0x14  Code  Lc  HwiPCC26XX_nortos.orm3 [7]
HwiP_dispatchTable      0x2000'0c80    0xc8  Data  Lc  HwiPCC26XX_nortos.orm3 [7]
HwiP_enable                  0x2099     0x2  Code  Gb  HwiPCC26XX_nortos.orm3 [7]
HwiP_inISR                   0x2161    0x12  Code  Gb  HwiPCC26XX_nortos.orm3 [7]
HwiP_post                    0x2159     0x8  Code  Gb  HwiPCC26XX_nortos.orm3 [7]
HwiP_restore                 0x20a9     0xa  Code  Gb  HwiPCC26XX_nortos.orm3 [7]
HwiP_swiPIntNum         0x2000'066c     0x4  Data  Gb  HwiPCC26XX_nortos.orm3 [7]
IntDefaultHandler            0x3691     0x2  Code  Lc  interrupt.o [4]
IntMasterEnable              0x2091     0x8  Code  Lc  HwiPCC26XX_nortos.orm3 [7]
List_put                     0x3841    0x1c  Code  Gb  List.orm3 [5]
List_remove                  0x386d    0x20  Code  Gb  List.orm3 [5]
NOROM_AONBatMonTemperatureGetDegC
                             0x4571    0x28  Code  Gb  aon_batmon.o [4]
NOROM_AONRTCCurrent64BitValueGet
                             0x4559    0x12  Code  Gb  aon_rtc.o [4]
NOROM_AONRTCCurrentCompareValueGet
                             0x4545    0x14  Code  Gb  aon_rtc.o [4]
NOROM_CPUcpsid               0x3679     0x8  Code  Gb  cpu.o [4]
NOROM_CPUcpsie               0x3681     0x8  Code  Gb  cpu.o [4]
NOROM_CPUdelay               0x3689     0x8  Code  Gb  cpu.o [4]
NOROM_ChipInfo_GetChipFamily
                             0x447d    0x18  Code  Gb  chipinfo.o [4]
NOROM_ChipInfo_GetChipType
                             0x4495    0x2a  Code  Gb  chipinfo.o [4]
NOROM_ChipInfo_GetHwRevision
                             0x44bf    0x34  Code  Gb  chipinfo.o [4]
NOROM_ChipInfo_GetPackageType
                             0x4469    0x14  Code  Gb  chipinfo.o [4]
NOROM_DDI32RegWrite          0x6045     0xa  Code  Gb  ddi.o [4]
NOROM_FlashProgram           0x63b5    0x12  Code  Gb  flash.o [4]
NOROM_FlashSectorErase       0x63a9     0xc  Code  Gb  flash.o [4]
NOROM_IntRegister            0x3693    0x28  Code  Gb  interrupt.o [4]
NOROM_IntUnregister          0x36bb     0xa  Code  Gb  interrupt.o [4]
NOROM_OSCClockSourceGet
                             0x3735    0x2a  Code  Gb  osc.o [4]
NOROM_OSCClockSourceSet
                             0x36d9    0x5c  Code  Gb  osc.o [4]
NOROM_OSCHF_AttemptToSwitchToXosc
                             0x3773    0x48  Code  Gb  osc.o [4]
NOROM_OSCHF_SwitchToRcOscTurnOffXosc
                             0x37bb    0x26  Code  Gb  osc.o [4]
NOROM_OSCHF_TurnOnXosc       0x375f    0x14  Code  Gb  osc.o [4]
NOROM_OSC_HPOSCRelativeFrequencyOffsetGet
                             0x37e1    0x36  Code  Gb  osc.o [4]
NOROM_OSC_HPOSCRelativeFrequencyOffsetToRFCoreFormatConvert
                             0x3817     0xc  Code  Gb  osc.o [4]
NOROM_SetupAfterColdResetWakeupFromShutDownCfg1
                             0x5b53    0x96  Code  Gb  setup_rom.o [4]
NOROM_SetupAfterColdResetWakeupFromShutDownCfg2
                             0x5be9    0xdc  Code  Gb  setup_rom.o [4]
NOROM_SetupAfterColdResetWakeupFromShutDownCfg3
                             0x5ccb    0xfe  Code  Gb  setup_rom.o [4]
NOROM_SetupGetTrimForAdcShModeEn
                             0x5e8b    0x12  Code  Gb  setup_rom.o [4]
NOROM_SetupGetTrimForAdcShVbufEn
                             0x5e9d    0x12  Code  Gb  setup_rom.o [4]
NOROM_SetupGetTrimForAmpcompCtrl
                             0x5e35    0x44  Code  Gb  setup_rom.o [4]
NOROM_SetupGetTrimForAnabypassValue1
                             0x5dc9    0x58  Code  Gb  setup_rom.o [4]
NOROM_SetupGetTrimForDblrLoopFilterResetVoltage
                             0x5e79    0x12  Code  Gb  setup_rom.o [4]
NOROM_SetupGetTrimForRadcExtCfg
                             0x5ec9    0x1a  Code  Gb  setup_rom.o [4]
NOROM_SetupGetTrimForRcOscLfIBiasTrim
                             0x5ee3    0x12  Code  Gb  setup_rom.o [4]
NOROM_SetupGetTrimForRcOscLfRtuneCtuneTrim
                             0x5e21    0x14  Code  Gb  setup_rom.o [4]
NOROM_SetupGetTrimForXoscHfCtl
                             0x5eaf    0x1a  Code  Gb  setup_rom.o [4]
NOROM_SetupGetTrimForXoscLfRegulatorAndCmirrwrRatio
                             0x5ef5    0x12  Code  Gb  setup_rom.o [4]
NOROM_SetupSetAonRtcSubSecInc
                             0x5f4b    0x1e  Code  Gb  setup_rom.o [4]
NOROM_SetupSetCacheModeAccordingToCcfgSetting
                             0x5f07    0x44  Code  Gb  setup_rom.o [4]
NOROM_SetupSetVddrLevel
                             0x5ae9    0x6a  Code  Gb  setup_rom.o [4]
NOROM_SetupTrimDevice        0x6b89    0x6e  Code  Gb  setup.o [4]
NOROM_SysCtrlAdjustRechargeAfterPowerDown
                             0x3b85    0x5a  Code  Gb  sys_ctrl.o [4]
NOROM_SysCtrlSetRechargeBeforePowerDown
                             0x39bd   0x1c8  Code  Gb  sys_ctrl.o [4]
NOROM_SysCtrl_DCDC_VoltageConditionalControl
                             0x3bdf    0x5a  Code  Gb  sys_ctrl.o [4]
NOROM_ThisLibraryIsFor_CC13x0_HwRev20AndLater_HaltIfViolated
                             0x4501    0x16  Code  Gb  chipinfo.o [4]
NOROM_VIMSModeGet            0x39a5    0x10  Code  Gb  vims.o [4]
NVSCC26XX_close              0x6051     0x8  Code  Gb  NVSCC26XX.orm3 [5]
NVSCC26XX_control            0x6059     0x6  Code  Gb  NVSCC26XX.orm3 [5]
NVSCC26XX_erase              0x605f    0x28  Code  Gb  NVSCC26XX.orm3 [5]
NVSCC26XX_fxnTable           0x73b4    0x28  Data  Gb  NVSCC26XX.orm3 [5]
NVSCC26XX_getAttrs           0x6087    0x18  Code  Gb  NVSCC26XX.orm3 [5]
NVSCC26XX_init               0x609f    0x42  Code  Gb  NVSCC26XX.orm3 [5]
NVSCC26XX_lock               0x60e1    0x12  Code  Gb  NVSCC26XX.orm3 [5]
NVSCC26XX_open               0x60f3    0x64  Code  Gb  NVSCC26XX.orm3 [5]
NVSCC26XX_read               0x6157    0x3a  Code  Gb  NVSCC26XX.orm3 [5]
NVSCC26XX_unlock             0x6199     0x8  Code  Gb  NVSCC26XX.orm3 [5]
NVSCC26XX_write              0x61a1   0x11a  Code  Gb  NVSCC26XX.orm3 [5]
NVSSPI25X_close              0x50b5    0x6e  Code  Gb  NVSSPI25X.orm3 [5]
NVSSPI25X_control            0x5123    0x52  Code  Gb  NVSSPI25X.orm3 [5]
NVSSPI25X_erase              0x517b    0x28  Code  Gb  NVSSPI25X.orm3 [5]
NVSSPI25X_fxnTable           0x73dc    0x28  Data  Gb  NVSSPI25X.orm3 [5]
NVSSPI25X_getAttrs           0x51a3    0x12  Code  Gb  NVSSPI25X.orm3 [5]
NVSSPI25X_init               0x51b5    0x36  Code  Gb  NVSSPI25X.orm3 [5]
NVSSPI25X_lock               0x51eb    0x14  Code  Gb  NVSSPI25X.orm3 [5]
NVSSPI25X_open               0x51ff    0xfc  Code  Gb  NVSSPI25X.orm3 [5]
NVSSPI25X_read               0x5303    0x40  Code  Gb  NVSSPI25X.orm3 [5]
NVSSPI25X_unlock             0x5343     0xa  Code  Gb  NVSSPI25X.orm3 [5]
NVSSPI25X_write              0x534d   0x146  Code  Gb  NVSSPI25X.orm3 [5]
NVS_Params_init              0x6f4d     0x8  Code  Gb  NVS.orm3 [5]
NVS_config                   0x758c    0x18  Data  Gb  CC1350STK.o [1]
NVS_count                    0x2e67     0x1  Data  Gb  CC1350STK.o [1]
NVS_defaultParams            0x6f70     0x4  Data  Gb  NVS.orm3 [5]
NVS_erase                    0x6ed1     0xa  Code  Gb  NVS.orm3 [5]
NVS_getAttrs                 0x6edb     0x6  Code  Gb  NVS.orm3 [5]
NVS_init                     0x6ee1    0x26  Code  Gb  NVS.orm3 [5]
NVS_open                     0x6f09    0x36  Code  Gb  NVS.orm3 [5]
NVS_read                     0x6f55     0xa  Code  Gb  NVS.orm3 [5]
NVS_write                    0x6f5f     0xe  Code  Gb  NVS.orm3 [5]
NoRTOS_start                 0x7545     0x4  Code  Gb  NoRTOS.orm3 [7]
OSCHfSourceReady             0x2189    0x1e  Code  Lc  PowerCC26XX.orm3 [5]
OSCHfSourceSwitch            0x36d1     0x8  Code  Lc  osc.o [4]
PINCC26XX_getConfig          0x35cd    0x2c  Code  Gb  PINCC26XX.orm3 [5]
PINCC26XX_hwAttrs            0x76c8     0x8  Data  Gb  CC1350STK.o [1]
PINCC26XX_setIoCfg           0x310f    0xd8  Code  Lc  PINCC26XX.orm3 [5]
PINCC26XX_setIoCfgMux        0x31e7    0x1e  Code  Lc  PINCC26XX.orm3 [5]
PINCC26XX_setMux             0x35f9    0x2a  Code  Gb  PINCC26XX.orm3 [5]
PIN_add                      0x3423    0x5a  Code  Gb  PINCC26XX.orm3 [5]
PIN_close                    0x34d7    0x1a  Code  Gb  PINCC26XX.orm3 [5]
PIN_ctz                      0x30b9     0xa  Code  Lc  PINCC26XX.orm3 [5]
PIN_getConfig                0x358b    0x14  Code  Gb  PINCC26XX.orm3 [5]
PIN_hwi                      0x30fb    0x14  Code  Lc  PINCC26XX.orm3 [5]
PIN_init                     0x3205   0x190  Code  Gb  PINCC26XX.orm3 [5]
PIN_open                     0x3395    0x8e  Code  Gb  PINCC26XX.orm3 [5]
PIN_registerIntCb            0x357f     0xc  Code  Gb  PINCC26XX.orm3 [5]
PIN_remove                   0x3487    0x50  Code  Gb  PINCC26XX.orm3 [5]
PIN_setConfig                0x359f    0x2e  Code  Gb  PINCC26XX.orm3 [5]
PIN_setInterrupt             0x3551    0x2e  Code  Gb  PINCC26XX.orm3 [5]
PIN_setOutputEnable          0x34f1    0x34  Code  Gb  PINCC26XX.orm3 [5]
PIN_setOutputValue           0x3525    0x2c  Code  Gb  PINCC26XX.orm3 [5]
PIN_swi                      0x30c3    0x38  Code  Lc  PINCC26XX.orm3 [5]
PRCMSleep                    0x3891     0x2  Code  Lc  PowerCC26XX_nortos.orm3 [7]
PowerCC26XX_RCOSC_clockFunc
                             0x3f6d    0x46  Code  Gb  PowerCC26XX_calibrateRCOSC.orm3 [5]
PowerCC26XX_auxISR           0x3cfd   0x120  Code  Gb  PowerCC26XX_calibrateRCOSC.orm3 [5]
PowerCC26XX_calibrate        0x26ab    0x50  Code  Gb  PowerCC26XX.orm3 [5]
PowerCC26XX_config           0x75a4    0x18  Data  Gb  CC1350STK.o [1]
PowerCC26XX_doCalibrate
                             0x3e1d   0x13e  Code  Gb  PowerCC26XX_calibrateRCOSC.orm3 [5]
PowerCC26XX_initiateCalibration
                             0x3ca1    0x5c  Code  Gb  PowerCC26XX_calibrateRCOSC.orm3 [5]
PowerCC26XX_module      0x2000'0538   0x114  Data  Gb  PowerCC26XX.orm3 [5]
PowerCC26XX_schedulerDisable
                             0x396d     0xc  Code  Gb  PowerCC26XX_nortos.orm3 [7]
PowerCC26XX_schedulerRestore
                             0x3979     0x8  Code  Gb  PowerCC26XX_nortos.orm3 [7]
PowerCC26XX_standbyPolicy
                             0x3893    0xda  Code  Gb  PowerCC26XX_nortos.orm3 [7]
PowerCC26XX_swiKey      0x2000'11c0     0x4  Data  Lc  PowerCC26XX_nortos.orm3 [7]
Power_disablePolicy          0x21a7    0x10  Code  Gb  PowerCC26XX.orm3 [5]
Power_enablePolicy           0x21b7     0xc  Code  Gb  PowerCC26XX.orm3 [5]
Power_getConstraintMask
                             0x21c3     0x8  Code  Gb  PowerCC26XX.orm3 [5]
Power_getDependencyCount
                             0x21cb     0xc  Code  Gb  PowerCC26XX.orm3 [5]
Power_getTransitionLatency
                             0x21d7    0x1c  Code  Gb  PowerCC26XX.orm3 [5]
Power_idleFunc               0x21f3    0x16  Code  Gb  PowerCC26XX.orm3 [5]
Power_init                   0x2209   0x104  Code  Gb  PowerCC26XX.orm3 [5]
Power_registerNotify         0x230d    0x24  Code  Gb  PowerCC26XX.orm3 [5]
Power_releaseConstraint
                             0x2331    0x2c  Code  Gb  PowerCC26XX.orm3 [5]
Power_releaseDependency
                             0x235d    0x9e  Code  Gb  PowerCC26XX.orm3 [5]
Power_setConstraint          0x23fb    0x22  Code  Gb  PowerCC26XX.orm3 [5]
Power_setDependency          0x2425    0xa2  Code  Gb  PowerCC26XX.orm3 [5]
Power_sleep                  0x24c7   0x1c8  Code  Gb  PowerCC26XX.orm3 [5]
Power_unregisterNotify       0x268f    0x1c  Code  Gb  PowerCC26XX.orm3 [5]
QueueP_empty                 0x412b     0xe  Code  Gb  QueueP_nortos.orm3 [7]
QueueP_get                   0x4139    0x14  Code  Gb  QueueP_nortos.orm3 [7]
QueueP_head                  0x4155     0x4  Code  Gb  QueueP_nortos.orm3 [7]
QueueP_init                  0x4129     0x2  Code  Gb  QueueP_nortos.orm3 [7]
QueueP_next                  0x4161     0x4  Code  Gb  QueueP_nortos.orm3 [7]
QueueP_put                   0x4165    0x18  Code  Gb  QueueP_nortos.orm3 [7]
QueueP_remove                0x4185     0xe  Code  Gb  QueueP_nortos.orm3 [7]
Region$$Table$$Base          0x749c           --   Gb  - Linker created -
Region$$Table$$Limit         0x74bc           --   Gb  - Linker created -
RingBuf_construct            0x2a61    0x12  Code  Gb  RingBuf.orm3 [5]
RingBuf_get                  0x2a73    0x2a  Code  Gb  RingBuf.orm3 [5]
RingBuf_put                  0x2aad    0x32  Code  Gb  RingBuf.orm3 [5]
SPICC26XXDMA_close           0x47ad    0x4e  Code  Gb  SPICC26XXDMA.orm3 [5]
SPICC26XXDMA_configDMA       0x4887   0x10e  Code  Lc  SPICC26XXDMA.orm3 [5]
SPICC26XXDMA_control         0x47fb    0x8c  Code  Gb  SPICC26XXDMA.orm3 [5]
SPICC26XXDMA_csnCallback
                             0x4dd1    0x3c  Code  Lc  SPICC26XXDMA.orm3 [5]
SPICC26XXDMA_flushFifos
                             0x4a85    0x34  Code  Lc  SPICC26XXDMA.orm3 [5]
SPICC26XXDMA_fxnTable        0x75ec    0x18  Data  Gb  SPICC26XXDMA.orm3 [5]
SPICC26XXDMA_hwiFxn          0x4995    0xa0  Code  Lc  SPICC26XXDMA.orm3 [5]
SPICC26XXDMA_init            0x4ab9     0xc  Code  Gb  SPICC26XXDMA.orm3 [5]
SPICC26XXDMA_initHw          0x4e0d    0x4a  Code  Lc  SPICC26XXDMA.orm3 [5]
SPICC26XXDMA_initIO          0x4e59   0x122  Code  Lc  SPICC26XXDMA.orm3 [5]
SPICC26XXDMA_open            0x4ac5   0x10c  Code  Gb  SPICC26XXDMA.orm3 [5]
SPICC26XXDMA_swiFxn          0x4a35    0x50  Code  Lc  SPICC26XXDMA.orm3 [5]
SPICC26XXDMA_transfer        0x4bd1   0x14c  Code  Gb  SPICC26XXDMA.orm3 [5]
SPICC26XXDMA_transferCallback
                             0x4dc9     0x8  Code  Lc  SPICC26XXDMA.orm3 [5]
SPICC26XXDMA_transferCancel
                             0x4d1d    0xa0  Code  Gb  SPICC26XXDMA.orm3 [5]
SPI_Params_init              0x57d5     0x8  Code  Gb  SPI.orm3 [5]
SPI_close                    0x5759     0x6  Code  Gb  SPI.orm3 [5]
SPI_config                   0x75bc    0x18  Data  Gb  CC1350STK.o [1]
SPI_count                    0x4192     0x1  Data  Gb  CC1350STK.o [1]
SPI_defaultParams            0x57e4    0x20  Data  Gb  SPI.orm3 [5]
SPI_init                     0x575f    0x38  Code  Gb  SPI.orm3 [5]
SPI_open                     0x5799    0x2e  Code  Gb  SPI.orm3 [5]
SPI_transfer                 0x57dd     0x6  Code  Gb  SPI.orm3 [5]
SSIDMADisable                0x46b7     0x4  Code  Lc  SPICC26XXDMA.orm3 [5]
SSIDisable                   0x46a5     0xc  Code  Lc  SPICC26XXDMA.orm3 [5]
SSIIntDisable                0x46b1     0x6  Code  Lc  SPICC26XXDMA.orm3 [5]
STACK_TOP {Abs}         0x2000'5000          Data  Gb  <internal module>
SafeHapiVoid                 0x4519    0x28  Code  Gb  adi.o [4]
SemaphoreP_construct         0x28eb    0x4c  Code  Gb  SemaphoreP_nortos.orm3 [7]
SemaphoreP_constructBinary
                             0x2937    0x1a  Code  Gb  SemaphoreP_nortos.orm3 [7]
SemaphoreP_create            0x2951    0x16  Code  Gb  SemaphoreP_nortos.orm3 [7]
SemaphoreP_createBinary
                             0x2967     0x8  Code  Gb  SemaphoreP_nortos.orm3 [7]
SemaphoreP_defaultParams
                        0x2000'064c     0x8  Data  Gb  SemaphoreP_nortos.orm3 [7]
SemaphoreP_delete            0x298b     0x4  Code  Gb  SemaphoreP_nortos.orm3 [7]
SemaphoreP_destruct          0x2989     0x2  Code  Gb  SemaphoreP_nortos.orm3 [7]
SemaphoreP_initialized  0x2000'0654     0x1  Data  Lc  SemaphoreP_nortos.orm3 [7]
SemaphoreP_pend              0x298f    0x8a  Code  Gb  SemaphoreP_nortos.orm3 [7]
SemaphoreP_post              0x2a19    0x3c  Code  Gb  SemaphoreP_nortos.orm3 [7]
SetupSignExtendVddrTrimValue
                             0x39b5     0x8  Code  Lc  sys_ctrl.o [4]
SetupSignExtendVddrTrimValue
                             0x5ae1     0x8  Code  Lc  setup_rom.o [4]
SwiP_Params_init             0x2e69     0x8  Code  Gb  SwiP_nortos.orm3 [7]
SwiP_construct               0x2e71    0xae  Code  Gb  SwiP_nortos.orm3 [7]
SwiP_currentTrigger     0x2000'0ff4     0x4  Data  Lc  SwiP_nortos.orm3 [7]
SwiP_defaultParams           0x30a8    0x10  Data  Lc  SwiP_nortos.orm3 [7]
SwiP_destruct                0x2f1f    0x28  Code  Gb  SwiP_nortos.orm3 [7]
SwiP_disable                 0x2f47    0x16  Code  Gb  SwiP_nortos.orm3 [7]
SwiP_dispatch                0x2f5d    0x80  Code  Gb  SwiP_nortos.orm3 [7]
SwiP_getTrigger              0x2fed     0x6  Code  Gb  SwiP_nortos.orm3 [7]
SwiP_handleHwi               0x2fdd    0x10  Code  Lc  SwiP_nortos.orm3 [7]
SwiP_hwiStruct          0x2000'0ff8    0x1c  Data  Lc  SwiP_nortos.orm3 [7]
SwiP_initialized        0x2000'0fe9     0x1  Data  Lc  SwiP_nortos.orm3 [7]
SwiP_lockState          0x2000'0ff0     0x4  Data  Lc  SwiP_nortos.orm3 [7]
SwiP_or                      0x3009    0x16  Code  Gb  SwiP_nortos.orm3 [7]
SwiP_post                    0x3023    0x4a  Code  Gb  SwiP_nortos.orm3 [7]
SwiP_readyList          0x2000'1014    0x20  Data  Lc  SwiP_nortos.orm3 [7]
SwiP_readyMask          0x2000'0fec     0x4  Data  Lc  SwiP_nortos.orm3 [7]
SwiP_restore                 0x306d    0x24  Code  Gb  SwiP_nortos.orm3 [7]
SwiP_schedulerRunning   0x2000'0fe8     0x1  Data  Lc  SwiP_nortos.orm3 [7]
SystemP_vsnprintf            0x63d9     0x2  Code  Gb  SystemP_nortos.orm3 [7]
TimerP_Params_init           0x41cd     0xe  Code  Gb  TimerPCC26XX_nortos.orm3 [7]
TimerP_construct             0x41db    0x8c  Code  Gb  TimerPCC26XX_nortos.orm3 [7]
TimerP_defaultParams    0x2000'06b0     0xc  Data  Lc  TimerPCC26XX_nortos.orm3 [7]
TimerP_dynamicStub           0x4361    0x16  Code  Gb  TimerPCC26XX_nortos.orm3 [7]
TimerP_getCount64            0x434f     0x4  Code  Gb  TimerPCC26XX_nortos.orm3 [7]
TimerP_getCurrentTick        0x4377    0x2a  Code  Gb  TimerPCC26XX_nortos.orm3 [7]
TimerP_getFreq               0x4353     0xc  Code  Gb  TimerPCC26XX_nortos.orm3 [7]
TimerP_getMaxTicks           0x4267    0x1e  Code  Gb  TimerPCC26XX_nortos.orm3 [7]
TimerP_handle           0x2000'06c0     0x4  Data  Lc  TimerPCC26XX_nortos.orm3 [7]
TimerP_hwiStruct        0x2000'06c4    0x1c  Data  Lc  TimerPCC26XX_nortos.orm3 [7]
TimerP_initDevice            0x43a1    0x28  Code  Gb  TimerPCC26XX_nortos.orm3 [7]
TimerP_initialized      0x2000'06bc     0x1  Data  Lc  TimerPCC26XX_nortos.orm3 [7]
TimerP_setNextTick           0x42af    0x32  Code  Gb  TimerPCC26XX_nortos.orm3 [7]
TimerP_setThreshold          0x4285    0x2a  Code  Gb  TimerPCC26XX_nortos.orm3 [7]
TimerP_start                 0x42f3    0x5c  Code  Gb  TimerPCC26XX_nortos.orm3 [7]
TimerP_startup               0x42e1    0x12  Code  Gb  TimerPCC26XX_nortos.orm3 [7]
TrimAfterColdResetWakeupFromShutDown
                             0x6bf7    0x90  Code  Lc  setup.o [4]
UARTCC26XX_close             0x1b2f    0x84  Code  Gb  UARTCC26XX.orm3 [5]
UARTCC26XX_control           0x1bb3    0x58  Code  Gb  UARTCC26XX.orm3 [5]
UARTCC26XX_fxnTable          0x7404    0x28  Data  Gb  UARTCC26XX.orm3 [5]
UARTCC26XX_hwiIntFxn         0x1837   0x148  Code  Gb  UARTCC26XX.orm3 [5]
UARTCC26XX_init              0x19e1     0x8  Code  Gb  UARTCC26XX.orm3 [5]
UARTCC26XX_initHw            0x1ef1    0x9a  Code  Lc  UARTCC26XX.orm3 [5]
UARTCC26XX_initIO            0x1f8b    0x74  Code  Lc  UARTCC26XX.orm3 [5]
UARTCC26XX_open              0x19e9   0x146  Code  Gb  UARTCC26XX.orm3 [5]
UARTCC26XX_read              0x1d5d   0x132  Code  Gb  UARTCC26XX.orm3 [5]
UARTCC26XX_readCancel        0x1e9d    0x42  Code  Gb  UARTCC26XX.orm3 [5]
UARTCC26XX_readPolling       0x1e95     0x2  Code  Gb  UARTCC26XX.orm3 [5]
UARTCC26XX_swiIntFxn         0x198b    0x50  Code  Gb  UARTCC26XX.orm3 [5]
UARTCC26XX_write             0x1c0b    0xcc  Code  Gb  UARTCC26XX.orm3 [5]
UARTCC26XX_writeCancel       0x1cd9    0x76  Code  Gb  UARTCC26XX.orm3 [5]
UARTCC26XX_writePolling
                             0x1cd7     0x2  Code  Gb  UARTCC26XX.orm3 [5]
UARTIntDisable               0x1633     0xc  Code  Lc  UARTCC26XX.orm3 [5]
UARTIntEnable                0x1629     0xa  Code  Lc  UARTCC26XX.orm3 [5]
UART_Params_init             0x71b1     0x8  Code  Gb  UART.orm3 [5]
UART_close                   0x713d     0x6  Code  Gb  UART.orm3 [5]
UART_config                  0x769c     0xc  Data  Gb  CC1350STK.o [1]
UART_control                 0x7143     0xa  Code  Gb  UART.orm3 [5]
UART_count                   0x4193     0x1  Data  Gb  CC1350STK.o [1]
UART_defaultParams           0x7454    0x24  Data  Gb  UART.orm3 [5]
UART_init                    0x714d    0x38  Code  Gb  UART.orm3 [5]
UART_open                    0x7185    0x2c  Code  Gb  UART.orm3 [5]
UART_write                   0x71c9     0xa  Code  Gb  UART.orm3 [5]
UDMACC26XX_channelDone       0x46c3    0x14  Code  Lc  SPICC26XXDMA.orm3 [5]
UDMACC26XX_close             0x504d    0x3c  Code  Gb  UDMACC26XX.orm3 [5]
UDMACC26XX_config            0x76d8     0x8  Data  Gb  CC1350STK.o [1]
UDMACC26XX_hwiIntFxn         0x4ffd     0xc  Code  Gb  UDMACC26XX.orm3 [5]
UDMACC26XX_initHw            0x5089    0x1e  Code  Lc  UDMACC26XX.orm3 [5]
UDMACC26XX_open              0x5009    0x44  Code  Gb  UDMACC26XX.orm3 [5]
__aeabi_cdcmple              0x66dd          Code  Gb  DblCmpLe.o [6]
__aeabi_d2iz                 0x670d          Code  Gb  DblToS32.o [6]
__aeabi_d2uiz                0x69f5          Code  Gb  DblToU32.o [6]
__aeabi_dmul                 0x6851          Code  Gb  DblMul.o [6]
__aeabi_dsub                 0x676d          Code  Gb  DblSub.o [6]
__aeabi_i2d                  0x6749          Code  Gb  S32ToDbl.o [6]
__aeabi_ldiv0                0x46a1          Code  Gb  I64DivZer.o [8]
__aeabi_memset4              0x5aa5          Code  Gb  ABImemset48.o [8]
__aeabi_memset8              0x5aa5          Code  Gb  ABImemset48.o [8]
__ccfg                     0x1'ffa8    0x58  Data  Gb  ccfg.o [1]
__cmain                      0x74fd          Code  Gb  cmain.o [8]
__data_GetMemChunk           0x15e9    0x2c  Code  Gb  xgetmemchunk.o [3]
__data_GetMemChunk::start
                        0x2000'11c4     0x4  Data  Lc  xgetmemchunk.o [3]
__exit                       0x1615    0x14  Code  Gb  exit.o [9]
__iar_Memset4_word           0x5aad          Code  Gb  ABImemset48.o [8]
__iar_Memset8_word           0x5aad          Code  Gb  ABImemset48.o [8]
__iar_dadd                   0x677d          Code  Gb  DblSub.o [6]
__iar_data_init3             0x742d    0x28  Code  Gb  data_init.o [8]
__iar_dlfree                 0x10a7   0x4f6  Code  Gb  dlmalloc.o [3]
__iar_dlmalloc                0xdf1   0x2b6  Code  Gb  dlmalloc.o [3]
__iar_dsub                   0x6a1d          Code  Gb  DblAdd.o [6]
__iar_dsubStart              0x6a2f          Code  Gb  DblAdd.o [6]
__iar_packbits_init_single3
                             0x72c5    0x38  Code  Gb  packbits_init_single.o [8]
__iar_program_start          0x76b5          Code  Gb  cstartup_M.o [8]
__iar_small_uldivmod         0x4599          Code  Gb  I64DivMod_small.o [8]
__iar_unaligned_memcpy       0x43f1          Code  Gb  ABImemcpy_unaligned.o [8]
__iar_unaligned_memcpy4
                             0x4411          Code  Gb  ABImemcpy_unaligned.o [8]
__iar_unaligned_memcpy8
                             0x4411          Code  Gb  ABImemcpy_unaligned.o [8]
__iar_zero_init3             0x15af    0x3a  Code  Gb  zero_init3.o [8]
__low_level_init             0x751b     0xe  Code  Gb  startup_cc13xx_cc26xx_iar.orm3 [7]
__vector_table                  0x0    0xc8  Data  Gb  startup_cc13xx_cc26xx_iar.orm3 [7]
_call_main                   0x7509          Code  Gb  cmain.o [8]
_exit                        0x7549          Code  Gb  cexit.o [8]
_gm_                    0x2000'06e0   0x1d8  Data  Lc  dlmalloc.o [3]
_main                        0x7517          Code  Gb  cmain.o [8]
abort                        0x15a9     0x6  Code  Gb  abort.o [3]
add_segment                   0x491   0x1f2  Code  Lc  dlmalloc.o [3]
buffer                  0x2000'1074    0x40  Data  Lc  nvsinternal.o [1]
calibrateRcoscHf1            0x3fb3   0x134  Code  Lc  PowerCC26XX_calibrateRCOSC.orm3 [5]
clkFxn                       0x28e9     0x2  Code  Gb  SemaphoreP_nortos.orm3 [7]
configIntsEnabledMask   0x2000'0698     0x4  Data  Lc  GPIOCC26XX.orm3 [5]
configureRFCoreClocks        0x27c1    0x12  Code  Lc  PowerCC26XX.orm3 [5]
configureXOSCHF              0x283d    0x52  Code  Lc  PowerCC26XX.orm3 [5]
dataLength                   0x2044    0x10  Data  Lc  UARTCC26XX.orm3 [5]
defaultPinConfig        0x2000'0c2c     0x4  Data  Lc  PINCC26XX.orm3 [5]
disableFlashCache            0x633b    0x34  Code  Lc  NVSCC26XX.orm3 [5]
disableLfClkQualifiersEnableClkLoss
                             0x26ff    0x30  Code  Lc  PowerCC26XX.orm3 [5]
displayUartHWAttrs           0x7604    0x14  Data  Gb  CC1350STK.o [1]
displayUartObject       0x2000'1180     0xc  Data  Gb  CC1350STK.o [1]
dmaNullConfig                0x4ff4     0x8  Data  Lc  SPICC26XXDMA.orm3 [5]
dmaRxConfig                  0x4fec     0x8  Data  Lc  SPICC26XXDMA.orm3 [5]
dmaSpi0RxControlTableEntry {Abs}
                        0x2000'0430    0x10  Data  Lc  SPICC26XXDMA.orm3 [5]
dmaSpi0TxControlTableEntry {Abs}
                        0x2000'0440    0x10  Data  Lc  SPICC26XXDMA.orm3 [5]
dmaSpi1RxControlTableEntry {Abs}
                        0x2000'0500    0x10  Data  Lc  SPICC26XXDMA.orm3 [5]
dmaSpi1TxControlTableEntry {Abs}
                        0x2000'0510    0x10  Data  Lc  SPICC26XXDMA.orm3 [5]
dmaTxConfig                  0x4fe4     0x8  Data  Lc  SPICC26XXDMA.orm3 [5]
doEnablePolicy          0x2000'11c9     0x1  Data  Lc  SemaphoreP_nortos.orm3 [7]
doErase                      0x62bb    0x80  Code  Lc  NVSCC26XX.orm3 [5]
doErase                      0x54fd    0xc4  Code  Lc  NVSSPI25X.orm3 [5]
doPrint                      0x63dd   0x232  Code  Lc  SystemP_nortos.orm3 [7]
doRead                       0x55c1    0x70  Code  Lc  NVSSPI25X.orm3 [5]
doWriteVerify                0x54a3    0x5a  Code  Lc  NVSSPI25X.orm3 [5]
driverlib_release_0_55724
                        0x2000'11ce     0x1  Data  Gb  driverlib_release.o [4]
dummy_stack             0x2000'4c00     0x4  Data  Lc  startup_cc13xx_cc26xx_iar.orm3 [7]
emptyClockFunc               0x26fd     0x2  Code  Lc  PowerCC26XX.orm3 [5]
exit                         0x7541     0x4  Code  Gb  exit.o [3]
extFlashSpiRead              0x5701    0x24  Code  Lc  NVSSPI25X.orm3 [5]
extFlashSpiWrite             0x56bb    0x46  Code  Lc  NVSSPI25X.orm3 [5]
extFlashWaitReady            0x5641    0x4c  Code  Lc  NVSSPI25X.orm3 [5]
extFlashWaitReady::wbuf
                             0x5730     0x1  Data  Lc  NVSSPI25X.orm3 [5]
extFlashWriteEnable          0x5699    0x22  Code  Lc  NVSSPI25X.orm3 [5]
extFlashWriteEnable::wbuf
                             0x5734     0x1  Data  Lc  NVSSPI25X.orm3 [5]
faultISR                     0x752b     0x2  Code  Lc  startup_cc13xx_cc26xx_iar.orm3 [7]
flashBuf {Abs}             0x1'a000  0x4000  Data  Lc  CC1350STK.o [1]
formatNum                    0x662d    0x48  Code  Lc  SystemP_nortos.orm3 [7]
frameFormat                  0x4fcc    0x18  Data  Lc  SPICC26XXDMA.orm3 [5]
free                         0x4125     0x4  Code  Gb  heaptramp0.o [3]
g_pfnRAMVectors         0x2000'0e00    0xc8  Data  Lc  interrupt.o [4]
gpioCallbackFunctions   0x2000'11b0     0x8  Data  Gb  CC1350STK.o [1]
gpioCallbackInfo        0x2000'0674    0x20  Data  Lc  GPIOCC26XX.orm3 [5]
gpioPinConfigs          0x2000'0520    0x18  Data  Gb  CC1350STK.o [1]
gpioPinHandle           0x2000'0694     0x4  Data  Lc  GPIOCC26XX.orm3 [5]
gpioPinState            0x2000'06a0     0xc  Data  Lc  GPIOCC26XX.orm3 [5]
gpioPinTable            0x2000'06ac     0x4  Data  Lc  GPIOCC26XX.orm3 [5]
inPinTypes                   0x5a7c     0xc  Data  Gb  GPIOCC26XX.orm3 [5]
initCalled              0x2000'0670     0x1  Data  Lc  GPIOCC26XX.orm3 [5]
init_mparams                   0xe3    0x32  Code  Lc  dlmalloc.o [3]
init_top                      0x115    0x36  Code  Lc  dlmalloc.o [3]
intDefaultHandler            0x752d     0x2  Code  Lc  startup_cc13xx_cc26xx_iar.orm3 [7]
interruptType                0x5a64    0x18  Data  Lc  GPIOCC26XX.orm3 [5]
isFlowControlEnabled         0x163f    0x14  Code  Lc  UARTCC26XX.orm3 [5]
isInitialized           0x2000'11cb     0x1  Data  Lc  NVS.orm3 [5]
isInitialized           0x2000'11cc     0x1  Data  Lc  UART.orm3 [5]
isInitialized           0x2000'11cd     0x1  Data  Lc  SPI.orm3 [5]
lfClockReadyCallback         0x2731    0x60  Code  Lc  PowerCC26XX.orm3 [5]
main                         0x752f    0x12  Code  Gb  main_nortos.o [1]
mainThread                   0x6cdd   0x150  Code  Gb  nvsinternal.o [1]
mode                         0x4fc4     0x8  Data  Lc  SPICC26XXDMA.orm3 [5]
mparams                 0x2000'1154    0x18  Data  Lc  dlmalloc.o [3]
nmiISR                       0x7529     0x2  Code  Lc  startup_cc13xx_cc26xx_iar.orm3 [7]
nopResourceHandler           0x2791     0x4  Code  Lc  PowerCC26XX.orm3 [5]
notify                       0x2795    0x2c  Code  Lc  PowerCC26XX.orm3 [5]
nvsCC26xxHWAttrs             0x76c0     0x8  Data  Gb  CC1350STK.o [1]
nvsCC26xxObjects        0x2000'11ca     0x1  Data  Gb  CC1350STK.o [1]
nvsSPI25XHWAttrs             0x7364    0x28  Data  Gb  CC1350STK.o [1]
nvsSPI25XObjects        0x2000'118c     0xc  Data  Gb  CC1350STK.o [1]
oscHfGlobals            0x2000'116c    0x14  Data  Lc  osc.o [4]
outPinStrengths              0x5a98     0xc  Data  Gb  GPIOCC26XX.orm3 [5]
outPinTypes                  0x5a88    0x10  Data  Gb  GPIOCC26XX.orm3 [5]
parityType                   0x205c    0x14  Data  Lc  UARTCC26XX.orm3 [5]
pendInProgress          0x2000'11c8     0x1  Data  Lc  SemaphoreP_nortos.orm3 [7]
pinGpioConfigTable      0x2000'10b4    0x20  Data  Lc  PINCC26XX.orm3 [5]
pinHandleTable          0x2000'0bb0    0x7c  Data  Gb  PINCC26XX.orm3 [5]
pinHwi                  0x2000'10d8    0x1c  Data  Lc  PINCC26XX.orm3 [5]
pinLowerBound           0x2000'10d4     0x4  Data  Gb  PINCC26XX.orm3 [5]
pinSemaphore            0x2000'0c64    0x1c  Data  Lc  PINCC26XX.orm3 [5]
pinSwi                  0x2000'0c30    0x34  Data  Lc  PINCC26XX.orm3 [5]
pinUpperBound           0x2000'0bac     0x4  Data  Gb  PINCC26XX.orm3 [5]
powerQualGlobals        0x2000'11b8     0x8  Data  Lc  sys_ctrl.o [4]
prepend_alloc                 0x14b   0x346  Code  Lc  dlmalloc.o [3]
putChar                      0x6675    0x14  Code  Lc  SystemP_nortos.orm3 [7]
readData                     0x16cf    0x2e  Code  Lc  UARTCC26XX.orm3 [5]
readData2RingBuf             0x16fd    0x28  Code  Lc  UARTCC26XX.orm3 [5]
readSemCallback              0x1697     0x8  Code  Lc  UARTCC26XX.orm3 [5]
resourceDB                   0x7238    0x4c  Data  Gb  PowerCC26XX.orm3 [5]
restoreFlashCache            0x636f    0x1c  Code  Lc  NVSCC26XX.orm3 [5]
rxFifoBytes                  0x2088     0x8  Data  Lc  UARTCC26XX.orm3 [5]
rxFifoThreshold              0x2078     0x8  Data  Lc  UARTCC26XX.orm3 [5]
sectorBaseMask          0x2000'11a0     0x4  Data  Lc  NVSCC26XX.orm3 [5]
sectorSize              0x2000'119c     0x4  Data  Lc  NVSCC26XX.orm3 [5]
segment_holding                0xc9    0x1a  Code  Lc  dlmalloc.o [3]
signature                    0x7330    0x34  Data  Lc  nvsinternal.o [1]
sleepTicks                   0x2e45    0x22  Code  Lc  ClockPTimer_nortos.orm3 [7]
spiCC26XXDMAHWAttrs          0x7284    0x40  Data  Gb  CC1350STK.o [1]
spiCC26XXDMAObjects     0x2000'08b8   0x1c8  Data  Gb  CC1350STK.o [1]
spiCsnGpioIndex         0x2000'114c     0x4  Data  Lc  NVSSPI25X.orm3 [5]
spiHandle               0x2000'1148     0x4  Data  Lc  NVSSPI25X.orm3 [5]
spiHandleUsers          0x2000'1134     0x4  Data  Lc  NVSSPI25X.orm3 [5]
spiHandles              0x2000'1138    0x10  Data  Lc  NVSSPI25X.orm3 [5]
spiPollingTransfer           0x4713    0x9a  Code  Lc  SPICC26XXDMA.orm3 [5]
spiPostNotify                0x4fb9     0xc  Code  Lc  SPICC26XXDMA.orm3 [5]
startTxFifoEmptyClk          0x1731    0x46  Code  Lc  UARTCC26XX.orm3 [5]
stopBits                     0x2054     0x8  Data  Lc  UARTCC26XX.orm3 [5]
strcmp                       0x6f75          Code  Gb  strcmp.o [8]
strlen                       0x66a5          Code  Gb  strlen.o [8]
switchXOSCHFclockFunc        0x27d5    0x68  Code  Lc  PowerCC26XX.orm3 [5]
sys_alloc                     0x689   0x164  Code  Lc  dlmalloc.o [3]
sys_trim                      0x7ed    0x64  Code  Lc  dlmalloc.o [3]
threadSafeConstraintRelease
                             0x46d7    0x3c  Code  Lc  SPICC26XXDMA.orm3 [5]
threadSafeStdbyDisRelease
                             0x166d    0x18  Code  Lc  UARTCC26XX.orm3 [5]
threadSafeStdbyDisSet        0x1653    0x1a  Code  Lc  UARTCC26XX.orm3 [5]
timerFreq               0x2000'065c     0x8  Data  Lc  ClockPTimer_nortos.orm3 [7]
tmalloc_large                 0x85d   0x386  Code  Lc  dlmalloc.o [3]
tmalloc_small                 0xbe3   0x200  Code  Lc  dlmalloc.o [3]
txFifoBytes                  0x2080     0x8  Data  Lc  UARTCC26XX.orm3 [5]
txFifoThreshold              0x2070     0x8  Data  Lc  UARTCC26XX.orm3 [5]
uartCC26XXHWAttrs            0x738c    0x28  Data  Gb  CC1350STK.o [1]
uartCC26XXObjects       0x2000'0a80   0x12c  Data  Gb  CC1350STK.o [1]
uartCC26XXRingBuffer    0x2000'10f4    0x20  Data  Gb  CC1350STK.o [1]
uartPostNotify               0x2035    0x10  Code  Lc  UARTCC26XX.orm3 [5]
uartStringBuf           0x2000'0f68    0x80  Data  Lc  CC1350STK.o [1]
udmaHWAttrs                  0x76d0     0x8  Data  Gb  CC1350STK.o [1]
udmaObjects             0x2000'1114    0x20  Data  Gb  CC1350STK.o [1]
usecsPerTimerTick       0x2000'0668     0x4  Data  Lc  ClockPTimer_nortos.orm3 [7]
verifyBuf               0x2000'1034    0x40  Data  Lc  CC1350STK.o [1]
writeData                    0x169f    0x30  Code  Lc  UARTCC26XX.orm3 [5]
writeFinishedDoCallback
                             0x1777    0x46  Code  Lc  UARTCC26XX.orm3 [5]
writeSem                0x2000'1198     0x4  Data  Lc  NVSCC26XX.orm3 [5]
writeSem                0x2000'1150     0x4  Data  Lc  NVSSPI25X.orm3 [5]
writeSemCallback             0x168f     0x8  Code  Lc  UARTCC26XX.orm3 [5]
writeTxFifoFlush             0x17bd    0x7a  Code  Lc  UARTCC26XX.orm3 [5]


[1] = G:\CC1350_ws\nvsinternal_official\Debug\Obj
[2] = display.arm3
[3] = dl7M_tln.a
[4] = driverlib.lib
[5] = drivers_cc13x0.arm3
[6] = m7M_tl.a
[7] = nortos_cc13x0.arm3
[8] = rt7M_tl.a
[9] = shb_l.a

  29 164 bytes of readonly  code memory
   1 435 bytes of readonly  data memory
   4 527 bytes of readwrite data memory

Errors: none
Warnings: none
