###############################################################################
#
# IAR ELF Linker V8.32.3.193/W32 for ARM                  05/Nov/2020  16:50:56
# Copyright 2007-2019 IAR Systems AB.
#
#    Output file  =  G:\CC1350_ws\pwmled_nortos\Debug\Exe\pwmled2.out
#    Map file     =  G:\CC1350_ws\pwmled_nortos\Debug\List\pwmled2.map
#    Command line =  
#        -f C:\Users\70453\AppData\Local\Temp\EW1E30.tmp
#        (G:\CC1350_ws\pwmled_nortos\Debug\Obj\CC1350_LAUNCHXL_433.o
#        G:\CC1350_ws\pwmled_nortos\Debug\Obj\CC1350_LAUNCHXL_433_fxns.o
#        G:\CC1350_ws\pwmled_nortos\Debug\Obj\ccfg.o
#        G:\CC1350_ws\pwmled_nortos\Debug\Obj\demo.o
#        G:\CC1350_ws\pwmled_nortos\Debug\Obj\main_nortos.o
#        G:\CC1350_ws\pwmled_nortos\Debug\Obj\matrix.o
#        G:\CC1350_ws\pwmled_nortos\Debug\Obj\pca_chl.o
#        G:\CC1350_ws\pwmled_nortos\Debug\Obj\pwmled2.o --no_out_extension -o
#        G:\CC1350_ws\pwmled_nortos\Debug\Exe\pwmled2.out --map
#        G:\CC1350_ws\pwmled_nortos\Debug\List\pwmled2.map --config
#        c:/ti/simplelink_cc13x0_sdk_3_20_00_23/examples/nortos/CC1350_LAUNCHXL_433/drivers/pwmled2/iar/CC1350_LAUNCHXL_433_NoRTOS.icf
#        c:/ti/simplelink_cc13x0_sdk_3_20_00_23/source/ti/display/lib/display.arm3
#        c:/ti/simplelink_cc13x0_sdk_3_20_00_23/source/ti/grlib/lib/iar/m3/grlib.a
#        c:/ti/simplelink_cc13x0_sdk_3_20_00_23/source/third_party/spiffs/lib/iar/m3/spiffs_cc26xx.a
#        c:/ti/simplelink_cc13x0_sdk_3_20_00_23/source/ti/drivers/rf/lib/rf_multiMode_cc13x0.arm3
#        c:/ti/simplelink_cc13x0_sdk_3_20_00_23/source/ti/drivers/lib/drivers_cc13x0.arm3
#        c:/ti/simplelink_cc13x0_sdk_3_20_00_23/kernel/nortos/lib/nortos_cc13x0.arm3
#        c:/ti/simplelink_cc13x0_sdk_3_20_00_23/source/ti/devices/cc13x0/driverlib/bin/iar/driverlib.lib
#        --silent --cpu=Cortex-M3 --semihosting --entry __iar_program_start
#        --vfe --text_out locale)
#
###############################################################################

*******************************************************************************
*** RUNTIME MODEL ATTRIBUTES
***

CppFlavor       = *
__Heap_Handler  = DLMalloc
__SystemLibrary = DLib
__dlib_version  = 6


*******************************************************************************
*** HEAP SELECTION
***

The advanced heap was selected because the application calls memory
allocation functions outside of system library functions, and there
are calls to deallocation functions in the application.


*******************************************************************************
*** PLACEMENT SUMMARY
***

"A0":  place at 0x0 { ro section .intvec };
"A1":  place at end of [from 0x0 to 0x1'ffff] { ro section .ccfg };
"P1":  place in [from 0x0 to 0x1'ffff] { ro };
"P2":  place in [from 0x2000'0000 to 0x2000'4fff] { rw };
define block HEAP with size = 256, alignment = 8 { };
"P3":  place in [from 0x2000'0000 to 0x2000'4fff] { block HEAP };
define block CSTACK with size = 1K, alignment = 8 { section .stack };
"A2":  place at end of [from 0x2000'0000 to 0x2000'4fff] { block CSTACK };
do not initialize { section .stack, section .noinit };
initialize by copy { rw };
keep { section .intvec };
keep { section .ccfg };

  Section            Kind         Address    Size  Object
  -------            ----         -------    ----  ------
"A0":                                        0xc8
  .intvec            const            0x0    0xc8  startup_cc13xx_cc26xx_iar.orm3 [7]
                                   - 0xc8    0xc8

"P1":                                      0x5eed
  .text              ro code         0xc8   0xf80  dlmalloc.o [3]
  .text              ro code       0x1048     0x6  abort.o [3]
  .text              ro code       0x104e    0x7a  lz77_init_single.o [8]
  .text              ro code       0x10c8    0x2c  xgetmemchunk.o [3]
  .text              ro code       0x10f4    0x14  exit.o [9]
  .text              ro code       0x1108    0x30  iarttio.o [9]
  .text              ro code       0x1138     0xc  XShttio.o [3]
  .text              ro code       0x1144   0x714  PowerCC26XX.orm3 [5]
  .text              ro code       0x1858   0x37e  ClockPTimer_nortos.orm3 [7]
  .text              ro code       0x1bd6    0x3a  zero_init3.o [8]
  .text              ro code       0x1c10   0x170  osc.o [4]
  .text              ro code       0x1d80    0xe0  HwiPCC26XX_nortos.orm3 [7]
  .text              ro code       0x1e60   0x118  PowerCC26XX_nortos.orm3 [7]
  .text              ro code       0x1f78   0x220  SwiP_nortos.orm3 [7]
  .text              ro code       0x2198    0x10  vims.o [4]
  .text              ro code       0x21a8   0x2c4  sys_ctrl.o [4]
  .text              ro code       0x246c    0x18  cpu.o [4]
  .text              ro code       0x2484   0x4ac  PowerCC26XX_calibrateRCOSC.orm3 [5]
  .text              ro code       0x2930    0x6a  QueueP_nortos.orm3 [7]
  .rodata            const         0x299a     0x1  CC1350_LAUNCHXL_433.o [1]
  .text              ro code       0x299c   0x25c  TimerPCC26XX_nortos.orm3 [7]
  .text              ro code       0x2bf8   0x13c  SemaphoreP_nortos.orm3 [7]
  .text              ro code       0x2d34    0x2c  adi.o [4]
  .text              ro code       0x2d60    0x2c  aon_rtc.o [4]
  .text              ro code       0x2d8c    0x28  aon_batmon.o [4]
  .text              ro code       0x2db4    0x30  interrupt.o [4]
  .text              ro code       0x2de4    0x76  ABImemcpy_unaligned.o [8]
  .text              ro code       0x2e5c   0x106  I64DivMod_small.o [8]
  .text              ro code       0x2f64     0x2  I64DivZer.o [8]
  .text              ro code       0x2f68   0x6ec  pca_chl.o [1]
  .text              ro code       0x3654   0x278  matrix.o [1]
  .text              ro code       0x38cc   0x246  DblDiv.o [6]
  .text              ro code       0x3b14    0x2e  DblCmpLe.o [6]
  .text              ro code       0x3b44    0xe2  DblSub.o [6]
  .text              ro code       0x3c28   0x1a2  DblMul.o [6]
  .text              ro code       0x3dcc   0x10a  atan2_64.o [6]
  .text              ro code       0x3ed8   0x420  cos_sin64.o [6]
  .text              ro code       0x42f8   0x17a  DblAdd.o [6]
  .text              ro code       0x4474    0x22  S32ToDbl.o [6]
  .text              ro code       0x4498   0x210  iar_Atan64.o [6]
  .text              ro code       0x46a8    0x3a  DblToS32.o [6]
  .text              ro code       0x46e4   0x51c  setup_rom.o [4]
  .text              ro code       0x4c00    0x52  ddi.o [4]
  .text              ro code       0x4c54   0x504  PINCC26XX.orm3 [5]
  .text              ro code       0x5158    0xae  chipinfo.o [4]
  .text              ro code       0x5208   0x318  PWMTimerCC26XX.orm3 [5]
  .text              ro code       0x5520   0x2cc  GPTimerCC26XX.orm3 [5]
  .text              ro code       0x57ec   0x154  setup.o [4]
  .text              ro code       0x5940    0xf4  CC1350_LAUNCHXL_433_fxns.o [1]
  .text              ro code       0x5a34    0xa0  pwmled2.o [1]
  .text              ro code       0x5ad4    0xa0  PWM.orm3 [5]
  .text              ro code       0x5b74     0x4  posix_sleep.orm3 [7]
  .rodata            const         0x5b78    0x60  CC1350_LAUNCHXL_433.o [1]
  .rodata            const         0x5bd8    0x60  CC1350_LAUNCHXL_433.o [1]
  .rodata            const         0x5c38    0x60  CC1350_LAUNCHXL_433.o [1]
  .rodata            const         0x5c98    0x4c  PowerCC26XX.orm3 [5]
  .rodata            const         0x5ce4    0x34  CC1350_LAUNCHXL_433.o [1]
  .rodata            const         0x5d18    0x40  iar_Atan64.o [6]
  .text              ro code       0x5d58    0x28  data_init.o [8]
  .rodata            const         0x5d80    0x24  PWMTimerCC26XX.orm3 [5]
  .text              ro code       0x5da4    0x24  CC1350_LAUNCHXL_433.o [1]
  .iar.init_table    const         0x5dc8    0x20  - Linker created -
  .text              ro code       0x5de8    0x1e  cmain.o [8]
  .text              ro code       0x5e06    0x14  startup_cc13xx_cc26xx_iar.orm3 [7]
  .text              ro code       0x5e1a    0x16  main_nortos.o [1]
  .text              ro code       0x5e30     0x4  exit.o [3]
  .text              ro code       0x5e34     0x4  NoRTOS.orm3 [7]
  .text              ro code       0x5e38     0xa  cexit.o [8]
  .rodata            const         0x5e44    0x18  CC1350_LAUNCHXL_433.o [1]
  .rodata            const         0x5e5c    0x14  CC1350_LAUNCHXL_433_fxns.o [1]
  .rodata            const         0x5e70    0x10  CC1350_LAUNCHXL_433.o [1]
  .text              ro code       0x5e80     0xc  cstartup_M.o [8]
  .rodata            const         0x5e8c     0x8  CC1350_LAUNCHXL_433.o [1]
  .rodata            const         0x5e94     0x8  CC1350_LAUNCHXL_433_fxns.o [1]
  .rodata            const         0x5e9c     0x0  zero_init3.o [8]
  .rodata            const         0x5e9c     0x0  lz77_init_single.o [8]
  Initializer bytes  const         0x5e9c   0x119  <for P2-P3-1>
                                 - 0x5fb5  0x5eed

"A1":                                        0x58
  .ccfg              const       0x1'ffa8    0x58  ccfg.o [1]
                               - 0x2'0000    0x58

"P2-P3", part 1 of 3:                       0x3f0
  P2-P3-1                     0x2000'0000   0x3f0  <Init block>
    .data            inited   0x2000'0000   0x280  pca_chl.o [1]
    .data            inited   0x2000'0280   0x114  PowerCC26XX.orm3 [5]
    .data            inited   0x2000'0394    0x14  ClockPTimer_nortos.orm3 [7]
    .data            inited   0x2000'03a8     0x4  HwiPCC26XX_nortos.orm3 [7]
    .data            inited   0x2000'03ac     0x9  SemaphoreP_nortos.orm3 [7]
    .data            inited   0x2000'03b8    0x30  TimerPCC26XX_nortos.orm3 [7]
    .data            inited   0x2000'03e8     0x8  XShttio.o [3]
                            - 0x2000'03f0   0x3f0

"P2-P3", part 2 of 3:                       0x960
  .bss               zero     0x2000'03f0   0x1d8  dlmalloc.o [3]
  .bss               zero     0x2000'05c8   0x120  CC1350_LAUNCHXL_433.o [1]
  .bss               zero     0x2000'06e8   0x100  CC1350_LAUNCHXL_433.o [1]
  .bss               zero     0x2000'07e8    0xd4  PINCC26XX.orm3 [5]
  .bss               zero     0x2000'08bc    0xc8  HwiPCC26XX_nortos.orm3 [7]
  .vtable_ram        zero     0x2000'0a00    0xc8  interrupt.o [4]
  .bss               zero     0x2000'0ac8    0xa0  ClockPTimer_nortos.orm3 [7]
  .bss               zero     0x2000'0b68    0x80  pca_chl.o [1]
  .bss               zero     0x2000'0be8    0x80  pca_chl.o [1]
  .bss               zero     0x2000'0c68    0x4c  SwiP_nortos.orm3 [7]
  .bss               zero     0x2000'0cb4    0x40  PINCC26XX.orm3 [5]
  .bss               zero     0x2000'0cf4    0x18  dlmalloc.o [3]
  .bss               zero     0x2000'0d0c    0x14  osc.o [4]
  .bss               zero     0x2000'0d20    0x10  PWMTimerCC26XX.orm3 [5]
  .bss               zero     0x2000'0d30     0xc  ClockPTimer_nortos.orm3 [7]
  .bss               zero     0x2000'0d3c     0x8  sys_ctrl.o [4]
  .bss               zero     0x2000'0d44     0x4  PowerCC26XX_nortos.orm3 [7]
  .bss               zero     0x2000'0d48     0x4  xgetmemchunk.o [3]
  .bss               zero     0x2000'0d4c     0x2  SemaphoreP_nortos.orm3 [7]
  .bss               zero     0x2000'0d4e     0x1  PWM.orm3 [5]
  .bss               zero     0x2000'0d4f     0x1  driverlib_release.o [4]
                            - 0x2000'0d50   0x960

"P2-P3", part 3 of 3:                       0x100
  HEAP                        0x2000'0d50   0x100  <Block>
    HEAP             uninit   0x2000'0d50   0x100  <Block tail>
                            - 0x2000'0e50   0x100

"A2":                                       0x400
  CSTACK                      0x2000'4c00   0x400  <Block>
    .stack           uninit   0x2000'4c00     0x4  startup_cc13xx_cc26xx_iar.orm3 [7]
    CSTACK           uninit   0x2000'4c04   0x3fc  <Block tail>
                            - 0x2000'5000   0x400

Unused ranges:

         From           To      Size
         ----           --      ----
       0x5fb5     0x1'ffa7  0x1'9ff3
  0x2000'0e50  0x2000'4bff    0x3db0


*******************************************************************************
*** INIT TABLE
***

          Address      Size
          -------      ----
Zero (__iar_zero_init3)
    1 destination range, total size 0x960:
          0x2000'03f0  0x960

Copy/lz77 (__iar_lz77_init_single3)
    1 source range, total size 0x119 (27% of destination):
               0x5e9c  0x119
    1 destination range, total size 0x3f0:
          0x2000'0000  0x3f0



*******************************************************************************
*** MODULE SUMMARY
***

    Module                           ro code  ro data  rw data
    ------                           -------  -------  -------
command line/config:
    ----------------------------------------------------------
    Total:

G:\CC1350_ws\pwmled_nortos\Debug\Obj: [1]
    CC1350_LAUNCHXL_433.o                 36      389      544
    CC1350_LAUNCHXL_433_fxns.o           244       28
    ccfg.o                                         88
    main_nortos.o                         22
    matrix.o                             632
    pca_chl.o                          1 772      178      896
    pwmled2.o                            160
    ----------------------------------------------------------
    Total:                             2 866      683    1 440

display.arm3: [2]
    ----------------------------------------------------------
    Total:

dl7M_tln.a: [3]
    XShttio.o                             12        3        8
    abort.o                                6
    dlmalloc.o                         3 968               496
    exit.o                                 4
    xgetmemchunk.o                        44                 4
    ----------------------------------------------------------
    Total:                             4 034        3      508

driverlib.lib: [4]
    adi.o                                 44
    aon_batmon.o                          40
    aon_rtc.o                             44
    chipinfo.o                           174
    cpu.o                                 24
    ddi.o                                 82
    driverlib_release.o                                      1
    interrupt.o                           48               200
    osc.o                                368                20
    setup.o                              340
    setup_rom.o                        1 308
    sys_ctrl.o                           708                 8
    vims.o                                16
    ----------------------------------------------------------
    Total:                             3 196               229

drivers_cc13x0.arm3: [5]
    GPTimerCC26XX.orm3                   716
    PINCC26XX.orm3                     1 284               276
    PWM.orm3                             160                 1
    PWMTimerCC26XX.orm3                  792       36       16
    PowerCC26XX.orm3                   1 812      153      276
    PowerCC26XX_calibrateRCOSC.orm3    1 196
    ----------------------------------------------------------
    Total:                             5 960      189      569

m7M_tl.a: [6]
    DblAdd.o                             378
    DblCmpLe.o                            46
    DblDiv.o                             582
    DblMul.o                             418
    DblSub.o                             226
    DblToS32.o                            58
    S32ToDbl.o                            34
    atan2_64.o                           266
    cos_sin64.o                        1 056
    iar_Atan64.o                         528       64
    ----------------------------------------------------------
    Total:                             3 592       64

nortos_cc13x0.arm3: [7]
    ClockPTimer_nortos.orm3              894        5      192
    HwiPCC26XX_nortos.orm3               224        2      204
    NoRTOS.orm3                            4
    PowerCC26XX_nortos.orm3              280                 4
    QueueP_nortos.orm3                   106
    SemaphoreP_nortos.orm3               316        2       11
    SwiP_nortos.orm3                     544                76
    TimerPCC26XX_nortos.orm3             604       14       48
    posix_sleep.orm3                       4
    startup_cc13xx_cc26xx_iar.orm3        20      200        4
    ----------------------------------------------------------
    Total:                             2 996      223      539

rt7M_tl.a: [8]
    ABImemcpy_unaligned.o                118
    I64DivMod_small.o                    262
    I64DivZer.o                            2
    cexit.o                               10
    cmain.o                               30
    cstartup_M.o                          12
    data_init.o                           40
    lz77_init_single.o                   122
    zero_init3.o                          58
    ----------------------------------------------------------
    Total:                               654

shb_l.a: [9]
    exit.o                                20
    iarttio.o                             48
    ----------------------------------------------------------
    Total:                                68

    Gaps                                  27        2      127
    Linker created                                 32    1 276
--------------------------------------------------------------
    Grand Total:                      23 393    1 196    4 688


*******************************************************************************
*** ENTRY LIST
***

Entry                       Address   Size  Type      Object
-----                       -------   ----  ----      ------
.iar.init_table$$Base        0x5dc8          --   Gb  - Linker created -
.iar.init_table$$Limit       0x5de8          --   Gb  - Linker created -
?main                        0x5de9         Code  Gb  cmain.o [8]
AONRTCCompareValueSet        0x29bd   0x18  Code  Lc  TimerPCC26XX_nortos.orm3 [7]
AONRTCEventClear             0x299d   0x20  Code  Lc  TimerPCC26XX_nortos.orm3 [7]
AuxAdiDdiSafeWrite           0x4c01   0x34  Code  Lc  ddi.o [4]
BoardGpioInitTable           0x5ce4   0x34  Data  Gb  CC1350_LAUNCHXL_433.o [1]
Board_init                   0x5dc1    0x8  Code  Gb  CC1350_LAUNCHXL_433.o [1]
Board_initHook               0x5a2d    0x8  Code  Gb  CC1350_LAUNCHXL_433_fxns.o [1]
CC1350_LAUNCHXL_433_initGeneral
                             0x5da5   0x18  Code  Gb  CC1350_LAUNCHXL_433.o [1]
CC1350_LAUNCHXL_433_sendExtFlashByte
                             0x5941   0x6c  Code  Gb  CC1350_LAUNCHXL_433_fxns.o [1]
CC1350_LAUNCHXL_433_shutDownExtFlash
                             0x59f3   0x30  Code  Gb  CC1350_LAUNCHXL_433_fxns.o [1]
CC1350_LAUNCHXL_433_wakeUpExtFlash
                             0x59ad   0x46  Code  Gb  CC1350_LAUNCHXL_433_fxns.o [1]
CPCAAlg_JacbiCor             0x3075  0x5be  Code  Gb  pca_chl.o [1]
CPUwfi                       0x1e61    0x4  Code  Lc  PowerCC26XX_nortos.orm3 [7]
CSTACK$$Base            0x2000'4c00          --   Gb  - Linker created -
CSTACK$$Limit           0x2000'5000          --   Gb  - Linker created -
ClockP_Params_init           0x1859   0x10  Code  Gb  ClockPTimer_nortos.orm3 [7]
ClockP_add                   0x1a73   0x1a  Code  Gb  ClockPTimer_nortos.orm3 [7]
ClockP_construct             0x1a39   0x3a  Code  Gb  ClockPTimer_nortos.orm3 [7]
ClockP_defaultParams    0x2000'0d30    0xc  Data  Lc  ClockPTimer_nortos.orm3 [7]
ClockP_destruct              0x1a8d   0x1a  Code  Gb  ClockPTimer_nortos.orm3 [7]
ClockP_doTick                0x1a31    0x8  Code  Gb  ClockPTimer_nortos.orm3 [7]
ClockP_getCpuFreq            0x1b25    0xa  Code  Gb  ClockPTimer_nortos.orm3 [7]
ClockP_getTicks              0x18ed    0x4  Code  Gb  ClockPTimer_nortos.orm3 [7]
ClockP_getTicksUntilInterrupt
                             0x18f1   0x2a  Code  Gb  ClockPTimer_nortos.orm3 [7]
ClockP_initialized      0x2000'0394    0x1  Data  Lc  ClockPTimer_nortos.orm3 [7]
ClockP_isActive              0x1b21    0x4  Code  Gb  ClockPTimer_nortos.orm3 [7]
ClockP_module           0x2000'0ac8   0xa0  Data  Lc  ClockPTimer_nortos.orm3 [7]
ClockP_scheduleNextTick
                             0x191b   0x16  Code  Gb  ClockPTimer_nortos.orm3 [7]
ClockP_setTimeout            0x1b1d    0x4  Code  Gb  ClockPTimer_nortos.orm3 [7]
ClockP_start                 0x1aa7   0x70  Code  Gb  ClockPTimer_nortos.orm3 [7]
ClockP_startup               0x1869   0x84  Code  Gb  ClockPTimer_nortos.orm3 [7]
ClockP_stop                  0x1b17    0x6  Code  Gb  ClockPTimer_nortos.orm3 [7]
ClockP_tickPeriod       0x2000'03a0    0x4  Data  Gb  ClockPTimer_nortos.orm3 [7]
ClockP_usleep                0x1b4d   0x4e  Code  Gb  ClockPTimer_nortos.orm3 [7]
ClockP_walkQueueDynamic
                             0x1931   0x60  Code  Gb  ClockPTimer_nortos.orm3 [7]
ClockP_workFuncDynamic       0x1991   0x9e  Code  Gb  ClockPTimer_nortos.orm3 [7]
DDI32RegRead                 0x2485   0x28  Code  Lc  PowerCC26XX_calibrateRCOSC.orm3 [5]
GPT_DefaultParams            0x57e4    0x8  Data  Lc  GPTimerCC26XX.orm3 [5]
GPT_LUT                      0x57c8   0x1c  Data  Lc  GPTimerCC26XX.orm3 [5]
GPTimerCC26XXSetLoadMatch
                             0x5671   0x2a  Code  Lc  GPTimerCC26XX.orm3 [5]
GPTimerCC26XX_Params_init
                             0x5533    0xa  Code  Gb  GPTimerCC26XX.orm3 [5]
GPTimerCC26XX_close          0x55b1   0x2a  Code  Gb  GPTimerCC26XX.orm3 [5]
GPTimerCC26XX_config         0x5bd8   0x60  Data  Gb  CC1350_LAUNCHXL_433.o [1]
GPTimerCC26XX_configureDebugStall
                             0x579d   0x24  Code  Gb  GPTimerCC26XX.orm3 [5]
GPTimerCC26XX_getTimerValue
                             0x56a9   0x26  Code  Lc  GPTimerCC26XX.orm3 [5]
GPTimerCC26XX_getValue       0x56cf    0x4  Code  Gb  GPTimerCC26XX.orm3 [5]
GPTimerCC26XX_initHw         0x56d5   0x42  Code  Lc  GPTimerCC26XX.orm3 [5]
GPTimerCC26XX_open           0x553d   0x74  Code  Gb  GPTimerCC26XX.orm3 [5]
GPTimerCC26XX_resetHw        0x5719   0x82  Code  Lc  GPTimerCC26XX.orm3 [5]
GPTimerCC26XX_setLoadValue
                             0x569b    0x6  Code  Gb  GPTimerCC26XX.orm3 [5]
GPTimerCC26XX_setMatchValue
                             0x56a1    0x6  Code  Gb  GPTimerCC26XX.orm3 [5]
GPTimerCC26XX_start          0x55e5   0x46  Code  Gb  GPTimerCC26XX.orm3 [5]
GPTimerCC26XX_stop           0x562d   0x42  Code  Gb  GPTimerCC26XX.orm3 [5]
HEAP$$Base              0x2000'0d50          --   Gb  - Linker created -
HEAP$$Limit             0x2000'0e50          --   Gb  - Linker created -
HwiP_Params_init             0x1e1f   0x12  Code  Gb  HwiPCC26XX_nortos.orm3 [7]
HwiP_construct               0x1db7   0x68  Code  Gb  HwiPCC26XX_nortos.orm3 [7]
HwiP_disable                 0x1d8b    0x6  Code  Gb  HwiPCC26XX_nortos.orm3 [7]
HwiP_dispatch                0x1da3   0x14  Code  Lc  HwiPCC26XX_nortos.orm3 [7]
HwiP_dispatchTable      0x2000'08bc   0xc8  Data  Lc  HwiPCC26XX_nortos.orm3 [7]
HwiP_enable                  0x1d89    0x2  Code  Gb  HwiPCC26XX_nortos.orm3 [7]
HwiP_inISR                   0x1e39   0x12  Code  Gb  HwiPCC26XX_nortos.orm3 [7]
HwiP_post                    0x1e31    0x8  Code  Gb  HwiPCC26XX_nortos.orm3 [7]
HwiP_restore                 0x1d99    0xa  Code  Gb  HwiPCC26XX_nortos.orm3 [7]
HwiP_swiPIntNum         0x2000'03a8    0x4  Data  Gb  HwiPCC26XX_nortos.orm3 [7]
IntMasterEnable              0x1d81    0x8  Code  Lc  HwiPCC26XX_nortos.orm3 [7]
M_T                          0x3765   0x5e  Code  Gb  matrix.o [1]
M_mul                        0x36a5   0xc0  Code  Gb  matrix.o [1]
M_multi_k                    0x3869   0x64  Code  Gb  matrix.o [1]
M_zero                       0x37c3   0xa6  Code  Gb  matrix.o [1]
Matrix_copy                  0x3697    0xe  Code  Gb  matrix.o [1]
Matrix_gen                   0x3655   0x42  Code  Gb  matrix.o [1]
NOROM_AONBatMonTemperatureGetDegC
                             0x2d8d   0x28  Code  Gb  aon_batmon.o [4]
NOROM_AONRTCCurrent64BitValueGet
                             0x2d75   0x12  Code  Gb  aon_rtc.o [4]
NOROM_AONRTCCurrentCompareValueGet
                             0x2d61   0x14  Code  Gb  aon_rtc.o [4]
NOROM_CPUcpsid               0x246d    0x8  Code  Gb  cpu.o [4]
NOROM_CPUcpsie               0x2475    0x8  Code  Gb  cpu.o [4]
NOROM_CPUdelay               0x247d    0x8  Code  Gb  cpu.o [4]
NOROM_ChipInfo_GetChipFamily
                             0x516d   0x18  Code  Gb  chipinfo.o [4]
NOROM_ChipInfo_GetChipType
                             0x5185   0x2a  Code  Gb  chipinfo.o [4]
NOROM_ChipInfo_GetHwRevision
                             0x51af   0x34  Code  Gb  chipinfo.o [4]
NOROM_ChipInfo_GetPackageType
                             0x5159   0x14  Code  Gb  chipinfo.o [4]
NOROM_DDI32RegWrite          0x4c49    0xa  Code  Gb  ddi.o [4]
NOROM_IntRegister            0x2db5   0x28  Code  Gb  interrupt.o [4]
NOROM_OSCClockSourceGet
                             0x1c75   0x2a  Code  Gb  osc.o [4]
NOROM_OSCClockSourceSet
                             0x1c19   0x5c  Code  Gb  osc.o [4]
NOROM_OSCHF_AttemptToSwitchToXosc
                             0x1cb3   0x48  Code  Gb  osc.o [4]
NOROM_OSCHF_SwitchToRcOscTurnOffXosc
                             0x1cfb   0x26  Code  Gb  osc.o [4]
NOROM_OSCHF_TurnOnXosc       0x1c9f   0x14  Code  Gb  osc.o [4]
NOROM_OSC_HPOSCRelativeFrequencyOffsetGet
                             0x1d21   0x36  Code  Gb  osc.o [4]
NOROM_OSC_HPOSCRelativeFrequencyOffsetToRFCoreFormatConvert
                             0x1d57    0xc  Code  Gb  osc.o [4]
NOROM_SetupAfterColdResetWakeupFromShutDownCfg1
                             0x4757   0x96  Code  Gb  setup_rom.o [4]
NOROM_SetupAfterColdResetWakeupFromShutDownCfg2
                             0x47ed   0xdc  Code  Gb  setup_rom.o [4]
NOROM_SetupAfterColdResetWakeupFromShutDownCfg3
                             0x48cf   0xfe  Code  Gb  setup_rom.o [4]
NOROM_SetupGetTrimForAdcShModeEn
                             0x4a8f   0x12  Code  Gb  setup_rom.o [4]
NOROM_SetupGetTrimForAdcShVbufEn
                             0x4aa1   0x12  Code  Gb  setup_rom.o [4]
NOROM_SetupGetTrimForAmpcompCtrl
                             0x4a39   0x44  Code  Gb  setup_rom.o [4]
NOROM_SetupGetTrimForAnabypassValue1
                             0x49cd   0x58  Code  Gb  setup_rom.o [4]
NOROM_SetupGetTrimForDblrLoopFilterResetVoltage
                             0x4a7d   0x12  Code  Gb  setup_rom.o [4]
NOROM_SetupGetTrimForRadcExtCfg
                             0x4acd   0x1a  Code  Gb  setup_rom.o [4]
NOROM_SetupGetTrimForRcOscLfIBiasTrim
                             0x4ae7   0x12  Code  Gb  setup_rom.o [4]
NOROM_SetupGetTrimForRcOscLfRtuneCtuneTrim
                             0x4a25   0x14  Code  Gb  setup_rom.o [4]
NOROM_SetupGetTrimForXoscHfCtl
                             0x4ab3   0x1a  Code  Gb  setup_rom.o [4]
NOROM_SetupGetTrimForXoscLfRegulatorAndCmirrwrRatio
                             0x4af9   0x12  Code  Gb  setup_rom.o [4]
NOROM_SetupSetAonRtcSubSecInc
                             0x4b4f   0x1e  Code  Gb  setup_rom.o [4]
NOROM_SetupSetCacheModeAccordingToCcfgSetting
                             0x4b0b   0x44  Code  Gb  setup_rom.o [4]
NOROM_SetupSetVddrLevel
                             0x46ed   0x6a  Code  Gb  setup_rom.o [4]
NOROM_SetupTrimDevice        0x57ed   0x6e  Code  Gb  setup.o [4]
NOROM_SysCtrlAdjustRechargeAfterPowerDown
                             0x2379   0x5a  Code  Gb  sys_ctrl.o [4]
NOROM_SysCtrlSetRechargeBeforePowerDown
                             0x21b1  0x1c8  Code  Gb  sys_ctrl.o [4]
NOROM_SysCtrl_DCDC_VoltageConditionalControl
                             0x23d3   0x5a  Code  Gb  sys_ctrl.o [4]
NOROM_ThisLibraryIsFor_CC13x0_HwRev20AndLater_HaltIfViolated
                             0x51f1   0x16  Code  Gb  chipinfo.o [4]
NOROM_VIMSModeGet            0x2199   0x10  Code  Gb  vims.o [4]
NoRTOS_start                 0x5e35    0x4  Code  Gb  NoRTOS.orm3 [7]
OSCHfSourceReady             0x1145   0x1e  Code  Lc  PowerCC26XX.orm3 [5]
OSCHfSourceSwitch            0x1c11    0x8  Code  Lc  osc.o [4]
Original_Data           0x2000'0000  0x280  Data  Gb  pca_chl.o [1]
PCA_test                     0x2f69  0x10c  Code  Gb  pca_chl.o [1]
PINCC26XX_hwAttrs            0x5e8c    0x8  Data  Gb  CC1350_LAUNCHXL_433.o [1]
PINCC26XX_setIoCfg           0x4cab   0xd8  Code  Lc  PINCC26XX.orm3 [5]
PINCC26XX_setIoCfgMux        0x4d83   0x1e  Code  Lc  PINCC26XX.orm3 [5]
PINCC26XX_setMux             0x50e7   0x2a  Code  Gb  PINCC26XX.orm3 [5]
PIN_add                      0x4fbf   0x5a  Code  Gb  PINCC26XX.orm3 [5]
PIN_close                    0x5073   0x1a  Code  Gb  PINCC26XX.orm3 [5]
PIN_ctz                      0x4c55    0xa  Code  Lc  PINCC26XX.orm3 [5]
PIN_hwi                      0x4c97   0x14  Code  Lc  PINCC26XX.orm3 [5]
PIN_init                     0x4da1  0x190  Code  Gb  PINCC26XX.orm3 [5]
PIN_open                     0x4f31   0x8e  Code  Gb  PINCC26XX.orm3 [5]
PIN_remove                   0x5023   0x50  Code  Gb  PINCC26XX.orm3 [5]
PIN_setConfig                0x50b9   0x2e  Code  Gb  PINCC26XX.orm3 [5]
PIN_setOutputValue           0x508d   0x2c  Code  Gb  PINCC26XX.orm3 [5]
PIN_swi                      0x4c5f   0x38  Code  Lc  PINCC26XX.orm3 [5]
PRCMSleep                    0x1e65    0x2  Code  Lc  PowerCC26XX_nortos.orm3 [7]
PWMTimerCC26XX_close         0x54c9   0x2a  Code  Gb  PWMTimerCC26XX.orm3 [5]
PWMTimerCC26XX_control       0x5505   0x1c  Code  Gb  PWMTimerCC26XX.orm3 [5]
PWMTimerCC26XX_fxnTable
                             0x5d80   0x24  Data  Gb  PWMTimerCC26XX.orm3 [5]
PWMTimerCC26XX_getdutyCounts
                             0x5425   0x42  Code  Lc  PWMTimerCC26XX.orm3 [5]
PWMTimerCC26XX_getperiodCounts
                             0x53ff   0x26  Code  Lc  PWMTimerCC26XX.orm3 [5]
PWMTimerCC26XX_init          0x5209    0x2  Code  Gb  PWMTimerCC26XX.orm3 [5]
PWMTimerCC26XX_open          0x520b   0xc4  Code  Gb  PWMTimerCC26XX.orm3 [5]
PWMTimerCC26XX_setDuty       0x5325   0x44  Code  Gb  PWMTimerCC26XX.orm3 [5]
PWMTimerCC26XX_setDutyAndPeriod
                             0x5369   0x96  Code  Gb  PWMTimerCC26XX.orm3 [5]
PWMTimerCC26XX_setPeriod
                             0x52cf   0x56  Code  Gb  PWMTimerCC26XX.orm3 [5]
PWMTimerCC26XX_start         0x549d   0x2c  Code  Gb  PWMTimerCC26XX.orm3 [5]
PWMTimerCC26XX_stop          0x5475   0x28  Code  Gb  PWMTimerCC26XX.orm3 [5]
PWM_Params_init              0x5b49    0x8  Code  Gb  PWM.orm3 [5]
PWM_config                   0x5c38   0x60  Data  Gb  CC1350_LAUNCHXL_433.o [1]
PWM_count                    0x299a    0x1  Data  Gb  CC1350_LAUNCHXL_433.o [1]
PWM_defaultParams            0x5b5c   0x18  Data  Gb  PWM.orm3 [5]
PWM_init                     0x5ad5   0x38  Code  Gb  PWM.orm3 [5]
PWM_open                     0x5b0d   0x2e  Code  Gb  PWM.orm3 [5]
PWM_setDuty                  0x5b51    0x6  Code  Gb  PWM.orm3 [5]
PWM_start                    0x5b57    0x6  Code  Gb  PWM.orm3 [5]
PowerCC26XX_RCOSC_clockFunc
                             0x2779   0x46  Code  Gb  PowerCC26XX_calibrateRCOSC.orm3 [5]
PowerCC26XX_auxISR           0x2509  0x120  Code  Gb  PowerCC26XX_calibrateRCOSC.orm3 [5]
PowerCC26XX_calibrate        0x161b   0x50  Code  Gb  PowerCC26XX.orm3 [5]
PowerCC26XX_config           0x5e44   0x18  Data  Gb  CC1350_LAUNCHXL_433.o [1]
PowerCC26XX_doCalibrate
                             0x2629  0x13e  Code  Gb  PowerCC26XX_calibrateRCOSC.orm3 [5]
PowerCC26XX_initiateCalibration
                             0x24ad   0x5c  Code  Gb  PowerCC26XX_calibrateRCOSC.orm3 [5]
PowerCC26XX_module      0x2000'0280  0x114  Data  Gb  PowerCC26XX.orm3 [5]
PowerCC26XX_schedulerDisable
                             0x1f41    0xc  Code  Gb  PowerCC26XX_nortos.orm3 [7]
PowerCC26XX_schedulerRestore
                             0x1f4d    0x8  Code  Gb  PowerCC26XX_nortos.orm3 [7]
PowerCC26XX_standbyPolicy
                             0x1e67   0xda  Code  Gb  PowerCC26XX_nortos.orm3 [7]
PowerCC26XX_swiKey      0x2000'0d44    0x4  Data  Lc  PowerCC26XX_nortos.orm3 [7]
Power_disablePolicy          0x1163   0x10  Code  Gb  PowerCC26XX.orm3 [5]
Power_enablePolicy           0x1173    0xc  Code  Gb  PowerCC26XX.orm3 [5]
Power_getConstraintMask
                             0x117f    0x8  Code  Gb  PowerCC26XX.orm3 [5]
Power_getTransitionLatency
                             0x1187   0x1c  Code  Gb  PowerCC26XX.orm3 [5]
Power_idleFunc               0x11a3   0x16  Code  Gb  PowerCC26XX.orm3 [5]
Power_init                   0x11b9  0x104  Code  Gb  PowerCC26XX.orm3 [5]
Power_releaseConstraint
                             0x12bd   0x2c  Code  Gb  PowerCC26XX.orm3 [5]
Power_releaseDependency
                             0x12e9   0x9e  Code  Gb  PowerCC26XX.orm3 [5]
Power_setConstraint          0x1387   0x22  Code  Gb  PowerCC26XX.orm3 [5]
Power_setDependency          0x13b1   0xa2  Code  Gb  PowerCC26XX.orm3 [5]
Power_sleep                  0x1453  0x1c8  Code  Gb  PowerCC26XX.orm3 [5]
QueueP_empty                 0x2933    0xe  Code  Gb  QueueP_nortos.orm3 [7]
QueueP_get                   0x2941   0x14  Code  Gb  QueueP_nortos.orm3 [7]
QueueP_head                  0x295d    0x4  Code  Gb  QueueP_nortos.orm3 [7]
QueueP_init                  0x2931    0x2  Code  Gb  QueueP_nortos.orm3 [7]
QueueP_next                  0x2969    0x4  Code  Gb  QueueP_nortos.orm3 [7]
QueueP_put                   0x296d   0x18  Code  Gb  QueueP_nortos.orm3 [7]
QueueP_remove                0x298d    0xe  Code  Gb  QueueP_nortos.orm3 [7]
Region$$Table$$Base          0x5dc8          --   Gb  - Linker created -
Region$$Table$$Limit         0x5de8          --   Gb  - Linker created -
Result_Values_1         0x2000'0be8   0x80  Data  Gb  pca_chl.o [1]
Result_Vects_1          0x2000'0b68   0x80  Data  Gb  pca_chl.o [1]
STACK_TOP {Abs}         0x2000'5000         Data  Gb  <internal module>
SafeHapiVoid                 0x2d35   0x28  Code  Gb  adi.o [4]
SemaphoreP_construct         0x2bfb   0x4c  Code  Gb  SemaphoreP_nortos.orm3 [7]
SemaphoreP_constructBinary
                             0x2c47   0x1a  Code  Gb  SemaphoreP_nortos.orm3 [7]
SemaphoreP_defaultParams
                        0x2000'03ac    0x8  Data  Gb  SemaphoreP_nortos.orm3 [7]
SemaphoreP_destruct          0x2c61    0x2  Code  Gb  SemaphoreP_nortos.orm3 [7]
SemaphoreP_initialized  0x2000'03b4    0x1  Data  Lc  SemaphoreP_nortos.orm3 [7]
SemaphoreP_pend              0x2c63   0x8a  Code  Gb  SemaphoreP_nortos.orm3 [7]
SemaphoreP_post              0x2ced   0x3c  Code  Gb  SemaphoreP_nortos.orm3 [7]
SetupSignExtendVddrTrimValue
                             0x21a9    0x8  Code  Lc  sys_ctrl.o [4]
SetupSignExtendVddrTrimValue
                             0x46e5    0x8  Code  Lc  setup_rom.o [4]
SwiP_Params_init             0x1f79    0x8  Code  Gb  SwiP_nortos.orm3 [7]
SwiP_construct               0x1f81   0xae  Code  Gb  SwiP_nortos.orm3 [7]
SwiP_currentTrigger     0x2000'0c74    0x4  Data  Lc  SwiP_nortos.orm3 [7]
SwiP_defaultParams           0x2188   0x10  Data  Lc  SwiP_nortos.orm3 [7]
SwiP_disable                 0x202f   0x16  Code  Gb  SwiP_nortos.orm3 [7]
SwiP_dispatch                0x2045   0x80  Code  Gb  SwiP_nortos.orm3 [7]
SwiP_getTrigger              0x20d5    0x6  Code  Gb  SwiP_nortos.orm3 [7]
SwiP_handleHwi               0x20c5   0x10  Code  Lc  SwiP_nortos.orm3 [7]
SwiP_hwiStruct          0x2000'0c78   0x1c  Data  Lc  SwiP_nortos.orm3 [7]
SwiP_initialized        0x2000'0c69    0x1  Data  Lc  SwiP_nortos.orm3 [7]
SwiP_lockState          0x2000'0c70    0x4  Data  Lc  SwiP_nortos.orm3 [7]
SwiP_or                      0x20e9   0x16  Code  Gb  SwiP_nortos.orm3 [7]
SwiP_post                    0x2103   0x4a  Code  Gb  SwiP_nortos.orm3 [7]
SwiP_readyList          0x2000'0c94   0x20  Data  Lc  SwiP_nortos.orm3 [7]
SwiP_readyMask          0x2000'0c6c    0x4  Data  Lc  SwiP_nortos.orm3 [7]
SwiP_restore                 0x214d   0x24  Code  Gb  SwiP_nortos.orm3 [7]
SwiP_schedulerRunning   0x2000'0c68    0x1  Data  Lc  SwiP_nortos.orm3 [7]
TimerDisable                 0x5521   0x12  Code  Lc  GPTimerCC26XX.orm3 [5]
TimerP_Params_init           0x29d5    0xe  Code  Gb  TimerPCC26XX_nortos.orm3 [7]
TimerP_construct             0x29e3   0x8c  Code  Gb  TimerPCC26XX_nortos.orm3 [7]
TimerP_defaultParams    0x2000'03b8    0xc  Data  Lc  TimerPCC26XX_nortos.orm3 [7]
TimerP_dynamicStub           0x2b69   0x16  Code  Gb  TimerPCC26XX_nortos.orm3 [7]
TimerP_getCount64            0x2b57    0x4  Code  Gb  TimerPCC26XX_nortos.orm3 [7]
TimerP_getCurrentTick        0x2b7f   0x2a  Code  Gb  TimerPCC26XX_nortos.orm3 [7]
TimerP_getFreq               0x2b5b    0xc  Code  Gb  TimerPCC26XX_nortos.orm3 [7]
TimerP_getMaxTicks           0x2a6f   0x1e  Code  Gb  TimerPCC26XX_nortos.orm3 [7]
TimerP_handle           0x2000'03c8    0x4  Data  Lc  TimerPCC26XX_nortos.orm3 [7]
TimerP_hwiStruct        0x2000'03cc   0x1c  Data  Lc  TimerPCC26XX_nortos.orm3 [7]
TimerP_initDevice            0x2ba9   0x28  Code  Gb  TimerPCC26XX_nortos.orm3 [7]
TimerP_initialized      0x2000'03c4    0x1  Data  Lc  TimerPCC26XX_nortos.orm3 [7]
TimerP_setNextTick           0x2ab7   0x32  Code  Gb  TimerPCC26XX_nortos.orm3 [7]
TimerP_setThreshold          0x2a8d   0x2a  Code  Gb  TimerPCC26XX_nortos.orm3 [7]
TimerP_start                 0x2afb   0x5c  Code  Gb  TimerPCC26XX_nortos.orm3 [7]
TimerP_startup               0x2ae9   0x12  Code  Gb  TimerPCC26XX_nortos.orm3 [7]
TrimAfterColdResetWakeupFromShutDown
                             0x585b   0x90  Code  Lc  setup.o [4]
__aeabi_cdcmple              0x3b15         Code  Gb  DblCmpLe.o [6]
__aeabi_d2iz                 0x46a9         Code  Gb  DblToS32.o [6]
__aeabi_dadd                 0x42f9         Code  Gb  DblAdd.o [6]
__aeabi_ddiv                 0x38cd         Code  Gb  DblDiv.o [6]
__aeabi_dmul                 0x3c29         Code  Gb  DblMul.o [6]
__aeabi_dsub                 0x3b45         Code  Gb  DblSub.o [6]
__aeabi_i2d                  0x4475         Code  Gb  S32ToDbl.o [6]
__aeabi_ldiv0                0x2f65         Code  Gb  I64DivZer.o [8]
__ccfg                     0x1'ffa8   0x58  Data  Gb  ccfg.o [1]
__cmain                      0x5de9         Code  Gb  cmain.o [8]
__data_GetMemChunk           0x10c9   0x2c  Code  Gb  xgetmemchunk.o [3]
__data_GetMemChunk::start
                        0x2000'0d48    0x4  Data  Lc  xgetmemchunk.o [3]
__exit                       0x10f5   0x14  Code  Gb  exit.o [9]
__iar_Atan64                 0x4499  0x210  Code  Gb  iar_Atan64.o [6]
__iar_Sin64                  0x3ed9  0x38c  Code  Lc  cos_sin64.o [6]
__iar_atan2_64               0x3dcd   0xfe  Code  Gb  atan2_64.o [6]
__iar_close_ttio             0x1109   0x2e  Code  Gb  iarttio.o [9]
__iar_cos64                  0x42f1    0x4  Code  Gb  cos_sin64.o [6]
__iar_cos_medium             0x42f1    0x4  Code  Gb  cos_sin64.o [6]
__iar_cos_medium64           0x42f1    0x4  Code  Gb  cos_sin64.o [6]
__iar_cos_mediuml            0x42f1    0x4  Code  Gb  cos_sin64.o [6]
__iar_dadd                   0x3b55         Code  Gb  DblSub.o [6]
__iar_data_init3             0x5d59   0x28  Code  Gb  data_init.o [8]
__iar_dlmalloc                0xd8d  0x2b6  Code  Gb  dlmalloc.o [3]
__iar_dsub                   0x4309         Code  Gb  DblAdd.o [6]
__iar_dsubStart              0x431b         Code  Gb  DblAdd.o [6]
__iar_lookup_ttioh           0x1139    0x4  Code  Gb  XShttio.o [3]
__iar_lz77_init_single3
                             0x104f   0x7a  Code  Gb  lz77_init_single.o [8]
__iar_program_start          0x5e81         Code  Gb  cstartup_M.o [8]
__iar_sin64                  0x42f5    0x4  Code  Gb  cos_sin64.o [6]
__iar_sin_medium             0x42f5    0x4  Code  Gb  cos_sin64.o [6]
__iar_sin_medium64           0x42f5    0x4  Code  Gb  cos_sin64.o [6]
__iar_sin_mediuml            0x42f5    0x4  Code  Gb  cos_sin64.o [6]
__iar_small_uldivmod         0x2e5d         Code  Gb  I64DivMod_small.o [8]
__iar_ttio_handles      0x2000'03e8    0x8  Data  Lc  XShttio.o [3]
__iar_unaligned_memcpy       0x2de5         Code  Gb  ABImemcpy_unaligned.o [8]
__iar_unaligned_memcpy4
                             0x2e05         Code  Gb  ABImemcpy_unaligned.o [8]
__iar_unaligned_memcpy8
                             0x2e05         Code  Gb  ABImemcpy_unaligned.o [8]
__iar_zero_init3             0x1bd7   0x3a  Code  Gb  zero_init3.o [8]
__low_level_init             0x5e07    0xe  Code  Gb  startup_cc13xx_cc26xx_iar.orm3 [7]
__vector_table                  0x0   0xc8  Data  Gb  startup_cc13xx_cc26xx_iar.orm3 [7]
_call_main                   0x5df5         Code  Gb  cmain.o [8]
_exit                        0x5e39         Code  Gb  cexit.o [8]
_gm_                    0x2000'03f0  0x1d8  Data  Lc  dlmalloc.o [3]
_main                        0x5e03         Code  Gb  cmain.o [8]
a                            0x5d18   0x40  Data  Lc  iar_Atan64.o [6]
abort                        0x1049    0x6  Code  Gb  abort.o [3]
add_segment                   0x491  0x1f2  Code  Lc  dlmalloc.o [3]
atan2                        0x3dcd   0xfe  Code  Gb  atan2_64.o [6]
atan2l                       0x3dcd   0xfe  Code  Gb  atan2_64.o [6]
calibrateRcoscHf1            0x27bf  0x134  Code  Lc  PowerCC26XX_calibrateRCOSC.orm3 [5]
clkFxn                       0x2bf9    0x2  Code  Gb  SemaphoreP_nortos.orm3 [7]
configureRFCoreClocks        0x1731   0x12  Code  Lc  PowerCC26XX.orm3 [5]
configureXOSCHF              0x17ad   0x52  Code  Lc  PowerCC26XX.orm3 [5]
cos                          0x42f1    0x4  Code  Gb  cos_sin64.o [6]
cosl                         0x42f1    0x4  Code  Gb  cos_sin64.o [6]
defaultPinConfig        0x2000'0868    0x4  Data  Lc  PINCC26XX.orm3 [5]
disableLfClkQualifiersEnableClkLoss
                             0x166f   0x30  Code  Lc  PowerCC26XX.orm3 [5]
doEnablePolicy          0x2000'0d4d    0x1  Data  Lc  SemaphoreP_nortos.orm3 [7]
driverlib_release_0_55724
                        0x2000'0d4f    0x1  Data  Gb  driverlib_release.o [4]
dummy_stack             0x2000'4c00    0x4  Data  Lc  startup_cc13xx_cc26xx_iar.orm3 [7]
emptyClockFunc               0x166d    0x2  Code  Lc  PowerCC26XX.orm3 [5]
exit                         0x5e31    0x4  Code  Gb  exit.o [3]
faultISR                     0x5e17    0x2  Code  Lc  startup_cc13xx_cc26xx_iar.orm3 [7]
g_pfnRAMVectors         0x2000'0a00   0xc8  Data  Lc  interrupt.o [4]
gptimerCC26XXObjects    0x2000'05c8  0x120  Data  Gb  CC1350_LAUNCHXL_433.o [1]
gptimerCC26xxHWAttrs         0x5b78   0x60  Data  Gb  CC1350_LAUNCHXL_433.o [1]
hPins                   0x2000'0d20    0x4  Data  Lc  PWMTimerCC26XX.orm3 [5]
init_mparams                   0xe3   0x32  Code  Lc  dlmalloc.o [3]
init_top                      0x115   0x36  Code  Lc  dlmalloc.o [3]
intDefaultHandler            0x5e19    0x2  Code  Lc  startup_cc13xx_cc26xx_iar.orm3 [7]
isInitialized           0x2000'0d4e    0x1  Data  Lc  PWM.orm3 [5]
lfClockReadyCallback         0x16a1   0x60  Code  Lc  PowerCC26XX.orm3 [5]
main                         0x5e1b   0x16  Code  Gb  main_nortos.o [1]
mainThread                   0x5a35   0xa0  Code  Gb  pwmled2.o [1]
mparams                 0x2000'0cf4   0x18  Data  Lc  dlmalloc.o [3]
nmiISR                       0x5e15    0x2  Code  Lc  startup_cc13xx_cc26xx_iar.orm3 [7]
nopResourceHandler           0x1701    0x4  Code  Lc  PowerCC26XX.orm3 [5]
notify                       0x1705   0x2c  Code  Lc  PowerCC26XX.orm3 [5]
oscHfGlobals            0x2000'0d0c   0x14  Data  Lc  osc.o [4]
pendInProgress          0x2000'0d4c    0x1  Data  Lc  SemaphoreP_nortos.orm3 [7]
pinGpioConfigTable      0x2000'0cb4   0x20  Data  Lc  PINCC26XX.orm3 [5]
pinHandleTable          0x2000'07ec   0x7c  Data  Gb  PINCC26XX.orm3 [5]
pinHwi                  0x2000'0cd8   0x1c  Data  Lc  PINCC26XX.orm3 [5]
pinLowerBound           0x2000'0cd4    0x4  Data  Gb  PINCC26XX.orm3 [5]
pinSemaphore            0x2000'08a0   0x1c  Data  Lc  PINCC26XX.orm3 [5]
pinState                0x2000'0d24    0xc  Data  Lc  PWMTimerCC26XX.orm3 [5]
pinSwi                  0x2000'086c   0x34  Data  Lc  PINCC26XX.orm3 [5]
pinUpperBound           0x2000'07e8    0x4  Data  Gb  PINCC26XX.orm3 [5]
powerQualGlobals        0x2000'0d3c    0x8  Data  Lc  sys_ctrl.o [4]
prepend_alloc                 0x14b  0x346  Code  Lc  dlmalloc.o [3]
pwmtimerCC26xxHWAttrs        0x5e70   0x10  Data  Gb  CC1350_LAUNCHXL_433.o [1]
pwmtimerCC26xxObjects   0x2000'06e8  0x100  Data  Gb  CC1350_LAUNCHXL_433.o [1]
resourceDB                   0x5c98   0x4c  Data  Gb  PowerCC26XX.orm3 [5]
segment_holding                0xc9   0x1a  Code  Lc  dlmalloc.o [3]
sin                          0x42f5    0x4  Code  Gb  cos_sin64.o [6]
sinl                         0x42f5    0x4  Code  Gb  cos_sin64.o [6]
sleepTicks                   0x1bb5   0x22  Code  Lc  ClockPTimer_nortos.orm3 [7]
switchXOSCHFclockFunc        0x1745   0x68  Code  Lc  PowerCC26XX.orm3 [5]
sys_alloc                     0x689  0x164  Code  Lc  dlmalloc.o [3]
timerFreq               0x2000'0398    0x8  Data  Lc  ClockPTimer_nortos.orm3 [7]
tmalloc_large                 0x7f9  0x386  Code  Lc  dlmalloc.o [3]
tmalloc_small                 0xb7f  0x200  Code  Lc  dlmalloc.o [3]
usecsPerTimerTick       0x2000'03a4    0x4  Data  Lc  ClockPTimer_nortos.orm3 [7]
usleep                       0x5b75    0x4  Code  Gb  posix_sleep.orm3 [7]


[1] = G:\CC1350_ws\pwmled_nortos\Debug\Obj
[2] = display.arm3
[3] = dl7M_tln.a
[4] = driverlib.lib
[5] = drivers_cc13x0.arm3
[6] = m7M_tl.a
[7] = nortos_cc13x0.arm3
[8] = rt7M_tl.a
[9] = shb_l.a

  23 393 bytes of readonly  code memory
   1 196 bytes of readonly  data memory
   4 688 bytes of readwrite data memory

Errors: none
Warnings: none
