###############################################################################
#
# IAR ELF Linker V8.32.3.193/W32 for ARM                  17/Dec/2020  23:05:46
# Copyright 2007-2019 IAR Systems AB.
#
#    Output file  =  
#        G:\CC1350_ws\nvsinternal_official\Debug\Exe\nvsinternal.out
#    Map file     =  
#        G:\CC1350_ws\nvsinternal_official\Debug\List\nvsinternal.map
#    Command line =  
#        -f C:\Users\70453\AppData\Local\Temp\EWC221.tmp
#        (G:\CC1350_ws\nvsinternal_official\Debug\Obj\CC1350_LAUNCHXL.o
#        G:\CC1350_ws\nvsinternal_official\Debug\Obj\CC1350_LAUNCHXL_fxns.o
#        G:\CC1350_ws\nvsinternal_official\Debug\Obj\ccfg.o
#        G:\CC1350_ws\nvsinternal_official\Debug\Obj\main_nortos.o
#        G:\CC1350_ws\nvsinternal_official\Debug\Obj\nvsinternal.o
#        --no_out_extension -o
#        G:\CC1350_ws\nvsinternal_official\Debug\Exe\nvsinternal.out --map
#        G:\CC1350_ws\nvsinternal_official\Debug\List\nvsinternal.map --config
#        c:/ti/simplelink_cc13x0_sdk_3_20_00_23/examples/nortos/CC1350_LAUNCHXL/drivers/nvsinternal/iar/CC1350_LAUNCHXL_NoRTOS.icf
#        c:/ti/simplelink_cc13x0_sdk_3_20_00_23/source/ti/display/lib/display.arm3
#        c:/ti/simplelink_cc13x0_sdk_3_20_00_23/source/ti/grlib/lib/iar/m3/grlib.a
#        c:/ti/simplelink_cc13x0_sdk_3_20_00_23/source/third_party/spiffs/lib/iar/m3/spiffs_cc26xx.a
#        c:/ti/simplelink_cc13x0_sdk_3_20_00_23/source/ti/drivers/rf/lib/rf_multiMode_cc13x0.arm3
#        c:/ti/simplelink_cc13x0_sdk_3_20_00_23/source/ti/drivers/lib/drivers_cc13x0.arm3
#        c:/ti/simplelink_cc13x0_sdk_3_20_00_23/kernel/nortos/lib/nortos_cc13x0.arm3
#        c:/ti/simplelink_cc13x0_sdk_3_20_00_23/source/ti/devices/cc13x0/driverlib/bin/iar/driverlib.lib
#        --silent --cpu=Cortex-M3 --semihosting --entry __iar_program_start
#        --vfe --text_out locale)
#
###############################################################################

*******************************************************************************
*** RUNTIME MODEL ATTRIBUTES
***

CppFlavor       = *
__Heap_Handler  = DLMalloc
__SystemLibrary = DLib
__dlib_version  = 6


*******************************************************************************
*** HEAP SELECTION
***

The advanced heap was selected because the application calls memory
allocation functions outside of system library functions, and there
are calls to deallocation functions in the application.


*******************************************************************************
*** RESERVED RANGES
***

Ranges reserved by absolute symbols:

         From           To    Size
         ----           --    ----
     0x1'a000     0x1'dfff  0x4000
  0x2000'0430  0x2000'043f    0x10
  0x2000'0440  0x2000'044f    0x10
  0x2000'0500  0x2000'050f    0x10
  0x2000'0510  0x2000'051f    0x10


*******************************************************************************
*** PLACEMENT SUMMARY
***

"A0":  place at 0x0 { ro section .intvec };
"A1":  place at end of [from 0x0 to 0x1'ffff] { ro section .ccfg };
"P1":  place in [from 0x0 to 0x1'ffff] { ro };
"P2":  place in [from 0x2000'0000 to 0x2000'4fff] { rw };
define block HEAP with size = 256, alignment = 8 { };
"P3":  place in [from 0x2000'0000 to 0x2000'4fff] { block HEAP };
define block CSTACK with size = 1K, alignment = 8 { section .stack };
"A2":  place at end of [from 0x2000'0000 to 0x2000'4fff] { block CSTACK };
do not initialize { section .stack, section .noinit };
initialize by copy { rw };
keep { section .intvec };
keep { section .ccfg };

  Section            Kind         Address    Size  Object
  -------            ----         -------    ----  ------
"A0":                                        0xc8
  .intvec            const            0x0    0xc8  startup_cc13xx_cc26xx_iar.orm3 [7]
                                   - 0xc8    0xc8

"P1":                                      0xb283
  .rodata            const           0xc8  0x3c00  nvsinternal.o [1]
  .text              ro code       0x3cc8  0x14e0  dlmalloc.o [3]
  .text              ro code       0x51a8     0x6  abort.o [3]
  .text              ro code       0x51ae    0x3a  zero_init3.o [8]
  .text              ro code       0x51e8    0x2c  xgetmemchunk.o [3]
  .text              ro code       0x5214    0x14  exit.o [9]
  .text              ro code       0x5228   0xa68  UARTCC26XX.orm3 [5]
  .text              ro code       0x5c90    0xf8  HwiPCC26XX_nortos.orm3 [7]
  .text              ro code       0x5d88   0x760  PowerCC26XX.orm3 [5]
  .text              ro code       0x64e8   0x178  SemaphoreP_nortos.orm3 [7]
  .text              ro code       0x6660    0x88  RingBuf.orm3 [5]
  .text              ro code       0x66e8   0x37e  ClockPTimer_nortos.orm3 [7]
  .rodata            const         0x6a66     0x1  CC1350_LAUNCHXL.o [1]
  .rodata            const         0x6a67     0x1  CC1350_LAUNCHXL.o [1]
  .text              ro code       0x6a68   0x250  SwiP_nortos.orm3 [7]
  .text              ro code       0x6cb8   0x5c0  PINCC26XX.orm3 [5]
  .text              ro code       0x7278    0x18  cpu.o [4]
  .text              ro code       0x7290    0x40  interrupt.o [4]
  .text              ro code       0x72d0   0x170  osc.o [4]
  .text              ro code       0x7440    0x4c  List.orm3 [5]
  .text              ro code       0x748c   0x118  PowerCC26XX_nortos.orm3 [7]
  .text              ro code       0x75a4    0x10  vims.o [4]
  .text              ro code       0x75b4   0x2c4  sys_ctrl.o [4]
  .text              ro code       0x7878   0x4ac  PowerCC26XX_calibrateRCOSC.orm3 [5]
  .text              ro code       0x7d24     0x4  heaptramp0.o [3]
  .text              ro code       0x7d28    0x6a  QueueP_nortos.orm3 [7]
  .rodata            const         0x7d92     0x1  CC1350_LAUNCHXL.o [1]
  .rodata            const         0x7d93     0x1  CC1350_LAUNCHXL.o [1]
  .text              ro code       0x7d94   0x25c  TimerPCC26XX_nortos.orm3 [7]
  .text              ro code       0x7ff0    0x76  ABImemcpy_unaligned.o [8]
  .text              ro code       0x8068    0xae  chipinfo.o [4]
  .text              ro code       0x8118    0x2c  adi.o [4]
  .text              ro code       0x8144    0x2c  aon_rtc.o [4]
  .text              ro code       0x8170    0x28  aon_batmon.o [4]
  .text              ro code       0x8198   0x106  I64DivMod_small.o [8]
  .text              ro code       0x82a0     0x2  I64DivZer.o [8]
  .text              ro code       0x82a4   0x958  SPICC26XXDMA.orm3 [5]
  .text              ro code       0x8bfc    0xb8  UDMACC26XX.orm3 [5]
  .text              ro code       0x8cb4   0x6a2  NVSSPI25X.orm3 [5]
  .text              ro code       0x9358    0xac  SPI.orm3 [5]
  .text              ro code       0x9404     0x2  NVSSPI25X.orm3 [5]
  .text              ro code       0x9406    0x14  NVSSPI25X.orm3 [5]
  .text              ro code       0x941a    0x14  NVSSPI25X.orm3 [5]
  .text              ro code       0x9430   0x274  GPIOCC26XX.orm3 [5]
  .text              ro code       0x96a4    0x3a  ABImemset48.o [8]
  .text              ro code       0x96e0   0x51c  setup_rom.o [4]
  .text              ro code       0x9bfc    0x52  ddi.o [4]
  .text              ro code       0x9c50   0x358  NVSCC26XX.orm3 [5]
  .text              ro code       0x9fa8    0x30  flash.o [4]
  .text              ro code       0x9fd8   0x2cc  SystemP_nortos.orm3 [7]
  .text              ro code       0xa2a4    0x36  strlen.o [8]
  .text              ro code       0xa2dc    0x2e  DblCmpLe.o [6]
  .text              ro code       0xa30c    0x3a  DblToS32.o [6]
  .text              ro code       0xa348    0x22  S32ToDbl.o [6]
  .text              ro code       0xa36c    0xe2  DblSub.o [6]
  .text              ro code       0xa450   0x1a2  DblMul.o [6]
  .text              ro code       0xa5f4    0x28  DblToU32.o [6]
  .text              ro code       0xa61c   0x16a  DblAdd.o [6]
  .text              ro code       0xa788   0x198  nvsinternal.o [1]
  .text              ro code       0xa920    0x99  Display.orm3 [2]
  .text              ro code       0xa9bc    0x98  NVS.orm3 [5]
  .text              ro code       0xaa54    0x1c  FltCmpEq.o [6]
  .text              ro code       0xaa70   0x154  setup.o [4]
  .text              ro code       0xabc4    0xf4  CC1350_LAUNCHXL_fxns.o [1]
  .text              ro code       0xacb8    0xbe  DisplayUart.orm3 [2]
  .text              ro code       0xad78    0x96  UART.orm3 [5]
  .rodata            const         0xae10    0x4c  PowerCC26XX.orm3 [5]
  .rodata            const         0xae5c    0x40  CC1350_LAUNCHXL.o [1]
  .text              ro code       0xae9c    0x38  packbits_init_single.o [8]
  .rodata            const         0xaed4    0x34  CC1350_LAUNCHXL.o [1]
  .rodata            const         0xaf08    0x34  nvsinternal.o [1]
  .rodata            const         0xaf3c    0x28  CC1350_LAUNCHXL.o [1]
  .rodata            const         0xaf64    0x28  CC1350_LAUNCHXL.o [1]
  .rodata            const         0xaf8c    0x28  nvsinternal.o [1]
  .rodata            const         0xafb4    0x28  NVSCC26XX.orm3 [5]
  .rodata            const         0xafdc    0x28  NVSSPI25X.orm3 [5]
  .rodata            const         0xb004    0x28  UARTCC26XX.orm3 [5]
  .text              ro code       0xb02c    0x28  data_init.o [8]
  .rodata            const         0xb054    0x24  UART.orm3 [5]
  .text              ro code       0xb078    0x24  CC1350_LAUNCHXL.o [1]
  .iar.init_table    const         0xb09c    0x20  - Linker created -
  .rodata            const         0xb0bc    0x20  nvsinternal.o [1]
  .rodata            const         0xb0dc    0x20  DisplayUart.orm3 [2]
  .text              ro code       0xb0fc    0x1e  cmain.o [8]
  .text              ro code       0xb11a    0x14  startup_cc13xx_cc26xx_iar.orm3 [7]
  .text              ro code       0xb12e    0x12  main_nortos.o [1]
  .text              ro code       0xb140     0x4  exit.o [3]
  .text              ro code       0xb144     0x4  NoRTOS.orm3 [7]
  .text              ro code       0xb148     0xa  cexit.o [8]
  .rodata            const         0xb154    0x1c  nvsinternal.o [1]
  .rodata            const         0xb170    0x18  CC1350_LAUNCHXL.o [1]
  .rodata            const         0xb188    0x18  CC1350_LAUNCHXL.o [1]
  .rodata            const         0xb1a0    0x18  CC1350_LAUNCHXL.o [1]
  .rodata            const         0xb1b8    0x18  nvsinternal.o [1]
  .rodata            const         0xb1d0    0x18  SPICC26XXDMA.orm3 [5]
  .rodata            const         0xb1e8    0x14  CC1350_LAUNCHXL.o [1]
  .rodata            const         0xb1fc    0x14  CC1350_LAUNCHXL.o [1]
  .rodata            const         0xb210    0x14  CC1350_LAUNCHXL_fxns.o [1]
  .rodata            const         0xb224    0x14  nvsinternal.o [1]
  .rodata            const         0xb238    0x14  nvsinternal.o [1]
  .rodata            const         0xb24c    0x14  nvsinternal.o [1]
  .rodata            const         0xb260    0x14  nvsinternal.o [1]
  .rodata            const         0xb274    0x14  nvsinternal.o [1]
  .rodata            const         0xb288    0x10  nvsinternal.o [1]
  .rodata            const         0xb298     0xc  CC1350_LAUNCHXL.o [1]
  .rodata            const         0xb2a4     0xc  CC1350_LAUNCHXL.o [1]
  .text              ro code       0xb2b0     0xc  cstartup_M.o [8]
  .rodata            const         0xb2bc     0x8  CC1350_LAUNCHXL.o [1]
  .rodata            const         0xb2c4     0x8  CC1350_LAUNCHXL.o [1]
  .rodata            const         0xb2cc     0x8  CC1350_LAUNCHXL.o [1]
  .rodata            const         0xb2d4     0x8  CC1350_LAUNCHXL.o [1]
  .rodata            const         0xb2dc     0x8  CC1350_LAUNCHXL_fxns.o [1]
  .rodata            const         0xb2e4     0x8  nvsinternal.o [1]
  .rodata            const         0xb2ec     0x0  zero_init3.o [8]
  .rodata            const         0xb2ec     0x0  packbits_init_single.o [8]
  Initializer bytes  const         0xb2ec    0x5f  <for P2-P3-1>
                                 - 0xb34b  0xb283

"A1":                                        0x58
  .ccfg              const       0x1'ffa8    0x58  ccfg.o [1]
                               - 0x2'0000    0x58

"P2-P3", part 1 of 3:                       0x1d8
  P2-P3-1                     0x2000'0520   0x1d8  <Init block>
    .data            inited   0x2000'0520    0x30  CC1350_LAUNCHXL.o [1]
    .data            inited   0x2000'0550   0x114  PowerCC26XX.orm3 [5]
    .data            inited   0x2000'0664    0x14  ClockPTimer_nortos.orm3 [7]
    .data            inited   0x2000'0678     0x4  HwiPCC26XX_nortos.orm3 [7]
    .data            inited   0x2000'067c     0x9  SemaphoreP_nortos.orm3 [7]
    .data            inited   0x2000'0688    0x40  GPIOCC26XX.orm3 [5]
    .data            inited   0x2000'06c8    0x30  TimerPCC26XX_nortos.orm3 [7]
                            - 0x2000'06f8   0x1d8

"P2-P3", part 2 of 3:                       0xaa8
  .bss               zero     0x2000'06f8   0x1d8  dlmalloc.o [3]
  .bss               zero     0x2000'08d0   0x1c8  CC1350_LAUNCHXL.o [1]
  .bss               zero     0x2000'0a98   0x12c  CC1350_LAUNCHXL.o [1]
  .bss               zero     0x2000'0bc4    0xd4  PINCC26XX.orm3 [5]
  .bss               zero     0x2000'0c98    0xc8  HwiPCC26XX_nortos.orm3 [7]
  .vtable_ram        zero     0x2000'0e00    0xc8  interrupt.o [4]
  .bss               zero     0x2000'0ec8    0xa0  ClockPTimer_nortos.orm3 [7]
  .bss               zero     0x2000'0f68    0x80  CC1350_LAUNCHXL.o [1]
  .bss               zero     0x2000'0fe8    0x4c  SwiP_nortos.orm3 [7]
  .bss               zero     0x2000'1034    0x40  CC1350_LAUNCHXL.o [1]
  .bss               zero     0x2000'1074    0x40  PINCC26XX.orm3 [5]
  .bss               zero     0x2000'10b4    0x20  CC1350_LAUNCHXL.o [1]
  .bss               zero     0x2000'10d4    0x20  CC1350_LAUNCHXL.o [1]
  .bss               zero     0x2000'10f4    0x20  NVSSPI25X.orm3 [5]
  .bss               zero     0x2000'1114    0x18  dlmalloc.o [3]
  .bss               zero     0x2000'112c    0x14  osc.o [4]
  .bss               zero     0x2000'1140    0x10  CC1350_LAUNCHXL.o [1]
  .bss               zero     0x2000'1150     0xc  CC1350_LAUNCHXL.o [1]
  .bss               zero     0x2000'115c     0xc  CC1350_LAUNCHXL.o [1]
  .bss               zero     0x2000'1168     0xc  NVSCC26XX.orm3 [5]
  .bss               zero     0x2000'1174     0xc  ClockPTimer_nortos.orm3 [7]
  .bss               zero     0x2000'1180     0x8  sys_ctrl.o [4]
  .bss               zero     0x2000'1188     0x4  nvsinternal.o [1]
  .bss               zero     0x2000'118c     0x4  nvsinternal.o [1]
  .bss               zero     0x2000'1190     0x4  PowerCC26XX_nortos.orm3 [7]
  .bss               zero     0x2000'1194     0x4  xgetmemchunk.o [3]
  .bss               zero     0x2000'1198     0x2  SemaphoreP_nortos.orm3 [7]
  .bss               zero     0x2000'119a     0x1  CC1350_LAUNCHXL.o [1]
  .bss               zero     0x2000'119b     0x1  NVS.orm3 [5]
  .bss               zero     0x2000'119c     0x1  UART.orm3 [5]
  .bss               zero     0x2000'119d     0x1  SPI.orm3 [5]
  .bss               zero     0x2000'119e     0x1  driverlib_release.o [4]
                            - 0x2000'119f   0xaa7

"P2-P3", part 3 of 3:                       0x100
  HEAP                        0x2000'11a0   0x100  <Block>
    HEAP             uninit   0x2000'11a0   0x100  <Block tail>
                            - 0x2000'12a0   0x100

"A2":                                       0x400
  CSTACK                      0x2000'4c00   0x400  <Block>
    .stack           uninit   0x2000'4c00     0x4  startup_cc13xx_cc26xx_iar.orm3 [7]
    CSTACK           uninit   0x2000'4c04   0x3fc  <Block tail>
                            - 0x2000'5000   0x400

Unused ranges:

         From           To    Size
         ----           --    ----
       0xb34b     0x1'9fff  0xecb5
     0x1'e000     0x1'ffa7  0x1fa8
  0x2000'0000  0x2000'042f   0x430
  0x2000'0450  0x2000'04ff    0xb0
  0x2000'12a0  0x2000'4bff  0x3960


*******************************************************************************
*** INIT TABLE
***

          Address      Size
          -------      ----
Zero (__iar_zero_init3)
    1 destination range, total size 0xaa7:
          0x2000'06f8  0xaa7

Copy/packbits (__iar_packbits_init_single3)
    1 source range, total size 0x5f (20% of destination):
               0xb2ec   0x5f
    1 destination range, total size 0x1d8:
          0x2000'0520  0x1d8



*******************************************************************************
*** MODULE SUMMARY
***

    Module                           ro code  ro data  rw data
    ------                           -------  -------  -------
command line/config:
    ----------------------------------------------------------
    Total:

G:\CC1350_ws\nvsinternal_official\Debug\Obj: [1]
    CC1350_LAUNCHXL.o                     36      377    1 101
    CC1350_LAUNCHXL_fxns.o               244       28
    ccfg.o                                         88
    main_nortos.o                         18
    nvsinternal.o                        408   15 660        8
    ----------------------------------------------------------
    Total:                               706   16 153    1 109

display.arm3: [2]
    Display.orm3                         153
    DisplayUart.orm3                     190       32
    ----------------------------------------------------------
    Total:                               343       32

dl7M_tln.a: [3]
    abort.o                                6
    dlmalloc.o                         5 344               496
    exit.o                                 4
    heaptramp0.o                           4
    xgetmemchunk.o                        44                 4
    ----------------------------------------------------------
    Total:                             5 402               500

driverlib.lib: [4]
    adi.o                                 44
    aon_batmon.o                          40
    aon_rtc.o                             44
    chipinfo.o                           174
    cpu.o                                 24
    ddi.o                                 82
    driverlib_release.o                                      1
    flash.o                               48
    interrupt.o                           64               200
    osc.o                                368                20
    setup.o                              340
    setup_rom.o                        1 308
    sys_ctrl.o                           708                 8
    vims.o                                16
    ----------------------------------------------------------
    Total:                             3 260               229

drivers_cc13x0.arm3: [5]
    GPIOCC26XX.orm3                      628       14       64
    List.orm3                             76
    NVS.orm3                             152                 1
    NVSCC26XX.orm3                       856       40       12
    NVSSPI25X.orm3                     1 740       40       32
    PINCC26XX.orm3                     1 472               276
    PowerCC26XX.orm3                   1 888      132      276
    PowerCC26XX_calibrateRCOSC.orm3    1 196
    RingBuf.orm3                         136
    SPI.orm3                             172                 1
    SPICC26XXDMA.orm3                  2 392       24
    UART.orm3                            150       36        1
    UARTCC26XX.orm3                    2 664       40
    UDMACC26XX.orm3                      184
    ----------------------------------------------------------
    Total:                            13 706      326      663

m7M_tl.a: [6]
    DblAdd.o                             362
    DblCmpLe.o                            46
    DblMul.o                             418
    DblSub.o                             226
    DblToS32.o                            58
    DblToU32.o                            40
    FltCmpEq.o                            28
    S32ToDbl.o                            34
    ----------------------------------------------------------
    Total:                             1 212

nortos_cc13x0.arm3: [7]
    ClockPTimer_nortos.orm3              894        4      192
    HwiPCC26XX_nortos.orm3               248        1      204
    NoRTOS.orm3                            4
    PowerCC26XX_nortos.orm3              280                 4
    QueueP_nortos.orm3                   106
    SemaphoreP_nortos.orm3               376        1       11
    SwiP_nortos.orm3                     592                76
    SystemP_nortos.orm3                  716
    TimerPCC26XX_nortos.orm3             604       10       48
    startup_cc13xx_cc26xx_iar.orm3        20      200        4
    ----------------------------------------------------------
    Total:                             3 840      216      539

rt7M_tl.a: [8]
    ABImemcpy_unaligned.o                118
    ABImemset48.o                         58
    I64DivMod_small.o                    262
    I64DivZer.o                            2
    cexit.o                               10
    cmain.o                               30
    cstartup_M.o                          12
    data_init.o                           40
    packbits_init_single.o                56
    strlen.o                              54
    zero_init3.o                          58
    ----------------------------------------------------------
    Total:                               700

shb_l.a: [9]
    exit.o                                20
    ----------------------------------------------------------
    Total:                                20

    Gaps                                  35        4      163
    Linker created                                 32    1 276
--------------------------------------------------------------
    Grand Total:                      29 224   16 763    4 479


*******************************************************************************
*** ENTRY LIST
***

Entry                       Address    Size  Type      Object
-----                       -------    ----  ----      ------
.iar.init_table$$Base        0xb09c           --   Gb  - Linker created -
.iar.init_table$$Limit       0xb0bc           --   Gb  - Linker created -
?main                        0xb0fd          Code  Gb  cmain.o [8]
AONRTCCompareValueSet        0x7db5    0x18  Code  Lc  TimerPCC26XX_nortos.orm3 [7]
AONRTCEventClear             0x7d95    0x20  Code  Lc  TimerPCC26XX_nortos.orm3 [7]
AuxAdiDdiSafeWrite           0x9bfd    0x34  Code  Lc  ddi.o [4]
BoardGpioInitTable           0xaed4    0x34  Data  Gb  CC1350_LAUNCHXL.o [1]
Board_init                   0xb095     0x8  Code  Gb  CC1350_LAUNCHXL.o [1]
Board_initHook               0xacb1     0x8  Code  Gb  CC1350_LAUNCHXL_fxns.o [1]
CC1350_LAUNCHXL_initGeneral
                             0xb079    0x18  Code  Gb  CC1350_LAUNCHXL.o [1]
CC1350_LAUNCHXL_sendExtFlashByte
                             0xabc5    0x6c  Code  Gb  CC1350_LAUNCHXL_fxns.o [1]
CC1350_LAUNCHXL_shutDownExtFlash
                             0xac77    0x30  Code  Gb  CC1350_LAUNCHXL_fxns.o [1]
CC1350_LAUNCHXL_wakeUpExtFlash
                             0xac31    0x46  Code  Gb  CC1350_LAUNCHXL_fxns.o [1]
CPUwfi                       0x748d     0x4  Code  Lc  PowerCC26XX_nortos.orm3 [7]
CSTACK$$Base            0x2000'4c00           --   Gb  - Linker created -
CSTACK$$Limit           0x2000'5000           --   Gb  - Linker created -
ClockP_Params_init           0x66e9    0x10  Code  Gb  ClockPTimer_nortos.orm3 [7]
ClockP_add                   0x6903    0x1a  Code  Gb  ClockPTimer_nortos.orm3 [7]
ClockP_construct             0x68c9    0x3a  Code  Gb  ClockPTimer_nortos.orm3 [7]
ClockP_defaultParams    0x2000'1174     0xc  Data  Lc  ClockPTimer_nortos.orm3 [7]
ClockP_destruct              0x691d    0x1a  Code  Gb  ClockPTimer_nortos.orm3 [7]
ClockP_doTick                0x68c1     0x8  Code  Gb  ClockPTimer_nortos.orm3 [7]
ClockP_getCpuFreq            0x69b5     0xa  Code  Gb  ClockPTimer_nortos.orm3 [7]
ClockP_getTicks              0x677d     0x4  Code  Gb  ClockPTimer_nortos.orm3 [7]
ClockP_getTicksUntilInterrupt
                             0x6781    0x2a  Code  Gb  ClockPTimer_nortos.orm3 [7]
ClockP_initialized      0x2000'0664     0x1  Data  Lc  ClockPTimer_nortos.orm3 [7]
ClockP_isActive              0x69b1     0x4  Code  Gb  ClockPTimer_nortos.orm3 [7]
ClockP_module           0x2000'0ec8    0xa0  Data  Lc  ClockPTimer_nortos.orm3 [7]
ClockP_scheduleNextTick
                             0x67ab    0x16  Code  Gb  ClockPTimer_nortos.orm3 [7]
ClockP_setTimeout            0x69ad     0x4  Code  Gb  ClockPTimer_nortos.orm3 [7]
ClockP_start                 0x6937    0x70  Code  Gb  ClockPTimer_nortos.orm3 [7]
ClockP_startup               0x66f9    0x84  Code  Gb  ClockPTimer_nortos.orm3 [7]
ClockP_stop                  0x69a7     0x6  Code  Gb  ClockPTimer_nortos.orm3 [7]
ClockP_tickPeriod       0x2000'0670     0x4  Data  Gb  ClockPTimer_nortos.orm3 [7]
ClockP_usleep                0x69dd    0x4e  Code  Gb  ClockPTimer_nortos.orm3 [7]
ClockP_walkQueueDynamic
                             0x67c1    0x60  Code  Gb  ClockPTimer_nortos.orm3 [7]
ClockP_workFuncDynamic       0x6821    0x9e  Code  Gb  ClockPTimer_nortos.orm3 [7]
DDI32RegRead                 0x7879    0x28  Code  Lc  PowerCC26XX_calibrateRCOSC.orm3 [5]
DisplayUartMin_clear         0xacff     0x2  Code  Gb  DisplayUart.orm3 [2]
DisplayUartMin_clearLines
                             0xad03     0x2  Code  Gb  DisplayUart.orm3 [2]
DisplayUartMin_close         0xad53    0x18  Code  Gb  DisplayUart.orm3 [2]
DisplayUartMin_control       0xad6b     0x6  Code  Gb  DisplayUart.orm3 [2]
DisplayUartMin_fxnTable
                             0xb0dc    0x20  Data  Gb  DisplayUart.orm3 [2]
DisplayUartMin_getType       0xad71     0x6  Code  Gb  DisplayUart.orm3 [2]
DisplayUartMin_init          0xacb9     0x2  Code  Gb  DisplayUart.orm3 [2]
DisplayUartMin_open          0xacbb    0x44  Code  Gb  DisplayUart.orm3 [2]
DisplayUartMin_vprintf       0xad07    0x4c  Code  Gb  DisplayUart.orm3 [2]
Display_config               0xb298     0xc  Data  Gb  CC1350_LAUNCHXL.o [1]
Display_count                0x6a66     0x1  Data  Gb  CC1350_LAUNCHXL.o [1]
Display_defaultParams        0xa9b8     0x1  Data  Gb  Display.orm3 [2]
Display_doInit               0xa991    0x1e  Code  Gb  Display.orm3 [2]
Display_doOpen               0xa921    0x58  Code  Gb  Display.orm3 [2]
Display_doPrintf             0xa979    0x18  Code  Gb  Display.orm3 [2]
GPIOCC26XX_config            0xb1fc    0x14  Data  Gb  CC1350_LAUNCHXL.o [1]
GPIO_hwiIntFxn               0x9431    0x20  Code  Gb  GPIOCC26XX.orm3 [5]
GPIO_init                    0x9451    0x96  Code  Gb  GPIOCC26XX.orm3 [5]
GPIO_init::initSem      0x2000'06b4     0x4  Data  Lc  GPIOCC26XX.orm3 [5]
GPIO_setCallback             0x94e7    0x34  Code  Gb  GPIOCC26XX.orm3 [5]
GPIO_setConfig               0x951d    0xda  Code  Gb  GPIOCC26XX.orm3 [5]
GPIO_write                   0x95f7    0x50  Code  Gb  GPIOCC26XX.orm3 [5]
HEAP$$Base              0x2000'11a0           --   Gb  - Linker created -
HEAP$$Limit             0x2000'12a0           --   Gb  - Linker created -
HwiP_Params_init             0x5d47    0x12  Code  Gb  HwiPCC26XX_nortos.orm3 [7]
HwiP_construct               0x5cdf    0x68  Code  Gb  HwiPCC26XX_nortos.orm3 [7]
HwiP_destruct                0x5cb3    0x18  Code  Gb  HwiPCC26XX_nortos.orm3 [7]
HwiP_disable                 0x5c9b     0x6  Code  Gb  HwiPCC26XX_nortos.orm3 [7]
HwiP_dispatch                0x5ccb    0x14  Code  Lc  HwiPCC26XX_nortos.orm3 [7]
HwiP_dispatchTable      0x2000'0c98    0xc8  Data  Lc  HwiPCC26XX_nortos.orm3 [7]
HwiP_enable                  0x5c99     0x2  Code  Gb  HwiPCC26XX_nortos.orm3 [7]
HwiP_inISR                   0x5d61    0x12  Code  Gb  HwiPCC26XX_nortos.orm3 [7]
HwiP_post                    0x5d59     0x8  Code  Gb  HwiPCC26XX_nortos.orm3 [7]
HwiP_restore                 0x5ca9     0xa  Code  Gb  HwiPCC26XX_nortos.orm3 [7]
HwiP_swiPIntNum         0x2000'0678     0x4  Data  Gb  HwiPCC26XX_nortos.orm3 [7]
IntDefaultHandler            0x7291     0x2  Code  Lc  interrupt.o [4]
IntMasterEnable              0x5c91     0x8  Code  Lc  HwiPCC26XX_nortos.orm3 [7]
List_put                     0x7441    0x1c  Code  Gb  List.orm3 [5]
List_remove                  0x746d    0x20  Code  Gb  List.orm3 [5]
NOROM_AONBatMonTemperatureGetDegC
                             0x8171    0x28  Code  Gb  aon_batmon.o [4]
NOROM_AONRTCCurrent64BitValueGet
                             0x8159    0x12  Code  Gb  aon_rtc.o [4]
NOROM_AONRTCCurrentCompareValueGet
                             0x8145    0x14  Code  Gb  aon_rtc.o [4]
NOROM_CPUcpsid               0x7279     0x8  Code  Gb  cpu.o [4]
NOROM_CPUcpsie               0x7281     0x8  Code  Gb  cpu.o [4]
NOROM_CPUdelay               0x7289     0x8  Code  Gb  cpu.o [4]
NOROM_ChipInfo_GetChipFamily
                             0x807d    0x18  Code  Gb  chipinfo.o [4]
NOROM_ChipInfo_GetChipType
                             0x8095    0x2a  Code  Gb  chipinfo.o [4]
NOROM_ChipInfo_GetHwRevision
                             0x80bf    0x34  Code  Gb  chipinfo.o [4]
NOROM_ChipInfo_GetPackageType
                             0x8069    0x14  Code  Gb  chipinfo.o [4]
NOROM_DDI32RegWrite          0x9c45     0xa  Code  Gb  ddi.o [4]
NOROM_FlashProgram           0x9fb5    0x12  Code  Gb  flash.o [4]
NOROM_FlashSectorErase       0x9fa9     0xc  Code  Gb  flash.o [4]
NOROM_IntRegister            0x7293    0x28  Code  Gb  interrupt.o [4]
NOROM_IntUnregister          0x72bb     0xa  Code  Gb  interrupt.o [4]
NOROM_OSCClockSourceGet
                             0x7335    0x2a  Code  Gb  osc.o [4]
NOROM_OSCClockSourceSet
                             0x72d9    0x5c  Code  Gb  osc.o [4]
NOROM_OSCHF_AttemptToSwitchToXosc
                             0x7373    0x48  Code  Gb  osc.o [4]
NOROM_OSCHF_SwitchToRcOscTurnOffXosc
                             0x73bb    0x26  Code  Gb  osc.o [4]
NOROM_OSCHF_TurnOnXosc       0x735f    0x14  Code  Gb  osc.o [4]
NOROM_OSC_HPOSCRelativeFrequencyOffsetGet
                             0x73e1    0x36  Code  Gb  osc.o [4]
NOROM_OSC_HPOSCRelativeFrequencyOffsetToRFCoreFormatConvert
                             0x7417     0xc  Code  Gb  osc.o [4]
NOROM_SetupAfterColdResetWakeupFromShutDownCfg1
                             0x9753    0x96  Code  Gb  setup_rom.o [4]
NOROM_SetupAfterColdResetWakeupFromShutDownCfg2
                             0x97e9    0xdc  Code  Gb  setup_rom.o [4]
NOROM_SetupAfterColdResetWakeupFromShutDownCfg3
                             0x98cb    0xfe  Code  Gb  setup_rom.o [4]
NOROM_SetupGetTrimForAdcShModeEn
                             0x9a8b    0x12  Code  Gb  setup_rom.o [4]
NOROM_SetupGetTrimForAdcShVbufEn
                             0x9a9d    0x12  Code  Gb  setup_rom.o [4]
NOROM_SetupGetTrimForAmpcompCtrl
                             0x9a35    0x44  Code  Gb  setup_rom.o [4]
NOROM_SetupGetTrimForAnabypassValue1
                             0x99c9    0x58  Code  Gb  setup_rom.o [4]
NOROM_SetupGetTrimForDblrLoopFilterResetVoltage
                             0x9a79    0x12  Code  Gb  setup_rom.o [4]
NOROM_SetupGetTrimForRadcExtCfg
                             0x9ac9    0x1a  Code  Gb  setup_rom.o [4]
NOROM_SetupGetTrimForRcOscLfIBiasTrim
                             0x9ae3    0x12  Code  Gb  setup_rom.o [4]
NOROM_SetupGetTrimForRcOscLfRtuneCtuneTrim
                             0x9a21    0x14  Code  Gb  setup_rom.o [4]
NOROM_SetupGetTrimForXoscHfCtl
                             0x9aaf    0x1a  Code  Gb  setup_rom.o [4]
NOROM_SetupGetTrimForXoscLfRegulatorAndCmirrwrRatio
                             0x9af5    0x12  Code  Gb  setup_rom.o [4]
NOROM_SetupSetAonRtcSubSecInc
                             0x9b4b    0x1e  Code  Gb  setup_rom.o [4]
NOROM_SetupSetCacheModeAccordingToCcfgSetting
                             0x9b07    0x44  Code  Gb  setup_rom.o [4]
NOROM_SetupSetVddrLevel
                             0x96e9    0x6a  Code  Gb  setup_rom.o [4]
NOROM_SetupTrimDevice        0xaa71    0x6e  Code  Gb  setup.o [4]
NOROM_SysCtrlAdjustRechargeAfterPowerDown
                             0x7785    0x5a  Code  Gb  sys_ctrl.o [4]
NOROM_SysCtrlSetRechargeBeforePowerDown
                             0x75bd   0x1c8  Code  Gb  sys_ctrl.o [4]
NOROM_SysCtrl_DCDC_VoltageConditionalControl
                             0x77df    0x5a  Code  Gb  sys_ctrl.o [4]
NOROM_ThisLibraryIsFor_CC13x0_HwRev20AndLater_HaltIfViolated
                             0x8101    0x16  Code  Gb  chipinfo.o [4]
NOROM_VIMSModeGet            0x75a5    0x10  Code  Gb  vims.o [4]
NVSCC26XX_close              0x9c51     0x8  Code  Gb  NVSCC26XX.orm3 [5]
NVSCC26XX_control            0x9c59     0x6  Code  Gb  NVSCC26XX.orm3 [5]
NVSCC26XX_erase              0x9c5f    0x28  Code  Gb  NVSCC26XX.orm3 [5]
NVSCC26XX_fxnTable           0xafb4    0x28  Data  Gb  NVSCC26XX.orm3 [5]
NVSCC26XX_getAttrs           0x9c87    0x18  Code  Gb  NVSCC26XX.orm3 [5]
NVSCC26XX_init               0x9c9f    0x42  Code  Gb  NVSCC26XX.orm3 [5]
NVSCC26XX_lock               0x9ce1    0x12  Code  Gb  NVSCC26XX.orm3 [5]
NVSCC26XX_open               0x9cf3    0x64  Code  Gb  NVSCC26XX.orm3 [5]
NVSCC26XX_read               0x9d57    0x3a  Code  Gb  NVSCC26XX.orm3 [5]
NVSCC26XX_unlock             0x9d99     0x8  Code  Gb  NVSCC26XX.orm3 [5]
NVSCC26XX_write              0x9da1   0x11a  Code  Gb  NVSCC26XX.orm3 [5]
NVSSPI25X_close              0x8cb5    0x6e  Code  Gb  NVSSPI25X.orm3 [5]
NVSSPI25X_control            0x8d23    0x52  Code  Gb  NVSSPI25X.orm3 [5]
NVSSPI25X_erase              0x8d7b    0x28  Code  Gb  NVSSPI25X.orm3 [5]
NVSSPI25X_fxnTable           0xafdc    0x28  Data  Gb  NVSSPI25X.orm3 [5]
NVSSPI25X_getAttrs           0x8da3    0x12  Code  Gb  NVSSPI25X.orm3 [5]
NVSSPI25X_init               0x8db5    0x36  Code  Gb  NVSSPI25X.orm3 [5]
NVSSPI25X_lock               0x8deb    0x14  Code  Gb  NVSSPI25X.orm3 [5]
NVSSPI25X_open               0x8dff    0xfc  Code  Gb  NVSSPI25X.orm3 [5]
NVSSPI25X_read               0x8f03    0x40  Code  Gb  NVSSPI25X.orm3 [5]
NVSSPI25X_unlock             0x8f43     0xa  Code  Gb  NVSSPI25X.orm3 [5]
NVSSPI25X_write              0x8f4d   0x146  Code  Gb  NVSSPI25X.orm3 [5]
NVS_Params_init              0xaa2d     0x8  Code  Gb  NVS.orm3 [5]
NVS_config                   0xb170    0x18  Data  Gb  CC1350_LAUNCHXL.o [1]
NVS_count                    0x6a67     0x1  Data  Gb  CC1350_LAUNCHXL.o [1]
NVS_defaultParams            0xaa50     0x4  Data  Gb  NVS.orm3 [5]
NVS_getAttrs                 0xa9bd     0x6  Code  Gb  NVS.orm3 [5]
NVS_init                     0xa9c3    0x26  Code  Gb  NVS.orm3 [5]
NVS_open                     0xa9e9    0x36  Code  Gb  NVS.orm3 [5]
NVS_read                     0xaa35     0xa  Code  Gb  NVS.orm3 [5]
NVS_write                    0xaa3f     0xe  Code  Gb  NVS.orm3 [5]
NoRTOS_start                 0xb145     0x4  Code  Gb  NoRTOS.orm3 [7]
OSCHfSourceReady             0x5d89    0x1e  Code  Lc  PowerCC26XX.orm3 [5]
OSCHfSourceSwitch            0x72d1     0x8  Code  Lc  osc.o [4]
PINCC26XX_getConfig          0x71cd    0x2c  Code  Gb  PINCC26XX.orm3 [5]
PINCC26XX_hwAttrs            0xb2c4     0x8  Data  Gb  CC1350_LAUNCHXL.o [1]
PINCC26XX_setIoCfg           0x6d0f    0xd8  Code  Lc  PINCC26XX.orm3 [5]
PINCC26XX_setIoCfgMux        0x6de7    0x1e  Code  Lc  PINCC26XX.orm3 [5]
PINCC26XX_setMux             0x71f9    0x2a  Code  Gb  PINCC26XX.orm3 [5]
PIN_add                      0x7023    0x5a  Code  Gb  PINCC26XX.orm3 [5]
PIN_close                    0x70d7    0x1a  Code  Gb  PINCC26XX.orm3 [5]
PIN_ctz                      0x6cb9     0xa  Code  Lc  PINCC26XX.orm3 [5]
PIN_getConfig                0x718b    0x14  Code  Gb  PINCC26XX.orm3 [5]
PIN_hwi                      0x6cfb    0x14  Code  Lc  PINCC26XX.orm3 [5]
PIN_init                     0x6e05   0x190  Code  Gb  PINCC26XX.orm3 [5]
PIN_open                     0x6f95    0x8e  Code  Gb  PINCC26XX.orm3 [5]
PIN_registerIntCb            0x717f     0xc  Code  Gb  PINCC26XX.orm3 [5]
PIN_remove                   0x7087    0x50  Code  Gb  PINCC26XX.orm3 [5]
PIN_setConfig                0x719f    0x2e  Code  Gb  PINCC26XX.orm3 [5]
PIN_setInterrupt             0x7151    0x2e  Code  Gb  PINCC26XX.orm3 [5]
PIN_setOutputEnable          0x70f1    0x34  Code  Gb  PINCC26XX.orm3 [5]
PIN_setOutputValue           0x7125    0x2c  Code  Gb  PINCC26XX.orm3 [5]
PIN_swi                      0x6cc3    0x38  Code  Lc  PINCC26XX.orm3 [5]
PRCMSleep                    0x7491     0x2  Code  Lc  PowerCC26XX_nortos.orm3 [7]
PowerCC26XX_RCOSC_clockFunc
                             0x7b6d    0x46  Code  Gb  PowerCC26XX_calibrateRCOSC.orm3 [5]
PowerCC26XX_auxISR           0x78fd   0x120  Code  Gb  PowerCC26XX_calibrateRCOSC.orm3 [5]
PowerCC26XX_calibrate        0x62ab    0x50  Code  Gb  PowerCC26XX.orm3 [5]
PowerCC26XX_config           0xb188    0x18  Data  Gb  CC1350_LAUNCHXL.o [1]
PowerCC26XX_doCalibrate
                             0x7a1d   0x13e  Code  Gb  PowerCC26XX_calibrateRCOSC.orm3 [5]
PowerCC26XX_initiateCalibration
                             0x78a1    0x5c  Code  Gb  PowerCC26XX_calibrateRCOSC.orm3 [5]
PowerCC26XX_module      0x2000'0550   0x114  Data  Gb  PowerCC26XX.orm3 [5]
PowerCC26XX_schedulerDisable
                             0x756d     0xc  Code  Gb  PowerCC26XX_nortos.orm3 [7]
PowerCC26XX_schedulerRestore
                             0x7579     0x8  Code  Gb  PowerCC26XX_nortos.orm3 [7]
PowerCC26XX_standbyPolicy
                             0x7493    0xda  Code  Gb  PowerCC26XX_nortos.orm3 [7]
PowerCC26XX_swiKey      0x2000'1190     0x4  Data  Lc  PowerCC26XX_nortos.orm3 [7]
Power_disablePolicy          0x5da7    0x10  Code  Gb  PowerCC26XX.orm3 [5]
Power_enablePolicy           0x5db7     0xc  Code  Gb  PowerCC26XX.orm3 [5]
Power_getConstraintMask
                             0x5dc3     0x8  Code  Gb  PowerCC26XX.orm3 [5]
Power_getDependencyCount
                             0x5dcb     0xc  Code  Gb  PowerCC26XX.orm3 [5]
Power_getTransitionLatency
                             0x5dd7    0x1c  Code  Gb  PowerCC26XX.orm3 [5]
Power_idleFunc               0x5df3    0x16  Code  Gb  PowerCC26XX.orm3 [5]
Power_init                   0x5e09   0x104  Code  Gb  PowerCC26XX.orm3 [5]
Power_registerNotify         0x5f0d    0x24  Code  Gb  PowerCC26XX.orm3 [5]
Power_releaseConstraint
                             0x5f31    0x2c  Code  Gb  PowerCC26XX.orm3 [5]
Power_releaseDependency
                             0x5f5d    0x9e  Code  Gb  PowerCC26XX.orm3 [5]
Power_setConstraint          0x5ffb    0x22  Code  Gb  PowerCC26XX.orm3 [5]
Power_setDependency          0x6025    0xa2  Code  Gb  PowerCC26XX.orm3 [5]
Power_sleep                  0x60c7   0x1c8  Code  Gb  PowerCC26XX.orm3 [5]
Power_unregisterNotify       0x628f    0x1c  Code  Gb  PowerCC26XX.orm3 [5]
QueueP_empty                 0x7d2b     0xe  Code  Gb  QueueP_nortos.orm3 [7]
QueueP_get                   0x7d39    0x14  Code  Gb  QueueP_nortos.orm3 [7]
QueueP_head                  0x7d55     0x4  Code  Gb  QueueP_nortos.orm3 [7]
QueueP_init                  0x7d29     0x2  Code  Gb  QueueP_nortos.orm3 [7]
QueueP_next                  0x7d61     0x4  Code  Gb  QueueP_nortos.orm3 [7]
QueueP_put                   0x7d65    0x18  Code  Gb  QueueP_nortos.orm3 [7]
QueueP_remove                0x7d85     0xe  Code  Gb  QueueP_nortos.orm3 [7]
Region$$Table$$Base          0xb09c           --   Gb  - Linker created -
Region$$Table$$Limit         0xb0bc           --   Gb  - Linker created -
RingBuf_construct            0x6661    0x12  Code  Gb  RingBuf.orm3 [5]
RingBuf_get                  0x6673    0x2a  Code  Gb  RingBuf.orm3 [5]
RingBuf_put                  0x66ad    0x32  Code  Gb  RingBuf.orm3 [5]
SPICC26XXDMA_close           0x83ad    0x4e  Code  Gb  SPICC26XXDMA.orm3 [5]
SPICC26XXDMA_configDMA       0x8487   0x10e  Code  Lc  SPICC26XXDMA.orm3 [5]
SPICC26XXDMA_control         0x83fb    0x8c  Code  Gb  SPICC26XXDMA.orm3 [5]
SPICC26XXDMA_csnCallback
                             0x89d1    0x3c  Code  Lc  SPICC26XXDMA.orm3 [5]
SPICC26XXDMA_flushFifos
                             0x8685    0x34  Code  Lc  SPICC26XXDMA.orm3 [5]
SPICC26XXDMA_fxnTable        0xb1d0    0x18  Data  Gb  SPICC26XXDMA.orm3 [5]
SPICC26XXDMA_hwiFxn          0x8595    0xa0  Code  Lc  SPICC26XXDMA.orm3 [5]
SPICC26XXDMA_init            0x86b9     0xc  Code  Gb  SPICC26XXDMA.orm3 [5]
SPICC26XXDMA_initHw          0x8a0d    0x4a  Code  Lc  SPICC26XXDMA.orm3 [5]
SPICC26XXDMA_initIO          0x8a59   0x122  Code  Lc  SPICC26XXDMA.orm3 [5]
SPICC26XXDMA_open            0x86c5   0x10c  Code  Gb  SPICC26XXDMA.orm3 [5]
SPICC26XXDMA_swiFxn          0x8635    0x50  Code  Lc  SPICC26XXDMA.orm3 [5]
SPICC26XXDMA_transfer        0x87d1   0x14c  Code  Gb  SPICC26XXDMA.orm3 [5]
SPICC26XXDMA_transferCallback
                             0x89c9     0x8  Code  Lc  SPICC26XXDMA.orm3 [5]
SPICC26XXDMA_transferCancel
                             0x891d    0xa0  Code  Gb  SPICC26XXDMA.orm3 [5]
SPI_Params_init              0x93d5     0x8  Code  Gb  SPI.orm3 [5]
SPI_close                    0x9359     0x6  Code  Gb  SPI.orm3 [5]
SPI_config                   0xb1a0    0x18  Data  Gb  CC1350_LAUNCHXL.o [1]
SPI_count                    0x7d92     0x1  Data  Gb  CC1350_LAUNCHXL.o [1]
SPI_defaultParams            0x93e4    0x20  Data  Gb  SPI.orm3 [5]
SPI_init                     0x935f    0x38  Code  Gb  SPI.orm3 [5]
SPI_open                     0x9399    0x2e  Code  Gb  SPI.orm3 [5]
SPI_transfer                 0x93dd     0x6  Code  Gb  SPI.orm3 [5]
SSIDMADisable                0x82b7     0x4  Code  Lc  SPICC26XXDMA.orm3 [5]
SSIDisable                   0x82a5     0xc  Code  Lc  SPICC26XXDMA.orm3 [5]
SSIIntDisable                0x82b1     0x6  Code  Lc  SPICC26XXDMA.orm3 [5]
STACK_TOP {Abs}         0x2000'5000          Data  Gb  <internal module>
SafeHapiVoid                 0x8119    0x28  Code  Gb  adi.o [4]
SemaphoreP_construct         0x64eb    0x4c  Code  Gb  SemaphoreP_nortos.orm3 [7]
SemaphoreP_constructBinary
                             0x6537    0x1a  Code  Gb  SemaphoreP_nortos.orm3 [7]
SemaphoreP_create            0x6551    0x16  Code  Gb  SemaphoreP_nortos.orm3 [7]
SemaphoreP_createBinary
                             0x6567     0x8  Code  Gb  SemaphoreP_nortos.orm3 [7]
SemaphoreP_defaultParams
                        0x2000'067c     0x8  Data  Gb  SemaphoreP_nortos.orm3 [7]
SemaphoreP_delete            0x658b     0x4  Code  Gb  SemaphoreP_nortos.orm3 [7]
SemaphoreP_destruct          0x6589     0x2  Code  Gb  SemaphoreP_nortos.orm3 [7]
SemaphoreP_initialized  0x2000'0684     0x1  Data  Lc  SemaphoreP_nortos.orm3 [7]
SemaphoreP_pend              0x658f    0x8a  Code  Gb  SemaphoreP_nortos.orm3 [7]
SemaphoreP_post              0x6619    0x3c  Code  Gb  SemaphoreP_nortos.orm3 [7]
SetupSignExtendVddrTrimValue
                             0x75b5     0x8  Code  Lc  sys_ctrl.o [4]
SetupSignExtendVddrTrimValue
                             0x96e1     0x8  Code  Lc  setup_rom.o [4]
SwiP_Params_init             0x6a69     0x8  Code  Gb  SwiP_nortos.orm3 [7]
SwiP_construct               0x6a71    0xae  Code  Gb  SwiP_nortos.orm3 [7]
SwiP_currentTrigger     0x2000'0ff4     0x4  Data  Lc  SwiP_nortos.orm3 [7]
SwiP_defaultParams           0x6ca8    0x10  Data  Lc  SwiP_nortos.orm3 [7]
SwiP_destruct                0x6b1f    0x28  Code  Gb  SwiP_nortos.orm3 [7]
SwiP_disable                 0x6b47    0x16  Code  Gb  SwiP_nortos.orm3 [7]
SwiP_dispatch                0x6b5d    0x80  Code  Gb  SwiP_nortos.orm3 [7]
SwiP_getTrigger              0x6bed     0x6  Code  Gb  SwiP_nortos.orm3 [7]
SwiP_handleHwi               0x6bdd    0x10  Code  Lc  SwiP_nortos.orm3 [7]
SwiP_hwiStruct          0x2000'0ff8    0x1c  Data  Lc  SwiP_nortos.orm3 [7]
SwiP_initialized        0x2000'0fe9     0x1  Data  Lc  SwiP_nortos.orm3 [7]
SwiP_lockState          0x2000'0ff0     0x4  Data  Lc  SwiP_nortos.orm3 [7]
SwiP_or                      0x6c09    0x16  Code  Gb  SwiP_nortos.orm3 [7]
SwiP_post                    0x6c23    0x4a  Code  Gb  SwiP_nortos.orm3 [7]
SwiP_readyList          0x2000'1014    0x20  Data  Lc  SwiP_nortos.orm3 [7]
SwiP_readyMask          0x2000'0fec     0x4  Data  Lc  SwiP_nortos.orm3 [7]
SwiP_restore                 0x6c6d    0x24  Code  Gb  SwiP_nortos.orm3 [7]
SwiP_schedulerRunning   0x2000'0fe8     0x1  Data  Lc  SwiP_nortos.orm3 [7]
SystemP_vsnprintf            0x9fd9     0x2  Code  Gb  SystemP_nortos.orm3 [7]
TimerP_Params_init           0x7dcd     0xe  Code  Gb  TimerPCC26XX_nortos.orm3 [7]
TimerP_construct             0x7ddb    0x8c  Code  Gb  TimerPCC26XX_nortos.orm3 [7]
TimerP_defaultParams    0x2000'06c8     0xc  Data  Lc  TimerPCC26XX_nortos.orm3 [7]
TimerP_dynamicStub           0x7f61    0x16  Code  Gb  TimerPCC26XX_nortos.orm3 [7]
TimerP_getCount64            0x7f4f     0x4  Code  Gb  TimerPCC26XX_nortos.orm3 [7]
TimerP_getCurrentTick        0x7f77    0x2a  Code  Gb  TimerPCC26XX_nortos.orm3 [7]
TimerP_getFreq               0x7f53     0xc  Code  Gb  TimerPCC26XX_nortos.orm3 [7]
TimerP_getMaxTicks           0x7e67    0x1e  Code  Gb  TimerPCC26XX_nortos.orm3 [7]
TimerP_handle           0x2000'06d8     0x4  Data  Lc  TimerPCC26XX_nortos.orm3 [7]
TimerP_hwiStruct        0x2000'06dc    0x1c  Data  Lc  TimerPCC26XX_nortos.orm3 [7]
TimerP_initDevice            0x7fa1    0x28  Code  Gb  TimerPCC26XX_nortos.orm3 [7]
TimerP_initialized      0x2000'06d4     0x1  Data  Lc  TimerPCC26XX_nortos.orm3 [7]
TimerP_setNextTick           0x7eaf    0x32  Code  Gb  TimerPCC26XX_nortos.orm3 [7]
TimerP_setThreshold          0x7e85    0x2a  Code  Gb  TimerPCC26XX_nortos.orm3 [7]
TimerP_start                 0x7ef3    0x5c  Code  Gb  TimerPCC26XX_nortos.orm3 [7]
TimerP_startup               0x7ee1    0x12  Code  Gb  TimerPCC26XX_nortos.orm3 [7]
TrimAfterColdResetWakeupFromShutDown
                             0xaadf    0x90  Code  Lc  setup.o [4]
UARTCC26XX_close             0x572f    0x84  Code  Gb  UARTCC26XX.orm3 [5]
UARTCC26XX_control           0x57b3    0x58  Code  Gb  UARTCC26XX.orm3 [5]
UARTCC26XX_fxnTable          0xb004    0x28  Data  Gb  UARTCC26XX.orm3 [5]
UARTCC26XX_hwiIntFxn         0x5437   0x148  Code  Gb  UARTCC26XX.orm3 [5]
UARTCC26XX_init              0x55e1     0x8  Code  Gb  UARTCC26XX.orm3 [5]
UARTCC26XX_initHw            0x5af1    0x9a  Code  Lc  UARTCC26XX.orm3 [5]
UARTCC26XX_initIO            0x5b8b    0x74  Code  Lc  UARTCC26XX.orm3 [5]
UARTCC26XX_open              0x55e9   0x146  Code  Gb  UARTCC26XX.orm3 [5]
UARTCC26XX_read              0x595d   0x132  Code  Gb  UARTCC26XX.orm3 [5]
UARTCC26XX_readCancel        0x5a9d    0x42  Code  Gb  UARTCC26XX.orm3 [5]
UARTCC26XX_readPolling       0x5a95     0x2  Code  Gb  UARTCC26XX.orm3 [5]
UARTCC26XX_swiIntFxn         0x558b    0x50  Code  Gb  UARTCC26XX.orm3 [5]
UARTCC26XX_write             0x580b    0xcc  Code  Gb  UARTCC26XX.orm3 [5]
UARTCC26XX_writeCancel       0x58d9    0x76  Code  Gb  UARTCC26XX.orm3 [5]
UARTCC26XX_writePolling
                             0x58d7     0x2  Code  Gb  UARTCC26XX.orm3 [5]
UARTIntDisable               0x5233     0xc  Code  Lc  UARTCC26XX.orm3 [5]
UARTIntEnable                0x5229     0xa  Code  Lc  UARTCC26XX.orm3 [5]
UART_Params_init             0xaded     0x8  Code  Gb  UART.orm3 [5]
UART_close                   0xad79     0x6  Code  Gb  UART.orm3 [5]
UART_config                  0xb2a4     0xc  Data  Gb  CC1350_LAUNCHXL.o [1]
UART_control                 0xad7f     0xa  Code  Gb  UART.orm3 [5]
UART_count                   0x7d93     0x1  Data  Gb  CC1350_LAUNCHXL.o [1]
UART_defaultParams           0xb054    0x24  Data  Gb  UART.orm3 [5]
UART_init                    0xad89    0x38  Code  Gb  UART.orm3 [5]
UART_open                    0xadc1    0x2c  Code  Gb  UART.orm3 [5]
UART_write                   0xae05     0xa  Code  Gb  UART.orm3 [5]
UDMACC26XX_channelDone       0x82c3    0x14  Code  Lc  SPICC26XXDMA.orm3 [5]
UDMACC26XX_close             0x8c4d    0x3c  Code  Gb  UDMACC26XX.orm3 [5]
UDMACC26XX_config            0xb2d4     0x8  Data  Gb  CC1350_LAUNCHXL.o [1]
UDMACC26XX_hwiIntFxn         0x8bfd     0xc  Code  Gb  UDMACC26XX.orm3 [5]
UDMACC26XX_initHw            0x8c89    0x1e  Code  Lc  UDMACC26XX.orm3 [5]
UDMACC26XX_open              0x8c09    0x44  Code  Gb  UDMACC26XX.orm3 [5]
__aeabi_cdcmple              0xa2dd          Code  Gb  DblCmpLe.o [6]
__aeabi_cfcmpeq              0xaa55          Code  Gb  FltCmpEq.o [6]
__aeabi_d2iz                 0xa30d          Code  Gb  DblToS32.o [6]
__aeabi_d2uiz                0xa5f5          Code  Gb  DblToU32.o [6]
__aeabi_dmul                 0xa451          Code  Gb  DblMul.o [6]
__aeabi_dsub                 0xa36d          Code  Gb  DblSub.o [6]
__aeabi_i2d                  0xa349          Code  Gb  S32ToDbl.o [6]
__aeabi_ldiv0                0x82a1          Code  Gb  I64DivZer.o [8]
__aeabi_memset4              0x96a5          Code  Gb  ABImemset48.o [8]
__aeabi_memset8              0x96a5          Code  Gb  ABImemset48.o [8]
__ccfg                     0x1'ffa8    0x58  Data  Gb  ccfg.o [1]
__cmain                      0xb0fd          Code  Gb  cmain.o [8]
__data_GetMemChunk           0x51e9    0x2c  Code  Gb  xgetmemchunk.o [3]
__data_GetMemChunk::start
                        0x2000'1194     0x4  Data  Lc  xgetmemchunk.o [3]
__exit                       0x5215    0x14  Code  Gb  exit.o [9]
__iar_Memset4_word           0x96ad          Code  Gb  ABImemset48.o [8]
__iar_Memset8_word           0x96ad          Code  Gb  ABImemset48.o [8]
__iar_dadd                   0xa37d          Code  Gb  DblSub.o [6]
__iar_data_init3             0xb02d    0x28  Code  Gb  data_init.o [8]
__iar_dlfree                 0x4ca7   0x4f6  Code  Gb  dlmalloc.o [3]
__iar_dlmalloc               0x49f1   0x2b6  Code  Gb  dlmalloc.o [3]
__iar_dsub                   0xa61d          Code  Gb  DblAdd.o [6]
__iar_dsubStart              0xa62f          Code  Gb  DblAdd.o [6]
__iar_packbits_init_single3
                             0xae9d    0x38  Code  Gb  packbits_init_single.o [8]
__iar_program_start          0xb2b1          Code  Gb  cstartup_M.o [8]
__iar_small_uldivmod         0x8199          Code  Gb  I64DivMod_small.o [8]
__iar_unaligned_memcpy       0x7ff1          Code  Gb  ABImemcpy_unaligned.o [8]
__iar_unaligned_memcpy4
                             0x8011          Code  Gb  ABImemcpy_unaligned.o [8]
__iar_unaligned_memcpy8
                             0x8011          Code  Gb  ABImemcpy_unaligned.o [8]
__iar_zero_init3             0x51af    0x3a  Code  Gb  zero_init3.o [8]
__low_level_init             0xb11b     0xe  Code  Gb  startup_cc13xx_cc26xx_iar.orm3 [7]
__vector_table                  0x0    0xc8  Data  Gb  startup_cc13xx_cc26xx_iar.orm3 [7]
_call_main                   0xb109          Code  Gb  cmain.o [8]
_exit                        0xb149          Code  Gb  cexit.o [8]
_gm_                    0x2000'06f8   0x1d8  Data  Lc  dlmalloc.o [3]
_main                        0xb117          Code  Gb  cmain.o [8]
abort                        0x51a9     0x6  Code  Gb  abort.o [3]
add_segment                  0x4091   0x1f2  Code  Lc  dlmalloc.o [3]
calibrateRcoscHf1            0x7bb3   0x134  Code  Lc  PowerCC26XX_calibrateRCOSC.orm3 [5]
clkFxn                       0x64e9     0x2  Code  Gb  SemaphoreP_nortos.orm3 [7]
configIntsEnabledMask   0x2000'06b0     0x4  Data  Lc  GPIOCC26XX.orm3 [5]
configureRFCoreClocks        0x63c1    0x12  Code  Lc  PowerCC26XX.orm3 [5]
configureXOSCHF              0x643d    0x52  Code  Lc  PowerCC26XX.orm3 [5]
data                           0xc8  0x3c00  Data  Lc  nvsinternal.o [1]
dataLength                   0x5c44    0x10  Data  Lc  UARTCC26XX.orm3 [5]
data_buffer             0x2000'1188     0x4  Data  Lc  nvsinternal.o [1]
datai                   0x2000'118c     0x4  Data  Gb  nvsinternal.o [1]
defaultPinConfig        0x2000'0c44     0x4  Data  Lc  PINCC26XX.orm3 [5]
disableFlashCache            0x9f3b    0x34  Code  Lc  NVSCC26XX.orm3 [5]
disableLfClkQualifiersEnableClkLoss
                             0x62ff    0x30  Code  Lc  PowerCC26XX.orm3 [5]
displayUartHWAttrs           0xb1e8    0x14  Data  Gb  CC1350_LAUNCHXL.o [1]
displayUartObject       0x2000'1150     0xc  Data  Gb  CC1350_LAUNCHXL.o [1]
dmaNullConfig                0x8bf4     0x8  Data  Lc  SPICC26XXDMA.orm3 [5]
dmaRxConfig                  0x8bec     0x8  Data  Lc  SPICC26XXDMA.orm3 [5]
dmaSpi0RxControlTableEntry {Abs}
                        0x2000'0430    0x10  Data  Lc  SPICC26XXDMA.orm3 [5]
dmaSpi0TxControlTableEntry {Abs}
                        0x2000'0440    0x10  Data  Lc  SPICC26XXDMA.orm3 [5]
dmaSpi1RxControlTableEntry {Abs}
                        0x2000'0500    0x10  Data  Lc  SPICC26XXDMA.orm3 [5]
dmaSpi1TxControlTableEntry {Abs}
                        0x2000'0510    0x10  Data  Lc  SPICC26XXDMA.orm3 [5]
dmaTxConfig                  0x8be4     0x8  Data  Lc  SPICC26XXDMA.orm3 [5]
doEnablePolicy          0x2000'1199     0x1  Data  Lc  SemaphoreP_nortos.orm3 [7]
doErase                      0x9ebb    0x80  Code  Lc  NVSCC26XX.orm3 [5]
doErase                      0x90fd    0xc4  Code  Lc  NVSSPI25X.orm3 [5]
doPrint                      0x9fdd   0x232  Code  Lc  SystemP_nortos.orm3 [7]
doRead                       0x91c1    0x70  Code  Lc  NVSSPI25X.orm3 [5]
doWriteVerify                0x90a3    0x5a  Code  Lc  NVSSPI25X.orm3 [5]
driverlib_release_0_55724
                        0x2000'119e     0x1  Data  Gb  driverlib_release.o [4]
dummy_stack             0x2000'4c00     0x4  Data  Lc  startup_cc13xx_cc26xx_iar.orm3 [7]
emptyClockFunc               0x62fd     0x2  Code  Lc  PowerCC26XX.orm3 [5]
exit                         0xb141     0x4  Code  Gb  exit.o [3]
extFlashSpiRead              0x9301    0x24  Code  Lc  NVSSPI25X.orm3 [5]
extFlashSpiWrite             0x92bb    0x46  Code  Lc  NVSSPI25X.orm3 [5]
extFlashWaitReady            0x9241    0x4c  Code  Lc  NVSSPI25X.orm3 [5]
extFlashWaitReady::wbuf
                             0x9330     0x1  Data  Lc  NVSSPI25X.orm3 [5]
extFlashWriteEnable          0x9299    0x22  Code  Lc  NVSSPI25X.orm3 [5]
extFlashWriteEnable::wbuf
                             0x9334     0x1  Data  Lc  NVSSPI25X.orm3 [5]
faultISR                     0xb12b     0x2  Code  Lc  startup_cc13xx_cc26xx_iar.orm3 [7]
flashBuf {Abs}             0x1'a000  0x4000  Data  Lc  CC1350_LAUNCHXL.o [1]
formatNum                    0xa22d    0x48  Code  Lc  SystemP_nortos.orm3 [7]
frameFormat                  0x8bcc    0x18  Data  Lc  SPICC26XXDMA.orm3 [5]
free                         0x7d25     0x4  Code  Gb  heaptramp0.o [3]
g_pfnRAMVectors         0x2000'0e00    0xc8  Data  Lc  interrupt.o [4]
gpioCallbackFunctions   0x2000'1140    0x10  Data  Gb  CC1350_LAUNCHXL.o [1]
gpioCallbackInfo        0x2000'068c    0x20  Data  Lc  GPIOCC26XX.orm3 [5]
gpioPinConfigs          0x2000'0520    0x30  Data  Gb  CC1350_LAUNCHXL.o [1]
gpioPinHandle           0x2000'06ac     0x4  Data  Lc  GPIOCC26XX.orm3 [5]
gpioPinState            0x2000'06b8     0xc  Data  Lc  GPIOCC26XX.orm3 [5]
gpioPinTable            0x2000'06c4     0x4  Data  Lc  GPIOCC26XX.orm3 [5]
inPinTypes                   0x967c     0xc  Data  Gb  GPIOCC26XX.orm3 [5]
initCalled              0x2000'0688     0x1  Data  Lc  GPIOCC26XX.orm3 [5]
init_mparams                 0x3ce3    0x32  Code  Lc  dlmalloc.o [3]
init_top                     0x3d15    0x36  Code  Lc  dlmalloc.o [3]
intDefaultHandler            0xb12d     0x2  Code  Lc  startup_cc13xx_cc26xx_iar.orm3 [7]
interruptType                0x9664    0x18  Data  Lc  GPIOCC26XX.orm3 [5]
isFlowControlEnabled         0x523f    0x14  Code  Lc  UARTCC26XX.orm3 [5]
isInitialized           0x2000'119b     0x1  Data  Lc  NVS.orm3 [5]
isInitialized           0x2000'119c     0x1  Data  Lc  UART.orm3 [5]
isInitialized           0x2000'119d     0x1  Data  Lc  SPI.orm3 [5]
lfClockReadyCallback         0x6331    0x60  Code  Lc  PowerCC26XX.orm3 [5]
main                         0xb12f    0x12  Code  Gb  main_nortos.o [1]
mainThread                   0xa789   0x198  Code  Gb  nvsinternal.o [1]
mode                         0x8bc4     0x8  Data  Lc  SPICC26XXDMA.orm3 [5]
mparams                 0x2000'1114    0x18  Data  Lc  dlmalloc.o [3]
nmiISR                       0xb129     0x2  Code  Lc  startup_cc13xx_cc26xx_iar.orm3 [7]
nopResourceHandler           0x6391     0x4  Code  Lc  PowerCC26XX.orm3 [5]
notify                       0x6395    0x2c  Code  Lc  PowerCC26XX.orm3 [5]
nvsCC26xxHWAttrs             0xb2bc     0x8  Data  Gb  CC1350_LAUNCHXL.o [1]
nvsCC26xxObjects        0x2000'119a     0x1  Data  Gb  CC1350_LAUNCHXL.o [1]
nvsSPI25XHWAttrs             0xaf3c    0x28  Data  Gb  CC1350_LAUNCHXL.o [1]
nvsSPI25XObjects        0x2000'115c     0xc  Data  Gb  CC1350_LAUNCHXL.o [1]
oscHfGlobals            0x2000'112c    0x14  Data  Lc  osc.o [4]
outPinStrengths              0x9698     0xc  Data  Gb  GPIOCC26XX.orm3 [5]
outPinTypes                  0x9688    0x10  Data  Gb  GPIOCC26XX.orm3 [5]
parityType                   0x5c5c    0x14  Data  Lc  UARTCC26XX.orm3 [5]
pendInProgress          0x2000'1198     0x1  Data  Lc  SemaphoreP_nortos.orm3 [7]
pinGpioConfigTable      0x2000'1074    0x20  Data  Lc  PINCC26XX.orm3 [5]
pinHandleTable          0x2000'0bc8    0x7c  Data  Gb  PINCC26XX.orm3 [5]
pinHwi                  0x2000'1098    0x1c  Data  Lc  PINCC26XX.orm3 [5]
pinLowerBound           0x2000'1094     0x4  Data  Gb  PINCC26XX.orm3 [5]
pinSemaphore            0x2000'0c7c    0x1c  Data  Lc  PINCC26XX.orm3 [5]
pinSwi                  0x2000'0c48    0x34  Data  Lc  PINCC26XX.orm3 [5]
pinUpperBound           0x2000'0bc4     0x4  Data  Gb  PINCC26XX.orm3 [5]
powerQualGlobals        0x2000'1180     0x8  Data  Lc  sys_ctrl.o [4]
prepend_alloc                0x3d4b   0x346  Code  Lc  dlmalloc.o [3]
putChar                      0xa275    0x14  Code  Lc  SystemP_nortos.orm3 [7]
readData                     0x52cf    0x2e  Code  Lc  UARTCC26XX.orm3 [5]
readData2RingBuf             0x52fd    0x28  Code  Lc  UARTCC26XX.orm3 [5]
readSemCallback              0x5297     0x8  Code  Lc  UARTCC26XX.orm3 [5]
resourceDB                   0xae10    0x4c  Data  Gb  PowerCC26XX.orm3 [5]
restoreFlashCache            0x9f6f    0x1c  Code  Lc  NVSCC26XX.orm3 [5]
rxFifoBytes                  0x5c88     0x8  Data  Lc  UARTCC26XX.orm3 [5]
rxFifoThreshold              0x5c78     0x8  Data  Lc  UARTCC26XX.orm3 [5]
sectorBaseMask          0x2000'1170     0x4  Data  Lc  NVSCC26XX.orm3 [5]
sectorSize              0x2000'116c     0x4  Data  Lc  NVSCC26XX.orm3 [5]
segment_holding              0x3cc9    0x1a  Code  Lc  dlmalloc.o [3]
sleepTicks                   0x6a45    0x22  Code  Lc  ClockPTimer_nortos.orm3 [7]
spiCC26XXDMAHWAttrs          0xae5c    0x40  Data  Gb  CC1350_LAUNCHXL.o [1]
spiCC26XXDMAObjects     0x2000'08d0   0x1c8  Data  Gb  CC1350_LAUNCHXL.o [1]
spiCsnGpioIndex         0x2000'110c     0x4  Data  Lc  NVSSPI25X.orm3 [5]
spiHandle               0x2000'1108     0x4  Data  Lc  NVSSPI25X.orm3 [5]
spiHandleUsers          0x2000'10f4     0x4  Data  Lc  NVSSPI25X.orm3 [5]
spiHandles              0x2000'10f8    0x10  Data  Lc  NVSSPI25X.orm3 [5]
spiPollingTransfer           0x8313    0x9a  Code  Lc  SPICC26XXDMA.orm3 [5]
spiPostNotify                0x8bb9     0xc  Code  Lc  SPICC26XXDMA.orm3 [5]
startTxFifoEmptyClk          0x5331    0x46  Code  Lc  UARTCC26XX.orm3 [5]
stopBits                     0x5c54     0x8  Data  Lc  UARTCC26XX.orm3 [5]
strlen                       0xa2a5          Code  Gb  strlen.o [8]
switchXOSCHFclockFunc        0x63d5    0x68  Code  Lc  PowerCC26XX.orm3 [5]
sys_alloc                    0x4289   0x164  Code  Lc  dlmalloc.o [3]
sys_trim                     0x43ed    0x64  Code  Lc  dlmalloc.o [3]
threadSafeConstraintRelease
                             0x82d7    0x3c  Code  Lc  SPICC26XXDMA.orm3 [5]
threadSafeStdbyDisRelease
                             0x526d    0x18  Code  Lc  UARTCC26XX.orm3 [5]
threadSafeStdbyDisSet        0x5253    0x1a  Code  Lc  UARTCC26XX.orm3 [5]
timerFreq               0x2000'0668     0x8  Data  Lc  ClockPTimer_nortos.orm3 [7]
tmalloc_large                0x445d   0x386  Code  Lc  dlmalloc.o [3]
tmalloc_small                0x47e3   0x200  Code  Lc  dlmalloc.o [3]
txFifoBytes                  0x5c80     0x8  Data  Lc  UARTCC26XX.orm3 [5]
txFifoThreshold              0x5c70     0x8  Data  Lc  UARTCC26XX.orm3 [5]
uartCC26XXHWAttrs            0xaf64    0x28  Data  Gb  CC1350_LAUNCHXL.o [1]
uartCC26XXObjects       0x2000'0a98   0x12c  Data  Gb  CC1350_LAUNCHXL.o [1]
uartCC26XXRingBuffer    0x2000'10b4    0x20  Data  Gb  CC1350_LAUNCHXL.o [1]
uartPostNotify               0x5c35    0x10  Code  Lc  UARTCC26XX.orm3 [5]
uartStringBuf           0x2000'0f68    0x80  Data  Lc  CC1350_LAUNCHXL.o [1]
udmaHWAttrs                  0xb2cc     0x8  Data  Gb  CC1350_LAUNCHXL.o [1]
udmaObjects             0x2000'10d4    0x20  Data  Gb  CC1350_LAUNCHXL.o [1]
usecsPerTimerTick       0x2000'0674     0x4  Data  Lc  ClockPTimer_nortos.orm3 [7]
verifyBuf               0x2000'1034    0x40  Data  Lc  CC1350_LAUNCHXL.o [1]
writeData                    0x529f    0x30  Code  Lc  UARTCC26XX.orm3 [5]
writeFinishedDoCallback
                             0x5377    0x46  Code  Lc  UARTCC26XX.orm3 [5]
writeSem                0x2000'1168     0x4  Data  Lc  NVSCC26XX.orm3 [5]
writeSem                0x2000'1110     0x4  Data  Lc  NVSSPI25X.orm3 [5]
writeSemCallback             0x528f     0x8  Code  Lc  UARTCC26XX.orm3 [5]
writeTxFifoFlush             0x53bd    0x7a  Code  Lc  UARTCC26XX.orm3 [5]


[1] = G:\CC1350_ws\nvsinternal_official\Debug\Obj
[2] = display.arm3
[3] = dl7M_tln.a
[4] = driverlib.lib
[5] = drivers_cc13x0.arm3
[6] = m7M_tl.a
[7] = nortos_cc13x0.arm3
[8] = rt7M_tl.a
[9] = shb_l.a

  29 224 bytes of readonly  code memory
  16 763 bytes of readonly  data memory
   4 479 bytes of readwrite data memory

Errors: none
Warnings: none
